2026-01-14 19:28:47,383 - INFO - Results will be saved to: exp/STAPLE
2026-01-14 19:28:47,385 - INFO - Found 531 patients
2026-01-14 19:28:47,387 - INFO - Train: 339 patients
2026-01-14 19:28:47,387 - INFO - Val: 85 patients
2026-01-14 19:28:47,387 - INFO - Test: 107 patients
2026-01-14 19:28:47,406 - INFO - 
Testing data loading...
2026-01-14 19:28:56,576 - INFO - Batch image shape: torch.Size([64, 1, 256, 256])
2026-01-14 19:28:56,576 - INFO - Batch labels shape: torch.Size([64, 7, 256, 256])
2026-01-14 19:28:57,382 - INFO - Initialized trainer on device: cuda
2026-01-14 19:28:57,382 - INFO - Model parameters: 17,262,215
2026-01-14 19:28:57,382 - INFO - Starting training for 50 epochs
2026-01-14 19:29:09,108 - INFO -   Batch 1/6: Loss=2.5960, Dice=0.0117
2026-01-14 19:29:09,579 - INFO -   Batch 2/6: Loss=2.5110, Dice=0.0154
2026-01-14 19:29:10,051 - INFO -   Batch 3/6: Loss=2.3577, Dice=0.0188
2026-01-14 19:29:10,524 - INFO -   Batch 4/6: Loss=2.2833, Dice=0.0224
2026-01-14 19:29:10,998 - INFO -   Batch 5/6: Loss=2.1591, Dice=0.0213
2026-01-14 19:29:11,516 - INFO -   Batch 6/6: Loss=2.0927, Dice=0.0234
2026-01-14 19:29:20,080 - INFO -   Saved best model with Dice: 0.0001
2026-01-14 19:29:20,080 - INFO - 
Epoch 1/50 (22.7s):
2026-01-14 19:29:20,080 - INFO -   Train - Loss: 2.3333, Dice: 0.0188
2026-01-14 19:29:20,080 - INFO -   Val   - Loss: 1.3005, Dice: 0.0001
2026-01-14 19:29:20,080 - INFO -   Per-class Dice:
2026-01-14 19:29:20,080 - INFO -     Class 0: 0.0002
2026-01-14 19:29:20,080 - INFO -     Class 1: 0.0000
2026-01-14 19:29:20,080 - INFO -     Class 2: 0.0000
2026-01-14 19:29:20,080 - INFO -     Class 3: 0.0000
2026-01-14 19:29:20,080 - INFO -     Class 4: 0.0000
2026-01-14 19:29:20,080 - INFO -     Class 5: 0.0000
2026-01-14 19:29:20,080 - INFO -     Class 6: 0.0006
2026-01-14 19:29:29,526 - INFO -   Batch 1/6: Loss=1.9530, Dice=0.0313
2026-01-14 19:29:29,999 - INFO -   Batch 2/6: Loss=1.9042, Dice=0.0353
2026-01-14 19:29:30,472 - INFO -   Batch 3/6: Loss=1.8346, Dice=0.0401
2026-01-14 19:29:30,945 - INFO -   Batch 4/6: Loss=1.7930, Dice=0.0476
2026-01-14 19:29:31,418 - INFO -   Batch 5/6: Loss=1.7025, Dice=0.0539
2026-01-14 19:29:31,563 - INFO -   Batch 6/6: Loss=1.6208, Dice=0.0700
2026-01-14 19:29:40,141 - INFO -   Saved best model with Dice: 0.0056
2026-01-14 19:29:40,141 - INFO - 
Epoch 2/50 (20.1s):
2026-01-14 19:29:40,141 - INFO -   Train - Loss: 1.8014, Dice: 0.0463
2026-01-14 19:29:40,142 - INFO -   Val   - Loss: 1.3054, Dice: 0.0056
2026-01-14 19:29:40,142 - INFO -   Per-class Dice:
2026-01-14 19:29:40,142 - INFO -     Class 0: 0.0000
2026-01-14 19:29:40,142 - INFO -     Class 1: 0.0036
2026-01-14 19:29:40,142 - INFO -     Class 2: 0.0000
2026-01-14 19:29:40,142 - INFO -     Class 3: 0.0001
2026-01-14 19:29:40,142 - INFO -     Class 4: 0.0000
2026-01-14 19:29:40,142 - INFO -     Class 5: 0.0000
2026-01-14 19:29:40,142 - INFO -     Class 6: 0.0357
2026-01-14 19:29:49,595 - INFO -   Batch 1/6: Loss=1.5869, Dice=0.0841
2026-01-14 19:29:50,067 - INFO -   Batch 2/6: Loss=1.5159, Dice=0.0893
2026-01-14 19:29:50,541 - INFO -   Batch 3/6: Loss=1.4950, Dice=0.0939
2026-01-14 19:29:51,014 - INFO -   Batch 4/6: Loss=1.4269, Dice=0.1065
2026-01-14 19:29:51,488 - INFO -   Batch 5/6: Loss=1.3762, Dice=0.1149
2026-01-14 19:29:51,632 - INFO -   Batch 6/6: Loss=1.3907, Dice=0.1180
2026-01-14 19:30:00,011 - INFO - 
Epoch 3/50 (19.9s):
2026-01-14 19:30:00,011 - INFO -   Train - Loss: 1.4653, Dice: 0.1011
2026-01-14 19:30:00,011 - INFO -   Val   - Loss: 1.3050, Dice: 0.0047
2026-01-14 19:30:00,011 - INFO -   Per-class Dice:
2026-01-14 19:30:00,011 - INFO -     Class 0: 0.0000
2026-01-14 19:30:00,011 - INFO -     Class 1: 0.0000
2026-01-14 19:30:00,011 - INFO -     Class 2: 0.0000
2026-01-14 19:30:00,012 - INFO -     Class 3: 0.0000
2026-01-14 19:30:00,012 - INFO -     Class 4: 0.0000
2026-01-14 19:30:00,012 - INFO -     Class 5: 0.0000
2026-01-14 19:30:00,012 - INFO -     Class 6: 0.0326
2026-01-14 19:30:09,471 - INFO -   Batch 1/6: Loss=1.2854, Dice=0.1438
2026-01-14 19:30:09,943 - INFO -   Batch 2/6: Loss=1.2810, Dice=0.1420
2026-01-14 19:30:10,416 - INFO -   Batch 3/6: Loss=1.2166, Dice=0.1598
2026-01-14 19:30:10,889 - INFO -   Batch 4/6: Loss=1.2253, Dice=0.1599
2026-01-14 19:30:11,362 - INFO -   Batch 5/6: Loss=1.1982, Dice=0.1625
2026-01-14 19:30:11,506 - INFO -   Batch 6/6: Loss=1.1489, Dice=0.1748
2026-01-14 19:30:20,029 - INFO -   Saved best model with Dice: 0.0057
2026-01-14 19:30:20,029 - INFO - 
Epoch 4/50 (20.0s):
2026-01-14 19:30:20,030 - INFO -   Train - Loss: 1.2259, Dice: 0.1571
2026-01-14 19:30:20,030 - INFO -   Val   - Loss: 1.3013, Dice: 0.0057
2026-01-14 19:30:20,030 - INFO -   Per-class Dice:
2026-01-14 19:30:20,030 - INFO -     Class 0: 0.0012
2026-01-14 19:30:20,030 - INFO -     Class 1: 0.0000
2026-01-14 19:30:20,030 - INFO -     Class 2: 0.0000
2026-01-14 19:30:20,030 - INFO -     Class 3: 0.0000
2026-01-14 19:30:20,030 - INFO -     Class 4: 0.0000
2026-01-14 19:30:20,030 - INFO -     Class 5: 0.0000
2026-01-14 19:30:20,030 - INFO -     Class 6: 0.0384
2026-01-14 19:30:29,494 - INFO -   Batch 1/6: Loss=1.1134, Dice=0.1950
2026-01-14 19:30:29,966 - INFO -   Batch 2/6: Loss=1.0986, Dice=0.1898
2026-01-14 19:30:30,439 - INFO -   Batch 3/6: Loss=1.0793, Dice=0.1930
2026-01-14 19:30:30,913 - INFO -   Batch 4/6: Loss=1.0540, Dice=0.2119
2026-01-14 19:30:31,386 - INFO -   Batch 5/6: Loss=1.0186, Dice=0.2261
2026-01-14 19:30:31,531 - INFO -   Batch 6/6: Loss=0.9959, Dice=0.2483
2026-01-14 19:30:40,090 - INFO -   Saved best model with Dice: 0.0224
2026-01-14 19:30:40,090 - INFO - 
Epoch 5/50 (20.1s):
2026-01-14 19:30:40,090 - INFO -   Train - Loss: 1.0600, Dice: 0.2107
2026-01-14 19:30:40,090 - INFO -   Val   - Loss: 1.2674, Dice: 0.0224
2026-01-14 19:30:40,090 - INFO -   Per-class Dice:
2026-01-14 19:30:40,090 - INFO -     Class 0: 0.1519
2026-01-14 19:30:40,090 - INFO -     Class 1: 0.0000
2026-01-14 19:30:40,090 - INFO -     Class 2: 0.0000
2026-01-14 19:30:40,091 - INFO -     Class 3: 0.0000
2026-01-14 19:30:40,091 - INFO -     Class 4: 0.0000
2026-01-14 19:30:40,091 - INFO -     Class 5: 0.0000
2026-01-14 19:30:40,091 - INFO -     Class 6: 0.0047
2026-01-14 19:30:49,925 - INFO -   Batch 1/6: Loss=0.9842, Dice=0.2564
2026-01-14 19:30:50,398 - INFO -   Batch 2/6: Loss=0.9977, Dice=0.2466
2026-01-14 19:30:50,871 - INFO -   Batch 3/6: Loss=0.9359, Dice=0.2742
2026-01-14 19:30:51,344 - INFO -   Batch 4/6: Loss=0.9486, Dice=0.2563
2026-01-14 19:30:51,817 - INFO -   Batch 5/6: Loss=0.9245, Dice=0.2811
2026-01-14 19:30:51,962 - INFO -   Batch 6/6: Loss=0.9455, Dice=0.2513
2026-01-14 19:31:00,719 - INFO -   Saved best model with Dice: 0.1151
2026-01-14 19:31:00,719 - INFO - 
Epoch 6/50 (20.6s):
2026-01-14 19:31:00,719 - INFO -   Train - Loss: 0.9561, Dice: 0.2610
2026-01-14 19:31:00,719 - INFO -   Val   - Loss: 1.2252, Dice: 0.1151
2026-01-14 19:31:00,719 - INFO -   Per-class Dice:
2026-01-14 19:31:00,719 - INFO -     Class 0: 0.8019
2026-01-14 19:31:00,719 - INFO -     Class 1: 0.0000
2026-01-14 19:31:00,719 - INFO -     Class 2: 0.0000
2026-01-14 19:31:00,719 - INFO -     Class 3: 0.0000
2026-01-14 19:31:00,719 - INFO -     Class 4: 0.0000
2026-01-14 19:31:00,719 - INFO -     Class 5: 0.0000
2026-01-14 19:31:00,719 - INFO -     Class 6: 0.0037
2026-01-14 19:31:10,340 - INFO -   Batch 1/6: Loss=0.8823, Dice=0.2948
2026-01-14 19:31:10,812 - INFO -   Batch 2/6: Loss=0.8855, Dice=0.2886
2026-01-14 19:31:11,285 - INFO -   Batch 3/6: Loss=0.8724, Dice=0.3151
2026-01-14 19:31:11,758 - INFO -   Batch 4/6: Loss=0.9699, Dice=0.2668
2026-01-14 19:31:12,232 - INFO -   Batch 5/6: Loss=0.8957, Dice=0.3077
2026-01-14 19:31:12,376 - INFO -   Batch 6/6: Loss=0.9035, Dice=0.3127
2026-01-14 19:31:20,993 - INFO -   Saved best model with Dice: 0.1375
2026-01-14 19:31:20,994 - INFO - 
Epoch 7/50 (20.3s):
2026-01-14 19:31:20,994 - INFO -   Train - Loss: 0.9015, Dice: 0.2976
2026-01-14 19:31:20,994 - INFO -   Val   - Loss: 1.1884, Dice: 0.1375
2026-01-14 19:31:20,994 - INFO -   Per-class Dice:
2026-01-14 19:31:20,994 - INFO -     Class 0: 0.9589
2026-01-14 19:31:20,994 - INFO -     Class 1: 0.0000
2026-01-14 19:31:20,994 - INFO -     Class 2: 0.0000
2026-01-14 19:31:20,994 - INFO -     Class 3: 0.0000
2026-01-14 19:31:20,994 - INFO -     Class 4: 0.0000
2026-01-14 19:31:20,994 - INFO -     Class 5: 0.0000
2026-01-14 19:31:20,994 - INFO -     Class 6: 0.0035
2026-01-14 19:31:30,833 - INFO -   Batch 1/6: Loss=0.8915, Dice=0.3188
2026-01-14 19:31:31,305 - INFO -   Batch 2/6: Loss=0.9032, Dice=0.2993
2026-01-14 19:31:31,778 - INFO -   Batch 3/6: Loss=0.8934, Dice=0.2851
2026-01-14 19:31:32,251 - INFO -   Batch 4/6: Loss=0.8751, Dice=0.2979
2026-01-14 19:31:32,724 - INFO -   Batch 5/6: Loss=0.8492, Dice=0.3072
2026-01-14 19:31:32,869 - INFO -   Batch 6/6: Loss=0.8613, Dice=0.2963
2026-01-14 19:31:41,359 - INFO -   Saved best model with Dice: 0.1398
2026-01-14 19:31:41,359 - INFO - 
Epoch 8/50 (20.4s):
2026-01-14 19:31:41,359 - INFO -   Train - Loss: 0.8790, Dice: 0.3008
2026-01-14 19:31:41,359 - INFO -   Val   - Loss: 1.1731, Dice: 0.1398
2026-01-14 19:31:41,359 - INFO -   Per-class Dice:
2026-01-14 19:31:41,359 - INFO -     Class 0: 0.9684
2026-01-14 19:31:41,359 - INFO -     Class 1: 0.0001
2026-01-14 19:31:41,359 - INFO -     Class 2: 0.0009
2026-01-14 19:31:41,359 - INFO -     Class 3: 0.0000
2026-01-14 19:31:41,359 - INFO -     Class 4: 0.0000
2026-01-14 19:31:41,359 - INFO -     Class 5: 0.0000
2026-01-14 19:31:41,359 - INFO -     Class 6: 0.0090
2026-01-14 19:31:51,024 - INFO -   Batch 1/6: Loss=0.8312, Dice=0.3135
2026-01-14 19:31:51,496 - INFO -   Batch 2/6: Loss=0.8038, Dice=0.3498
2026-01-14 19:31:51,969 - INFO -   Batch 3/6: Loss=0.8273, Dice=0.3547
2026-01-14 19:31:52,443 - INFO -   Batch 4/6: Loss=0.8028, Dice=0.3833
2026-01-14 19:31:52,917 - INFO -   Batch 5/6: Loss=0.7918, Dice=0.3686
2026-01-14 19:31:53,061 - INFO -   Batch 6/6: Loss=0.7882, Dice=0.3651
2026-01-14 19:32:01,483 - INFO - 
Epoch 9/50 (20.1s):
2026-01-14 19:32:01,484 - INFO -   Train - Loss: 0.8075, Dice: 0.3558
2026-01-14 19:32:01,484 - INFO -   Val   - Loss: 1.1618, Dice: 0.1397
2026-01-14 19:32:01,484 - INFO -   Per-class Dice:
2026-01-14 19:32:01,484 - INFO -     Class 0: 0.9755
2026-01-14 19:32:01,484 - INFO -     Class 1: 0.0001
2026-01-14 19:32:01,484 - INFO -     Class 2: 0.0009
2026-01-14 19:32:01,484 - INFO -     Class 3: 0.0000
2026-01-14 19:32:01,484 - INFO -     Class 4: 0.0000
2026-01-14 19:32:01,485 - INFO -     Class 5: 0.0000
2026-01-14 19:32:01,485 - INFO -     Class 6: 0.0011
2026-01-14 19:32:10,608 - INFO -   Batch 1/6: Loss=0.7867, Dice=0.3862
2026-01-14 19:32:11,312 - INFO -   Batch 2/6: Loss=0.7660, Dice=0.3999
2026-01-14 19:32:11,785 - INFO -   Batch 3/6: Loss=0.7672, Dice=0.4108
2026-01-14 19:32:12,258 - INFO -   Batch 4/6: Loss=0.7718, Dice=0.3698
2026-01-14 19:32:12,732 - INFO -   Batch 5/6: Loss=0.7496, Dice=0.3789
2026-01-14 19:32:12,876 - INFO -   Batch 6/6: Loss=0.8241, Dice=0.3638
2026-01-14 19:32:21,493 - INFO -   Saved best model with Dice: 0.2050
2026-01-14 19:32:21,493 - INFO - 
Epoch 10/50 (20.0s):
2026-01-14 19:32:21,493 - INFO -   Train - Loss: 0.7776, Dice: 0.3849
2026-01-14 19:32:21,493 - INFO -   Val   - Loss: 1.1488, Dice: 0.2050
2026-01-14 19:32:21,493 - INFO -   Per-class Dice:
2026-01-14 19:32:21,493 - INFO -     Class 0: 0.9816
2026-01-14 19:32:21,493 - INFO -     Class 1: 0.0137
2026-01-14 19:32:21,493 - INFO -     Class 2: 0.0055
2026-01-14 19:32:21,493 - INFO -     Class 3: 0.0023
2026-01-14 19:32:21,494 - INFO -     Class 4: 0.0000
2026-01-14 19:32:21,494 - INFO -     Class 5: 0.0000
2026-01-14 19:32:21,494 - INFO -     Class 6: 0.4320
2026-01-14 19:32:31,418 - INFO -   Batch 1/6: Loss=0.7613, Dice=0.3589
2026-01-14 19:32:31,891 - INFO -   Batch 2/6: Loss=0.7372, Dice=0.4115
2026-01-14 19:32:32,364 - INFO -   Batch 3/6: Loss=0.7414, Dice=0.4179
2026-01-14 19:32:32,838 - INFO -   Batch 4/6: Loss=0.7491, Dice=0.4154
2026-01-14 19:32:33,311 - INFO -   Batch 5/6: Loss=0.7423, Dice=0.3878
2026-01-14 19:32:33,455 - INFO -   Batch 6/6: Loss=0.7088, Dice=0.4505
2026-01-14 19:32:42,346 - INFO -   Saved best model with Dice: 0.2515
2026-01-14 19:32:42,346 - INFO - 
Epoch 11/50 (20.9s):
2026-01-14 19:32:42,346 - INFO -   Train - Loss: 0.7400, Dice: 0.4070
2026-01-14 19:32:42,346 - INFO -   Val   - Loss: 1.1343, Dice: 0.2515
2026-01-14 19:32:42,347 - INFO -   Per-class Dice:
2026-01-14 19:32:42,347 - INFO -     Class 0: 0.9877
2026-01-14 19:32:42,347 - INFO -     Class 1: 0.0785
2026-01-14 19:32:42,347 - INFO -     Class 2: 0.0656
2026-01-14 19:32:42,347 - INFO -     Class 3: 0.0579
2026-01-14 19:32:42,347 - INFO -     Class 4: 0.0000
2026-01-14 19:32:42,347 - INFO -     Class 5: 0.0000
2026-01-14 19:32:42,347 - INFO -     Class 6: 0.5709
2026-01-14 19:32:52,215 - INFO -   Batch 1/6: Loss=0.7128, Dice=0.4171
2026-01-14 19:32:52,688 - INFO -   Batch 2/6: Loss=0.7117, Dice=0.4228
2026-01-14 19:32:53,162 - INFO -   Batch 3/6: Loss=0.7027, Dice=0.4373
2026-01-14 19:32:53,635 - INFO -   Batch 4/6: Loss=0.7274, Dice=0.4009
2026-01-14 19:32:54,108 - INFO -   Batch 5/6: Loss=0.6978, Dice=0.4329
2026-01-14 19:32:54,252 - INFO -   Batch 6/6: Loss=0.7754, Dice=0.3930
2026-01-14 19:33:03,101 - INFO -   Saved best model with Dice: 0.3526
2026-01-14 19:33:03,101 - INFO - 
Epoch 12/50 (20.8s):
2026-01-14 19:33:03,101 - INFO -   Train - Loss: 0.7213, Dice: 0.4173
2026-01-14 19:33:03,101 - INFO -   Val   - Loss: 1.1235, Dice: 0.3526
2026-01-14 19:33:03,101 - INFO -   Per-class Dice:
2026-01-14 19:33:03,101 - INFO -     Class 0: 0.9904
2026-01-14 19:33:03,101 - INFO -     Class 1: 0.2126
2026-01-14 19:33:03,101 - INFO -     Class 2: 0.2662
2026-01-14 19:33:03,101 - INFO -     Class 3: 0.3237
2026-01-14 19:33:03,101 - INFO -     Class 4: 0.0000
2026-01-14 19:33:03,101 - INFO -     Class 5: 0.0000
2026-01-14 19:33:03,101 - INFO -     Class 6: 0.6754
2026-01-14 19:33:13,114 - INFO -   Batch 1/6: Loss=0.6987, Dice=0.4422
2026-01-14 19:33:13,587 - INFO -   Batch 2/6: Loss=0.7357, Dice=0.4389
2026-01-14 19:33:14,060 - INFO -   Batch 3/6: Loss=0.7620, Dice=0.4235
2026-01-14 19:33:14,533 - INFO -   Batch 4/6: Loss=0.7319, Dice=0.3898
2026-01-14 19:33:15,006 - INFO -   Batch 5/6: Loss=0.7519, Dice=0.3820
2026-01-14 19:33:15,151 - INFO -   Batch 6/6: Loss=0.7977, Dice=0.3601
2026-01-14 19:33:23,650 - INFO - 
Epoch 13/50 (20.5s):
2026-01-14 19:33:23,650 - INFO -   Train - Loss: 0.7463, Dice: 0.4061
2026-01-14 19:33:23,650 - INFO -   Val   - Loss: 1.1182, Dice: 0.2714
2026-01-14 19:33:23,650 - INFO -   Per-class Dice:
2026-01-14 19:33:23,650 - INFO -     Class 0: 0.9362
2026-01-14 19:33:23,650 - INFO -     Class 1: 0.0785
2026-01-14 19:33:23,650 - INFO -     Class 2: 0.0074
2026-01-14 19:33:23,650 - INFO -     Class 3: 0.3312
2026-01-14 19:33:23,650 - INFO -     Class 4: 0.0000
2026-01-14 19:33:23,650 - INFO -     Class 5: 0.0000
2026-01-14 19:33:23,650 - INFO -     Class 6: 0.5467
2026-01-14 19:33:33,315 - INFO -   Batch 1/6: Loss=0.7360, Dice=0.4231
2026-01-14 19:33:33,788 - INFO -   Batch 2/6: Loss=0.7592, Dice=0.3989
2026-01-14 19:33:34,261 - INFO -   Batch 3/6: Loss=0.7495, Dice=0.3820
2026-01-14 19:33:34,735 - INFO -   Batch 4/6: Loss=0.7465, Dice=0.3882
2026-01-14 19:33:35,208 - INFO -   Batch 5/6: Loss=0.7467, Dice=0.3931
2026-01-14 19:33:35,353 - INFO -   Batch 6/6: Loss=0.7321, Dice=0.4578
2026-01-14 19:33:44,272 - INFO -   Saved best model with Dice: 0.3604
2026-01-14 19:33:44,273 - INFO - 
Epoch 14/50 (20.6s):
2026-01-14 19:33:44,273 - INFO -   Train - Loss: 0.7450, Dice: 0.4072
2026-01-14 19:33:44,273 - INFO -   Val   - Loss: 1.1075, Dice: 0.3604
2026-01-14 19:33:44,273 - INFO -   Per-class Dice:
2026-01-14 19:33:44,273 - INFO -     Class 0: 0.9855
2026-01-14 19:33:44,273 - INFO -     Class 1: 0.2069
2026-01-14 19:33:44,273 - INFO -     Class 2: 0.2353
2026-01-14 19:33:44,273 - INFO -     Class 3: 0.3678
2026-01-14 19:33:44,273 - INFO -     Class 4: 0.0000
2026-01-14 19:33:44,273 - INFO -     Class 5: 0.0000
2026-01-14 19:33:44,273 - INFO -     Class 6: 0.7273
2026-01-14 19:33:54,114 - INFO -   Batch 1/6: Loss=0.7049, Dice=0.4421
2026-01-14 19:33:54,587 - INFO -   Batch 2/6: Loss=0.7057, Dice=0.4398
2026-01-14 19:33:55,060 - INFO -   Batch 3/6: Loss=0.7232, Dice=0.4222
2026-01-14 19:33:55,533 - INFO -   Batch 4/6: Loss=0.7220, Dice=0.4310
2026-01-14 19:33:56,006 - INFO -   Batch 5/6: Loss=0.7293, Dice=0.4179
2026-01-14 19:33:56,151 - INFO -   Batch 6/6: Loss=0.7161, Dice=0.4542
2026-01-14 19:34:05,000 - INFO -   Saved best model with Dice: 0.4036
2026-01-14 19:34:05,000 - INFO - 
Epoch 15/50 (20.7s):
2026-01-14 19:34:05,000 - INFO -   Train - Loss: 0.7169, Dice: 0.4345
2026-01-14 19:34:05,000 - INFO -   Val   - Loss: 1.0940, Dice: 0.4036
2026-01-14 19:34:05,000 - INFO -   Per-class Dice:
2026-01-14 19:34:05,000 - INFO -     Class 0: 0.9926
2026-01-14 19:34:05,000 - INFO -     Class 1: 0.3006
2026-01-14 19:34:05,000 - INFO -     Class 2: 0.2793
2026-01-14 19:34:05,000 - INFO -     Class 3: 0.4678
2026-01-14 19:34:05,000 - INFO -     Class 4: 0.0000
2026-01-14 19:34:05,000 - INFO -     Class 5: 0.0000
2026-01-14 19:34:05,000 - INFO -     Class 6: 0.7847
2026-01-14 19:34:14,356 - INFO -   Batch 1/6: Loss=0.7017, Dice=0.4381
2026-01-14 19:34:14,830 - INFO -   Batch 2/6: Loss=0.7058, Dice=0.4277
2026-01-14 19:34:15,304 - INFO -   Batch 3/6: Loss=0.6773, Dice=0.4826
2026-01-14 19:34:15,777 - INFO -   Batch 4/6: Loss=0.6594, Dice=0.4866
2026-01-14 19:34:16,250 - INFO -   Batch 5/6: Loss=0.6642, Dice=0.4678
2026-01-14 19:34:16,395 - INFO -   Batch 6/6: Loss=0.6788, Dice=0.4445
2026-01-14 19:34:24,905 - INFO - 
Epoch 16/50 (19.9s):
2026-01-14 19:34:24,906 - INFO -   Train - Loss: 0.6812, Dice: 0.4579
2026-01-14 19:34:24,906 - INFO -   Val   - Loss: 1.0870, Dice: 0.3591
2026-01-14 19:34:24,906 - INFO -   Per-class Dice:
2026-01-14 19:34:24,906 - INFO -     Class 0: 0.9905
2026-01-14 19:34:24,906 - INFO -     Class 1: 0.2716
2026-01-14 19:34:24,906 - INFO -     Class 2: 0.0721
2026-01-14 19:34:24,906 - INFO -     Class 3: 0.4197
2026-01-14 19:34:24,906 - INFO -     Class 4: 0.0000
2026-01-14 19:34:24,906 - INFO -     Class 5: 0.0000
2026-01-14 19:34:24,906 - INFO -     Class 6: 0.7595
2026-01-14 19:34:34,847 - INFO -   Batch 1/6: Loss=0.6706, Dice=0.4452
2026-01-14 19:34:35,320 - INFO -   Batch 2/6: Loss=0.6917, Dice=0.4404
2026-01-14 19:34:35,793 - INFO -   Batch 3/6: Loss=0.6866, Dice=0.4259
2026-01-14 19:34:36,267 - INFO -   Batch 4/6: Loss=0.6710, Dice=0.4329
2026-01-14 19:34:36,740 - INFO -   Batch 5/6: Loss=0.6479, Dice=0.4896
2026-01-14 19:34:36,885 - INFO -   Batch 6/6: Loss=0.6837, Dice=0.4509
2026-01-14 19:34:45,438 - INFO - 
Epoch 17/50 (20.5s):
2026-01-14 19:34:45,439 - INFO -   Train - Loss: 0.6752, Dice: 0.4475
2026-01-14 19:34:45,439 - INFO -   Val   - Loss: 1.0824, Dice: 0.3975
2026-01-14 19:34:45,439 - INFO -   Per-class Dice:
2026-01-14 19:34:45,439 - INFO -     Class 0: 0.9911
2026-01-14 19:34:45,439 - INFO -     Class 1: 0.3566
2026-01-14 19:34:45,439 - INFO -     Class 2: 0.1830
2026-01-14 19:34:45,439 - INFO -     Class 3: 0.4610
2026-01-14 19:34:45,439 - INFO -     Class 4: 0.0000
2026-01-14 19:34:45,439 - INFO -     Class 5: 0.0000
2026-01-14 19:34:45,439 - INFO -     Class 6: 0.7905
2026-01-14 19:34:55,520 - INFO -   Batch 1/6: Loss=0.6717, Dice=0.4319
2026-01-14 19:34:55,992 - INFO -   Batch 2/6: Loss=0.6718, Dice=0.4523
2026-01-14 19:34:56,466 - INFO -   Batch 3/6: Loss=0.6725, Dice=0.4831
2026-01-14 19:34:56,939 - INFO -   Batch 4/6: Loss=0.6572, Dice=0.4968
2026-01-14 19:34:57,413 - INFO -   Batch 5/6: Loss=0.6587, Dice=0.4820
2026-01-14 19:34:57,557 - INFO -   Batch 6/6: Loss=0.6874, Dice=0.4291
2026-01-14 19:35:06,528 - INFO -   Saved best model with Dice: 0.4340
2026-01-14 19:35:06,528 - INFO - 
Epoch 18/50 (21.1s):
2026-01-14 19:35:06,528 - INFO -   Train - Loss: 0.6699, Dice: 0.4625
2026-01-14 19:35:06,528 - INFO -   Val   - Loss: 1.0838, Dice: 0.4340
2026-01-14 19:35:06,528 - INFO -   Per-class Dice:
2026-01-14 19:35:06,528 - INFO -     Class 0: 0.9939
2026-01-14 19:35:06,528 - INFO -     Class 1: 0.3973
2026-01-14 19:35:06,528 - INFO -     Class 2: 0.3108
2026-01-14 19:35:06,528 - INFO -     Class 3: 0.5007
2026-01-14 19:35:06,528 - INFO -     Class 4: 0.0000
2026-01-14 19:35:06,528 - INFO -     Class 5: 0.0000
2026-01-14 19:35:06,529 - INFO -     Class 6: 0.8353
2026-01-14 19:35:16,499 - INFO -   Batch 1/6: Loss=0.6429, Dice=0.4676
2026-01-14 19:35:16,973 - INFO -   Batch 2/6: Loss=0.6460, Dice=0.4953
2026-01-14 19:35:17,446 - INFO -   Batch 3/6: Loss=0.6441, Dice=0.4981
2026-01-14 19:35:17,919 - INFO -   Batch 4/6: Loss=0.6448, Dice=0.4810
2026-01-14 19:35:18,392 - INFO -   Batch 5/6: Loss=0.6510, Dice=0.4788
2026-01-14 19:35:18,536 - INFO -   Batch 6/6: Loss=0.6674, Dice=0.4628
2026-01-14 19:35:27,121 - INFO -   Saved best model with Dice: 0.4369
2026-01-14 19:35:27,121 - INFO - 
Epoch 19/50 (20.6s):
2026-01-14 19:35:27,121 - INFO -   Train - Loss: 0.6494, Dice: 0.4806
2026-01-14 19:35:27,121 - INFO -   Val   - Loss: 1.0872, Dice: 0.4369
2026-01-14 19:35:27,122 - INFO -   Per-class Dice:
2026-01-14 19:35:27,122 - INFO -     Class 0: 0.9959
2026-01-14 19:35:27,122 - INFO -     Class 1: 0.4210
2026-01-14 19:35:27,122 - INFO -     Class 2: 0.3482
2026-01-14 19:35:27,122 - INFO -     Class 3: 0.5067
2026-01-14 19:35:27,122 - INFO -     Class 4: 0.0000
2026-01-14 19:35:27,122 - INFO -     Class 5: 0.0000
2026-01-14 19:35:27,122 - INFO -     Class 6: 0.7864
2026-01-14 19:35:37,029 - INFO -   Batch 1/6: Loss=0.6321, Dice=0.5123
2026-01-14 19:35:37,502 - INFO -   Batch 2/6: Loss=0.6388, Dice=0.4953
2026-01-14 19:35:37,976 - INFO -   Batch 3/6: Loss=0.6505, Dice=0.4878
2026-01-14 19:35:38,449 - INFO -   Batch 4/6: Loss=0.6240, Dice=0.5160
2026-01-14 19:35:38,922 - INFO -   Batch 5/6: Loss=0.6236, Dice=0.4986
2026-01-14 19:35:39,067 - INFO -   Batch 6/6: Loss=0.6372, Dice=0.4813
2026-01-14 19:35:47,736 - INFO - 
Epoch 20/50 (20.6s):
2026-01-14 19:35:47,736 - INFO -   Train - Loss: 0.6344, Dice: 0.4986
2026-01-14 19:35:47,736 - INFO -   Val   - Loss: 1.0773, Dice: 0.4143
2026-01-14 19:35:47,737 - INFO -   Per-class Dice:
2026-01-14 19:35:47,737 - INFO -     Class 0: 0.9954
2026-01-14 19:35:47,737 - INFO -     Class 1: 0.4016
2026-01-14 19:35:47,737 - INFO -     Class 2: 0.1612
2026-01-14 19:35:47,737 - INFO -     Class 3: 0.5300
2026-01-14 19:35:47,737 - INFO -     Class 4: 0.0000
2026-01-14 19:35:47,737 - INFO -     Class 5: 0.0000
2026-01-14 19:35:47,737 - INFO -     Class 6: 0.8121
2026-01-14 19:35:57,741 - INFO -   Batch 1/6: Loss=0.6225, Dice=0.5094
2026-01-14 19:35:58,214 - INFO -   Batch 2/6: Loss=0.6356, Dice=0.4880
2026-01-14 19:35:58,688 - INFO -   Batch 3/6: Loss=0.6306, Dice=0.4847
2026-01-14 19:35:59,161 - INFO -   Batch 4/6: Loss=0.6175, Dice=0.5189
2026-01-14 19:35:59,635 - INFO -   Batch 5/6: Loss=0.6186, Dice=0.5214
2026-01-14 19:35:59,779 - INFO -   Batch 6/6: Loss=0.6275, Dice=0.5502
2026-01-14 19:36:08,545 - INFO -   Saved best model with Dice: 0.4408
2026-01-14 19:36:08,545 - INFO - 
Epoch 21/50 (20.8s):
2026-01-14 19:36:08,546 - INFO -   Train - Loss: 0.6254, Dice: 0.5121
2026-01-14 19:36:08,546 - INFO -   Val   - Loss: 1.0771, Dice: 0.4408
2026-01-14 19:36:08,546 - INFO -   Per-class Dice:
2026-01-14 19:36:08,546 - INFO -     Class 0: 0.9959
2026-01-14 19:36:08,546 - INFO -     Class 1: 0.4233
2026-01-14 19:36:08,546 - INFO -     Class 2: 0.3237
2026-01-14 19:36:08,546 - INFO -     Class 3: 0.5096
2026-01-14 19:36:08,546 - INFO -     Class 4: 0.0000
2026-01-14 19:36:08,546 - INFO -     Class 5: 0.0000
2026-01-14 19:36:08,546 - INFO -     Class 6: 0.8328
2026-01-14 19:36:18,374 - INFO -   Batch 1/6: Loss=0.6211, Dice=0.5085
2026-01-14 19:36:18,846 - INFO -   Batch 2/6: Loss=0.6116, Dice=0.5032
2026-01-14 19:36:19,320 - INFO -   Batch 3/6: Loss=0.6267, Dice=0.5168
2026-01-14 19:36:19,793 - INFO -   Batch 4/6: Loss=0.6192, Dice=0.5114
2026-01-14 19:36:20,266 - INFO -   Batch 5/6: Loss=0.6331, Dice=0.4906
2026-01-14 19:36:20,410 - INFO -   Batch 6/6: Loss=0.6296, Dice=0.4914
2026-01-14 19:36:29,009 - INFO - 
Epoch 22/50 (20.5s):
2026-01-14 19:36:29,009 - INFO -   Train - Loss: 0.6235, Dice: 0.5036
2026-01-14 19:36:29,009 - INFO -   Val   - Loss: 1.0736, Dice: 0.4305
2026-01-14 19:36:29,009 - INFO -   Per-class Dice:
2026-01-14 19:36:29,009 - INFO -     Class 0: 0.9941
2026-01-14 19:36:29,009 - INFO -     Class 1: 0.3856
2026-01-14 19:36:29,009 - INFO -     Class 2: 0.3103
2026-01-14 19:36:29,009 - INFO -     Class 3: 0.4854
2026-01-14 19:36:29,009 - INFO -     Class 4: 0.0000
2026-01-14 19:36:29,009 - INFO -     Class 5: 0.0000
2026-01-14 19:36:29,009 - INFO -     Class 6: 0.8378
2026-01-14 19:36:38,285 - INFO -   Batch 1/6: Loss=0.6056, Dice=0.5190
2026-01-14 19:36:38,822 - INFO -   Batch 2/6: Loss=0.6253, Dice=0.5024
2026-01-14 19:36:39,296 - INFO -   Batch 3/6: Loss=0.6099, Dice=0.5280
2026-01-14 19:36:39,769 - INFO -   Batch 4/6: Loss=0.6082, Dice=0.5202
2026-01-14 19:36:40,242 - INFO -   Batch 5/6: Loss=0.6089, Dice=0.5145
2026-01-14 19:36:40,387 - INFO -   Batch 6/6: Loss=0.6163, Dice=0.5354
2026-01-14 19:36:48,921 - INFO - 
Epoch 23/50 (19.9s):
2026-01-14 19:36:48,921 - INFO -   Train - Loss: 0.6124, Dice: 0.5199
2026-01-14 19:36:48,921 - INFO -   Val   - Loss: 1.0830, Dice: 0.4229
2026-01-14 19:36:48,921 - INFO -   Per-class Dice:
2026-01-14 19:36:48,921 - INFO -     Class 0: 0.9957
2026-01-14 19:36:48,921 - INFO -     Class 1: 0.3532
2026-01-14 19:36:48,922 - INFO -     Class 2: 0.3333
2026-01-14 19:36:48,922 - INFO -     Class 3: 0.4940
2026-01-14 19:36:48,922 - INFO -     Class 4: 0.0000
2026-01-14 19:36:48,922 - INFO -     Class 5: 0.0000
2026-01-14 19:36:48,922 - INFO -     Class 6: 0.7844
2026-01-14 19:36:59,089 - INFO -   Batch 1/6: Loss=0.6114, Dice=0.5362
2026-01-14 19:36:59,561 - INFO -   Batch 2/6: Loss=0.6025, Dice=0.5337
2026-01-14 19:37:00,035 - INFO -   Batch 3/6: Loss=0.6103, Dice=0.5065
2026-01-14 19:37:00,509 - INFO -   Batch 4/6: Loss=0.5988, Dice=0.5397
2026-01-14 19:37:00,982 - INFO -   Batch 5/6: Loss=0.5931, Dice=0.5275
2026-01-14 19:37:01,127 - INFO -   Batch 6/6: Loss=0.6277, Dice=0.5139
2026-01-14 19:37:09,700 - INFO - 
Epoch 24/50 (20.8s):
2026-01-14 19:37:09,700 - INFO -   Train - Loss: 0.6073, Dice: 0.5262
2026-01-14 19:37:09,700 - INFO -   Val   - Loss: 1.0698, Dice: 0.4214
2026-01-14 19:37:09,700 - INFO -   Per-class Dice:
2026-01-14 19:37:09,700 - INFO -     Class 0: 0.9947
2026-01-14 19:37:09,700 - INFO -     Class 1: 0.3909
2026-01-14 19:37:09,700 - INFO -     Class 2: 0.2394
2026-01-14 19:37:09,700 - INFO -     Class 3: 0.4903
2026-01-14 19:37:09,700 - INFO -     Class 4: 0.0000
2026-01-14 19:37:09,700 - INFO -     Class 5: 0.0000
2026-01-14 19:37:09,701 - INFO -     Class 6: 0.8346
2026-01-14 19:37:19,292 - INFO -   Batch 1/6: Loss=0.5963, Dice=0.5268
2026-01-14 19:37:19,765 - INFO -   Batch 2/6: Loss=0.6183, Dice=0.5023
2026-01-14 19:37:20,238 - INFO -   Batch 3/6: Loss=0.6021, Dice=0.5213
2026-01-14 19:37:20,712 - INFO -   Batch 4/6: Loss=0.5930, Dice=0.5501
2026-01-14 19:37:21,186 - INFO -   Batch 5/6: Loss=0.5874, Dice=0.5320
2026-01-14 19:37:21,330 - INFO -   Batch 6/6: Loss=0.6438, Dice=0.5071
2026-01-14 19:37:29,929 - INFO - 
Epoch 25/50 (20.2s):
2026-01-14 19:37:29,929 - INFO -   Train - Loss: 0.6068, Dice: 0.5233
2026-01-14 19:37:29,929 - INFO -   Val   - Loss: 1.0744, Dice: 0.4295
2026-01-14 19:37:29,929 - INFO -   Per-class Dice:
2026-01-14 19:37:29,929 - INFO -     Class 0: 0.9958
2026-01-14 19:37:29,929 - INFO -     Class 1: 0.4353
2026-01-14 19:37:29,930 - INFO -     Class 2: 0.2486
2026-01-14 19:37:29,930 - INFO -     Class 3: 0.5284
2026-01-14 19:37:29,930 - INFO -     Class 4: 0.0000
2026-01-14 19:37:29,930 - INFO -     Class 5: 0.0000
2026-01-14 19:37:29,930 - INFO -     Class 6: 0.7986
2026-01-14 19:37:39,737 - INFO -   Batch 1/6: Loss=0.6050, Dice=0.5298
2026-01-14 19:37:40,209 - INFO -   Batch 2/6: Loss=0.5963, Dice=0.5355
2026-01-14 19:37:40,682 - INFO -   Batch 3/6: Loss=0.6037, Dice=0.5169
2026-01-14 19:37:41,157 - INFO -   Batch 4/6: Loss=0.5850, Dice=0.5412
2026-01-14 19:37:41,630 - INFO -   Batch 5/6: Loss=0.5956, Dice=0.5426
2026-01-14 19:37:41,774 - INFO -   Batch 6/6: Loss=0.5819, Dice=0.5554
2026-01-14 19:37:50,631 - INFO -   Saved best model with Dice: 0.4426
2026-01-14 19:37:50,631 - INFO - 
Epoch 26/50 (20.7s):
2026-01-14 19:37:50,631 - INFO -   Train - Loss: 0.5946, Dice: 0.5369
2026-01-14 19:37:50,631 - INFO -   Val   - Loss: 1.0680, Dice: 0.4426
2026-01-14 19:37:50,631 - INFO -   Per-class Dice:
2026-01-14 19:37:50,631 - INFO -     Class 0: 0.9958
2026-01-14 19:37:50,631 - INFO -     Class 1: 0.3853
2026-01-14 19:37:50,631 - INFO -     Class 2: 0.3229
2026-01-14 19:37:50,631 - INFO -     Class 3: 0.5535
2026-01-14 19:37:50,631 - INFO -     Class 4: 0.0000
2026-01-14 19:37:50,631 - INFO -     Class 5: 0.0000
2026-01-14 19:37:50,631 - INFO -     Class 6: 0.8409
2026-01-14 19:38:00,805 - INFO -   Batch 1/6: Loss=0.5876, Dice=0.5482
2026-01-14 19:38:01,278 - INFO -   Batch 2/6: Loss=0.5824, Dice=0.5397
2026-01-14 19:38:01,752 - INFO -   Batch 3/6: Loss=0.6064, Dice=0.5116
2026-01-14 19:38:02,225 - INFO -   Batch 4/6: Loss=0.5914, Dice=0.5515
2026-01-14 19:38:02,700 - INFO -   Batch 5/6: Loss=0.6020, Dice=0.5300
2026-01-14 19:38:02,844 - INFO -   Batch 6/6: Loss=0.6270, Dice=0.5478
2026-01-14 19:38:11,386 - INFO - 
Epoch 27/50 (20.8s):
2026-01-14 19:38:11,386 - INFO -   Train - Loss: 0.5995, Dice: 0.5381
2026-01-14 19:38:11,386 - INFO -   Val   - Loss: 1.0700, Dice: 0.4219
2026-01-14 19:38:11,386 - INFO -   Per-class Dice:
2026-01-14 19:38:11,386 - INFO -     Class 0: 0.9927
2026-01-14 19:38:11,386 - INFO -     Class 1: 0.3447
2026-01-14 19:38:11,386 - INFO -     Class 2: 0.2719
2026-01-14 19:38:11,386 - INFO -     Class 3: 0.5115
2026-01-14 19:38:11,386 - INFO -     Class 4: 0.0000
2026-01-14 19:38:11,386 - INFO -     Class 5: 0.0000
2026-01-14 19:38:11,386 - INFO -     Class 6: 0.8327
2026-01-14 19:38:20,842 - INFO -   Batch 1/6: Loss=0.5873, Dice=0.5369
2026-01-14 19:38:21,315 - INFO -   Batch 2/6: Loss=0.5904, Dice=0.5465
2026-01-14 19:38:21,789 - INFO -   Batch 3/6: Loss=0.6296, Dice=0.5167
2026-01-14 19:38:22,264 - INFO -   Batch 4/6: Loss=0.6382, Dice=0.5252
2026-01-14 19:38:22,739 - INFO -   Batch 5/6: Loss=0.6372, Dice=0.5356
2026-01-14 19:38:22,883 - INFO -   Batch 6/6: Loss=0.6376, Dice=0.5163
2026-01-14 19:38:31,442 - INFO - 
Epoch 28/50 (20.1s):
2026-01-14 19:38:31,442 - INFO -   Train - Loss: 0.6201, Dice: 0.5295
2026-01-14 19:38:31,442 - INFO -   Val   - Loss: 1.1885, Dice: 0.2074
2026-01-14 19:38:31,442 - INFO -   Per-class Dice:
2026-01-14 19:38:31,442 - INFO -     Class 0: 0.7549
2026-01-14 19:38:31,443 - INFO -     Class 1: 0.0461
2026-01-14 19:38:31,443 - INFO -     Class 2: 0.0295
2026-01-14 19:38:31,443 - INFO -     Class 3: 0.1619
2026-01-14 19:38:31,443 - INFO -     Class 4: 0.0000
2026-01-14 19:38:31,443 - INFO -     Class 5: 0.0000
2026-01-14 19:38:31,443 - INFO -     Class 6: 0.4595
2026-01-14 19:38:41,077 - INFO -   Batch 1/6: Loss=0.6495, Dice=0.5130
2026-01-14 19:38:41,550 - INFO -   Batch 2/6: Loss=0.6455, Dice=0.4990
2026-01-14 19:38:42,023 - INFO -   Batch 3/6: Loss=0.6336, Dice=0.5312
2026-01-14 19:38:42,498 - INFO -   Batch 4/6: Loss=0.6307, Dice=0.4862
2026-01-14 19:38:42,972 - INFO -   Batch 5/6: Loss=0.6142, Dice=0.5264
2026-01-14 19:38:43,116 - INFO -   Batch 6/6: Loss=0.6124, Dice=0.5293
2026-01-14 19:38:51,834 - INFO - 
Epoch 29/50 (20.4s):
2026-01-14 19:38:51,834 - INFO -   Train - Loss: 0.6310, Dice: 0.5142
2026-01-14 19:38:51,834 - INFO -   Val   - Loss: 1.0895, Dice: 0.3554
2026-01-14 19:38:51,834 - INFO -   Per-class Dice:
2026-01-14 19:38:51,834 - INFO -     Class 0: 0.9896
2026-01-14 19:38:51,834 - INFO -     Class 1: 0.1374
2026-01-14 19:38:51,834 - INFO -     Class 2: 0.2785
2026-01-14 19:38:51,834 - INFO -     Class 3: 0.3827
2026-01-14 19:38:51,834 - INFO -     Class 4: 0.0000
2026-01-14 19:38:51,834 - INFO -     Class 5: 0.0000
2026-01-14 19:38:51,834 - INFO -     Class 6: 0.6999
2026-01-14 19:39:01,809 - INFO -   Batch 1/6: Loss=0.6121, Dice=0.5378
2026-01-14 19:39:02,282 - INFO -   Batch 2/6: Loss=0.6103, Dice=0.5283
2026-01-14 19:39:02,756 - INFO -   Batch 3/6: Loss=0.6373, Dice=0.5186
2026-01-14 19:39:03,231 - INFO -   Batch 4/6: Loss=0.6193, Dice=0.5061
2026-01-14 19:39:03,705 - INFO -   Batch 5/6: Loss=0.5966, Dice=0.5545
2026-01-14 19:39:03,849 - INFO -   Batch 6/6: Loss=0.5970, Dice=0.5372
2026-01-14 19:39:12,656 - INFO -   Saved best model with Dice: 0.4514
2026-01-14 19:39:12,656 - INFO - 
Epoch 30/50 (20.8s):
2026-01-14 19:39:12,656 - INFO -   Train - Loss: 0.6121, Dice: 0.5304
2026-01-14 19:39:12,656 - INFO -   Val   - Loss: 1.0713, Dice: 0.4514
2026-01-14 19:39:12,656 - INFO -   Per-class Dice:
2026-01-14 19:39:12,656 - INFO -     Class 0: 0.9962
2026-01-14 19:39:12,656 - INFO -     Class 1: 0.4444
2026-01-14 19:39:12,656 - INFO -     Class 2: 0.2949
2026-01-14 19:39:12,656 - INFO -     Class 3: 0.5774
2026-01-14 19:39:12,656 - INFO -     Class 4: 0.0000
2026-01-14 19:39:12,656 - INFO -     Class 5: 0.0000
2026-01-14 19:39:12,656 - INFO -     Class 6: 0.8470
2026-01-14 19:39:22,644 - INFO -   Batch 1/6: Loss=0.5923, Dice=0.5419
2026-01-14 19:39:23,116 - INFO -   Batch 2/6: Loss=0.6045, Dice=0.5378
2026-01-14 19:39:23,590 - INFO -   Batch 3/6: Loss=0.6116, Dice=0.5254
2026-01-14 19:39:24,064 - INFO -   Batch 4/6: Loss=0.5762, Dice=0.5592
2026-01-14 19:39:24,539 - INFO -   Batch 5/6: Loss=0.5862, Dice=0.5633
2026-01-14 19:39:24,683 - INFO -   Batch 6/6: Loss=0.6119, Dice=0.5382
2026-01-14 19:39:33,428 - INFO -   Saved best model with Dice: 0.4740
2026-01-14 19:39:33,428 - INFO - 
Epoch 31/50 (20.8s):
2026-01-14 19:39:33,428 - INFO -   Train - Loss: 0.5971, Dice: 0.5443
2026-01-14 19:39:33,429 - INFO -   Val   - Loss: 1.0752, Dice: 0.4740
2026-01-14 19:39:33,429 - INFO -   Per-class Dice:
2026-01-14 19:39:33,429 - INFO -     Class 0: 0.9962
2026-01-14 19:39:33,429 - INFO -     Class 1: 0.4277
2026-01-14 19:39:33,429 - INFO -     Class 2: 0.2577
2026-01-14 19:39:33,429 - INFO -     Class 3: 0.5434
2026-01-14 19:39:33,429 - INFO -     Class 4: 0.0000
2026-01-14 19:39:33,429 - INFO -     Class 5: 0.0000
2026-01-14 19:39:33,429 - INFO -     Class 6: 0.8409
2026-01-14 19:39:42,991 - INFO -   Batch 1/6: Loss=0.5792, Dice=0.5485
2026-01-14 19:39:43,708 - INFO -   Batch 2/6: Loss=0.6004, Dice=0.5374
2026-01-14 19:39:44,182 - INFO -   Batch 3/6: Loss=0.5859, Dice=0.5621
2026-01-14 19:39:44,657 - INFO -   Batch 4/6: Loss=0.5905, Dice=0.5417
2026-01-14 19:39:45,131 - INFO -   Batch 5/6: Loss=0.5783, Dice=0.5580
2026-01-14 19:39:45,276 - INFO -   Batch 6/6: Loss=0.6001, Dice=0.5371
2026-01-14 19:39:53,857 - INFO -   Learning rate changed from 1.00e-04 to 5.00e-05
2026-01-14 19:39:54,085 - INFO -   Saved best model with Dice: 0.5110
2026-01-14 19:39:54,085 - INFO - 
Epoch 32/50 (20.7s):
2026-01-14 19:39:54,085 - INFO -   Train - Loss: 0.5891, Dice: 0.5475
2026-01-14 19:39:54,085 - INFO -   Val   - Loss: 1.0781, Dice: 0.5110
2026-01-14 19:39:54,085 - INFO -   Per-class Dice:
2026-01-14 19:39:54,085 - INFO -     Class 0: 0.9960
2026-01-14 19:39:54,086 - INFO -     Class 1: 0.4474
2026-01-14 19:39:54,086 - INFO -     Class 2: 0.2779
2026-01-14 19:39:54,086 - INFO -     Class 3: 0.4434
2026-01-14 19:39:54,086 - INFO -     Class 4: 0.0000
2026-01-14 19:39:54,086 - INFO -     Class 5: 0.0000
2026-01-14 19:39:54,086 - INFO -     Class 6: 0.8200
2026-01-14 19:40:03,993 - INFO -   Batch 1/6: Loss=0.5795, Dice=0.5359
2026-01-14 19:40:04,466 - INFO -   Batch 2/6: Loss=0.5811, Dice=0.5464
2026-01-14 19:40:04,940 - INFO -   Batch 3/6: Loss=0.5903, Dice=0.5481
2026-01-14 19:40:05,415 - INFO -   Batch 4/6: Loss=0.5681, Dice=0.5674
2026-01-14 19:40:05,890 - INFO -   Batch 5/6: Loss=0.5497, Dice=0.5896
2026-01-14 19:40:06,034 - INFO -   Batch 6/6: Loss=0.6157, Dice=0.5067
2026-01-14 19:40:14,589 - INFO - 
Epoch 33/50 (20.5s):
2026-01-14 19:40:14,589 - INFO -   Train - Loss: 0.5807, Dice: 0.5490
2026-01-14 19:40:14,590 - INFO -   Val   - Loss: 1.0717, Dice: 0.4695
2026-01-14 19:40:14,590 - INFO -   Per-class Dice:
2026-01-14 19:40:14,590 - INFO -     Class 0: 0.9964
2026-01-14 19:40:14,590 - INFO -     Class 1: 0.4400
2026-01-14 19:40:14,590 - INFO -     Class 2: 0.2037
2026-01-14 19:40:14,590 - INFO -     Class 3: 0.5734
2026-01-14 19:40:14,590 - INFO -     Class 4: 0.0000
2026-01-14 19:40:14,590 - INFO -     Class 5: 0.0000
2026-01-14 19:40:14,590 - INFO -     Class 6: 0.8275
2026-01-14 19:40:24,118 - INFO -   Batch 1/6: Loss=0.5770, Dice=0.5739
2026-01-14 19:40:24,591 - INFO -   Batch 2/6: Loss=0.5863, Dice=0.5576
2026-01-14 19:40:25,065 - INFO -   Batch 3/6: Loss=0.5711, Dice=0.5559
2026-01-14 19:40:25,539 - INFO -   Batch 4/6: Loss=0.5666, Dice=0.5585
2026-01-14 19:40:26,014 - INFO -   Batch 5/6: Loss=0.5536, Dice=0.5829
2026-01-14 19:40:26,158 - INFO -   Batch 6/6: Loss=0.5853, Dice=0.5598
2026-01-14 19:40:34,755 - INFO - 
Epoch 34/50 (20.2s):
2026-01-14 19:40:34,755 - INFO -   Train - Loss: 0.5733, Dice: 0.5648
2026-01-14 19:40:34,755 - INFO -   Val   - Loss: 1.0691, Dice: 0.4948
2026-01-14 19:40:34,755 - INFO -   Per-class Dice:
2026-01-14 19:40:34,755 - INFO -     Class 0: 0.9965
2026-01-14 19:40:34,755 - INFO -     Class 1: 0.4568
2026-01-14 19:40:34,755 - INFO -     Class 2: 0.3414
2026-01-14 19:40:34,755 - INFO -     Class 3: 0.5534
2026-01-14 19:40:34,755 - INFO -     Class 4: 0.0000
2026-01-14 19:40:34,755 - INFO -     Class 5: 0.0000
2026-01-14 19:40:34,755 - INFO -     Class 6: 0.8531
2026-01-14 19:40:44,604 - INFO -   Batch 1/6: Loss=0.5643, Dice=0.5712
2026-01-14 19:40:45,077 - INFO -   Batch 2/6: Loss=0.5667, Dice=0.5599
2026-01-14 19:40:45,552 - INFO -   Batch 3/6: Loss=0.5724, Dice=0.5646
2026-01-14 19:40:46,027 - INFO -   Batch 4/6: Loss=0.5535, Dice=0.5838
2026-01-14 19:40:46,501 - INFO -   Batch 5/6: Loss=0.5852, Dice=0.5554
2026-01-14 19:40:46,645 - INFO -   Batch 6/6: Loss=0.5654, Dice=0.5533
2026-01-14 19:40:55,288 - INFO - 
Epoch 35/50 (20.5s):
2026-01-14 19:40:55,288 - INFO -   Train - Loss: 0.5679, Dice: 0.5647
2026-01-14 19:40:55,288 - INFO -   Val   - Loss: 1.0675, Dice: 0.4586
2026-01-14 19:40:55,288 - INFO -   Per-class Dice:
2026-01-14 19:40:55,288 - INFO -     Class 0: 0.9964
2026-01-14 19:40:55,289 - INFO -     Class 1: 0.4608
2026-01-14 19:40:55,289 - INFO -     Class 2: 0.3152
2026-01-14 19:40:55,289 - INFO -     Class 3: 0.5875
2026-01-14 19:40:55,289 - INFO -     Class 4: 0.0000
2026-01-14 19:40:55,289 - INFO -     Class 5: 0.0000
2026-01-14 19:40:55,289 - INFO -     Class 6: 0.8505
2026-01-14 19:41:04,951 - INFO -   Batch 1/6: Loss=0.5617, Dice=0.5764
2026-01-14 19:41:05,425 - INFO -   Batch 2/6: Loss=0.5680, Dice=0.5795
2026-01-14 19:41:05,898 - INFO -   Batch 3/6: Loss=0.5523, Dice=0.5988
2026-01-14 19:41:06,373 - INFO -   Batch 4/6: Loss=0.5574, Dice=0.5742
2026-01-14 19:41:06,848 - INFO -   Batch 5/6: Loss=0.5735, Dice=0.5800
2026-01-14 19:41:06,992 - INFO -   Batch 6/6: Loss=0.5671, Dice=0.5400
2026-01-14 19:41:15,451 - INFO - 
Epoch 36/50 (20.2s):
2026-01-14 19:41:15,452 - INFO -   Train - Loss: 0.5633, Dice: 0.5749
2026-01-14 19:41:15,452 - INFO -   Val   - Loss: 1.0749, Dice: 0.4607
2026-01-14 19:41:15,452 - INFO -   Per-class Dice:
2026-01-14 19:41:15,452 - INFO -     Class 0: 0.9960
2026-01-14 19:41:15,452 - INFO -     Class 1: 0.4275
2026-01-14 19:41:15,452 - INFO -     Class 2: 0.2449
2026-01-14 19:41:15,452 - INFO -     Class 3: 0.5015
2026-01-14 19:41:15,452 - INFO -     Class 4: 0.0000
2026-01-14 19:41:15,452 - INFO -     Class 5: 0.0000
2026-01-14 19:41:15,452 - INFO -     Class 6: 0.8081
2026-01-14 19:41:25,304 - INFO -   Batch 1/6: Loss=0.5662, Dice=0.5918
2026-01-14 19:41:25,777 - INFO -   Batch 2/6: Loss=0.5557, Dice=0.5997
2026-01-14 19:41:26,250 - INFO -   Batch 3/6: Loss=0.5655, Dice=0.5829
2026-01-14 19:41:26,725 - INFO -   Batch 4/6: Loss=0.5388, Dice=0.5984
2026-01-14 19:41:27,199 - INFO -   Batch 5/6: Loss=0.5768, Dice=0.5630
2026-01-14 19:41:27,344 - INFO -   Batch 6/6: Loss=0.5511, Dice=0.6062
2026-01-14 19:41:35,872 - INFO - 
Epoch 37/50 (20.4s):
2026-01-14 19:41:35,873 - INFO -   Train - Loss: 0.5590, Dice: 0.5903
2026-01-14 19:41:35,873 - INFO -   Val   - Loss: 1.0660, Dice: 0.4940
2026-01-14 19:41:35,873 - INFO -   Per-class Dice:
2026-01-14 19:41:35,873 - INFO -     Class 0: 0.9964
2026-01-14 19:41:35,873 - INFO -     Class 1: 0.4523
2026-01-14 19:41:35,873 - INFO -     Class 2: 0.3187
2026-01-14 19:41:35,873 - INFO -     Class 3: 0.5800
2026-01-14 19:41:35,873 - INFO -     Class 4: 0.0000
2026-01-14 19:41:35,873 - INFO -     Class 5: 0.0000
2026-01-14 19:41:35,873 - INFO -     Class 6: 0.8528
2026-01-14 19:41:45,689 - INFO -   Batch 1/6: Loss=0.5523, Dice=0.5910
2026-01-14 19:41:46,162 - INFO -   Batch 2/6: Loss=0.5358, Dice=0.6013
2026-01-14 19:41:46,635 - INFO -   Batch 3/6: Loss=0.5504, Dice=0.6040
2026-01-14 19:41:47,109 - INFO -   Batch 4/6: Loss=0.5572, Dice=0.5846
2026-01-14 19:41:47,583 - INFO -   Batch 5/6: Loss=0.5533, Dice=0.5958
2026-01-14 19:41:47,728 - INFO -   Batch 6/6: Loss=0.6418, Dice=0.5639
2026-01-14 19:41:56,278 - INFO - 
Epoch 38/50 (20.4s):
2026-01-14 19:41:56,279 - INFO -   Train - Loss: 0.5651, Dice: 0.5901
2026-01-14 19:41:56,279 - INFO -   Val   - Loss: 1.0657, Dice: 0.4448
2026-01-14 19:41:56,279 - INFO -   Per-class Dice:
2026-01-14 19:41:56,279 - INFO -     Class 0: 0.9964
2026-01-14 19:41:56,279 - INFO -     Class 1: 0.4564
2026-01-14 19:41:56,279 - INFO -     Class 2: 0.2103
2026-01-14 19:41:56,279 - INFO -     Class 3: 0.5962
2026-01-14 19:41:56,279 - INFO -     Class 4: 0.0000
2026-01-14 19:41:56,279 - INFO -     Class 5: 0.0000
2026-01-14 19:41:56,280 - INFO -     Class 6: 0.8544
2026-01-14 19:42:06,336 - INFO -   Batch 1/6: Loss=0.5568, Dice=0.5932
2026-01-14 19:42:06,809 - INFO -   Batch 2/6: Loss=0.5381, Dice=0.6071
2026-01-14 19:42:07,284 - INFO -   Batch 3/6: Loss=0.5538, Dice=0.6013
2026-01-14 19:42:07,759 - INFO -   Batch 4/6: Loss=0.5405, Dice=0.6215
2026-01-14 19:42:08,234 - INFO -   Batch 5/6: Loss=0.5578, Dice=0.5810
2026-01-14 19:42:08,379 - INFO -   Batch 6/6: Loss=0.6219, Dice=0.5328
2026-01-14 19:42:17,024 - INFO - 
Epoch 39/50 (20.7s):
2026-01-14 19:42:17,024 - INFO -   Train - Loss: 0.5615, Dice: 0.5895
2026-01-14 19:42:17,024 - INFO -   Val   - Loss: 1.0677, Dice: 0.4430
2026-01-14 19:42:17,024 - INFO -   Per-class Dice:
2026-01-14 19:42:17,024 - INFO -     Class 0: 0.9961
2026-01-14 19:42:17,025 - INFO -     Class 1: 0.4343
2026-01-14 19:42:17,025 - INFO -     Class 2: 0.2550
2026-01-14 19:42:17,025 - INFO -     Class 3: 0.5732
2026-01-14 19:42:17,025 - INFO -     Class 4: 0.0000
2026-01-14 19:42:17,025 - INFO -     Class 5: 0.0000
2026-01-14 19:42:17,025 - INFO -     Class 6: 0.8427
2026-01-14 19:42:26,866 - INFO -   Batch 1/6: Loss=0.5395, Dice=0.5984
2026-01-14 19:42:27,340 - INFO -   Batch 2/6: Loss=0.5466, Dice=0.6065
2026-01-14 19:42:27,813 - INFO -   Batch 3/6: Loss=0.5395, Dice=0.5916
2026-01-14 19:42:28,288 - INFO -   Batch 4/6: Loss=0.5761, Dice=0.5877
2026-01-14 19:42:28,763 - INFO -   Batch 5/6: Loss=0.5608, Dice=0.5947
2026-01-14 19:42:28,907 - INFO -   Batch 6/6: Loss=0.5911, Dice=0.5638
2026-01-14 19:42:37,787 - INFO - 
Epoch 40/50 (20.8s):
2026-01-14 19:42:37,787 - INFO -   Train - Loss: 0.5589, Dice: 0.5905
2026-01-14 19:42:37,787 - INFO -   Val   - Loss: 1.0649, Dice: 0.4491
2026-01-14 19:42:37,787 - INFO -   Per-class Dice:
2026-01-14 19:42:37,787 - INFO -     Class 0: 0.9961
2026-01-14 19:42:37,787 - INFO -     Class 1: 0.4292
2026-01-14 19:42:37,787 - INFO -     Class 2: 0.2996
2026-01-14 19:42:37,788 - INFO -     Class 3: 0.5644
2026-01-14 19:42:37,788 - INFO -     Class 4: 0.0000
2026-01-14 19:42:37,788 - INFO -     Class 5: 0.0000
2026-01-14 19:42:37,788 - INFO -     Class 6: 0.8541
2026-01-14 19:42:48,015 - INFO -   Batch 1/6: Loss=0.5503, Dice=0.5906
2026-01-14 19:42:48,488 - INFO -   Batch 2/6: Loss=0.5537, Dice=0.5919
2026-01-14 19:42:48,962 - INFO -   Batch 3/6: Loss=0.5487, Dice=0.6055
2026-01-14 19:42:49,437 - INFO -   Batch 4/6: Loss=0.5406, Dice=0.6119
2026-01-14 19:42:49,912 - INFO -   Batch 5/6: Loss=0.5484, Dice=0.6100
2026-01-14 19:42:50,058 - INFO -   Batch 6/6: Loss=0.5907, Dice=0.5843
2026-01-14 19:42:59,068 - INFO - 
Epoch 41/50 (21.3s):
2026-01-14 19:42:59,068 - INFO -   Train - Loss: 0.5554, Dice: 0.5990
2026-01-14 19:42:59,068 - INFO -   Val   - Loss: 1.0649, Dice: 0.4425
2026-01-14 19:42:59,068 - INFO -   Per-class Dice:
2026-01-14 19:42:59,068 - INFO -     Class 0: 0.9963
2026-01-14 19:42:59,068 - INFO -     Class 1: 0.4525
2026-01-14 19:42:59,068 - INFO -     Class 2: 0.2092
2026-01-14 19:42:59,068 - INFO -     Class 3: 0.5889
2026-01-14 19:42:59,068 - INFO -     Class 4: 0.0000
2026-01-14 19:42:59,068 - INFO -     Class 5: 0.0000
2026-01-14 19:42:59,068 - INFO -     Class 6: 0.8508
2026-01-14 19:43:09,092 - INFO -   Batch 1/6: Loss=0.5390, Dice=0.6070
2026-01-14 19:43:09,565 - INFO -   Batch 2/6: Loss=0.5673, Dice=0.5892
2026-01-14 19:43:10,039 - INFO -   Batch 3/6: Loss=0.5713, Dice=0.5840
2026-01-14 19:43:10,514 - INFO -   Batch 4/6: Loss=0.5634, Dice=0.5936
2026-01-14 19:43:10,988 - INFO -   Batch 5/6: Loss=0.5401, Dice=0.6050
2026-01-14 19:43:11,133 - INFO -   Batch 6/6: Loss=0.5497, Dice=0.5930
2026-01-14 19:43:20,216 - INFO - 
Epoch 42/50 (21.1s):
2026-01-14 19:43:20,216 - INFO -   Train - Loss: 0.5551, Dice: 0.5953
2026-01-14 19:43:20,216 - INFO -   Val   - Loss: 1.0669, Dice: 0.4555
2026-01-14 19:43:20,216 - INFO -   Per-class Dice:
2026-01-14 19:43:20,216 - INFO -     Class 0: 0.9964
2026-01-14 19:43:20,216 - INFO -     Class 1: 0.4430
2026-01-14 19:43:20,216 - INFO -     Class 2: 0.3311
2026-01-14 19:43:20,216 - INFO -     Class 3: 0.5751
2026-01-14 19:43:20,216 - INFO -     Class 4: 0.0000
2026-01-14 19:43:20,216 - INFO -     Class 5: 0.0000
2026-01-14 19:43:20,216 - INFO -     Class 6: 0.8428
2026-01-14 19:43:20,216 - INFO - 
Early stopping triggered after 42 epochs
2026-01-14 19:43:20,221 - INFO - 
Training completed. Best validation Dice: 0.5110
2026-01-14 19:43:20,987 - INFO - 
============================================================
2026-01-14 19:43:20,987 - INFO - EVALUATION ON TEST SET
2026-01-14 19:43:20,987 - INFO - ============================================================
2026-01-14 19:43:30,831 - INFO - 
Overall Dice Score: 0.4245 ± 0.0031
2026-01-14 19:43:30,831 - INFO - 
Per-class Dice Scores:
2026-01-14 19:43:30,831 - INFO -   NO    : 0.9960 ± 0.0001
2026-01-14 19:43:30,831 - INFO -   AFS   : 0.4329 ± 0.0137
2026-01-14 19:43:30,832 - INFO -   CZ    : 0.3113 ± 0.0217
2026-01-14 19:43:30,832 - INFO -   PG    : 0.4128 ± 0.0054
2026-01-14 19:43:30,832 - INFO -   PZ    : 0.0000 ± 0.0000
2026-01-14 19:43:30,832 - INFO -   SV_L  : 0.0000 ± 0.0000
2026-01-14 19:43:30,832 - INFO -   SV_R  : 0.8184 ± 0.0191
2026-01-14 19:43:30,832 - INFO - 
Generating prediction visualizations...
2026-01-14 19:43:35,211 - INFO - 
Training completed successfully!
2026-01-14 19:43:35,211 - INFO - Best validation Dice: 0.5110
2026-01-14 19:43:35,211 - INFO - Test Dice: 0.4245
