2026-01-15 23:24:33,411 - INFO - Results will be saved to: exp/FUSION_batch32_epochs100_75DICE_25CE
2026-01-15 23:24:33,411 - INFO - Alive
2026-01-15 23:24:33,411 - INFO - Found 80 patients
2026-01-15 23:24:33,412 - INFO - Train: 51 patients
2026-01-15 23:24:33,412 - INFO - Val: 13 patients
2026-01-15 23:24:33,412 - INFO - Test: 16 patients
2026-01-15 23:24:33,416 - INFO - 
Testing data loading...
2026-01-15 23:24:35,722 - INFO - Batch image shape: torch.Size([32, 1, 256, 256])
2026-01-15 23:24:35,722 - INFO - Batch labels shape: torch.Size([32, 3, 256, 256])
2026-01-15 23:24:36,480 - INFO - Initialized trainer on device: cuda
2026-01-15 23:24:36,480 - INFO - Model parameters: 17,261,955
2026-01-15 23:24:36,480 - INFO - Starting training for 100 epochs
2026-01-15 23:24:39,592 - INFO -   Batch 1/2: Loss=1.3516, Dice=0.2438
2026-01-15 23:24:41,209 - INFO -   Batch 2/2: Loss=1.1934, Dice=0.2661
2026-01-15 23:24:42,222 - INFO -   Saved best model with Dice: 0.3110
2026-01-15 23:24:42,222 - INFO - 
Epoch 1/100 (5.7s):
2026-01-15 23:24:42,223 - INFO -   Train - Loss: 1.2725, Dice: 0.2549
2026-01-15 23:24:42,223 - INFO -   Val   - Loss: 0.9745, Dice: 0.3110
2026-01-15 23:24:42,223 - INFO -   Per-class Dice:
2026-01-15 23:24:42,223 - INFO -     Class 0: 0.9309
2026-01-15 23:24:42,223 - INFO -     Class 1: 0.0022
2026-01-15 23:24:42,223 - INFO -     Class 2: 0.0000
2026-01-15 23:24:44,257 - INFO -   Batch 1/2: Loss=1.0950, Dice=0.2882
2026-01-15 23:24:45,415 - INFO -   Batch 2/2: Loss=1.0466, Dice=0.2996
2026-01-15 23:24:46,498 - INFO -   Saved best model with Dice: 0.3256
2026-01-15 23:24:46,498 - INFO - 
Epoch 2/100 (4.3s):
2026-01-15 23:24:46,498 - INFO -   Train - Loss: 1.0708, Dice: 0.2939
2026-01-15 23:24:46,498 - INFO -   Val   - Loss: 0.9477, Dice: 0.3256
2026-01-15 23:24:46,498 - INFO -   Per-class Dice:
2026-01-15 23:24:46,498 - INFO -     Class 0: 0.9767
2026-01-15 23:24:46,498 - INFO -     Class 1: 0.0000
2026-01-15 23:24:46,499 - INFO -     Class 2: 0.0000
2026-01-15 23:24:48,453 - INFO -   Batch 1/2: Loss=0.9682, Dice=0.3230
2026-01-15 23:24:49,625 - INFO -   Batch 2/2: Loss=0.9431, Dice=0.3335
2026-01-15 23:24:50,549 - INFO - 
Epoch 3/100 (4.1s):
2026-01-15 23:24:50,549 - INFO -   Train - Loss: 0.9557, Dice: 0.3282
2026-01-15 23:24:50,549 - INFO -   Val   - Loss: 0.9745, Dice: 0.3161
2026-01-15 23:24:50,549 - INFO -   Per-class Dice:
2026-01-15 23:24:50,549 - INFO -     Class 0: 0.9390
2026-01-15 23:24:50,550 - INFO -     Class 1: 0.0000
2026-01-15 23:24:50,550 - INFO -     Class 2: 0.0094
2026-01-15 23:24:52,525 - INFO -   Batch 1/2: Loss=0.8970, Dice=0.3505
2026-01-15 23:24:53,697 - INFO -   Batch 2/2: Loss=0.8464, Dice=0.3855
2026-01-15 23:24:54,621 - INFO - 
Epoch 4/100 (4.1s):
2026-01-15 23:24:54,621 - INFO -   Train - Loss: 0.8717, Dice: 0.3680
2026-01-15 23:24:54,621 - INFO -   Val   - Loss: 1.0146, Dice: 0.1309
2026-01-15 23:24:54,621 - INFO -   Per-class Dice:
2026-01-15 23:24:54,621 - INFO -     Class 0: 0.3528
2026-01-15 23:24:54,621 - INFO -     Class 1: 0.0000
2026-01-15 23:24:54,621 - INFO -     Class 2: 0.0400
2026-01-15 23:24:56,706 - INFO -   Batch 1/2: Loss=0.8231, Dice=0.3874
2026-01-15 23:24:57,902 - INFO -   Batch 2/2: Loss=0.7856, Dice=0.4286
2026-01-15 23:24:58,804 - INFO - 
Epoch 5/100 (4.2s):
2026-01-15 23:24:58,804 - INFO -   Train - Loss: 0.8044, Dice: 0.4080
2026-01-15 23:24:58,804 - INFO -   Val   - Loss: 1.0070, Dice: 0.1362
2026-01-15 23:24:58,805 - INFO -   Per-class Dice:
2026-01-15 23:24:58,805 - INFO -     Class 0: 0.3690
2026-01-15 23:24:58,805 - INFO -     Class 1: 0.0000
2026-01-15 23:24:58,805 - INFO -     Class 2: 0.0396
2026-01-15 23:25:00,827 - INFO -   Batch 1/2: Loss=0.7628, Dice=0.4423
2026-01-15 23:25:02,013 - INFO -   Batch 2/2: Loss=0.7450, Dice=0.4549
2026-01-15 23:25:02,943 - INFO - 
Epoch 6/100 (4.1s):
2026-01-15 23:25:02,944 - INFO -   Train - Loss: 0.7539, Dice: 0.4486
2026-01-15 23:25:02,944 - INFO -   Val   - Loss: 0.9922, Dice: 0.1787
2026-01-15 23:25:02,944 - INFO -   Per-class Dice:
2026-01-15 23:25:02,944 - INFO -     Class 0: 0.4916
2026-01-15 23:25:02,944 - INFO -     Class 1: 0.0000
2026-01-15 23:25:02,944 - INFO -     Class 2: 0.0445
2026-01-15 23:25:04,940 - INFO -   Batch 1/2: Loss=0.7028, Dice=0.4929
2026-01-15 23:25:06,109 - INFO -   Batch 2/2: Loss=0.6992, Dice=0.5031
2026-01-15 23:25:07,027 - INFO - 
Epoch 7/100 (4.1s):
2026-01-15 23:25:07,028 - INFO -   Train - Loss: 0.7010, Dice: 0.4980
2026-01-15 23:25:07,028 - INFO -   Val   - Loss: 0.9931, Dice: 0.1848
2026-01-15 23:25:07,028 - INFO -   Per-class Dice:
2026-01-15 23:25:07,028 - INFO -     Class 0: 0.5099
2026-01-15 23:25:07,028 - INFO -     Class 1: 0.0000
2026-01-15 23:25:07,028 - INFO -     Class 2: 0.0446
2026-01-15 23:25:09,062 - INFO -   Batch 1/2: Loss=0.6478, Dice=0.5347
2026-01-15 23:25:10,217 - INFO -   Batch 2/2: Loss=0.6720, Dice=0.5074
2026-01-15 23:25:11,151 - INFO -   Learning rate changed from 1.00e-04 to 5.00e-05
2026-01-15 23:25:11,151 - INFO - 
Epoch 8/100 (4.1s):
2026-01-15 23:25:11,151 - INFO -   Train - Loss: 0.6599, Dice: 0.5210
2026-01-15 23:25:11,151 - INFO -   Val   - Loss: 0.9874, Dice: 0.2239
2026-01-15 23:25:11,151 - INFO -   Per-class Dice:
2026-01-15 23:25:11,151 - INFO -     Class 0: 0.6268
2026-01-15 23:25:11,151 - INFO -     Class 1: 0.0000
2026-01-15 23:25:11,151 - INFO -     Class 2: 0.0450
2026-01-15 23:25:13,198 - INFO -   Batch 1/2: Loss=0.6233, Dice=0.5576
2026-01-15 23:25:14,367 - INFO -   Batch 2/2: Loss=0.6219, Dice=0.5467
2026-01-15 23:25:15,303 - INFO - 
Epoch 9/100 (4.2s):
2026-01-15 23:25:15,303 - INFO -   Train - Loss: 0.6226, Dice: 0.5521
2026-01-15 23:25:15,303 - INFO -   Val   - Loss: 0.9635, Dice: 0.3231
2026-01-15 23:25:15,303 - INFO -   Per-class Dice:
2026-01-15 23:25:15,303 - INFO -     Class 0: 0.9619
2026-01-15 23:25:15,303 - INFO -     Class 1: 0.0000
2026-01-15 23:25:15,303 - INFO -     Class 2: 0.0073
2026-01-15 23:25:17,268 - INFO -   Batch 1/2: Loss=0.6005, Dice=0.5839
2026-01-15 23:25:18,486 - INFO -   Batch 2/2: Loss=0.6059, Dice=0.5819
2026-01-15 23:25:19,560 - INFO -   Saved best model with Dice: 0.3296
2026-01-15 23:25:19,560 - INFO - 
Epoch 10/100 (4.3s):
2026-01-15 23:25:19,560 - INFO -   Train - Loss: 0.6032, Dice: 0.5829
2026-01-15 23:25:19,560 - INFO -   Val   - Loss: 0.9460, Dice: 0.3296
2026-01-15 23:25:19,560 - INFO -   Per-class Dice:
2026-01-15 23:25:19,560 - INFO -     Class 0: 0.9879
2026-01-15 23:25:19,560 - INFO -     Class 1: 0.0000
2026-01-15 23:25:19,560 - INFO -     Class 2: 0.0010
2026-01-15 23:25:21,741 - INFO -   Batch 1/2: Loss=0.5853, Dice=0.5987
2026-01-15 23:25:22,926 - INFO -   Batch 2/2: Loss=0.5814, Dice=0.6105
2026-01-15 23:25:23,839 - INFO - 
Epoch 11/100 (4.3s):
2026-01-15 23:25:23,839 - INFO -   Train - Loss: 0.5834, Dice: 0.6046
2026-01-15 23:25:23,839 - INFO -   Val   - Loss: 0.9388, Dice: 0.3295
2026-01-15 23:25:23,839 - INFO -   Per-class Dice:
2026-01-15 23:25:23,839 - INFO -     Class 0: 0.9885
2026-01-15 23:25:23,839 - INFO -     Class 1: 0.0000
2026-01-15 23:25:23,839 - INFO -     Class 2: 0.0000
2026-01-15 23:25:25,782 - INFO -   Batch 1/2: Loss=0.5690, Dice=0.6081
2026-01-15 23:25:26,980 - INFO -   Batch 2/2: Loss=0.5653, Dice=0.6319
2026-01-15 23:25:28,025 - INFO -   Saved best model with Dice: 0.3399
2026-01-15 23:25:28,025 - INFO - 
Epoch 12/100 (4.2s):
2026-01-15 23:25:28,025 - INFO -   Train - Loss: 0.5671, Dice: 0.6200
2026-01-15 23:25:28,025 - INFO -   Val   - Loss: 0.9363, Dice: 0.3399
2026-01-15 23:25:28,025 - INFO -   Per-class Dice:
2026-01-15 23:25:28,025 - INFO -     Class 0: 0.9825
2026-01-15 23:25:28,025 - INFO -     Class 1: 0.0000
2026-01-15 23:25:28,026 - INFO -     Class 2: 0.0372
2026-01-15 23:25:30,049 - INFO -   Batch 1/2: Loss=0.5401, Dice=0.6478
2026-01-15 23:25:31,247 - INFO -   Batch 2/2: Loss=0.5675, Dice=0.6016
2026-01-15 23:25:32,162 - INFO - 
Epoch 13/100 (4.1s):
2026-01-15 23:25:32,162 - INFO -   Train - Loss: 0.5538, Dice: 0.6247
2026-01-15 23:25:32,162 - INFO -   Val   - Loss: 0.9704, Dice: 0.2562
2026-01-15 23:25:32,162 - INFO -   Per-class Dice:
2026-01-15 23:25:32,162 - INFO -     Class 0: 0.7063
2026-01-15 23:25:32,162 - INFO -     Class 1: 0.0000
2026-01-15 23:25:32,163 - INFO -     Class 2: 0.0624
2026-01-15 23:25:34,167 - INFO -   Batch 1/2: Loss=0.5273, Dice=0.6644
2026-01-15 23:25:35,358 - INFO -   Batch 2/2: Loss=0.5413, Dice=0.6480
2026-01-15 23:25:36,274 - INFO - 
Epoch 14/100 (4.1s):
2026-01-15 23:25:36,274 - INFO -   Train - Loss: 0.5343, Dice: 0.6562
2026-01-15 23:25:36,274 - INFO -   Val   - Loss: 1.0027, Dice: 0.1978
2026-01-15 23:25:36,274 - INFO -   Per-class Dice:
2026-01-15 23:25:36,274 - INFO -     Class 0: 0.5454
2026-01-15 23:25:36,274 - INFO -     Class 1: 0.0000
2026-01-15 23:25:36,274 - INFO -     Class 2: 0.0480
2026-01-15 23:25:38,317 - INFO -   Batch 1/2: Loss=0.5355, Dice=0.6495
2026-01-15 23:25:39,477 - INFO -   Batch 2/2: Loss=0.4853, Dice=0.7092
2026-01-15 23:25:40,419 - INFO - 
Epoch 15/100 (4.1s):
2026-01-15 23:25:40,419 - INFO -   Train - Loss: 0.5104, Dice: 0.6793
2026-01-15 23:25:40,419 - INFO -   Val   - Loss: 1.0136, Dice: 0.1808
2026-01-15 23:25:40,419 - INFO -   Per-class Dice:
2026-01-15 23:25:40,419 - INFO -     Class 0: 0.4961
2026-01-15 23:25:40,419 - INFO -     Class 1: 0.0000
2026-01-15 23:25:40,419 - INFO -     Class 2: 0.0463
2026-01-15 23:25:42,486 - INFO -   Batch 1/2: Loss=0.5012, Dice=0.6689
2026-01-15 23:25:43,620 - INFO -   Batch 2/2: Loss=0.5077, Dice=0.6742
2026-01-15 23:25:44,556 - INFO - 
Epoch 16/100 (4.1s):
2026-01-15 23:25:44,556 - INFO -   Train - Loss: 0.5044, Dice: 0.6715
2026-01-15 23:25:44,556 - INFO -   Val   - Loss: 1.0293, Dice: 0.1567
2026-01-15 23:25:44,556 - INFO -   Per-class Dice:
2026-01-15 23:25:44,556 - INFO -     Class 0: 0.4258
2026-01-15 23:25:44,556 - INFO -     Class 1: 0.0000
2026-01-15 23:25:44,556 - INFO -     Class 2: 0.0443
2026-01-15 23:25:46,524 - INFO -   Batch 1/2: Loss=0.4949, Dice=0.6708
2026-01-15 23:25:47,764 - INFO -   Batch 2/2: Loss=0.4763, Dice=0.7031
2026-01-15 23:25:48,704 - INFO - 
Epoch 17/100 (4.1s):
2026-01-15 23:25:48,704 - INFO -   Train - Loss: 0.4856, Dice: 0.6870
2026-01-15 23:25:48,704 - INFO -   Val   - Loss: 1.0280, Dice: 0.1595
2026-01-15 23:25:48,704 - INFO -   Per-class Dice:
2026-01-15 23:25:48,704 - INFO -     Class 0: 0.4328
2026-01-15 23:25:48,704 - INFO -     Class 1: 0.0000
2026-01-15 23:25:48,704 - INFO -     Class 2: 0.0456
2026-01-15 23:25:50,695 - INFO -   Batch 1/2: Loss=0.4934, Dice=0.6733
2026-01-15 23:25:51,892 - INFO -   Batch 2/2: Loss=0.4517, Dice=0.7195
2026-01-15 23:25:52,807 - INFO -   Learning rate changed from 5.00e-05 to 2.50e-05
2026-01-15 23:25:52,807 - INFO - 
Epoch 18/100 (4.1s):
2026-01-15 23:25:52,807 - INFO -   Train - Loss: 0.4725, Dice: 0.6964
2026-01-15 23:25:52,807 - INFO -   Val   - Loss: 1.0243, Dice: 0.1662
2026-01-15 23:25:52,807 - INFO -   Per-class Dice:
2026-01-15 23:25:52,807 - INFO -     Class 0: 0.4519
2026-01-15 23:25:52,807 - INFO -     Class 1: 0.0000
2026-01-15 23:25:52,807 - INFO -     Class 2: 0.0466
2026-01-15 23:25:54,724 - INFO -   Batch 1/2: Loss=0.4732, Dice=0.6950
2026-01-15 23:25:55,972 - INFO -   Batch 2/2: Loss=0.4619, Dice=0.6939
2026-01-15 23:25:56,880 - INFO - 
Epoch 19/100 (4.1s):
2026-01-15 23:25:56,880 - INFO -   Train - Loss: 0.4676, Dice: 0.6945
2026-01-15 23:25:56,880 - INFO -   Val   - Loss: 1.0296, Dice: 0.1567
2026-01-15 23:25:56,880 - INFO -   Per-class Dice:
2026-01-15 23:25:56,880 - INFO -     Class 0: 0.4245
2026-01-15 23:25:56,880 - INFO -     Class 1: 0.0000
2026-01-15 23:25:56,880 - INFO -     Class 2: 0.0455
2026-01-15 23:25:58,883 - INFO -   Batch 1/2: Loss=0.4426, Dice=0.7234
2026-01-15 23:26:00,063 - INFO -   Batch 2/2: Loss=0.4850, Dice=0.6869
2026-01-15 23:26:01,005 - INFO - 
Epoch 20/100 (4.1s):
2026-01-15 23:26:01,005 - INFO -   Train - Loss: 0.4638, Dice: 0.7051
2026-01-15 23:26:01,005 - INFO -   Val   - Loss: 1.0291, Dice: 0.1572
2026-01-15 23:26:01,005 - INFO -   Per-class Dice:
2026-01-15 23:26:01,005 - INFO -     Class 0: 0.4254
2026-01-15 23:26:01,005 - INFO -     Class 1: 0.0000
2026-01-15 23:26:01,005 - INFO -     Class 2: 0.0463
2026-01-15 23:26:03,039 - INFO -   Batch 1/2: Loss=0.4518, Dice=0.7257
2026-01-15 23:26:04,277 - INFO -   Batch 2/2: Loss=0.4555, Dice=0.7049
2026-01-15 23:26:05,194 - INFO - 
Epoch 21/100 (4.2s):
2026-01-15 23:26:05,194 - INFO -   Train - Loss: 0.4536, Dice: 0.7153
2026-01-15 23:26:05,194 - INFO -   Val   - Loss: 1.0044, Dice: 0.2002
2026-01-15 23:26:05,194 - INFO -   Per-class Dice:
2026-01-15 23:26:05,194 - INFO -     Class 0: 0.5456
2026-01-15 23:26:05,194 - INFO -     Class 1: 0.0000
2026-01-15 23:26:05,194 - INFO -     Class 2: 0.0551
2026-01-15 23:26:07,294 - INFO -   Batch 1/2: Loss=0.4253, Dice=0.7583
2026-01-15 23:26:08,402 - INFO -   Batch 2/2: Loss=0.4832, Dice=0.6318
2026-01-15 23:26:09,335 - INFO - 
Epoch 22/100 (4.1s):
2026-01-15 23:26:09,335 - INFO -   Train - Loss: 0.4542, Dice: 0.6951
2026-01-15 23:26:09,336 - INFO -   Val   - Loss: 0.9756, Dice: 0.2492
2026-01-15 23:26:09,336 - INFO -   Per-class Dice:
2026-01-15 23:26:09,336 - INFO -     Class 0: 0.6758
2026-01-15 23:26:09,336 - INFO -     Class 1: 0.0000
2026-01-15 23:26:09,336 - INFO -     Class 2: 0.0718
2026-01-15 23:26:11,400 - INFO -   Batch 1/2: Loss=0.4325, Dice=0.7283
2026-01-15 23:26:12,555 - INFO -   Batch 2/2: Loss=0.4464, Dice=0.7061
2026-01-15 23:26:13,487 - INFO - 
Epoch 23/100 (4.2s):
2026-01-15 23:26:13,488 - INFO -   Train - Loss: 0.4394, Dice: 0.7172
2026-01-15 23:26:13,488 - INFO -   Val   - Loss: 0.9611, Dice: 0.2751
2026-01-15 23:26:13,488 - INFO -   Per-class Dice:
2026-01-15 23:26:13,488 - INFO -     Class 0: 0.7414
2026-01-15 23:26:13,488 - INFO -     Class 1: 0.0000
2026-01-15 23:26:13,488 - INFO -     Class 2: 0.0840
2026-01-15 23:26:15,466 - INFO -   Batch 1/2: Loss=0.4379, Dice=0.7152
2026-01-15 23:26:16,642 - INFO -   Batch 2/2: Loss=0.4167, Dice=0.7554
2026-01-15 23:26:17,565 - INFO -   Learning rate changed from 2.50e-05 to 1.25e-05
2026-01-15 23:26:17,565 - INFO - 
Epoch 24/100 (4.1s):
2026-01-15 23:26:17,565 - INFO -   Train - Loss: 0.4273, Dice: 0.7353
2026-01-15 23:26:17,565 - INFO -   Val   - Loss: 0.9643, Dice: 0.2703
2026-01-15 23:26:17,565 - INFO -   Per-class Dice:
2026-01-15 23:26:17,565 - INFO -     Class 0: 0.7306
2026-01-15 23:26:17,565 - INFO -     Class 1: 0.0000
2026-01-15 23:26:17,565 - INFO -     Class 2: 0.0803
2026-01-15 23:26:19,531 - INFO -   Batch 1/2: Loss=0.4379, Dice=0.7155
2026-01-15 23:26:20,729 - INFO -   Batch 2/2: Loss=0.3997, Dice=0.7504
2026-01-15 23:26:21,670 - INFO - 
Epoch 25/100 (4.1s):
2026-01-15 23:26:21,671 - INFO -   Train - Loss: 0.4188, Dice: 0.7329
2026-01-15 23:26:21,671 - INFO -   Val   - Loss: 0.9566, Dice: 0.2886
2026-01-15 23:26:21,671 - INFO -   Per-class Dice:
2026-01-15 23:26:21,671 - INFO -     Class 0: 0.7806
2026-01-15 23:26:21,671 - INFO -     Class 1: 0.0001
2026-01-15 23:26:21,671 - INFO -     Class 2: 0.0851
2026-01-15 23:26:23,708 - INFO -   Batch 1/2: Loss=0.3979, Dice=0.7668
2026-01-15 23:26:24,882 - INFO -   Batch 2/2: Loss=0.4618, Dice=0.6229
2026-01-15 23:26:25,808 - INFO - 
Epoch 26/100 (4.1s):
2026-01-15 23:26:25,808 - INFO -   Train - Loss: 0.4299, Dice: 0.6948
2026-01-15 23:26:25,808 - INFO -   Val   - Loss: 0.9449, Dice: 0.3059
2026-01-15 23:26:25,808 - INFO -   Per-class Dice:
2026-01-15 23:26:25,808 - INFO -     Class 0: 0.8209
2026-01-15 23:26:25,808 - INFO -     Class 1: 0.0006
2026-01-15 23:26:25,808 - INFO -     Class 2: 0.0960
2026-01-15 23:26:27,838 - INFO -   Batch 1/2: Loss=0.4231, Dice=0.7225
2026-01-15 23:26:29,008 - INFO -   Batch 2/2: Loss=0.4119, Dice=0.6962
2026-01-15 23:26:29,930 - INFO - 
Epoch 27/100 (4.1s):
2026-01-15 23:26:29,930 - INFO -   Train - Loss: 0.4175, Dice: 0.7094
2026-01-15 23:26:29,930 - INFO -   Val   - Loss: 0.9342, Dice: 0.3248
2026-01-15 23:26:29,930 - INFO -   Per-class Dice:
2026-01-15 23:26:29,930 - INFO -     Class 0: 0.8591
2026-01-15 23:26:29,930 - INFO -     Class 1: 0.0014
2026-01-15 23:26:29,930 - INFO -     Class 2: 0.1139
2026-01-15 23:26:31,919 - INFO -   Batch 1/2: Loss=0.4082, Dice=0.7316
2026-01-15 23:26:33,114 - INFO -   Batch 2/2: Loss=0.4294, Dice=0.6986
2026-01-15 23:26:34,242 - INFO -   Saved best model with Dice: 0.3421
2026-01-15 23:26:34,243 - INFO - 
Epoch 28/100 (4.3s):
2026-01-15 23:26:34,243 - INFO -   Train - Loss: 0.4188, Dice: 0.7151
2026-01-15 23:26:34,243 - INFO -   Val   - Loss: 0.9263, Dice: 0.3421
2026-01-15 23:26:34,243 - INFO -   Per-class Dice:
2026-01-15 23:26:34,243 - INFO -     Class 0: 0.8841
2026-01-15 23:26:34,243 - INFO -     Class 1: 0.0047
2026-01-15 23:26:34,243 - INFO -     Class 2: 0.1373
2026-01-15 23:26:36,237 - INFO -   Batch 1/2: Loss=0.4026, Dice=0.7415
2026-01-15 23:26:37,394 - INFO -   Batch 2/2: Loss=0.4214, Dice=0.6862
2026-01-15 23:26:38,452 - INFO -   Saved best model with Dice: 0.3685
2026-01-15 23:26:38,452 - INFO - 
Epoch 29/100 (4.2s):
2026-01-15 23:26:38,452 - INFO -   Train - Loss: 0.4120, Dice: 0.7139
2026-01-15 23:26:38,452 - INFO -   Val   - Loss: 0.9166, Dice: 0.3685
2026-01-15 23:26:38,453 - INFO -   Per-class Dice:
2026-01-15 23:26:38,453 - INFO -     Class 0: 0.9174
2026-01-15 23:26:38,453 - INFO -     Class 1: 0.0111
2026-01-15 23:26:38,453 - INFO -     Class 2: 0.1769
2026-01-15 23:26:40,406 - INFO -   Batch 1/2: Loss=0.4065, Dice=0.7217
2026-01-15 23:26:41,628 - INFO -   Batch 2/2: Loss=0.4100, Dice=0.7343
2026-01-15 23:26:42,708 - INFO -   Saved best model with Dice: 0.4064
2026-01-15 23:26:42,709 - INFO - 
Epoch 30/100 (4.3s):
2026-01-15 23:26:42,709 - INFO -   Train - Loss: 0.4082, Dice: 0.7280
2026-01-15 23:26:42,709 - INFO -   Val   - Loss: 0.9075, Dice: 0.4064
2026-01-15 23:26:42,709 - INFO -   Per-class Dice:
2026-01-15 23:26:42,709 - INFO -     Class 0: 0.9513
2026-01-15 23:26:42,709 - INFO -     Class 1: 0.0207
2026-01-15 23:26:42,709 - INFO -     Class 2: 0.2471
2026-01-15 23:26:44,708 - INFO -   Batch 1/2: Loss=0.4241, Dice=0.6923
2026-01-15 23:26:45,882 - INFO -   Batch 2/2: Loss=0.3685, Dice=0.7894
2026-01-15 23:26:46,954 - INFO -   Saved best model with Dice: 0.4504
2026-01-15 23:26:46,954 - INFO - 
Epoch 31/100 (4.2s):
2026-01-15 23:26:46,954 - INFO -   Train - Loss: 0.3963, Dice: 0.7408
2026-01-15 23:26:46,954 - INFO -   Val   - Loss: 0.9015, Dice: 0.4504
2026-01-15 23:26:46,954 - INFO -   Per-class Dice:
2026-01-15 23:26:46,954 - INFO -     Class 0: 0.9738
2026-01-15 23:26:46,954 - INFO -     Class 1: 0.0309
2026-01-15 23:26:46,954 - INFO -     Class 2: 0.3466
2026-01-15 23:26:48,987 - INFO -   Batch 1/2: Loss=0.4082, Dice=0.7305
2026-01-15 23:26:50,128 - INFO -   Batch 2/2: Loss=0.3895, Dice=0.7231
2026-01-15 23:26:51,217 - INFO -   Saved best model with Dice: 0.4927
2026-01-15 23:26:51,217 - INFO - 
Epoch 32/100 (4.3s):
2026-01-15 23:26:51,217 - INFO -   Train - Loss: 0.3989, Dice: 0.7268
2026-01-15 23:26:51,217 - INFO -   Val   - Loss: 0.8975, Dice: 0.4927
2026-01-15 23:26:51,217 - INFO -   Per-class Dice:
2026-01-15 23:26:51,217 - INFO -     Class 0: 0.9836
2026-01-15 23:26:51,217 - INFO -     Class 1: 0.0461
2026-01-15 23:26:51,218 - INFO -     Class 2: 0.4484
2026-01-15 23:26:53,175 - INFO -   Batch 1/2: Loss=0.3968, Dice=0.7375
2026-01-15 23:26:54,378 - INFO -   Batch 2/2: Loss=0.4017, Dice=0.6995
2026-01-15 23:26:55,486 - INFO -   Saved best model with Dice: 0.5329
2026-01-15 23:26:55,486 - INFO - 
Epoch 33/100 (4.3s):
2026-01-15 23:26:55,486 - INFO -   Train - Loss: 0.3992, Dice: 0.7185
2026-01-15 23:26:55,486 - INFO -   Val   - Loss: 0.8935, Dice: 0.5329
2026-01-15 23:26:55,486 - INFO -   Per-class Dice:
2026-01-15 23:26:55,486 - INFO -     Class 0: 0.9885
2026-01-15 23:26:55,486 - INFO -     Class 1: 0.0770
2026-01-15 23:26:55,487 - INFO -     Class 2: 0.5333
2026-01-15 23:26:57,529 - INFO -   Batch 1/2: Loss=0.4016, Dice=0.6987
2026-01-15 23:26:58,683 - INFO -   Batch 2/2: Loss=0.3882, Dice=0.7617
2026-01-15 23:26:59,776 - INFO -   Saved best model with Dice: 0.5643
2026-01-15 23:26:59,776 - INFO - 
Epoch 34/100 (4.3s):
2026-01-15 23:26:59,776 - INFO -   Train - Loss: 0.3949, Dice: 0.7302
2026-01-15 23:26:59,776 - INFO -   Val   - Loss: 0.8913, Dice: 0.5643
2026-01-15 23:26:59,776 - INFO -   Per-class Dice:
2026-01-15 23:26:59,776 - INFO -     Class 0: 0.9912
2026-01-15 23:26:59,776 - INFO -     Class 1: 0.1187
2026-01-15 23:26:59,776 - INFO -     Class 2: 0.5831
2026-01-15 23:27:01,824 - INFO -   Batch 1/2: Loss=0.3850, Dice=0.7513
2026-01-15 23:27:03,012 - INFO -   Batch 2/2: Loss=0.4093, Dice=0.6725
2026-01-15 23:27:04,094 - INFO -   Saved best model with Dice: 0.5886
2026-01-15 23:27:04,094 - INFO - 
Epoch 35/100 (4.3s):
2026-01-15 23:27:04,094 - INFO -   Train - Loss: 0.3971, Dice: 0.7119
2026-01-15 23:27:04,094 - INFO -   Val   - Loss: 0.8908, Dice: 0.5886
2026-01-15 23:27:04,094 - INFO -   Per-class Dice:
2026-01-15 23:27:04,094 - INFO -     Class 0: 0.9925
2026-01-15 23:27:04,094 - INFO -     Class 1: 0.1747
2026-01-15 23:27:04,094 - INFO -     Class 2: 0.5987
2026-01-15 23:27:06,135 - INFO -   Batch 1/2: Loss=0.4028, Dice=0.7051
2026-01-15 23:27:07,341 - INFO -   Batch 2/2: Loss=0.3698, Dice=0.7522
2026-01-15 23:27:08,423 - INFO -   Saved best model with Dice: 0.6057
2026-01-15 23:27:08,423 - INFO - 
Epoch 36/100 (4.3s):
2026-01-15 23:27:08,423 - INFO -   Train - Loss: 0.3863, Dice: 0.7286
2026-01-15 23:27:08,423 - INFO -   Val   - Loss: 0.8898, Dice: 0.6057
2026-01-15 23:27:08,423 - INFO -   Per-class Dice:
2026-01-15 23:27:08,423 - INFO -     Class 0: 0.9929
2026-01-15 23:27:08,423 - INFO -     Class 1: 0.2171
2026-01-15 23:27:08,423 - INFO -     Class 2: 0.6070
2026-01-15 23:27:10,465 - INFO -   Batch 1/2: Loss=0.3841, Dice=0.7138
2026-01-15 23:27:11,644 - INFO -   Batch 2/2: Loss=0.3974, Dice=0.7372
2026-01-15 23:27:12,704 - INFO -   Saved best model with Dice: 0.6306
2026-01-15 23:27:12,705 - INFO - 
Epoch 37/100 (4.3s):
2026-01-15 23:27:12,705 - INFO -   Train - Loss: 0.3908, Dice: 0.7255
2026-01-15 23:27:12,705 - INFO -   Val   - Loss: 0.8863, Dice: 0.6306
2026-01-15 23:27:12,705 - INFO -   Per-class Dice:
2026-01-15 23:27:12,705 - INFO -     Class 0: 0.9934
2026-01-15 23:27:12,705 - INFO -     Class 1: 0.2541
2026-01-15 23:27:12,705 - INFO -     Class 2: 0.6443
2026-01-15 23:27:14,768 - INFO -   Batch 1/2: Loss=0.3791, Dice=0.7447
2026-01-15 23:27:15,902 - INFO -   Batch 2/2: Loss=0.3989, Dice=0.7017
2026-01-15 23:27:16,967 - INFO -   Saved best model with Dice: 0.6496
2026-01-15 23:27:16,967 - INFO - 
Epoch 38/100 (4.3s):
2026-01-15 23:27:16,967 - INFO -   Train - Loss: 0.3890, Dice: 0.7232
2026-01-15 23:27:16,967 - INFO -   Val   - Loss: 0.8823, Dice: 0.6496
2026-01-15 23:27:16,967 - INFO -   Per-class Dice:
2026-01-15 23:27:16,967 - INFO -     Class 0: 0.9935
2026-01-15 23:27:16,967 - INFO -     Class 1: 0.2858
2026-01-15 23:27:16,967 - INFO -     Class 2: 0.6695
2026-01-15 23:27:19,012 - INFO -   Batch 1/2: Loss=0.3797, Dice=0.7138
2026-01-15 23:27:20,181 - INFO -   Batch 2/2: Loss=0.3823, Dice=0.7559
2026-01-15 23:27:21,270 - INFO -   Saved best model with Dice: 0.6601
2026-01-15 23:27:21,270 - INFO - 
Epoch 39/100 (4.3s):
2026-01-15 23:27:21,270 - INFO -   Train - Loss: 0.3810, Dice: 0.7349
2026-01-15 23:27:21,270 - INFO -   Val   - Loss: 0.8799, Dice: 0.6601
2026-01-15 23:27:21,270 - INFO -   Per-class Dice:
2026-01-15 23:27:21,270 - INFO -     Class 0: 0.9934
2026-01-15 23:27:21,270 - INFO -     Class 1: 0.3042
2026-01-15 23:27:21,270 - INFO -     Class 2: 0.6827
2026-01-15 23:27:23,292 - INFO -   Batch 1/2: Loss=0.3713, Dice=0.7624
2026-01-15 23:27:24,472 - INFO -   Batch 2/2: Loss=0.3929, Dice=0.6754
2026-01-15 23:27:25,572 - INFO -   Saved best model with Dice: 0.6741
2026-01-15 23:27:25,572 - INFO - 
Epoch 40/100 (4.3s):
2026-01-15 23:27:25,572 - INFO -   Train - Loss: 0.3821, Dice: 0.7189
2026-01-15 23:27:25,572 - INFO -   Val   - Loss: 0.8777, Dice: 0.6741
2026-01-15 23:27:25,572 - INFO -   Per-class Dice:
2026-01-15 23:27:25,572 - INFO -     Class 0: 0.9933
2026-01-15 23:27:25,572 - INFO -     Class 1: 0.3369
2026-01-15 23:27:25,572 - INFO -     Class 2: 0.6922
2026-01-15 23:27:27,575 - INFO -   Batch 1/2: Loss=0.3784, Dice=0.7291
2026-01-15 23:27:28,757 - INFO -   Batch 2/2: Loss=0.3712, Dice=0.7330
2026-01-15 23:27:29,844 - INFO -   Saved best model with Dice: 0.6881
2026-01-15 23:27:29,844 - INFO - 
Epoch 41/100 (4.3s):
2026-01-15 23:27:29,845 - INFO -   Train - Loss: 0.3748, Dice: 0.7311
2026-01-15 23:27:29,845 - INFO -   Val   - Loss: 0.8751, Dice: 0.6881
2026-01-15 23:27:29,845 - INFO -   Per-class Dice:
2026-01-15 23:27:29,845 - INFO -     Class 0: 0.9933
2026-01-15 23:27:29,845 - INFO -     Class 1: 0.3657
2026-01-15 23:27:29,845 - INFO -     Class 2: 0.7052
2026-01-15 23:27:31,908 - INFO -   Batch 1/2: Loss=0.3843, Dice=0.7208
2026-01-15 23:27:33,091 - INFO -   Batch 2/2: Loss=0.3651, Dice=0.7423
2026-01-15 23:27:34,186 - INFO -   Saved best model with Dice: 0.6958
2026-01-15 23:27:34,186 - INFO - 
Epoch 42/100 (4.3s):
2026-01-15 23:27:34,187 - INFO -   Train - Loss: 0.3747, Dice: 0.7316
2026-01-15 23:27:34,187 - INFO -   Val   - Loss: 0.8733, Dice: 0.6958
2026-01-15 23:27:34,187 - INFO -   Per-class Dice:
2026-01-15 23:27:34,187 - INFO -     Class 0: 0.9932
2026-01-15 23:27:34,187 - INFO -     Class 1: 0.3802
2026-01-15 23:27:34,187 - INFO -     Class 2: 0.7140
2026-01-15 23:27:36,171 - INFO -   Batch 1/2: Loss=0.3645, Dice=0.7428
2026-01-15 23:27:37,390 - INFO -   Batch 2/2: Loss=0.3899, Dice=0.6850
2026-01-15 23:27:38,471 - INFO -   Saved best model with Dice: 0.6986
2026-01-15 23:27:38,471 - INFO - 
Epoch 43/100 (4.3s):
2026-01-15 23:27:38,471 - INFO -   Train - Loss: 0.3772, Dice: 0.7139
2026-01-15 23:27:38,471 - INFO -   Val   - Loss: 0.8733, Dice: 0.6986
2026-01-15 23:27:38,471 - INFO -   Per-class Dice:
2026-01-15 23:27:38,471 - INFO -     Class 0: 0.9935
2026-01-15 23:27:38,471 - INFO -     Class 1: 0.3904
2026-01-15 23:27:38,471 - INFO -     Class 2: 0.7119
2026-01-15 23:27:40,541 - INFO -   Batch 1/2: Loss=0.3684, Dice=0.7339
2026-01-15 23:27:41,759 - INFO -   Batch 2/2: Loss=0.3701, Dice=0.7286
2026-01-15 23:27:42,680 - INFO - 
Epoch 44/100 (4.2s):
2026-01-15 23:27:42,680 - INFO -   Train - Loss: 0.3693, Dice: 0.7312
2026-01-15 23:27:42,680 - INFO -   Val   - Loss: 0.8748, Dice: 0.6956
2026-01-15 23:27:42,680 - INFO -   Per-class Dice:
2026-01-15 23:27:42,680 - INFO -     Class 0: 0.9937
2026-01-15 23:27:42,680 - INFO -     Class 1: 0.3950
2026-01-15 23:27:42,680 - INFO -     Class 2: 0.6981
2026-01-15 23:27:44,769 - INFO -   Batch 1/2: Loss=0.3640, Dice=0.7296
2026-01-15 23:27:45,904 - INFO -   Batch 2/2: Loss=0.3792, Dice=0.7459
2026-01-15 23:27:46,818 - INFO - 
Epoch 45/100 (4.1s):
2026-01-15 23:27:46,818 - INFO -   Train - Loss: 0.3716, Dice: 0.7378
2026-01-15 23:27:46,818 - INFO -   Val   - Loss: 0.8731, Dice: 0.6902
2026-01-15 23:27:46,818 - INFO -   Per-class Dice:
2026-01-15 23:27:46,818 - INFO -     Class 0: 0.9929
2026-01-15 23:27:46,818 - INFO -     Class 1: 0.3870
2026-01-15 23:27:46,818 - INFO -     Class 2: 0.6906
2026-01-15 23:27:48,885 - INFO -   Batch 1/2: Loss=0.3588, Dice=0.7561
2026-01-15 23:27:50,017 - INFO -   Batch 2/2: Loss=0.3770, Dice=0.6909
2026-01-15 23:27:50,929 - INFO - 
Epoch 46/100 (4.1s):
2026-01-15 23:27:50,929 - INFO -   Train - Loss: 0.3679, Dice: 0.7235
2026-01-15 23:27:50,929 - INFO -   Val   - Loss: 0.8709, Dice: 0.6957
2026-01-15 23:27:50,929 - INFO -   Per-class Dice:
2026-01-15 23:27:50,929 - INFO -     Class 0: 0.9925
2026-01-15 23:27:50,929 - INFO -     Class 1: 0.3932
2026-01-15 23:27:50,929 - INFO -     Class 2: 0.7014
2026-01-15 23:27:52,968 - INFO -   Batch 1/2: Loss=0.3437, Dice=0.7644
2026-01-15 23:27:54,143 - INFO -   Batch 2/2: Loss=0.3961, Dice=0.6671
2026-01-15 23:27:55,201 - INFO -   Saved best model with Dice: 0.7078
2026-01-15 23:27:55,201 - INFO - 
Epoch 47/100 (4.3s):
2026-01-15 23:27:55,201 - INFO -   Train - Loss: 0.3699, Dice: 0.7157
2026-01-15 23:27:55,201 - INFO -   Val   - Loss: 0.8709, Dice: 0.7078
2026-01-15 23:27:55,201 - INFO -   Per-class Dice:
2026-01-15 23:27:55,201 - INFO -     Class 0: 0.9934
2026-01-15 23:27:55,201 - INFO -     Class 1: 0.4168
2026-01-15 23:27:55,202 - INFO -     Class 2: 0.7131
2026-01-15 23:27:57,228 - INFO -   Batch 1/2: Loss=0.3520, Dice=0.7444
2026-01-15 23:27:58,402 - INFO -   Batch 2/2: Loss=0.3793, Dice=0.7199
2026-01-15 23:27:59,321 - INFO - 
Epoch 48/100 (4.1s):
2026-01-15 23:27:59,321 - INFO -   Train - Loss: 0.3656, Dice: 0.7321
2026-01-15 23:27:59,321 - INFO -   Val   - Loss: 0.8719, Dice: 0.7029
2026-01-15 23:27:59,321 - INFO -   Per-class Dice:
2026-01-15 23:27:59,321 - INFO -     Class 0: 0.9934
2026-01-15 23:27:59,321 - INFO -     Class 1: 0.4142
2026-01-15 23:27:59,321 - INFO -     Class 2: 0.7010
2026-01-15 23:28:01,374 - INFO -   Batch 1/2: Loss=0.3585, Dice=0.7347
2026-01-15 23:28:02,567 - INFO -   Batch 2/2: Loss=0.3636, Dice=0.7346
2026-01-15 23:28:03,491 - INFO - 
Epoch 49/100 (4.2s):
2026-01-15 23:28:03,491 - INFO -   Train - Loss: 0.3611, Dice: 0.7347
2026-01-15 23:28:03,491 - INFO -   Val   - Loss: 0.8716, Dice: 0.6910
2026-01-15 23:28:03,491 - INFO -   Per-class Dice:
2026-01-15 23:28:03,491 - INFO -     Class 0: 0.9924
2026-01-15 23:28:03,491 - INFO -     Class 1: 0.3934
2026-01-15 23:28:03,491 - INFO -     Class 2: 0.6872
2026-01-15 23:28:05,537 - INFO -   Batch 1/2: Loss=0.3504, Dice=0.7540
2026-01-15 23:28:06,690 - INFO -   Batch 2/2: Loss=0.3708, Dice=0.7006
2026-01-15 23:28:07,598 - INFO - 
Epoch 50/100 (4.1s):
2026-01-15 23:28:07,598 - INFO -   Train - Loss: 0.3606, Dice: 0.7273
2026-01-15 23:28:07,598 - INFO -   Val   - Loss: 0.8710, Dice: 0.6900
2026-01-15 23:28:07,598 - INFO -   Per-class Dice:
2026-01-15 23:28:07,598 - INFO -     Class 0: 0.9921
2026-01-15 23:28:07,598 - INFO -     Class 1: 0.3891
2026-01-15 23:28:07,598 - INFO -     Class 2: 0.6889
2026-01-15 23:28:09,588 - INFO -   Batch 1/2: Loss=0.3578, Dice=0.7158
2026-01-15 23:28:10,805 - INFO -   Batch 2/2: Loss=0.3557, Dice=0.7623
2026-01-15 23:28:11,755 - INFO - 
Epoch 51/100 (4.2s):
2026-01-15 23:28:11,755 - INFO -   Train - Loss: 0.3568, Dice: 0.7391
2026-01-15 23:28:11,755 - INFO -   Val   - Loss: 0.8707, Dice: 0.6952
2026-01-15 23:28:11,755 - INFO -   Per-class Dice:
2026-01-15 23:28:11,755 - INFO -     Class 0: 0.9924
2026-01-15 23:28:11,755 - INFO -     Class 1: 0.3942
2026-01-15 23:28:11,755 - INFO -     Class 2: 0.6989
2026-01-15 23:28:13,898 - INFO -   Batch 1/2: Loss=0.3698, Dice=0.6983
2026-01-15 23:28:15,055 - INFO -   Batch 2/2: Loss=0.3305, Dice=0.7819
2026-01-15 23:28:16,015 - INFO - 
Epoch 52/100 (4.3s):
2026-01-15 23:28:16,015 - INFO -   Train - Loss: 0.3501, Dice: 0.7401
2026-01-15 23:28:16,015 - INFO -   Val   - Loss: 0.8698, Dice: 0.6894
2026-01-15 23:28:16,015 - INFO -   Per-class Dice:
2026-01-15 23:28:16,015 - INFO -     Class 0: 0.9920
2026-01-15 23:28:16,015 - INFO -     Class 1: 0.3759
2026-01-15 23:28:16,015 - INFO -     Class 2: 0.7001
2026-01-15 23:28:18,044 - INFO -   Batch 1/2: Loss=0.3563, Dice=0.7340
2026-01-15 23:28:19,245 - INFO -   Batch 2/2: Loss=0.3438, Dice=0.7203
2026-01-15 23:28:20,200 - INFO - 
Epoch 53/100 (4.2s):
2026-01-15 23:28:20,200 - INFO -   Train - Loss: 0.3500, Dice: 0.7271
2026-01-15 23:28:20,200 - INFO -   Val   - Loss: 0.8697, Dice: 0.6896
2026-01-15 23:28:20,200 - INFO -   Per-class Dice:
2026-01-15 23:28:20,200 - INFO -     Class 0: 0.9920
2026-01-15 23:28:20,200 - INFO -     Class 1: 0.3780
2026-01-15 23:28:20,200 - INFO -     Class 2: 0.6989
2026-01-15 23:28:22,247 - INFO -   Batch 1/2: Loss=0.3600, Dice=0.7030
2026-01-15 23:28:23,441 - INFO -   Batch 2/2: Loss=0.3325, Dice=0.7800
2026-01-15 23:28:24,383 - INFO - 
Epoch 54/100 (4.2s):
2026-01-15 23:28:24,384 - INFO -   Train - Loss: 0.3463, Dice: 0.7415
2026-01-15 23:28:24,384 - INFO -   Val   - Loss: 0.8718, Dice: 0.6993
2026-01-15 23:28:24,384 - INFO -   Per-class Dice:
2026-01-15 23:28:24,384 - INFO -     Class 0: 0.9931
2026-01-15 23:28:24,384 - INFO -     Class 1: 0.4097
2026-01-15 23:28:24,384 - INFO -     Class 2: 0.6949
2026-01-15 23:28:26,387 - INFO -   Batch 1/2: Loss=0.3497, Dice=0.7226
2026-01-15 23:28:27,608 - INFO -   Batch 2/2: Loss=0.3440, Dice=0.7636
2026-01-15 23:28:28,521 - INFO - 
Epoch 55/100 (4.1s):
2026-01-15 23:28:28,521 - INFO -   Train - Loss: 0.3469, Dice: 0.7431
2026-01-15 23:28:28,521 - INFO -   Val   - Loss: 0.8713, Dice: 0.6920
2026-01-15 23:28:28,521 - INFO -   Per-class Dice:
2026-01-15 23:28:28,521 - INFO -     Class 0: 0.9923
2026-01-15 23:28:28,521 - INFO -     Class 1: 0.3950
2026-01-15 23:28:28,521 - INFO -     Class 2: 0.6888
2026-01-15 23:28:30,490 - INFO -   Batch 1/2: Loss=0.3307, Dice=0.7485
2026-01-15 23:28:31,724 - INFO -   Batch 2/2: Loss=0.3717, Dice=0.7044
2026-01-15 23:28:32,667 - INFO - 
Epoch 56/100 (4.1s):
2026-01-15 23:28:32,667 - INFO -   Train - Loss: 0.3512, Dice: 0.7264
2026-01-15 23:28:32,667 - INFO -   Val   - Loss: 0.8705, Dice: 0.6915
2026-01-15 23:28:32,667 - INFO -   Per-class Dice:
2026-01-15 23:28:32,667 - INFO -     Class 0: 0.9921
2026-01-15 23:28:32,667 - INFO -     Class 1: 0.3842
2026-01-15 23:28:32,667 - INFO -     Class 2: 0.6982
2026-01-15 23:28:34,751 - INFO -   Batch 1/2: Loss=0.3357, Dice=0.7456
2026-01-15 23:28:35,885 - INFO -   Batch 2/2: Loss=0.3577, Dice=0.7062
2026-01-15 23:28:36,832 - INFO - 
Epoch 57/100 (4.2s):
2026-01-15 23:28:36,833 - INFO -   Train - Loss: 0.3467, Dice: 0.7259
2026-01-15 23:28:36,833 - INFO -   Val   - Loss: 0.8708, Dice: 0.7030
2026-01-15 23:28:36,833 - INFO -   Per-class Dice:
2026-01-15 23:28:36,833 - INFO -     Class 0: 0.9932
2026-01-15 23:28:36,833 - INFO -     Class 1: 0.4025
2026-01-15 23:28:36,833 - INFO -     Class 2: 0.7132
2026-01-15 23:28:38,902 - INFO -   Batch 1/2: Loss=0.3430, Dice=0.7105
2026-01-15 23:28:40,055 - INFO -   Batch 2/2: Loss=0.3528, Dice=0.7709
2026-01-15 23:28:41,016 - INFO -   Learning rate changed from 1.25e-05 to 6.25e-06
2026-01-15 23:28:41,017 - INFO - 
Epoch 58/100 (4.2s):
2026-01-15 23:28:41,017 - INFO -   Train - Loss: 0.3479, Dice: 0.7407
2026-01-15 23:28:41,017 - INFO -   Val   - Loss: 0.8713, Dice: 0.6979
2026-01-15 23:28:41,017 - INFO -   Per-class Dice:
2026-01-15 23:28:41,017 - INFO -     Class 0: 0.9931
2026-01-15 23:28:41,017 - INFO -     Class 1: 0.3982
2026-01-15 23:28:41,017 - INFO -     Class 2: 0.7024
2026-01-15 23:28:43,029 - INFO -   Batch 1/2: Loss=0.3483, Dice=0.7131
2026-01-15 23:28:44,234 - INFO -   Batch 2/2: Loss=0.3259, Dice=0.7669
2026-01-15 23:28:45,224 - INFO - 
Epoch 59/100 (4.2s):
2026-01-15 23:28:45,224 - INFO -   Train - Loss: 0.3371, Dice: 0.7400
2026-01-15 23:28:45,224 - INFO -   Val   - Loss: 0.8706, Dice: 0.6866
2026-01-15 23:28:45,224 - INFO -   Per-class Dice:
2026-01-15 23:28:45,224 - INFO -     Class 0: 0.9920
2026-01-15 23:28:45,224 - INFO -     Class 1: 0.3781
2026-01-15 23:28:45,224 - INFO -     Class 2: 0.6898
2026-01-15 23:28:47,235 - INFO -   Batch 1/2: Loss=0.3308, Dice=0.7518
2026-01-15 23:28:48,411 - INFO -   Batch 2/2: Loss=0.3507, Dice=0.7064
2026-01-15 23:28:49,321 - INFO - 
Epoch 60/100 (4.1s):
2026-01-15 23:28:49,321 - INFO -   Train - Loss: 0.3408, Dice: 0.7291
2026-01-15 23:28:49,321 - INFO -   Val   - Loss: 0.8703, Dice: 0.6839
2026-01-15 23:28:49,321 - INFO -   Per-class Dice:
2026-01-15 23:28:49,321 - INFO -     Class 0: 0.9916
2026-01-15 23:28:49,321 - INFO -     Class 1: 0.3749
2026-01-15 23:28:49,321 - INFO -     Class 2: 0.6851
2026-01-15 23:28:51,296 - INFO -   Batch 1/2: Loss=0.3585, Dice=0.6941
2026-01-15 23:28:52,559 - INFO -   Batch 2/2: Loss=0.3115, Dice=0.7912
2026-01-15 23:28:53,488 - INFO - 
Epoch 61/100 (4.2s):
2026-01-15 23:28:53,488 - INFO -   Train - Loss: 0.3350, Dice: 0.7426
2026-01-15 23:28:53,488 - INFO -   Val   - Loss: 0.8707, Dice: 0.6950
2026-01-15 23:28:53,488 - INFO -   Per-class Dice:
2026-01-15 23:28:53,488 - INFO -     Class 0: 0.9927
2026-01-15 23:28:53,488 - INFO -     Class 1: 0.3958
2026-01-15 23:28:53,488 - INFO -     Class 2: 0.6966
2026-01-15 23:28:55,471 - INFO -   Batch 1/2: Loss=0.3468, Dice=0.7140
2026-01-15 23:28:56,709 - INFO -   Batch 2/2: Loss=0.3202, Dice=0.7715
2026-01-15 23:28:57,637 - INFO - 
Epoch 62/100 (4.1s):
2026-01-15 23:28:57,637 - INFO -   Train - Loss: 0.3335, Dice: 0.7427
2026-01-15 23:28:57,637 - INFO -   Val   - Loss: 0.8712, Dice: 0.7065
2026-01-15 23:28:57,637 - INFO -   Per-class Dice:
2026-01-15 23:28:57,637 - INFO -     Class 0: 0.9935
2026-01-15 23:28:57,637 - INFO -     Class 1: 0.4181
2026-01-15 23:28:57,637 - INFO -     Class 2: 0.7078
2026-01-15 23:28:59,670 - INFO -   Batch 1/2: Loss=0.3411, Dice=0.7367
2026-01-15 23:29:00,833 - INFO -   Batch 2/2: Loss=0.3314, Dice=0.7328
2026-01-15 23:29:01,780 - INFO - 
Epoch 63/100 (4.1s):
2026-01-15 23:29:01,780 - INFO -   Train - Loss: 0.3362, Dice: 0.7348
2026-01-15 23:29:01,780 - INFO -   Val   - Loss: 0.8702, Dice: 0.7031
2026-01-15 23:29:01,780 - INFO -   Per-class Dice:
2026-01-15 23:29:01,780 - INFO -     Class 0: 0.9931
2026-01-15 23:29:01,780 - INFO -     Class 1: 0.4063
2026-01-15 23:29:01,780 - INFO -     Class 2: 0.7097
2026-01-15 23:29:03,842 - INFO -   Batch 1/2: Loss=0.3366, Dice=0.7448
2026-01-15 23:29:05,021 - INFO -   Batch 2/2: Loss=0.3356, Dice=0.7130
2026-01-15 23:29:05,942 - INFO - 
Epoch 64/100 (4.2s):
2026-01-15 23:29:05,942 - INFO -   Train - Loss: 0.3361, Dice: 0.7289
2026-01-15 23:29:05,942 - INFO -   Val   - Loss: 0.8696, Dice: 0.6924
2026-01-15 23:29:05,942 - INFO -   Per-class Dice:
2026-01-15 23:29:05,942 - INFO -     Class 0: 0.9922
2026-01-15 23:29:05,942 - INFO -     Class 1: 0.3835
2026-01-15 23:29:05,942 - INFO -     Class 2: 0.7016
2026-01-15 23:29:08,023 - INFO -   Batch 1/2: Loss=0.3277, Dice=0.7393
2026-01-15 23:29:09,153 - INFO -   Batch 2/2: Loss=0.3523, Dice=0.7174
2026-01-15 23:29:10,061 - INFO - 
Epoch 65/100 (4.1s):
2026-01-15 23:29:10,062 - INFO -   Train - Loss: 0.3400, Dice: 0.7284
2026-01-15 23:29:10,062 - INFO -   Val   - Loss: 0.8699, Dice: 0.6886
2026-01-15 23:29:10,062 - INFO -   Per-class Dice:
2026-01-15 23:29:10,062 - INFO -     Class 0: 0.9920
2026-01-15 23:29:10,062 - INFO -     Class 1: 0.3793
2026-01-15 23:29:10,062 - INFO -     Class 2: 0.6943
2026-01-15 23:29:12,027 - INFO -   Batch 1/2: Loss=0.3259, Dice=0.7730
2026-01-15 23:29:13,229 - INFO -   Batch 2/2: Loss=0.3591, Dice=0.6530
2026-01-15 23:29:14,167 - INFO - 
Epoch 66/100 (4.1s):
2026-01-15 23:29:14,167 - INFO -   Train - Loss: 0.3425, Dice: 0.7130
2026-01-15 23:29:14,167 - INFO -   Val   - Loss: 0.8709, Dice: 0.6951
2026-01-15 23:29:14,167 - INFO -   Per-class Dice:
2026-01-15 23:29:14,167 - INFO -     Class 0: 0.9927
2026-01-15 23:29:14,167 - INFO -     Class 1: 0.3971
2026-01-15 23:29:14,167 - INFO -     Class 2: 0.6955
2026-01-15 23:29:16,205 - INFO -   Batch 1/2: Loss=0.3321, Dice=0.7376
2026-01-15 23:29:17,374 - INFO -   Batch 2/2: Loss=0.3346, Dice=0.7366
2026-01-15 23:29:18,329 - INFO - 
Epoch 67/100 (4.2s):
2026-01-15 23:29:18,329 - INFO -   Train - Loss: 0.3334, Dice: 0.7371
2026-01-15 23:29:18,329 - INFO -   Val   - Loss: 0.8717, Dice: 0.7023
2026-01-15 23:29:18,329 - INFO -   Per-class Dice:
2026-01-15 23:29:18,329 - INFO -     Class 0: 0.9934
2026-01-15 23:29:18,329 - INFO -     Class 1: 0.4146
2026-01-15 23:29:18,329 - INFO -     Class 2: 0.6989
2026-01-15 23:29:20,431 - INFO -   Batch 1/2: Loss=0.3283, Dice=0.7380
2026-01-15 23:29:21,567 - INFO -   Batch 2/2: Loss=0.3411, Dice=0.7488
2026-01-15 23:29:22,512 - INFO - 
Epoch 68/100 (4.2s):
2026-01-15 23:29:22,512 - INFO -   Train - Loss: 0.3347, Dice: 0.7434
2026-01-15 23:29:22,512 - INFO -   Val   - Loss: 0.8708, Dice: 0.7017
2026-01-15 23:29:22,512 - INFO -   Per-class Dice:
2026-01-15 23:29:22,512 - INFO -     Class 0: 0.9931
2026-01-15 23:29:22,512 - INFO -     Class 1: 0.4087
2026-01-15 23:29:22,512 - INFO -     Class 2: 0.7032
2026-01-15 23:29:24,590 - INFO -   Batch 1/2: Loss=0.3292, Dice=0.7310
2026-01-15 23:29:25,728 - INFO -   Batch 2/2: Loss=0.3331, Dice=0.7533
2026-01-15 23:29:26,656 - INFO - 
Epoch 69/100 (4.1s):
2026-01-15 23:29:26,656 - INFO -   Train - Loss: 0.3311, Dice: 0.7422
2026-01-15 23:29:26,657 - INFO -   Val   - Loss: 0.8695, Dice: 0.6943
2026-01-15 23:29:26,657 - INFO -   Per-class Dice:
2026-01-15 23:29:26,657 - INFO -     Class 0: 0.9923
2026-01-15 23:29:26,657 - INFO -     Class 1: 0.3873
2026-01-15 23:29:26,657 - INFO -     Class 2: 0.7032
2026-01-15 23:29:28,626 - INFO -   Batch 1/2: Loss=0.3440, Dice=0.6953
2026-01-15 23:29:29,843 - INFO -   Batch 2/2: Loss=0.3108, Dice=0.7990
2026-01-15 23:29:30,790 - INFO -   Learning rate changed from 6.25e-06 to 3.13e-06
2026-01-15 23:29:30,791 - INFO - 
Epoch 70/100 (4.1s):
2026-01-15 23:29:30,791 - INFO -   Train - Loss: 0.3274, Dice: 0.7472
2026-01-15 23:29:30,791 - INFO -   Val   - Loss: 0.8696, Dice: 0.6937
2026-01-15 23:29:30,791 - INFO -   Per-class Dice:
2026-01-15 23:29:30,791 - INFO -     Class 0: 0.9924
2026-01-15 23:29:30,791 - INFO -     Class 1: 0.3853
2026-01-15 23:29:30,791 - INFO -     Class 2: 0.7033
2026-01-15 23:29:32,819 - INFO -   Batch 1/2: Loss=0.3222, Dice=0.7370
2026-01-15 23:29:34,021 - INFO -   Batch 2/2: Loss=0.3479, Dice=0.7249
2026-01-15 23:29:34,934 - INFO - 
Epoch 71/100 (4.1s):
2026-01-15 23:29:34,934 - INFO -   Train - Loss: 0.3351, Dice: 0.7309
2026-01-15 23:29:34,934 - INFO -   Val   - Loss: 0.8700, Dice: 0.6968
2026-01-15 23:29:34,934 - INFO -   Per-class Dice:
2026-01-15 23:29:34,934 - INFO -     Class 0: 0.9927
2026-01-15 23:29:34,934 - INFO -     Class 1: 0.3931
2026-01-15 23:29:34,934 - INFO -     Class 2: 0.7046
2026-01-15 23:29:36,971 - INFO -   Batch 1/2: Loss=0.3292, Dice=0.7413
2026-01-15 23:29:38,131 - INFO -   Batch 2/2: Loss=0.3330, Dice=0.7276
2026-01-15 23:29:39,083 - INFO - 
Epoch 72/100 (4.1s):
2026-01-15 23:29:39,084 - INFO -   Train - Loss: 0.3311, Dice: 0.7345
2026-01-15 23:29:39,084 - INFO -   Val   - Loss: 0.8708, Dice: 0.7008
2026-01-15 23:29:39,084 - INFO -   Per-class Dice:
2026-01-15 23:29:39,084 - INFO -     Class 0: 0.9932
2026-01-15 23:29:39,084 - INFO -     Class 1: 0.4057
2026-01-15 23:29:39,084 - INFO -     Class 2: 0.7034
2026-01-15 23:29:41,081 - INFO -   Batch 1/2: Loss=0.3438, Dice=0.6983
2026-01-15 23:29:42,259 - INFO -   Batch 2/2: Loss=0.3071, Dice=0.7942
2026-01-15 23:29:43,189 - INFO - 
Epoch 73/100 (4.1s):
2026-01-15 23:29:43,189 - INFO -   Train - Loss: 0.3255, Dice: 0.7462
2026-01-15 23:29:43,190 - INFO -   Val   - Loss: 0.8713, Dice: 0.7024
2026-01-15 23:29:43,190 - INFO -   Per-class Dice:
2026-01-15 23:29:43,190 - INFO -     Class 0: 0.9933
2026-01-15 23:29:43,190 - INFO -     Class 1: 0.4130
2026-01-15 23:29:43,190 - INFO -     Class 2: 0.7009
2026-01-15 23:29:45,207 - INFO -   Batch 1/2: Loss=0.3399, Dice=0.6935
2026-01-15 23:29:46,373 - INFO -   Batch 2/2: Loss=0.3163, Dice=0.8037
2026-01-15 23:29:47,297 - INFO - 
Epoch 74/100 (4.1s):
2026-01-15 23:29:47,297 - INFO -   Train - Loss: 0.3281, Dice: 0.7486
2026-01-15 23:29:47,297 - INFO -   Val   - Loss: 0.8713, Dice: 0.7027
2026-01-15 23:29:47,297 - INFO -   Per-class Dice:
2026-01-15 23:29:47,297 - INFO -     Class 0: 0.9933
2026-01-15 23:29:47,297 - INFO -     Class 1: 0.4140
2026-01-15 23:29:47,297 - INFO -     Class 2: 0.7006
2026-01-15 23:29:49,328 - INFO -   Batch 1/2: Loss=0.3364, Dice=0.7122
2026-01-15 23:29:50,512 - INFO -   Batch 2/2: Loss=0.3144, Dice=0.7765
2026-01-15 23:29:51,509 - INFO - 
Epoch 75/100 (4.2s):
2026-01-15 23:29:51,509 - INFO -   Train - Loss: 0.3254, Dice: 0.7443
2026-01-15 23:29:51,509 - INFO -   Val   - Loss: 0.8706, Dice: 0.6996
2026-01-15 23:29:51,509 - INFO -   Per-class Dice:
2026-01-15 23:29:51,510 - INFO -     Class 0: 0.9929
2026-01-15 23:29:51,510 - INFO -     Class 1: 0.4055
2026-01-15 23:29:51,510 - INFO -     Class 2: 0.7004
2026-01-15 23:29:53,633 - INFO -   Batch 1/2: Loss=0.3347, Dice=0.7229
2026-01-15 23:29:54,761 - INFO -   Batch 2/2: Loss=0.3160, Dice=0.7553
2026-01-15 23:29:55,693 - INFO -   Learning rate changed from 3.13e-06 to 1.56e-06
2026-01-15 23:29:55,693 - INFO - 
Epoch 76/100 (4.2s):
2026-01-15 23:29:55,693 - INFO -   Train - Loss: 0.3253, Dice: 0.7391
2026-01-15 23:29:55,693 - INFO -   Val   - Loss: 0.8701, Dice: 0.6980
2026-01-15 23:29:55,693 - INFO -   Per-class Dice:
2026-01-15 23:29:55,693 - INFO -     Class 0: 0.9926
2026-01-15 23:29:55,693 - INFO -     Class 1: 0.3998
2026-01-15 23:29:55,694 - INFO -     Class 2: 0.7017
2026-01-15 23:29:57,649 - INFO -   Batch 1/2: Loss=0.3238, Dice=0.7183
2026-01-15 23:29:58,947 - INFO -   Batch 2/2: Loss=0.3321, Dice=0.7620
2026-01-15 23:29:59,903 - INFO - 
Epoch 77/100 (4.2s):
2026-01-15 23:29:59,903 - INFO -   Train - Loss: 0.3279, Dice: 0.7402
2026-01-15 23:29:59,903 - INFO -   Val   - Loss: 0.8699, Dice: 0.6976
2026-01-15 23:29:59,903 - INFO -   Per-class Dice:
2026-01-15 23:29:59,903 - INFO -     Class 0: 0.9926
2026-01-15 23:29:59,903 - INFO -     Class 1: 0.3983
2026-01-15 23:29:59,903 - INFO -     Class 2: 0.7018
2026-01-15 23:29:59,903 - INFO - 
Early stopping triggered after 77 epochs
2026-01-15 23:29:59,905 - INFO - 
Training completed. Best validation Dice: 0.7078
2026-01-15 23:30:00,488 - INFO - 
============================================================
2026-01-15 23:30:00,488 - INFO - EVALUATION ON TEST SET
2026-01-15 23:30:00,488 - INFO - ============================================================
2026-01-15 23:30:01,584 - INFO - 
Overall Dice Score: 0.6566 ± 0.0000
2026-01-15 23:30:01,585 - INFO - 
Per-class Dice Scores:
2026-01-15 23:30:01,585 - INFO -   NO-PG : 0.9936 ± 0.0000
2026-01-15 23:30:01,585 - INFO -   PZ    : 0.2677 ± 0.0000
2026-01-15 23:30:01,585 - INFO -   TZ    : 0.7085 ± 0.0000
2026-01-15 23:30:01,585 - INFO - 
Generating prediction visualizations...
2026-01-15 23:30:03,322 - INFO - 
Training completed successfully!
2026-01-15 23:30:03,323 - INFO - Best validation Dice: 0.7078
2026-01-15 23:30:03,323 - INFO - Test Dice: 0.6566

SETUP:
dice_weight=0.75, ce_weight=0.25