2026-01-15 22:47:15,476 - INFO - Results will be saved to: exp/FUSION_batch32_epochs100_reweighted_class1
2026-01-15 22:47:15,476 - INFO - Alive
2026-01-15 22:47:15,476 - INFO - Found 80 patients
2026-01-15 22:47:15,477 - INFO - Train: 51 patients
2026-01-15 22:47:15,477 - INFO - Val: 13 patients
2026-01-15 22:47:15,477 - INFO - Test: 16 patients
2026-01-15 22:47:15,482 - INFO - 
Testing data loading...
2026-01-15 22:47:17,805 - INFO - Batch image shape: torch.Size([32, 1, 256, 256])
2026-01-15 22:47:17,805 - INFO - Batch labels shape: torch.Size([32, 3, 256, 256])
2026-01-15 22:47:18,559 - INFO - Initialized trainer on device: cuda
2026-01-15 22:47:18,559 - INFO - Model parameters: 17,261,955
2026-01-15 22:47:18,559 - INFO - Starting training for 100 epochs
2026-01-15 22:47:21,707 - INFO -   Batch 1/2: Loss=1.3764, Dice=0.2183
2026-01-15 22:47:23,318 - INFO -   Batch 2/2: Loss=1.1940, Dice=0.2620
2026-01-15 22:47:24,349 - INFO -   Saved best model with Dice: 0.2873
2026-01-15 22:47:24,349 - INFO - 
Epoch 1/100 (5.8s):
2026-01-15 22:47:24,350 - INFO -   Train - Loss: 1.2852, Dice: 0.2402
2026-01-15 22:47:24,350 - INFO -   Val   - Loss: 0.9839, Dice: 0.2873
2026-01-15 22:47:24,350 - INFO -   Per-class Dice:
2026-01-15 22:47:24,350 - INFO -     Class 0: 0.8616
2026-01-15 22:47:24,350 - INFO -     Class 1: 0.0000
2026-01-15 22:47:24,350 - INFO -     Class 2: 0.0004
2026-01-15 22:47:26,374 - INFO -   Batch 1/2: Loss=1.0587, Dice=0.2882
2026-01-15 22:47:27,522 - INFO -   Batch 2/2: Loss=1.0285, Dice=0.3084
2026-01-15 22:47:28,420 - INFO - 
Epoch 2/100 (4.1s):
2026-01-15 22:47:28,420 - INFO -   Train - Loss: 1.0436, Dice: 0.2983
2026-01-15 22:47:28,420 - INFO -   Val   - Loss: 1.0301, Dice: 0.0660
2026-01-15 22:47:28,420 - INFO -   Per-class Dice:
2026-01-15 22:47:28,420 - INFO -     Class 0: 0.1653
2026-01-15 22:47:28,420 - INFO -     Class 1: 0.0000
2026-01-15 22:47:28,420 - INFO -     Class 2: 0.0327
2026-01-15 22:47:30,399 - INFO -   Batch 1/2: Loss=0.9443, Dice=0.3356
2026-01-15 22:47:31,651 - INFO -   Batch 2/2: Loss=0.9055, Dice=0.3395
2026-01-15 22:47:32,576 - INFO - 
Epoch 3/100 (4.2s):
2026-01-15 22:47:32,576 - INFO -   Train - Loss: 0.9249, Dice: 0.3375
2026-01-15 22:47:32,576 - INFO -   Val   - Loss: 1.0529, Dice: 0.0459
2026-01-15 22:47:32,576 - INFO -   Per-class Dice:
2026-01-15 22:47:32,577 - INFO -     Class 0: 0.1044
2026-01-15 22:47:32,577 - INFO -     Class 1: 0.0000
2026-01-15 22:47:32,577 - INFO -     Class 2: 0.0332
2026-01-15 22:47:34,577 - INFO -   Batch 1/2: Loss=0.8611, Dice=0.3611
2026-01-15 22:47:35,748 - INFO -   Batch 2/2: Loss=0.8104, Dice=0.3919
2026-01-15 22:47:36,660 - INFO - 
Epoch 4/100 (4.1s):
2026-01-15 22:47:36,660 - INFO -   Train - Loss: 0.8357, Dice: 0.3765
2026-01-15 22:47:36,660 - INFO -   Val   - Loss: 1.0502, Dice: 0.0479
2026-01-15 22:47:36,660 - INFO -   Per-class Dice:
2026-01-15 22:47:36,660 - INFO -     Class 0: 0.1067
2026-01-15 22:47:36,660 - INFO -     Class 1: 0.0014
2026-01-15 22:47:36,660 - INFO -     Class 2: 0.0357
2026-01-15 22:47:38,755 - INFO -   Batch 1/2: Loss=0.7767, Dice=0.4090
2026-01-15 22:47:39,870 - INFO -   Batch 2/2: Loss=0.7614, Dice=0.4098
2026-01-15 22:47:40,787 - INFO - 
Epoch 5/100 (4.1s):
2026-01-15 22:47:40,787 - INFO -   Train - Loss: 0.7691, Dice: 0.4094
2026-01-15 22:47:40,787 - INFO -   Val   - Loss: 1.0628, Dice: 0.0350
2026-01-15 22:47:40,787 - INFO -   Per-class Dice:
2026-01-15 22:47:40,787 - INFO -     Class 0: 0.0858
2026-01-15 22:47:40,787 - INFO -     Class 1: 0.0174
2026-01-15 22:47:40,787 - INFO -     Class 2: 0.0017
2026-01-15 22:47:42,722 - INFO -   Batch 1/2: Loss=0.7255, Dice=0.4402
2026-01-15 22:47:43,936 - INFO -   Batch 2/2: Loss=0.7008, Dice=0.4670
2026-01-15 22:47:44,876 - INFO - 
Epoch 6/100 (4.1s):
2026-01-15 22:47:44,877 - INFO -   Train - Loss: 0.7132, Dice: 0.4536
2026-01-15 22:47:44,877 - INFO -   Val   - Loss: 1.0870, Dice: 0.0319
2026-01-15 22:47:44,877 - INFO -   Per-class Dice:
2026-01-15 22:47:44,877 - INFO -     Class 0: 0.0823
2026-01-15 22:47:44,877 - INFO -     Class 1: 0.0135
2026-01-15 22:47:44,877 - INFO -     Class 2: 0.0000
2026-01-15 22:47:46,903 - INFO -   Batch 1/2: Loss=0.6690, Dice=0.4875
2026-01-15 22:47:48,057 - INFO -   Batch 2/2: Loss=0.6719, Dice=0.4907
2026-01-15 22:47:48,980 - INFO -   Learning rate changed from 1.00e-04 to 5.00e-05
2026-01-15 22:47:48,980 - INFO - 
Epoch 7/100 (4.1s):
2026-01-15 22:47:48,980 - INFO -   Train - Loss: 0.6704, Dice: 0.4891
2026-01-15 22:47:48,980 - INFO -   Val   - Loss: 1.0912, Dice: 0.0365
2026-01-15 22:47:48,980 - INFO -   Per-class Dice:
2026-01-15 22:47:48,980 - INFO -     Class 0: 0.0957
2026-01-15 22:47:48,980 - INFO -     Class 1: 0.0139
2026-01-15 22:47:48,980 - INFO -     Class 2: 0.0000
2026-01-15 22:47:51,017 - INFO -   Batch 1/2: Loss=0.6450, Dice=0.5141
2026-01-15 22:47:52,179 - INFO -   Batch 2/2: Loss=0.6117, Dice=0.5540
2026-01-15 22:47:53,098 - INFO - 
Epoch 8/100 (4.1s):
2026-01-15 22:47:53,098 - INFO -   Train - Loss: 0.6284, Dice: 0.5340
2026-01-15 22:47:53,098 - INFO -   Val   - Loss: 1.0709, Dice: 0.0538
2026-01-15 22:47:53,098 - INFO -   Per-class Dice:
2026-01-15 22:47:53,098 - INFO -     Class 0: 0.1193
2026-01-15 22:47:53,098 - INFO -     Class 1: 0.0082
2026-01-15 22:47:53,098 - INFO -     Class 2: 0.0339
2026-01-15 22:47:55,122 - INFO -   Batch 1/2: Loss=0.6095, Dice=0.5577
2026-01-15 22:47:56,279 - INFO -   Batch 2/2: Loss=0.6118, Dice=0.5461
2026-01-15 22:47:57,210 - INFO - 
Epoch 9/100 (4.1s):
2026-01-15 22:47:57,210 - INFO -   Train - Loss: 0.6106, Dice: 0.5519
2026-01-15 22:47:57,210 - INFO -   Val   - Loss: 1.0726, Dice: 0.0618
2026-01-15 22:47:57,210 - INFO -   Per-class Dice:
2026-01-15 22:47:57,210 - INFO -     Class 0: 0.1520
2026-01-15 22:47:57,210 - INFO -     Class 1: 0.0000
2026-01-15 22:47:57,210 - INFO -     Class 2: 0.0333
2026-01-15 22:47:59,226 - INFO -   Batch 1/2: Loss=0.5901, Dice=0.5831
2026-01-15 22:48:00,413 - INFO -   Batch 2/2: Loss=0.5916, Dice=0.5591
2026-01-15 22:48:01,335 - INFO - 
Epoch 10/100 (4.1s):
2026-01-15 22:48:01,335 - INFO -   Train - Loss: 0.5908, Dice: 0.5711
2026-01-15 22:48:01,335 - INFO -   Val   - Loss: 1.0688, Dice: 0.0737
2026-01-15 22:48:01,335 - INFO -   Per-class Dice:
2026-01-15 22:48:01,335 - INFO -     Class 0: 0.1880
2026-01-15 22:48:01,335 - INFO -     Class 1: 0.0000
2026-01-15 22:48:01,335 - INFO -     Class 2: 0.0331
2026-01-15 22:48:03,332 - INFO -   Batch 1/2: Loss=0.5736, Dice=0.5897
2026-01-15 22:48:04,576 - INFO -   Batch 2/2: Loss=0.5609, Dice=0.6056
2026-01-15 22:48:05,508 - INFO - 
Epoch 11/100 (4.2s):
2026-01-15 22:48:05,508 - INFO -   Train - Loss: 0.5672, Dice: 0.5977
2026-01-15 22:48:05,508 - INFO -   Val   - Loss: 1.0592, Dice: 0.0834
2026-01-15 22:48:05,508 - INFO -   Per-class Dice:
2026-01-15 22:48:05,508 - INFO -     Class 0: 0.2166
2026-01-15 22:48:05,508 - INFO -     Class 1: 0.0000
2026-01-15 22:48:05,508 - INFO -     Class 2: 0.0335
2026-01-15 22:48:07,556 - INFO -   Batch 1/2: Loss=0.5610, Dice=0.6047
2026-01-15 22:48:08,745 - INFO -   Batch 2/2: Loss=0.5366, Dice=0.6428
2026-01-15 22:48:09,675 - INFO - 
Epoch 12/100 (4.2s):
2026-01-15 22:48:09,676 - INFO -   Train - Loss: 0.5488, Dice: 0.6237
2026-01-15 22:48:09,676 - INFO -   Val   - Loss: 1.0404, Dice: 0.0985
2026-01-15 22:48:09,676 - INFO -   Per-class Dice:
2026-01-15 22:48:09,676 - INFO -     Class 0: 0.2610
2026-01-15 22:48:09,676 - INFO -     Class 1: 0.0000
2026-01-15 22:48:09,676 - INFO -     Class 2: 0.0345
2026-01-15 22:48:11,719 - INFO -   Batch 1/2: Loss=0.5237, Dice=0.6525
2026-01-15 22:48:13,024 - INFO -   Batch 2/2: Loss=0.5536, Dice=0.5908
2026-01-15 22:48:14,018 - INFO -   Learning rate changed from 5.00e-05 to 2.50e-05
2026-01-15 22:48:14,018 - INFO - 
Epoch 13/100 (4.3s):
2026-01-15 22:48:14,018 - INFO -   Train - Loss: 0.5387, Dice: 0.6216
2026-01-15 22:48:14,018 - INFO -   Val   - Loss: 1.0239, Dice: 0.1229
2026-01-15 22:48:14,018 - INFO -   Per-class Dice:
2026-01-15 22:48:14,018 - INFO -     Class 0: 0.3323
2026-01-15 22:48:14,018 - INFO -     Class 1: 0.0000
2026-01-15 22:48:14,018 - INFO -     Class 2: 0.0363
2026-01-15 22:48:16,073 - INFO -   Batch 1/2: Loss=0.5241, Dice=0.6406
2026-01-15 22:48:17,345 - INFO -   Batch 2/2: Loss=0.4994, Dice=0.6577
2026-01-15 22:48:18,283 - INFO - 
Epoch 14/100 (4.3s):
2026-01-15 22:48:18,283 - INFO -   Train - Loss: 0.5118, Dice: 0.6491
2026-01-15 22:48:18,283 - INFO -   Val   - Loss: 1.0137, Dice: 0.1456
2026-01-15 22:48:18,283 - INFO -   Per-class Dice:
2026-01-15 22:48:18,283 - INFO -     Class 0: 0.3997
2026-01-15 22:48:18,283 - INFO -     Class 1: 0.0000
2026-01-15 22:48:18,283 - INFO -     Class 2: 0.0370
2026-01-15 22:48:20,420 - INFO -   Batch 1/2: Loss=0.5004, Dice=0.6475
2026-01-15 22:48:21,613 - INFO -   Batch 2/2: Loss=0.5159, Dice=0.6654
2026-01-15 22:48:22,526 - INFO - 
Epoch 15/100 (4.2s):
2026-01-15 22:48:22,527 - INFO -   Train - Loss: 0.5082, Dice: 0.6564
2026-01-15 22:48:22,527 - INFO -   Val   - Loss: 1.0121, Dice: 0.1535
2026-01-15 22:48:22,527 - INFO -   Per-class Dice:
2026-01-15 22:48:22,527 - INFO -     Class 0: 0.4227
2026-01-15 22:48:22,527 - INFO -     Class 1: 0.0000
2026-01-15 22:48:22,527 - INFO -     Class 2: 0.0379
2026-01-15 22:48:24,514 - INFO -   Batch 1/2: Loss=0.4967, Dice=0.6677
2026-01-15 22:48:25,730 - INFO -   Batch 2/2: Loss=0.4940, Dice=0.6602
2026-01-15 22:48:26,615 - INFO - 
Epoch 16/100 (4.1s):
2026-01-15 22:48:26,616 - INFO -   Train - Loss: 0.4954, Dice: 0.6639
2026-01-15 22:48:26,616 - INFO -   Val   - Loss: 1.0110, Dice: 0.1601
2026-01-15 22:48:26,616 - INFO -   Per-class Dice:
2026-01-15 22:48:26,616 - INFO -     Class 0: 0.4410
2026-01-15 22:48:26,616 - INFO -     Class 1: 0.0000
2026-01-15 22:48:26,616 - INFO -     Class 2: 0.0392
2026-01-15 22:48:28,663 - INFO -   Batch 1/2: Loss=0.4999, Dice=0.6479
2026-01-15 22:48:29,874 - INFO -   Batch 2/2: Loss=0.4691, Dice=0.7224
2026-01-15 22:48:30,811 - INFO - 
Epoch 17/100 (4.2s):
2026-01-15 22:48:30,811 - INFO -   Train - Loss: 0.4845, Dice: 0.6851
2026-01-15 22:48:30,811 - INFO -   Val   - Loss: 1.0050, Dice: 0.1771
2026-01-15 22:48:30,811 - INFO -   Per-class Dice:
2026-01-15 22:48:30,812 - INFO -     Class 0: 0.4901
2026-01-15 22:48:30,812 - INFO -     Class 1: 0.0000
2026-01-15 22:48:30,812 - INFO -     Class 2: 0.0414
2026-01-15 22:48:32,954 - INFO -   Batch 1/2: Loss=0.4736, Dice=0.6844
2026-01-15 22:48:34,120 - INFO -   Batch 2/2: Loss=0.4937, Dice=0.6736
2026-01-15 22:48:35,061 - INFO - 
Epoch 18/100 (4.2s):
2026-01-15 22:48:35,061 - INFO -   Train - Loss: 0.4836, Dice: 0.6790
2026-01-15 22:48:35,061 - INFO -   Val   - Loss: 0.9999, Dice: 0.1912
2026-01-15 22:48:35,061 - INFO -   Per-class Dice:
2026-01-15 22:48:35,061 - INFO -     Class 0: 0.5300
2026-01-15 22:48:35,061 - INFO -     Class 1: 0.0000
2026-01-15 22:48:35,061 - INFO -     Class 2: 0.0437
2026-01-15 22:48:37,220 - INFO -   Batch 1/2: Loss=0.4630, Dice=0.6780
2026-01-15 22:48:38,374 - INFO -   Batch 2/2: Loss=0.4742, Dice=0.6957
2026-01-15 22:48:39,362 - INFO -   Learning rate changed from 2.50e-05 to 1.25e-05
2026-01-15 22:48:39,362 - INFO - 
Epoch 19/100 (4.3s):
2026-01-15 22:48:39,362 - INFO -   Train - Loss: 0.4686, Dice: 0.6869
2026-01-15 22:48:39,363 - INFO -   Val   - Loss: 0.9975, Dice: 0.1985
2026-01-15 22:48:39,363 - INFO -   Per-class Dice:
2026-01-15 22:48:39,363 - INFO -     Class 0: 0.5503
2026-01-15 22:48:39,363 - INFO -     Class 1: 0.0000
2026-01-15 22:48:39,363 - INFO -     Class 2: 0.0451
2026-01-15 22:48:41,482 - INFO -   Batch 1/2: Loss=0.4682, Dice=0.6773
2026-01-15 22:48:42,609 - INFO -   Batch 2/2: Loss=0.4620, Dice=0.6909
2026-01-15 22:48:43,511 - INFO - 
Epoch 20/100 (4.1s):
2026-01-15 22:48:43,511 - INFO -   Train - Loss: 0.4651, Dice: 0.6841
2026-01-15 22:48:43,511 - INFO -   Val   - Loss: 0.9924, Dice: 0.2138
2026-01-15 22:48:43,511 - INFO -   Per-class Dice:
2026-01-15 22:48:43,511 - INFO -     Class 0: 0.5937
2026-01-15 22:48:43,511 - INFO -     Class 1: 0.0000
2026-01-15 22:48:43,511 - INFO -     Class 2: 0.0476
2026-01-15 22:48:45,585 - INFO -   Batch 1/2: Loss=0.4585, Dice=0.6776
2026-01-15 22:48:46,745 - INFO -   Batch 2/2: Loss=0.4705, Dice=0.6911
2026-01-15 22:48:47,687 - INFO - 
Epoch 21/100 (4.2s):
2026-01-15 22:48:47,687 - INFO -   Train - Loss: 0.4645, Dice: 0.6844
2026-01-15 22:48:47,687 - INFO -   Val   - Loss: 0.9895, Dice: 0.2243
2026-01-15 22:48:47,687 - INFO -   Per-class Dice:
2026-01-15 22:48:47,687 - INFO -     Class 0: 0.6232
2026-01-15 22:48:47,687 - INFO -     Class 1: 0.0000
2026-01-15 22:48:47,687 - INFO -     Class 2: 0.0497
2026-01-15 22:48:49,712 - INFO -   Batch 1/2: Loss=0.4509, Dice=0.6842
2026-01-15 22:48:50,921 - INFO -   Batch 2/2: Loss=0.4598, Dice=0.6927
2026-01-15 22:48:51,841 - INFO - 
Epoch 22/100 (4.2s):
2026-01-15 22:48:51,841 - INFO -   Train - Loss: 0.4554, Dice: 0.6885
2026-01-15 22:48:51,841 - INFO -   Val   - Loss: 0.9854, Dice: 0.2375
2026-01-15 22:48:51,842 - INFO -   Per-class Dice:
2026-01-15 22:48:51,842 - INFO -     Class 0: 0.6603
2026-01-15 22:48:51,842 - INFO -     Class 1: 0.0003
2026-01-15 22:48:51,842 - INFO -     Class 2: 0.0518
2026-01-15 22:48:53,826 - INFO -   Batch 1/2: Loss=0.4528, Dice=0.6609
2026-01-15 22:48:55,020 - INFO -   Batch 2/2: Loss=0.4359, Dice=0.7456
2026-01-15 22:48:55,887 - INFO - 
Epoch 23/100 (4.0s):
2026-01-15 22:48:55,887 - INFO -   Train - Loss: 0.4444, Dice: 0.7032
2026-01-15 22:48:55,887 - INFO -   Val   - Loss: 0.9827, Dice: 0.2466
2026-01-15 22:48:55,887 - INFO -   Per-class Dice:
2026-01-15 22:48:55,887 - INFO -     Class 0: 0.6861
2026-01-15 22:48:55,887 - INFO -     Class 1: 0.0010
2026-01-15 22:48:55,887 - INFO -     Class 2: 0.0527
2026-01-15 22:48:57,798 - INFO -   Batch 1/2: Loss=0.4604, Dice=0.6644
2026-01-15 22:48:59,035 - INFO -   Batch 2/2: Loss=0.4260, Dice=0.7496
2026-01-15 22:48:59,983 - INFO - 
Epoch 24/100 (4.1s):
2026-01-15 22:48:59,983 - INFO -   Train - Loss: 0.4432, Dice: 0.7070
2026-01-15 22:48:59,983 - INFO -   Val   - Loss: 0.9782, Dice: 0.2583
2026-01-15 22:48:59,983 - INFO -   Per-class Dice:
2026-01-15 22:48:59,983 - INFO -     Class 0: 0.7217
2026-01-15 22:48:59,983 - INFO -     Class 1: 0.0009
2026-01-15 22:48:59,983 - INFO -     Class 2: 0.0524
2026-01-15 22:49:02,023 - INFO -   Batch 1/2: Loss=0.4522, Dice=0.6680
2026-01-15 22:49:03,220 - INFO -   Batch 2/2: Loss=0.4282, Dice=0.7518
2026-01-15 22:49:04,167 - INFO - 
Epoch 25/100 (4.2s):
2026-01-15 22:49:04,167 - INFO -   Train - Loss: 0.4402, Dice: 0.7099
2026-01-15 22:49:04,167 - INFO -   Val   - Loss: 0.9732, Dice: 0.2717
2026-01-15 22:49:04,167 - INFO -   Per-class Dice:
2026-01-15 22:49:04,167 - INFO -     Class 0: 0.7643
2026-01-15 22:49:04,167 - INFO -     Class 1: 0.0025
2026-01-15 22:49:04,167 - INFO -     Class 2: 0.0485
2026-01-15 22:49:06,164 - INFO -   Batch 1/2: Loss=0.4201, Dice=0.7179
2026-01-15 22:49:07,391 - INFO -   Batch 2/2: Loss=0.4557, Dice=0.6712
2026-01-15 22:49:08,329 - INFO - 
Epoch 26/100 (4.2s):
2026-01-15 22:49:08,329 - INFO -   Train - Loss: 0.4379, Dice: 0.6946
2026-01-15 22:49:08,329 - INFO -   Val   - Loss: 0.9696, Dice: 0.2808
2026-01-15 22:49:08,329 - INFO -   Per-class Dice:
2026-01-15 22:49:08,329 - INFO -     Class 0: 0.7986
2026-01-15 22:49:08,329 - INFO -     Class 1: 0.0047
2026-01-15 22:49:08,329 - INFO -     Class 2: 0.0392
2026-01-15 22:49:10,458 - INFO -   Batch 1/2: Loss=0.4250, Dice=0.6981
2026-01-15 22:49:11,640 - INFO -   Batch 2/2: Loss=0.4394, Dice=0.7079
2026-01-15 22:49:12,567 - INFO - 
Epoch 27/100 (4.2s):
2026-01-15 22:49:12,571 - INFO -   Train - Loss: 0.4322, Dice: 0.7030
2026-01-15 22:49:12,571 - INFO -   Val   - Loss: 0.9665, Dice: 0.2865
2026-01-15 22:49:12,571 - INFO -   Per-class Dice:
2026-01-15 22:49:12,571 - INFO -     Class 0: 0.8230
2026-01-15 22:49:12,571 - INFO -     Class 1: 0.0069
2026-01-15 22:49:12,571 - INFO -     Class 2: 0.0297
2026-01-15 22:49:14,594 - INFO -   Batch 1/2: Loss=0.4125, Dice=0.7362
2026-01-15 22:49:15,801 - INFO -   Batch 2/2: Loss=0.4415, Dice=0.6551
2026-01-15 22:49:16,888 - INFO -   Saved best model with Dice: 0.2925
2026-01-15 22:49:16,888 - INFO - 
Epoch 28/100 (4.3s):
2026-01-15 22:49:16,888 - INFO -   Train - Loss: 0.4270, Dice: 0.6956
2026-01-15 22:49:16,888 - INFO -   Val   - Loss: 0.9630, Dice: 0.2925
2026-01-15 22:49:16,888 - INFO -   Per-class Dice:
2026-01-15 22:49:16,888 - INFO -     Class 0: 0.8461
2026-01-15 22:49:16,888 - INFO -     Class 1: 0.0096
2026-01-15 22:49:16,888 - INFO -     Class 2: 0.0219
2026-01-15 22:49:18,881 - INFO -   Batch 1/2: Loss=0.4312, Dice=0.7183
2026-01-15 22:49:20,092 - INFO -   Batch 2/2: Loss=0.4203, Dice=0.6940
2026-01-15 22:49:21,177 - INFO -   Saved best model with Dice: 0.2998
2026-01-15 22:49:21,178 - INFO - 
Epoch 29/100 (4.3s):
2026-01-15 22:49:21,178 - INFO -   Train - Loss: 0.4257, Dice: 0.7062
2026-01-15 22:49:21,178 - INFO -   Val   - Loss: 0.9574, Dice: 0.2998
2026-01-15 22:49:21,178 - INFO -   Per-class Dice:
2026-01-15 22:49:21,178 - INFO -     Class 0: 0.8727
2026-01-15 22:49:21,178 - INFO -     Class 1: 0.0133
2026-01-15 22:49:21,178 - INFO -     Class 2: 0.0135
2026-01-15 22:49:23,200 - INFO -   Batch 1/2: Loss=0.4372, Dice=0.6871
2026-01-15 22:49:24,429 - INFO -   Batch 2/2: Loss=0.3803, Dice=0.7467
2026-01-15 22:49:25,526 - INFO -   Saved best model with Dice: 0.3073
2026-01-15 22:49:25,527 - INFO - 
Epoch 30/100 (4.3s):
2026-01-15 22:49:25,527 - INFO -   Train - Loss: 0.4088, Dice: 0.7169
2026-01-15 22:49:25,527 - INFO -   Val   - Loss: 0.9502, Dice: 0.3073
2026-01-15 22:49:25,527 - INFO -   Per-class Dice:
2026-01-15 22:49:25,527 - INFO -     Class 0: 0.9018
2026-01-15 22:49:25,527 - INFO -     Class 1: 0.0133
2026-01-15 22:49:25,527 - INFO -     Class 2: 0.0068
2026-01-15 22:49:27,567 - INFO -   Batch 1/2: Loss=0.4080, Dice=0.7054
2026-01-15 22:49:28,724 - INFO -   Batch 2/2: Loss=0.4383, Dice=0.7183
2026-01-15 22:49:29,795 - INFO -   Saved best model with Dice: 0.3118
2026-01-15 22:49:29,795 - INFO - 
Epoch 31/100 (4.3s):
2026-01-15 22:49:29,795 - INFO -   Train - Loss: 0.4231, Dice: 0.7118
2026-01-15 22:49:29,795 - INFO -   Val   - Loss: 0.9434, Dice: 0.3118
2026-01-15 22:49:29,795 - INFO -   Per-class Dice:
2026-01-15 22:49:29,795 - INFO -     Class 0: 0.9261
2026-01-15 22:49:29,795 - INFO -     Class 1: 0.0054
2026-01-15 22:49:29,795 - INFO -     Class 2: 0.0039
2026-01-15 22:49:31,869 - INFO -   Batch 1/2: Loss=0.4042, Dice=0.7147
2026-01-15 22:49:32,979 - INFO -   Batch 2/2: Loss=0.4118, Dice=0.7064
2026-01-15 22:49:34,077 - INFO -   Saved best model with Dice: 0.3181
2026-01-15 22:49:34,077 - INFO - 
Epoch 32/100 (4.3s):
2026-01-15 22:49:34,077 - INFO -   Train - Loss: 0.4080, Dice: 0.7105
2026-01-15 22:49:34,077 - INFO -   Val   - Loss: 0.9373, Dice: 0.3181
2026-01-15 22:49:34,077 - INFO -   Per-class Dice:
2026-01-15 22:49:34,077 - INFO -     Class 0: 0.9471
2026-01-15 22:49:34,077 - INFO -     Class 1: 0.0041
2026-01-15 22:49:34,077 - INFO -     Class 2: 0.0032
2026-01-15 22:49:36,096 - INFO -   Batch 1/2: Loss=0.4112, Dice=0.7106
2026-01-15 22:49:37,249 - INFO -   Batch 2/2: Loss=0.4056, Dice=0.7076
2026-01-15 22:49:38,320 - INFO -   Saved best model with Dice: 0.3232
2026-01-15 22:49:38,320 - INFO - 
Epoch 33/100 (4.2s):
2026-01-15 22:49:38,321 - INFO -   Train - Loss: 0.4084, Dice: 0.7091
2026-01-15 22:49:38,321 - INFO -   Val   - Loss: 0.9324, Dice: 0.3232
2026-01-15 22:49:38,321 - INFO -   Per-class Dice:
2026-01-15 22:49:38,321 - INFO -     Class 0: 0.9606
2026-01-15 22:49:38,321 - INFO -     Class 1: 0.0034
2026-01-15 22:49:38,321 - INFO -     Class 2: 0.0056
2026-01-15 22:49:40,336 - INFO -   Batch 1/2: Loss=0.4019, Dice=0.7131
2026-01-15 22:49:41,493 - INFO -   Batch 2/2: Loss=0.3976, Dice=0.7171
2026-01-15 22:49:42,654 - INFO -   Saved best model with Dice: 0.3312
2026-01-15 22:49:42,654 - INFO - 
Epoch 34/100 (4.3s):
2026-01-15 22:49:42,654 - INFO -   Train - Loss: 0.3998, Dice: 0.7151
2026-01-15 22:49:42,654 - INFO -   Val   - Loss: 0.9271, Dice: 0.3312
2026-01-15 22:49:42,654 - INFO -   Per-class Dice:
2026-01-15 22:49:42,654 - INFO -     Class 0: 0.9746
2026-01-15 22:49:42,654 - INFO -     Class 1: 0.0050
2026-01-15 22:49:42,655 - INFO -     Class 2: 0.0142
2026-01-15 22:49:44,660 - INFO -   Batch 1/2: Loss=0.3816, Dice=0.7359
2026-01-15 22:49:45,841 - INFO -   Batch 2/2: Loss=0.4243, Dice=0.6815
2026-01-15 22:49:46,895 - INFO -   Saved best model with Dice: 0.3512
2026-01-15 22:49:46,895 - INFO - 
Epoch 35/100 (4.2s):
2026-01-15 22:49:46,895 - INFO -   Train - Loss: 0.4029, Dice: 0.7087
2026-01-15 22:49:46,895 - INFO -   Val   - Loss: 0.9209, Dice: 0.3512
2026-01-15 22:49:46,895 - INFO -   Per-class Dice:
2026-01-15 22:49:46,895 - INFO -     Class 0: 0.9835
2026-01-15 22:49:46,895 - INFO -     Class 1: 0.0050
2026-01-15 22:49:46,895 - INFO -     Class 2: 0.0653
2026-01-15 22:49:48,922 - INFO -   Batch 1/2: Loss=0.3968, Dice=0.6993
2026-01-15 22:49:50,113 - INFO -   Batch 2/2: Loss=0.3882, Dice=0.7481
2026-01-15 22:49:51,192 - INFO -   Saved best model with Dice: 0.3859
2026-01-15 22:49:51,192 - INFO - 
Epoch 36/100 (4.3s):
2026-01-15 22:49:51,192 - INFO -   Train - Loss: 0.3925, Dice: 0.7237
2026-01-15 22:49:51,192 - INFO -   Val   - Loss: 0.9146, Dice: 0.3859
2026-01-15 22:49:51,192 - INFO -   Per-class Dice:
2026-01-15 22:49:51,192 - INFO -     Class 0: 0.9866
2026-01-15 22:49:51,192 - INFO -     Class 1: 0.0135
2026-01-15 22:49:51,192 - INFO -     Class 2: 0.1576
2026-01-15 22:49:53,229 - INFO -   Batch 1/2: Loss=0.3772, Dice=0.7284
2026-01-15 22:49:54,396 - INFO -   Batch 2/2: Loss=0.4144, Dice=0.6966
2026-01-15 22:49:55,477 - INFO -   Saved best model with Dice: 0.4276
2026-01-15 22:49:55,477 - INFO - 
Epoch 37/100 (4.3s):
2026-01-15 22:49:55,477 - INFO -   Train - Loss: 0.3958, Dice: 0.7125
2026-01-15 22:49:55,477 - INFO -   Val   - Loss: 0.9078, Dice: 0.4276
2026-01-15 22:49:55,477 - INFO -   Per-class Dice:
2026-01-15 22:49:55,477 - INFO -     Class 0: 0.9879
2026-01-15 22:49:55,477 - INFO -     Class 1: 0.0248
2026-01-15 22:49:55,477 - INFO -     Class 2: 0.2699
2026-01-15 22:49:57,464 - INFO -   Batch 1/2: Loss=0.3951, Dice=0.7179
2026-01-15 22:49:58,652 - INFO -   Batch 2/2: Loss=0.3920, Dice=0.7227
2026-01-15 22:49:59,738 - INFO -   Saved best model with Dice: 0.4668
2026-01-15 22:49:59,738 - INFO - 
Epoch 38/100 (4.3s):
2026-01-15 22:49:59,738 - INFO -   Train - Loss: 0.3935, Dice: 0.7203
2026-01-15 22:49:59,738 - INFO -   Val   - Loss: 0.9017, Dice: 0.4668
2026-01-15 22:49:59,738 - INFO -   Per-class Dice:
2026-01-15 22:49:59,738 - INFO -     Class 0: 0.9886
2026-01-15 22:49:59,738 - INFO -     Class 1: 0.0576
2026-01-15 22:49:59,739 - INFO -     Class 2: 0.3542
2026-01-15 22:50:01,799 - INFO -   Batch 1/2: Loss=0.3849, Dice=0.7032
2026-01-15 22:50:02,955 - INFO -   Batch 2/2: Loss=0.3743, Dice=0.7450
2026-01-15 22:50:04,037 - INFO -   Saved best model with Dice: 0.5049
2026-01-15 22:50:04,037 - INFO - 
Epoch 39/100 (4.3s):
2026-01-15 22:50:04,037 - INFO -   Train - Loss: 0.3796, Dice: 0.7241
2026-01-15 22:50:04,037 - INFO -   Val   - Loss: 0.8955, Dice: 0.5049
2026-01-15 22:50:04,037 - INFO -   Per-class Dice:
2026-01-15 22:50:04,037 - INFO -     Class 0: 0.9891
2026-01-15 22:50:04,037 - INFO -     Class 1: 0.1114
2026-01-15 22:50:04,037 - INFO -     Class 2: 0.4142
2026-01-15 22:50:06,049 - INFO -   Batch 1/2: Loss=0.3683, Dice=0.7269
2026-01-15 22:50:07,188 - INFO -   Batch 2/2: Loss=0.3944, Dice=0.7098
2026-01-15 22:50:08,254 - INFO -   Saved best model with Dice: 0.5422
2026-01-15 22:50:08,254 - INFO - 
Epoch 40/100 (4.2s):
2026-01-15 22:50:08,254 - INFO -   Train - Loss: 0.3814, Dice: 0.7183
2026-01-15 22:50:08,254 - INFO -   Val   - Loss: 0.8901, Dice: 0.5422
2026-01-15 22:50:08,254 - INFO -   Per-class Dice:
2026-01-15 22:50:08,254 - INFO -     Class 0: 0.9896
2026-01-15 22:50:08,254 - INFO -     Class 1: 0.1649
2026-01-15 22:50:08,254 - INFO -     Class 2: 0.4722
2026-01-15 22:50:10,255 - INFO -   Batch 1/2: Loss=0.3776, Dice=0.7188
2026-01-15 22:50:11,425 - INFO -   Batch 2/2: Loss=0.3737, Dice=0.7248
2026-01-15 22:50:12,479 - INFO -   Saved best model with Dice: 0.5766
2026-01-15 22:50:12,479 - INFO - 
Epoch 41/100 (4.2s):
2026-01-15 22:50:12,479 - INFO -   Train - Loss: 0.3757, Dice: 0.7218
2026-01-15 22:50:12,479 - INFO -   Val   - Loss: 0.8846, Dice: 0.5766
2026-01-15 22:50:12,479 - INFO -   Per-class Dice:
2026-01-15 22:50:12,479 - INFO -     Class 0: 0.9903
2026-01-15 22:50:12,479 - INFO -     Class 1: 0.2107
2026-01-15 22:50:12,479 - INFO -     Class 2: 0.5290
2026-01-15 22:50:14,487 - INFO -   Batch 1/2: Loss=0.3793, Dice=0.7287
2026-01-15 22:50:15,740 - INFO -   Batch 2/2: Loss=0.3782, Dice=0.6965
2026-01-15 22:50:16,819 - INFO -   Saved best model with Dice: 0.6041
2026-01-15 22:50:16,820 - INFO - 
Epoch 42/100 (4.3s):
2026-01-15 22:50:16,820 - INFO -   Train - Loss: 0.3788, Dice: 0.7126
2026-01-15 22:50:16,820 - INFO -   Val   - Loss: 0.8795, Dice: 0.6041
2026-01-15 22:50:16,820 - INFO -   Per-class Dice:
2026-01-15 22:50:16,820 - INFO -     Class 0: 0.9908
2026-01-15 22:50:16,820 - INFO -     Class 1: 0.2468
2026-01-15 22:50:16,820 - INFO -     Class 2: 0.5747
2026-01-15 22:50:18,878 - INFO -   Batch 1/2: Loss=0.3691, Dice=0.7343
2026-01-15 22:50:20,048 - INFO -   Batch 2/2: Loss=0.3844, Dice=0.6925
2026-01-15 22:50:21,156 - INFO -   Saved best model with Dice: 0.6176
2026-01-15 22:50:21,156 - INFO - 
Epoch 43/100 (4.3s):
2026-01-15 22:50:21,156 - INFO -   Train - Loss: 0.3768, Dice: 0.7134
2026-01-15 22:50:21,156 - INFO -   Val   - Loss: 0.8769, Dice: 0.6176
2026-01-15 22:50:21,156 - INFO -   Per-class Dice:
2026-01-15 22:50:21,156 - INFO -     Class 0: 0.9911
2026-01-15 22:50:21,156 - INFO -     Class 1: 0.2701
2026-01-15 22:50:21,156 - INFO -     Class 2: 0.5917
2026-01-15 22:50:23,171 - INFO -   Batch 1/2: Loss=0.3630, Dice=0.7568
2026-01-15 22:50:24,392 - INFO -   Batch 2/2: Loss=0.3791, Dice=0.6691
2026-01-15 22:50:25,454 - INFO -   Saved best model with Dice: 0.6306
2026-01-15 22:50:25,454 - INFO - 
Epoch 44/100 (4.3s):
2026-01-15 22:50:25,455 - INFO -   Train - Loss: 0.3711, Dice: 0.7130
2026-01-15 22:50:25,455 - INFO -   Val   - Loss: 0.8737, Dice: 0.6306
2026-01-15 22:50:25,455 - INFO -   Per-class Dice:
2026-01-15 22:50:25,455 - INFO -     Class 0: 0.9913
2026-01-15 22:50:25,455 - INFO -     Class 1: 0.2819
2026-01-15 22:50:25,455 - INFO -     Class 2: 0.6185
2026-01-15 22:50:27,520 - INFO -   Batch 1/2: Loss=0.3618, Dice=0.7407
2026-01-15 22:50:28,668 - INFO -   Batch 2/2: Loss=0.3719, Dice=0.6969
2026-01-15 22:50:29,749 - INFO -   Saved best model with Dice: 0.6397
2026-01-15 22:50:29,749 - INFO - 
Epoch 45/100 (4.3s):
2026-01-15 22:50:29,749 - INFO -   Train - Loss: 0.3669, Dice: 0.7188
2026-01-15 22:50:29,749 - INFO -   Val   - Loss: 0.8703, Dice: 0.6397
2026-01-15 22:50:29,750 - INFO -   Per-class Dice:
2026-01-15 22:50:29,750 - INFO -     Class 0: 0.9913
2026-01-15 22:50:29,750 - INFO -     Class 1: 0.2944
2026-01-15 22:50:29,750 - INFO -     Class 2: 0.6334
2026-01-15 22:50:31,809 - INFO -   Batch 1/2: Loss=0.3488, Dice=0.7365
2026-01-15 22:50:32,943 - INFO -   Batch 2/2: Loss=0.3849, Dice=0.7037
2026-01-15 22:50:34,029 - INFO -   Saved best model with Dice: 0.6525
2026-01-15 22:50:34,029 - INFO - 
Epoch 46/100 (4.3s):
2026-01-15 22:50:34,029 - INFO -   Train - Loss: 0.3668, Dice: 0.7201
2026-01-15 22:50:34,029 - INFO -   Val   - Loss: 0.8665, Dice: 0.6525
2026-01-15 22:50:34,029 - INFO -   Per-class Dice:
2026-01-15 22:50:34,029 - INFO -     Class 0: 0.9913
2026-01-15 22:50:34,029 - INFO -     Class 1: 0.3284
2026-01-15 22:50:34,029 - INFO -     Class 2: 0.6380
2026-01-15 22:50:36,079 - INFO -   Batch 1/2: Loss=0.3610, Dice=0.7323
2026-01-15 22:50:37,264 - INFO -   Batch 2/2: Loss=0.3547, Dice=0.7113
2026-01-15 22:50:38,317 - INFO -   Saved best model with Dice: 0.6589
2026-01-15 22:50:38,317 - INFO - 
Epoch 47/100 (4.3s):
2026-01-15 22:50:38,317 - INFO -   Train - Loss: 0.3578, Dice: 0.7218
2026-01-15 22:50:38,317 - INFO -   Val   - Loss: 0.8654, Dice: 0.6589
2026-01-15 22:50:38,318 - INFO -   Per-class Dice:
2026-01-15 22:50:38,318 - INFO -     Class 0: 0.9915
2026-01-15 22:50:38,318 - INFO -     Class 1: 0.3415
2026-01-15 22:50:38,318 - INFO -     Class 2: 0.6436
2026-01-15 22:50:40,419 - INFO -   Batch 1/2: Loss=0.3634, Dice=0.6999
2026-01-15 22:50:41,567 - INFO -   Batch 2/2: Loss=0.3627, Dice=0.7599
2026-01-15 22:50:42,670 - INFO -   Saved best model with Dice: 0.6628
2026-01-15 22:50:42,670 - INFO - 
Epoch 48/100 (4.4s):
2026-01-15 22:50:42,670 - INFO -   Train - Loss: 0.3630, Dice: 0.7299
2026-01-15 22:50:42,670 - INFO -   Val   - Loss: 0.8644, Dice: 0.6628
2026-01-15 22:50:42,670 - INFO -   Per-class Dice:
2026-01-15 22:50:42,670 - INFO -     Class 0: 0.9916
2026-01-15 22:50:42,670 - INFO -     Class 1: 0.3481
2026-01-15 22:50:42,670 - INFO -     Class 2: 0.6487
2026-01-15 22:50:44,638 - INFO -   Batch 1/2: Loss=0.3573, Dice=0.7024
2026-01-15 22:50:45,895 - INFO -   Batch 2/2: Loss=0.3533, Dice=0.7567
2026-01-15 22:50:47,016 - INFO -   Saved best model with Dice: 0.6670
2026-01-15 22:50:47,016 - INFO - 
Epoch 49/100 (4.3s):
2026-01-15 22:50:47,016 - INFO -   Train - Loss: 0.3553, Dice: 0.7296
2026-01-15 22:50:47,016 - INFO -   Val   - Loss: 0.8635, Dice: 0.6670
2026-01-15 22:50:47,016 - INFO -   Per-class Dice:
2026-01-15 22:50:47,016 - INFO -     Class 0: 0.9918
2026-01-15 22:50:47,016 - INFO -     Class 1: 0.3500
2026-01-15 22:50:47,016 - INFO -     Class 2: 0.6593
2026-01-15 22:50:49,122 - INFO -   Batch 1/2: Loss=0.3402, Dice=0.7545
2026-01-15 22:50:50,286 - INFO -   Batch 2/2: Loss=0.3697, Dice=0.6778
2026-01-15 22:50:51,367 - INFO -   Saved best model with Dice: 0.6720
2026-01-15 22:50:51,367 - INFO - 
Epoch 50/100 (4.4s):
2026-01-15 22:50:51,367 - INFO -   Train - Loss: 0.3549, Dice: 0.7161
2026-01-15 22:50:51,367 - INFO -   Val   - Loss: 0.8625, Dice: 0.6720
2026-01-15 22:50:51,367 - INFO -   Per-class Dice:
2026-01-15 22:50:51,367 - INFO -     Class 0: 0.9919
2026-01-15 22:50:51,367 - INFO -     Class 1: 0.3661
2026-01-15 22:50:51,367 - INFO -     Class 2: 0.6581
2026-01-15 22:50:53,394 - INFO -   Batch 1/2: Loss=0.3528, Dice=0.7028
2026-01-15 22:50:54,609 - INFO -   Batch 2/2: Loss=0.3550, Dice=0.7662
2026-01-15 22:50:55,545 - INFO - 
Epoch 51/100 (4.2s):
2026-01-15 22:50:55,545 - INFO -   Train - Loss: 0.3539, Dice: 0.7345
2026-01-15 22:50:55,545 - INFO -   Val   - Loss: 0.8615, Dice: 0.6682
2026-01-15 22:50:55,545 - INFO -   Per-class Dice:
2026-01-15 22:50:55,545 - INFO -     Class 0: 0.9912
2026-01-15 22:50:55,545 - INFO -     Class 1: 0.3718
2026-01-15 22:50:55,545 - INFO -     Class 2: 0.6416
2026-01-15 22:50:57,708 - INFO -   Batch 1/2: Loss=0.3380, Dice=0.7575
2026-01-15 22:50:58,879 - INFO -   Batch 2/2: Loss=0.3697, Dice=0.6662
2026-01-15 22:50:59,803 - INFO - 
Epoch 52/100 (4.3s):
2026-01-15 22:50:59,803 - INFO -   Train - Loss: 0.3538, Dice: 0.7119
2026-01-15 22:50:59,803 - INFO -   Val   - Loss: 0.8597, Dice: 0.6659
2026-01-15 22:50:59,803 - INFO -   Per-class Dice:
2026-01-15 22:50:59,803 - INFO -     Class 0: 0.9906
2026-01-15 22:50:59,803 - INFO -     Class 1: 0.3649
2026-01-15 22:50:59,803 - INFO -     Class 2: 0.6421
2026-01-15 22:51:01,876 - INFO -   Batch 1/2: Loss=0.3379, Dice=0.7407
2026-01-15 22:51:03,031 - INFO -   Batch 2/2: Loss=0.3597, Dice=0.7009
2026-01-15 22:51:04,107 - INFO -   Saved best model with Dice: 0.6761
2026-01-15 22:51:04,107 - INFO - 
Epoch 53/100 (4.3s):
2026-01-15 22:51:04,108 - INFO -   Train - Loss: 0.3488, Dice: 0.7208
2026-01-15 22:51:04,108 - INFO -   Val   - Loss: 0.8617, Dice: 0.6761
2026-01-15 22:51:04,108 - INFO -   Per-class Dice:
2026-01-15 22:51:04,108 - INFO -     Class 0: 0.9921
2026-01-15 22:51:04,108 - INFO -     Class 1: 0.3745
2026-01-15 22:51:04,108 - INFO -     Class 2: 0.6617
2026-01-15 22:51:06,100 - INFO -   Batch 1/2: Loss=0.3448, Dice=0.7169
2026-01-15 22:51:07,334 - INFO -   Batch 2/2: Loss=0.3361, Dice=0.7525
2026-01-15 22:51:08,408 - INFO -   Saved best model with Dice: 0.6777
2026-01-15 22:51:08,409 - INFO - 
Epoch 54/100 (4.3s):
2026-01-15 22:51:08,409 - INFO -   Train - Loss: 0.3404, Dice: 0.7347
2026-01-15 22:51:08,409 - INFO -   Val   - Loss: 0.8627, Dice: 0.6777
2026-01-15 22:51:08,409 - INFO -   Per-class Dice:
2026-01-15 22:51:08,409 - INFO -     Class 0: 0.9926
2026-01-15 22:51:08,409 - INFO -     Class 1: 0.3777
2026-01-15 22:51:08,409 - INFO -     Class 2: 0.6628
2026-01-15 22:51:10,478 - INFO -   Batch 1/2: Loss=0.3325, Dice=0.7355
2026-01-15 22:51:11,633 - INFO -   Batch 2/2: Loss=0.3481, Dice=0.7269
2026-01-15 22:51:12,559 - INFO - 
Epoch 55/100 (4.2s):
2026-01-15 22:51:12,559 - INFO -   Train - Loss: 0.3403, Dice: 0.7312
2026-01-15 22:51:12,559 - INFO -   Val   - Loss: 0.8596, Dice: 0.6713
2026-01-15 22:51:12,559 - INFO -   Per-class Dice:
2026-01-15 22:51:12,559 - INFO -     Class 0: 0.9912
2026-01-15 22:51:12,560 - INFO -     Class 1: 0.3747
2026-01-15 22:51:12,560 - INFO -     Class 2: 0.6481
2026-01-15 22:51:14,626 - INFO -   Batch 1/2: Loss=0.3280, Dice=0.7591
2026-01-15 22:51:15,787 - INFO -   Batch 2/2: Loss=0.3570, Dice=0.6675
2026-01-15 22:51:16,696 - INFO - 
Epoch 56/100 (4.1s):
2026-01-15 22:51:16,696 - INFO -   Train - Loss: 0.3425, Dice: 0.7133
2026-01-15 22:51:16,696 - INFO -   Val   - Loss: 0.8586, Dice: 0.6635
2026-01-15 22:51:16,696 - INFO -   Per-class Dice:
2026-01-15 22:51:16,696 - INFO -     Class 0: 0.9902
2026-01-15 22:51:16,696 - INFO -     Class 1: 0.3681
2026-01-15 22:51:16,696 - INFO -     Class 2: 0.6322
2026-01-15 22:51:18,737 - INFO -   Batch 1/2: Loss=0.3394, Dice=0.7421
2026-01-15 22:51:19,896 - INFO -   Batch 2/2: Loss=0.3457, Dice=0.6930
2026-01-15 22:51:20,812 - INFO - 
Epoch 57/100 (4.1s):
2026-01-15 22:51:20,812 - INFO -   Train - Loss: 0.3426, Dice: 0.7176
2026-01-15 22:51:20,812 - INFO -   Val   - Loss: 0.8609, Dice: 0.6729
2026-01-15 22:51:20,812 - INFO -   Per-class Dice:
2026-01-15 22:51:20,812 - INFO -     Class 0: 0.9916
2026-01-15 22:51:20,812 - INFO -     Class 1: 0.3801
2026-01-15 22:51:20,812 - INFO -     Class 2: 0.6468
2026-01-15 22:51:22,858 - INFO -   Batch 1/2: Loss=0.3330, Dice=0.7441
2026-01-15 22:51:24,097 - INFO -   Batch 2/2: Loss=0.3523, Dice=0.6989
2026-01-15 22:51:25,042 - INFO - 
Epoch 58/100 (4.2s):
2026-01-15 22:51:25,042 - INFO -   Train - Loss: 0.3427, Dice: 0.7215
2026-01-15 22:51:25,042 - INFO -   Val   - Loss: 0.8620, Dice: 0.6755
2026-01-15 22:51:25,042 - INFO -   Per-class Dice:
2026-01-15 22:51:25,042 - INFO -     Class 0: 0.9922
2026-01-15 22:51:25,042 - INFO -     Class 1: 0.3787
2026-01-15 22:51:25,042 - INFO -     Class 2: 0.6556
2026-01-15 22:51:27,079 - INFO -   Batch 1/2: Loss=0.3303, Dice=0.7434
2026-01-15 22:51:28,237 - INFO -   Batch 2/2: Loss=0.3421, Dice=0.7179
2026-01-15 22:51:29,168 - INFO - 
Epoch 59/100 (4.1s):
2026-01-15 22:51:29,168 - INFO -   Train - Loss: 0.3362, Dice: 0.7307
2026-01-15 22:51:29,168 - INFO -   Val   - Loss: 0.8586, Dice: 0.6762
2026-01-15 22:51:29,168 - INFO -   Per-class Dice:
2026-01-15 22:51:29,168 - INFO -     Class 0: 0.9914
2026-01-15 22:51:29,168 - INFO -     Class 1: 0.3813
2026-01-15 22:51:29,168 - INFO -     Class 2: 0.6557
2026-01-15 22:51:31,243 - INFO -   Batch 1/2: Loss=0.3237, Dice=0.7385
2026-01-15 22:51:32,403 - INFO -   Batch 2/2: Loss=0.3434, Dice=0.7010
2026-01-15 22:51:33,323 - INFO - 
Epoch 60/100 (4.2s):
2026-01-15 22:51:33,323 - INFO -   Train - Loss: 0.3335, Dice: 0.7197
2026-01-15 22:51:33,323 - INFO -   Val   - Loss: 0.8570, Dice: 0.6752
2026-01-15 22:51:33,323 - INFO -   Per-class Dice:
2026-01-15 22:51:33,323 - INFO -     Class 0: 0.9910
2026-01-15 22:51:33,323 - INFO -     Class 1: 0.3748
2026-01-15 22:51:33,323 - INFO -     Class 2: 0.6599
2026-01-15 22:51:35,349 - INFO -   Batch 1/2: Loss=0.3391, Dice=0.7142
2026-01-15 22:51:36,551 - INFO -   Batch 2/2: Loss=0.3080, Dice=0.7451
2026-01-15 22:51:37,656 - INFO -   Saved best model with Dice: 0.6819
2026-01-15 22:51:37,656 - INFO - 
Epoch 61/100 (4.3s):
2026-01-15 22:51:37,656 - INFO -   Train - Loss: 0.3236, Dice: 0.7297
2026-01-15 22:51:37,656 - INFO -   Val   - Loss: 0.8586, Dice: 0.6819
2026-01-15 22:51:37,656 - INFO -   Per-class Dice:
2026-01-15 22:51:37,656 - INFO -     Class 0: 0.9920
2026-01-15 22:51:37,656 - INFO -     Class 1: 0.3845
2026-01-15 22:51:37,656 - INFO -     Class 2: 0.6693
2026-01-15 22:51:39,663 - INFO -   Batch 1/2: Loss=0.3297, Dice=0.7307
2026-01-15 22:51:40,880 - INFO -   Batch 2/2: Loss=0.3286, Dice=0.7326
2026-01-15 22:51:41,816 - INFO - 
Epoch 62/100 (4.2s):
2026-01-15 22:51:41,816 - INFO -   Train - Loss: 0.3292, Dice: 0.7316
2026-01-15 22:51:41,816 - INFO -   Val   - Loss: 0.8606, Dice: 0.6788
2026-01-15 22:51:41,816 - INFO -   Per-class Dice:
2026-01-15 22:51:41,816 - INFO -     Class 0: 0.9924
2026-01-15 22:51:41,816 - INFO -     Class 1: 0.3738
2026-01-15 22:51:41,816 - INFO -     Class 2: 0.6703
2026-01-15 22:51:43,854 - INFO -   Batch 1/2: Loss=0.3247, Dice=0.7198
2026-01-15 22:51:45,056 - INFO -   Batch 2/2: Loss=0.3424, Dice=0.7667
2026-01-15 22:51:46,000 - INFO - 
Epoch 63/100 (4.2s):
2026-01-15 22:51:46,000 - INFO -   Train - Loss: 0.3335, Dice: 0.7432
2026-01-15 22:51:46,000 - INFO -   Val   - Loss: 0.8576, Dice: 0.6616
2026-01-15 22:51:46,000 - INFO -   Per-class Dice:
2026-01-15 22:51:46,000 - INFO -     Class 0: 0.9898
2026-01-15 22:51:46,000 - INFO -     Class 1: 0.3649
2026-01-15 22:51:46,000 - INFO -     Class 2: 0.6303
2026-01-15 22:51:48,062 - INFO -   Batch 1/2: Loss=0.3332, Dice=0.7060
2026-01-15 22:51:49,246 - INFO -   Batch 2/2: Loss=0.3120, Dice=0.7580
2026-01-15 22:51:50,164 - INFO - 
Epoch 64/100 (4.2s):
2026-01-15 22:51:50,164 - INFO -   Train - Loss: 0.3226, Dice: 0.7320
2026-01-15 22:51:50,164 - INFO -   Val   - Loss: 0.8566, Dice: 0.6512
2026-01-15 22:51:50,164 - INFO -   Per-class Dice:
2026-01-15 22:51:50,164 - INFO -     Class 0: 0.9884
2026-01-15 22:51:50,164 - INFO -     Class 1: 0.3472
2026-01-15 22:51:50,164 - INFO -     Class 2: 0.6181
2026-01-15 22:51:52,148 - INFO -   Batch 1/2: Loss=0.3169, Dice=0.7372
2026-01-15 22:51:53,363 - INFO -   Batch 2/2: Loss=0.3371, Dice=0.6924
2026-01-15 22:51:54,363 - INFO - 
Epoch 65/100 (4.2s):
2026-01-15 22:51:54,363 - INFO -   Train - Loss: 0.3270, Dice: 0.7148
2026-01-15 22:51:54,363 - INFO -   Val   - Loss: 0.8576, Dice: 0.6797
2026-01-15 22:51:54,364 - INFO -   Per-class Dice:
2026-01-15 22:51:54,364 - INFO -     Class 0: 0.9915
2026-01-15 22:51:54,364 - INFO -     Class 1: 0.3792
2026-01-15 22:51:54,364 - INFO -     Class 2: 0.6684
2026-01-15 22:51:56,408 - INFO -   Batch 1/2: Loss=0.3097, Dice=0.7548
2026-01-15 22:51:57,610 - INFO -   Batch 2/2: Loss=0.3376, Dice=0.6742
2026-01-15 22:51:58,661 - INFO -   Saved best model with Dice: 0.6897
2026-01-15 22:51:58,661 - INFO - 
Epoch 66/100 (4.3s):
2026-01-15 22:51:58,661 - INFO -   Train - Loss: 0.3237, Dice: 0.7145
2026-01-15 22:51:58,661 - INFO -   Val   - Loss: 0.8597, Dice: 0.6897
2026-01-15 22:51:58,661 - INFO -   Per-class Dice:
2026-01-15 22:51:58,661 - INFO -     Class 0: 0.9930
2026-01-15 22:51:58,661 - INFO -     Class 1: 0.3889
2026-01-15 22:51:58,661 - INFO -     Class 2: 0.6873
2026-01-15 22:52:00,704 - INFO -   Batch 1/2: Loss=0.3189, Dice=0.7067
2026-01-15 22:52:01,875 - INFO -   Batch 2/2: Loss=0.3259, Dice=0.7792
2026-01-15 22:52:02,816 - INFO - 
Epoch 67/100 (4.2s):
2026-01-15 22:52:02,816 - INFO -   Train - Loss: 0.3224, Dice: 0.7429
2026-01-15 22:52:02,816 - INFO -   Val   - Loss: 0.8583, Dice: 0.6820
2026-01-15 22:52:02,816 - INFO -   Per-class Dice:
2026-01-15 22:52:02,816 - INFO -     Class 0: 0.9919
2026-01-15 22:52:02,816 - INFO -     Class 1: 0.3908
2026-01-15 22:52:02,816 - INFO -     Class 2: 0.6634
2026-01-15 22:52:04,885 - INFO -   Batch 1/2: Loss=0.3174, Dice=0.7497
2026-01-15 22:52:06,043 - INFO -   Batch 2/2: Loss=0.3236, Dice=0.7047
2026-01-15 22:52:06,976 - INFO - 
Epoch 68/100 (4.2s):
2026-01-15 22:52:06,976 - INFO -   Train - Loss: 0.3205, Dice: 0.7272
2026-01-15 22:52:06,976 - INFO -   Val   - Loss: 0.8572, Dice: 0.6772
2026-01-15 22:52:06,976 - INFO -   Per-class Dice:
2026-01-15 22:52:06,976 - INFO -     Class 0: 0.9913
2026-01-15 22:52:06,976 - INFO -     Class 1: 0.3794
2026-01-15 22:52:06,976 - INFO -     Class 2: 0.6610
2026-01-15 22:52:09,060 - INFO -   Batch 1/2: Loss=0.3264, Dice=0.7159
2026-01-15 22:52:10,250 - INFO -   Batch 2/2: Loss=0.3117, Dice=0.7562
2026-01-15 22:52:11,208 - INFO - 
Epoch 69/100 (4.2s):
2026-01-15 22:52:11,208 - INFO -   Train - Loss: 0.3190, Dice: 0.7360
2026-01-15 22:52:11,208 - INFO -   Val   - Loss: 0.8589, Dice: 0.6850
2026-01-15 22:52:11,208 - INFO -   Per-class Dice:
2026-01-15 22:52:11,208 - INFO -     Class 0: 0.9925
2026-01-15 22:52:11,208 - INFO -     Class 1: 0.3804
2026-01-15 22:52:11,208 - INFO -     Class 2: 0.6822
2026-01-15 22:52:13,215 - INFO -   Batch 1/2: Loss=0.3218, Dice=0.7518
2026-01-15 22:52:14,436 - INFO -   Batch 2/2: Loss=0.3134, Dice=0.6934
2026-01-15 22:52:15,378 - INFO -   Learning rate changed from 1.25e-05 to 6.25e-06
2026-01-15 22:52:15,378 - INFO - 
Epoch 70/100 (4.2s):
2026-01-15 22:52:15,378 - INFO -   Train - Loss: 0.3176, Dice: 0.7226
2026-01-15 22:52:15,378 - INFO -   Val   - Loss: 0.8599, Dice: 0.6825
2026-01-15 22:52:15,378 - INFO -   Per-class Dice:
2026-01-15 22:52:15,378 - INFO -     Class 0: 0.9925
2026-01-15 22:52:15,378 - INFO -     Class 1: 0.3826
2026-01-15 22:52:15,378 - INFO -     Class 2: 0.6722
2026-01-15 22:52:17,366 - INFO -   Batch 1/2: Loss=0.3231, Dice=0.7256
2026-01-15 22:52:18,582 - INFO -   Batch 2/2: Loss=0.2987, Dice=0.7383
2026-01-15 22:52:19,515 - INFO - 
Epoch 71/100 (4.1s):
2026-01-15 22:52:19,516 - INFO -   Train - Loss: 0.3109, Dice: 0.7319
2026-01-15 22:52:19,516 - INFO -   Val   - Loss: 0.8585, Dice: 0.6795
2026-01-15 22:52:19,516 - INFO -   Per-class Dice:
2026-01-15 22:52:19,516 - INFO -     Class 0: 0.9918
2026-01-15 22:52:19,516 - INFO -     Class 1: 0.3834
2026-01-15 22:52:19,516 - INFO -     Class 2: 0.6633
2026-01-15 22:52:21,534 - INFO -   Batch 1/2: Loss=0.3086, Dice=0.7435
2026-01-15 22:52:22,715 - INFO -   Batch 2/2: Loss=0.3216, Dice=0.7042
2026-01-15 22:52:23,661 - INFO - 
Epoch 72/100 (4.1s):
2026-01-15 22:52:23,661 - INFO -   Train - Loss: 0.3151, Dice: 0.7238
2026-01-15 22:52:23,661 - INFO -   Val   - Loss: 0.8575, Dice: 0.6760
2026-01-15 22:52:23,662 - INFO -   Per-class Dice:
2026-01-15 22:52:23,662 - INFO -     Class 0: 0.9913
2026-01-15 22:52:23,662 - INFO -     Class 1: 0.3758
2026-01-15 22:52:23,662 - INFO -     Class 2: 0.6610
2026-01-15 22:52:25,628 - INFO -   Batch 1/2: Loss=0.3118, Dice=0.7264
2026-01-15 22:52:26,936 - INFO -   Batch 2/2: Loss=0.3164, Dice=0.7292
2026-01-15 22:52:27,877 - INFO - 
Epoch 73/100 (4.2s):
2026-01-15 22:52:27,877 - INFO -   Train - Loss: 0.3141, Dice: 0.7278
2026-01-15 22:52:27,877 - INFO -   Val   - Loss: 0.8575, Dice: 0.6790
2026-01-15 22:52:27,877 - INFO -   Per-class Dice:
2026-01-15 22:52:27,877 - INFO -     Class 0: 0.9915
2026-01-15 22:52:27,877 - INFO -     Class 1: 0.3755
2026-01-15 22:52:27,877 - INFO -     Class 2: 0.6700
2026-01-15 22:52:29,918 - INFO -   Batch 1/2: Loss=0.3190, Dice=0.7059
2026-01-15 22:52:31,141 - INFO -   Batch 2/2: Loss=0.2981, Dice=0.7705
2026-01-15 22:52:32,061 - INFO - 
Epoch 74/100 (4.2s):
2026-01-15 22:52:32,061 - INFO -   Train - Loss: 0.3086, Dice: 0.7382
2026-01-15 22:52:32,061 - INFO -   Val   - Loss: 0.8580, Dice: 0.6875
2026-01-15 22:52:32,061 - INFO -   Per-class Dice:
2026-01-15 22:52:32,061 - INFO -     Class 0: 0.9923
2026-01-15 22:52:32,061 - INFO -     Class 1: 0.3859
2026-01-15 22:52:32,061 - INFO -     Class 2: 0.6844
2026-01-15 22:52:34,120 - INFO -   Batch 1/2: Loss=0.3177, Dice=0.7133
2026-01-15 22:52:35,267 - INFO -   Batch 2/2: Loss=0.2985, Dice=0.7671
2026-01-15 22:52:36,195 - INFO - 
Epoch 75/100 (4.1s):
2026-01-15 22:52:36,195 - INFO -   Train - Loss: 0.3081, Dice: 0.7402
2026-01-15 22:52:36,195 - INFO -   Val   - Loss: 0.8584, Dice: 0.6868
2026-01-15 22:52:36,195 - INFO -   Per-class Dice:
2026-01-15 22:52:36,195 - INFO -     Class 0: 0.9924
2026-01-15 22:52:36,195 - INFO -     Class 1: 0.3876
2026-01-15 22:52:36,195 - INFO -     Class 2: 0.6804
2026-01-15 22:52:38,228 - INFO -   Batch 1/2: Loss=0.3021, Dice=0.7392
2026-01-15 22:52:39,395 - INFO -   Batch 2/2: Loss=0.3228, Dice=0.7247
2026-01-15 22:52:40,339 - INFO -   Learning rate changed from 6.25e-06 to 3.13e-06
2026-01-15 22:52:40,339 - INFO - 
Epoch 76/100 (4.1s):
2026-01-15 22:52:40,339 - INFO -   Train - Loss: 0.3125, Dice: 0.7320
2026-01-15 22:52:40,339 - INFO -   Val   - Loss: 0.8577, Dice: 0.6839
2026-01-15 22:52:40,339 - INFO -   Per-class Dice:
2026-01-15 22:52:40,339 - INFO -     Class 0: 0.9919
2026-01-15 22:52:40,339 - INFO -     Class 1: 0.3856
2026-01-15 22:52:40,339 - INFO -     Class 2: 0.6743
2026-01-15 22:52:42,400 - INFO -   Batch 1/2: Loss=0.2985, Dice=0.7450
2026-01-15 22:52:43,543 - INFO -   Batch 2/2: Loss=0.3272, Dice=0.7016
2026-01-15 22:52:44,486 - INFO - 
Epoch 77/100 (4.1s):
2026-01-15 22:52:44,487 - INFO -   Train - Loss: 0.3128, Dice: 0.7233
2026-01-15 22:52:44,487 - INFO -   Val   - Loss: 0.8578, Dice: 0.6829
2026-01-15 22:52:44,487 - INFO -   Per-class Dice:
2026-01-15 22:52:44,487 - INFO -     Class 0: 0.9919
2026-01-15 22:52:44,487 - INFO -     Class 1: 0.3826
2026-01-15 22:52:44,487 - INFO -     Class 2: 0.6742
2026-01-15 22:52:46,576 - INFO -   Batch 1/2: Loss=0.3051, Dice=0.7322
2026-01-15 22:52:47,770 - INFO -   Batch 2/2: Loss=0.3317, Dice=0.7222
2026-01-15 22:52:48,709 - INFO - 
Epoch 78/100 (4.2s):
2026-01-15 22:52:48,709 - INFO -   Train - Loss: 0.3184, Dice: 0.7272
2026-01-15 22:52:48,709 - INFO -   Val   - Loss: 0.8584, Dice: 0.6819
2026-01-15 22:52:48,709 - INFO -   Per-class Dice:
2026-01-15 22:52:48,709 - INFO -     Class 0: 0.9920
2026-01-15 22:52:48,709 - INFO -     Class 1: 0.3794
2026-01-15 22:52:48,709 - INFO -     Class 2: 0.6743
2026-01-15 22:52:50,790 - INFO -   Batch 1/2: Loss=0.3133, Dice=0.6969
2026-01-15 22:52:51,925 - INFO -   Batch 2/2: Loss=0.3025, Dice=0.7806
2026-01-15 22:52:52,864 - INFO - 
Epoch 79/100 (4.2s):
2026-01-15 22:52:52,865 - INFO -   Train - Loss: 0.3079, Dice: 0.7387
2026-01-15 22:52:52,865 - INFO -   Val   - Loss: 0.8593, Dice: 0.6834
2026-01-15 22:52:52,865 - INFO -   Per-class Dice:
2026-01-15 22:52:52,865 - INFO -     Class 0: 0.9924
2026-01-15 22:52:52,865 - INFO -     Class 1: 0.3776
2026-01-15 22:52:52,865 - INFO -     Class 2: 0.6801
2026-01-15 22:52:54,845 - INFO -   Batch 1/2: Loss=0.3000, Dice=0.7533
2026-01-15 22:52:56,067 - INFO -   Batch 2/2: Loss=0.3272, Dice=0.6841
2026-01-15 22:52:56,996 - INFO - 
Epoch 80/100 (4.1s):
2026-01-15 22:52:56,996 - INFO -   Train - Loss: 0.3136, Dice: 0.7187
2026-01-15 22:52:56,997 - INFO -   Val   - Loss: 0.8596, Dice: 0.6846
2026-01-15 22:52:56,997 - INFO -   Per-class Dice:
2026-01-15 22:52:56,997 - INFO -     Class 0: 0.9926
2026-01-15 22:52:56,997 - INFO -     Class 1: 0.3795
2026-01-15 22:52:56,997 - INFO -     Class 2: 0.6816
2026-01-15 22:52:59,021 - INFO -   Batch 1/2: Loss=0.3194, Dice=0.7075
2026-01-15 22:53:00,293 - INFO -   Batch 2/2: Loss=0.2905, Dice=0.7663
2026-01-15 22:53:01,240 - INFO - 
Epoch 81/100 (4.2s):
2026-01-15 22:53:01,240 - INFO -   Train - Loss: 0.3050, Dice: 0.7369
2026-01-15 22:53:01,240 - INFO -   Val   - Loss: 0.8597, Dice: 0.6854
2026-01-15 22:53:01,240 - INFO -   Per-class Dice:
2026-01-15 22:53:01,240 - INFO -     Class 0: 0.9927
2026-01-15 22:53:01,240 - INFO -     Class 1: 0.3812
2026-01-15 22:53:01,240 - INFO -     Class 2: 0.6823
2026-01-15 22:53:03,279 - INFO -   Batch 1/2: Loss=0.3116, Dice=0.7118
2026-01-15 22:53:04,461 - INFO -   Batch 2/2: Loss=0.3037, Dice=0.7574
2026-01-15 22:53:05,395 - INFO -   Learning rate changed from 3.13e-06 to 1.56e-06
2026-01-15 22:53:05,395 - INFO - 
Epoch 82/100 (4.2s):
2026-01-15 22:53:05,395 - INFO -   Train - Loss: 0.3076, Dice: 0.7346
2026-01-15 22:53:05,395 - INFO -   Val   - Loss: 0.8588, Dice: 0.6866
2026-01-15 22:53:05,395 - INFO -   Per-class Dice:
2026-01-15 22:53:05,395 - INFO -     Class 0: 0.9926
2026-01-15 22:53:05,395 - INFO -     Class 1: 0.3834
2026-01-15 22:53:05,395 - INFO -     Class 2: 0.6837
2026-01-15 22:53:07,405 - INFO -   Batch 1/2: Loss=0.3042, Dice=0.7373
2026-01-15 22:53:08,608 - INFO -   Batch 2/2: Loss=0.3153, Dice=0.7266
2026-01-15 22:53:09,535 - INFO - 
Epoch 83/100 (4.1s):
2026-01-15 22:53:09,535 - INFO -   Train - Loss: 0.3097, Dice: 0.7320
2026-01-15 22:53:09,535 - INFO -   Val   - Loss: 0.8582, Dice: 0.6873
2026-01-15 22:53:09,535 - INFO -   Per-class Dice:
2026-01-15 22:53:09,535 - INFO -     Class 0: 0.9924
2026-01-15 22:53:09,535 - INFO -     Class 1: 0.3843
2026-01-15 22:53:09,535 - INFO -     Class 2: 0.6852
2026-01-15 22:53:11,593 - INFO -   Batch 1/2: Loss=0.2995, Dice=0.7330
2026-01-15 22:53:12,759 - INFO -   Batch 2/2: Loss=0.3185, Dice=0.7290
2026-01-15 22:53:13,683 - INFO - 
Epoch 84/100 (4.1s):
2026-01-15 22:53:13,683 - INFO -   Train - Loss: 0.3090, Dice: 0.7310
2026-01-15 22:53:13,683 - INFO -   Val   - Loss: 0.8578, Dice: 0.6874
2026-01-15 22:53:13,683 - INFO -   Per-class Dice:
2026-01-15 22:53:13,683 - INFO -     Class 0: 0.9924
2026-01-15 22:53:13,683 - INFO -     Class 1: 0.3844
2026-01-15 22:53:13,683 - INFO -     Class 2: 0.6853
2026-01-15 22:53:15,701 - INFO -   Batch 1/2: Loss=0.3146, Dice=0.6867
2026-01-15 22:53:16,967 - INFO -   Batch 2/2: Loss=0.2907, Dice=0.7936
2026-01-15 22:53:17,920 - INFO - 
Epoch 85/100 (4.2s):
2026-01-15 22:53:17,920 - INFO -   Train - Loss: 0.3026, Dice: 0.7402
2026-01-15 22:53:17,921 - INFO -   Val   - Loss: 0.8576, Dice: 0.6877
2026-01-15 22:53:17,921 - INFO -   Per-class Dice:
2026-01-15 22:53:17,921 - INFO -     Class 0: 0.9923
2026-01-15 22:53:17,921 - INFO -     Class 1: 0.3853
2026-01-15 22:53:17,921 - INFO -     Class 2: 0.6855
2026-01-15 22:53:19,959 - INFO -   Batch 1/2: Loss=0.3055, Dice=0.7363
2026-01-15 22:53:21,187 - INFO -   Batch 2/2: Loss=0.3086, Dice=0.7172
2026-01-15 22:53:22,131 - INFO - 
Epoch 86/100 (4.2s):
2026-01-15 22:53:22,131 - INFO -   Train - Loss: 0.3071, Dice: 0.7268
2026-01-15 22:53:22,131 - INFO -   Val   - Loss: 0.8575, Dice: 0.6871
2026-01-15 22:53:22,131 - INFO -   Per-class Dice:
2026-01-15 22:53:22,131 - INFO -     Class 0: 0.9922
2026-01-15 22:53:22,132 - INFO -     Class 1: 0.3857
2026-01-15 22:53:22,132 - INFO -     Class 2: 0.6835
2026-01-15 22:53:24,068 - INFO -   Batch 1/2: Loss=0.3121, Dice=0.7478
2026-01-15 22:53:25,363 - INFO -   Batch 2/2: Loss=0.3318, Dice=0.6881
2026-01-15 22:53:26,283 - INFO - 
Epoch 87/100 (4.2s):
2026-01-15 22:53:26,283 - INFO -   Train - Loss: 0.3219, Dice: 0.7179
2026-01-15 22:53:26,283 - INFO -   Val   - Loss: 0.8577, Dice: 0.6870
2026-01-15 22:53:26,283 - INFO -   Per-class Dice:
2026-01-15 22:53:26,283 - INFO -     Class 0: 0.9923
2026-01-15 22:53:26,283 - INFO -     Class 1: 0.3877
2026-01-15 22:53:26,283 - INFO -     Class 2: 0.6811
2026-01-15 22:53:28,349 - INFO -   Batch 1/2: Loss=0.2966, Dice=0.7771
2026-01-15 22:53:29,519 - INFO -   Batch 2/2: Loss=0.3370, Dice=0.6429
2026-01-15 22:53:30,429 - INFO -   Learning rate changed from 1.56e-06 to 7.81e-07
2026-01-15 22:53:30,429 - INFO - 
Epoch 88/100 (4.1s):
2026-01-15 22:53:30,429 - INFO -   Train - Loss: 0.3168, Dice: 0.7100
2026-01-15 22:53:30,429 - INFO -   Val   - Loss: 0.8582, Dice: 0.6867
2026-01-15 22:53:30,429 - INFO -   Per-class Dice:
2026-01-15 22:53:30,429 - INFO -     Class 0: 0.9924
2026-01-15 22:53:30,429 - INFO -     Class 1: 0.3858
2026-01-15 22:53:30,429 - INFO -     Class 2: 0.6820
2026-01-15 22:53:32,522 - INFO -   Batch 1/2: Loss=0.2904, Dice=0.7687
2026-01-15 22:53:33,742 - INFO -   Batch 2/2: Loss=0.3361, Dice=0.6595
2026-01-15 22:53:34,666 - INFO - 
Epoch 89/100 (4.2s):
2026-01-15 22:53:34,666 - INFO -   Train - Loss: 0.3132, Dice: 0.7141
2026-01-15 22:53:34,666 - INFO -   Val   - Loss: 0.8584, Dice: 0.6872
2026-01-15 22:53:34,666 - INFO -   Per-class Dice:
2026-01-15 22:53:34,666 - INFO -     Class 0: 0.9925
2026-01-15 22:53:34,666 - INFO -     Class 1: 0.3850
2026-01-15 22:53:34,667 - INFO -     Class 2: 0.6840
2026-01-15 22:53:36,741 - INFO -   Batch 1/2: Loss=0.2947, Dice=0.7509
2026-01-15 22:53:37,925 - INFO -   Batch 2/2: Loss=0.3292, Dice=0.6915
2026-01-15 22:53:38,850 - INFO - 
Epoch 90/100 (4.2s):
2026-01-15 22:53:38,851 - INFO -   Train - Loss: 0.3120, Dice: 0.7212
2026-01-15 22:53:38,851 - INFO -   Val   - Loss: 0.8586, Dice: 0.6861
2026-01-15 22:53:38,851 - INFO -   Per-class Dice:
2026-01-15 22:53:38,851 - INFO -     Class 0: 0.9925
2026-01-15 22:53:38,851 - INFO -     Class 1: 0.3831
2026-01-15 22:53:38,851 - INFO -     Class 2: 0.6828
2026-01-15 22:53:40,912 - INFO -   Batch 1/2: Loss=0.3074, Dice=0.7257
2026-01-15 22:53:42,103 - INFO -   Batch 2/2: Loss=0.3035, Dice=0.7370
2026-01-15 22:53:43,054 - INFO - 
Epoch 91/100 (4.2s):
2026-01-15 22:53:43,054 - INFO -   Train - Loss: 0.3055, Dice: 0.7313
2026-01-15 22:53:43,054 - INFO -   Val   - Loss: 0.8587, Dice: 0.6861
2026-01-15 22:53:43,054 - INFO -   Per-class Dice:
2026-01-15 22:53:43,054 - INFO -     Class 0: 0.9925
2026-01-15 22:53:43,054 - INFO -     Class 1: 0.3824
2026-01-15 22:53:43,055 - INFO -     Class 2: 0.6835
2026-01-15 22:53:45,080 - INFO -   Batch 1/2: Loss=0.3086, Dice=0.7064
2026-01-15 22:53:46,251 - INFO -   Batch 2/2: Loss=0.3061, Dice=0.7701
2026-01-15 22:53:47,178 - INFO - 
Epoch 92/100 (4.1s):
2026-01-15 22:53:47,178 - INFO -   Train - Loss: 0.3073, Dice: 0.7383
2026-01-15 22:53:47,178 - INFO -   Val   - Loss: 0.8586, Dice: 0.6852
2026-01-15 22:53:47,178 - INFO -   Per-class Dice:
2026-01-15 22:53:47,178 - INFO -     Class 0: 0.9924
2026-01-15 22:53:47,178 - INFO -     Class 1: 0.3821
2026-01-15 22:53:47,178 - INFO -     Class 2: 0.6812
2026-01-15 22:53:49,180 - INFO -   Batch 1/2: Loss=0.3147, Dice=0.7192
2026-01-15 22:53:50,373 - INFO -   Batch 2/2: Loss=0.2918, Dice=0.7546
2026-01-15 22:53:51,311 - INFO - 
Epoch 93/100 (4.1s):
2026-01-15 22:53:51,311 - INFO -   Train - Loss: 0.3033, Dice: 0.7369
2026-01-15 22:53:51,311 - INFO -   Val   - Loss: 0.8584, Dice: 0.6855
2026-01-15 22:53:51,311 - INFO -   Per-class Dice:
2026-01-15 22:53:51,311 - INFO -     Class 0: 0.9924
2026-01-15 22:53:51,311 - INFO -     Class 1: 0.3823
2026-01-15 22:53:51,311 - INFO -     Class 2: 0.6818
2026-01-15 22:53:53,358 - INFO -   Batch 1/2: Loss=0.3000, Dice=0.7274
2026-01-15 22:53:54,556 - INFO -   Batch 2/2: Loss=0.3154, Dice=0.7362
2026-01-15 22:53:55,492 - INFO -   Learning rate changed from 7.81e-07 to 3.91e-07
2026-01-15 22:53:55,492 - INFO - 
Epoch 94/100 (4.2s):
2026-01-15 22:53:55,492 - INFO -   Train - Loss: 0.3077, Dice: 0.7318
2026-01-15 22:53:55,492 - INFO -   Val   - Loss: 0.8582, Dice: 0.6849
2026-01-15 22:53:55,492 - INFO -   Per-class Dice:
2026-01-15 22:53:55,492 - INFO -     Class 0: 0.9922
2026-01-15 22:53:55,492 - INFO -     Class 1: 0.3823
2026-01-15 22:53:55,492 - INFO -     Class 2: 0.6801
2026-01-15 22:53:57,593 - INFO -   Batch 1/2: Loss=0.2983, Dice=0.7483
2026-01-15 22:53:58,712 - INFO -   Batch 2/2: Loss=0.3220, Dice=0.7051
2026-01-15 22:53:59,650 - INFO - 
Epoch 95/100 (4.2s):
2026-01-15 22:53:59,650 - INFO -   Train - Loss: 0.3102, Dice: 0.7267
2026-01-15 22:53:59,650 - INFO -   Val   - Loss: 0.8581, Dice: 0.6857
2026-01-15 22:53:59,650 - INFO -   Per-class Dice:
2026-01-15 22:53:59,650 - INFO -     Class 0: 0.9923
2026-01-15 22:53:59,650 - INFO -     Class 1: 0.3825
2026-01-15 22:53:59,650 - INFO -     Class 2: 0.6823
2026-01-15 22:54:01,750 - INFO -   Batch 1/2: Loss=0.3009, Dice=0.7461
2026-01-15 22:54:02,873 - INFO -   Batch 2/2: Loss=0.3162, Dice=0.7077
2026-01-15 22:54:03,783 - INFO - 
Epoch 96/100 (4.1s):
2026-01-15 22:54:03,783 - INFO -   Train - Loss: 0.3086, Dice: 0.7269
2026-01-15 22:54:03,783 - INFO -   Val   - Loss: 0.8581, Dice: 0.6858
2026-01-15 22:54:03,783 - INFO -   Per-class Dice:
2026-01-15 22:54:03,783 - INFO -     Class 0: 0.9923
2026-01-15 22:54:03,783 - INFO -     Class 1: 0.3821
2026-01-15 22:54:03,783 - INFO -     Class 2: 0.6831
2026-01-15 22:54:03,783 - INFO - 
Early stopping triggered after 96 epochs
2026-01-15 22:54:03,785 - INFO - 
Training completed. Best validation Dice: 0.6897
2026-01-15 22:54:04,386 - INFO - 
============================================================
2026-01-15 22:54:04,386 - INFO - EVALUATION ON TEST SET
2026-01-15 22:54:04,386 - INFO - ============================================================
2026-01-15 22:54:05,542 - INFO - 
Overall Dice Score: 0.6456 ± 0.0000
2026-01-15 22:54:05,542 - INFO - 
Per-class Dice Scores:
2026-01-15 22:54:05,542 - INFO -   NO-PG : 0.9926 ± 0.0000
2026-01-15 22:54:05,543 - INFO -   PZ    : 0.3011 ± 0.0000
2026-01-15 22:54:05,543 - INFO -   TZ    : 0.6431 ± 0.0000
2026-01-15 22:54:05,543 - INFO - 
Generating prediction visualizations...
2026-01-15 22:54:07,266 - INFO - 
Training completed successfully!
2026-01-15 22:54:07,266 - INFO - Best validation Dice: 0.6897
2026-01-15 22:54:07,266 - INFO - Test Dice: 0.6456

SETUP:
cross_entropy_weights=[0.1,5,1]