2026-01-15 23:49:06,466 - INFO - Results will be saved to: exp/STAPLE_100_epochs_DICE50_CE50
2026-01-15 23:49:06,466 - INFO - Alive
2026-01-15 23:49:06,466 - INFO - Found 80 patients
2026-01-15 23:49:06,467 - INFO - Train: 51 patients
2026-01-15 23:49:06,467 - INFO - Val: 13 patients
2026-01-15 23:49:06,467 - INFO - Test: 16 patients
2026-01-15 23:49:06,471 - INFO - 
Testing data loading...
2026-01-15 23:49:08,975 - INFO - Batch image shape: torch.Size([32, 1, 256, 256])
2026-01-15 23:49:08,975 - INFO - Batch labels shape: torch.Size([32, 3, 256, 256])
2026-01-15 23:49:09,744 - INFO - Initialized trainer on device: cuda
2026-01-15 23:49:09,744 - INFO - Model parameters: 17,261,955
2026-01-15 23:49:09,744 - INFO - Starting training for 100 epochs
2026-01-15 23:49:13,005 - INFO -   Batch 1/2: Loss=2.9181, Dice=0.1165
2026-01-15 23:49:14,716 - INFO -   Batch 2/2: Loss=2.6580, Dice=0.1401
2026-01-15 23:49:15,849 - INFO -   Saved best model with Dice: 0.0846
2026-01-15 23:49:15,849 - INFO - 
Epoch 1/100 (6.1s):
2026-01-15 23:49:15,849 - INFO -   Train - Loss: 2.7880, Dice: 0.1283
2026-01-15 23:49:15,849 - INFO -   Val   - Loss: 1.0418, Dice: 0.0846
2026-01-15 23:49:15,849 - INFO -   Per-class Dice:
2026-01-15 23:49:15,849 - INFO -     Class 0: 0.2483
2026-01-15 23:49:15,849 - INFO -     Class 1: 0.0055
2026-01-15 23:49:15,849 - INFO -     Class 2: 0.0000
2026-01-15 23:49:18,113 - INFO -   Batch 1/2: Loss=2.2793, Dice=0.1665
2026-01-15 23:49:19,341 - INFO -   Batch 2/2: Loss=2.0409, Dice=0.2227
2026-01-15 23:49:20,299 - INFO - 
Epoch 2/100 (4.4s):
2026-01-15 23:49:20,299 - INFO -   Train - Loss: 2.1601, Dice: 0.1946
2026-01-15 23:49:20,299 - INFO -   Val   - Loss: 1.0830, Dice: 0.0737
2026-01-15 23:49:20,299 - INFO -   Per-class Dice:
2026-01-15 23:49:20,299 - INFO -     Class 0: 0.2154
2026-01-15 23:49:20,299 - INFO -     Class 1: 0.0058
2026-01-15 23:49:20,299 - INFO -     Class 2: 0.0000
2026-01-15 23:49:22,430 - INFO -   Batch 1/2: Loss=1.8781, Dice=0.2283
2026-01-15 23:49:23,828 - INFO -   Batch 2/2: Loss=1.7088, Dice=0.2555
2026-01-15 23:49:24,837 - INFO - 
Epoch 3/100 (4.5s):
2026-01-15 23:49:24,837 - INFO -   Train - Loss: 1.7935, Dice: 0.2419
2026-01-15 23:49:24,837 - INFO -   Val   - Loss: 1.1785, Dice: 0.0261
2026-01-15 23:49:24,837 - INFO -   Per-class Dice:
2026-01-15 23:49:24,837 - INFO -     Class 0: 0.0730
2026-01-15 23:49:24,837 - INFO -     Class 1: 0.0053
2026-01-15 23:49:24,837 - INFO -     Class 2: 0.0000
2026-01-15 23:49:26,986 - INFO -   Batch 1/2: Loss=1.5983, Dice=0.2591
2026-01-15 23:49:28,253 - INFO -   Batch 2/2: Loss=1.4606, Dice=0.2982
2026-01-15 23:49:29,253 - INFO - 
Epoch 4/100 (4.4s):
2026-01-15 23:49:29,253 - INFO -   Train - Loss: 1.5294, Dice: 0.2787
2026-01-15 23:49:29,253 - INFO -   Val   - Loss: 1.1856, Dice: 0.0240
2026-01-15 23:49:29,253 - INFO -   Per-class Dice:
2026-01-15 23:49:29,253 - INFO -     Class 0: 0.0667
2026-01-15 23:49:29,253 - INFO -     Class 1: 0.0053
2026-01-15 23:49:29,253 - INFO -     Class 2: 0.0000
2026-01-15 23:49:31,461 - INFO -   Batch 1/2: Loss=1.3505, Dice=0.3093
2026-01-15 23:49:32,746 - INFO -   Batch 2/2: Loss=1.2759, Dice=0.3246
2026-01-15 23:49:33,759 - INFO - 
Epoch 5/100 (4.5s):
2026-01-15 23:49:33,759 - INFO -   Train - Loss: 1.3132, Dice: 0.3169
2026-01-15 23:49:33,760 - INFO -   Val   - Loss: 1.1398, Dice: 0.0321
2026-01-15 23:49:33,760 - INFO -   Per-class Dice:
2026-01-15 23:49:33,760 - INFO -     Class 0: 0.0770
2026-01-15 23:49:33,760 - INFO -     Class 1: 0.0060
2026-01-15 23:49:33,760 - INFO -     Class 2: 0.0134
2026-01-15 23:49:35,967 - INFO -   Batch 1/2: Loss=1.1601, Dice=0.3571
2026-01-15 23:49:37,198 - INFO -   Batch 2/2: Loss=1.0387, Dice=0.3897
2026-01-15 23:49:38,220 - INFO - 
Epoch 6/100 (4.5s):
2026-01-15 23:49:38,220 - INFO -   Train - Loss: 1.0994, Dice: 0.3734
2026-01-15 23:49:38,220 - INFO -   Val   - Loss: 1.1137, Dice: 0.0457
2026-01-15 23:49:38,220 - INFO -   Per-class Dice:
2026-01-15 23:49:38,220 - INFO -     Class 0: 0.0836
2026-01-15 23:49:38,220 - INFO -     Class 1: 0.0017
2026-01-15 23:49:38,220 - INFO -     Class 2: 0.0517
2026-01-15 23:49:40,430 - INFO -   Batch 1/2: Loss=0.9617, Dice=0.4160
2026-01-15 23:49:41,681 - INFO -   Batch 2/2: Loss=0.9264, Dice=0.4183
2026-01-15 23:49:42,702 - INFO -   Learning rate changed from 1.00e-04 to 5.00e-05
2026-01-15 23:49:42,703 - INFO - 
Epoch 7/100 (4.5s):
2026-01-15 23:49:42,703 - INFO -   Train - Loss: 0.9440, Dice: 0.4172
2026-01-15 23:49:42,703 - INFO -   Val   - Loss: 1.1066, Dice: 0.0479
2026-01-15 23:49:42,703 - INFO -   Per-class Dice:
2026-01-15 23:49:42,703 - INFO -     Class 0: 0.0971
2026-01-15 23:49:42,703 - INFO -     Class 1: 0.0032
2026-01-15 23:49:42,703 - INFO -     Class 2: 0.0434
2026-01-15 23:49:44,915 - INFO -   Batch 1/2: Loss=0.8094, Dice=0.4743
2026-01-15 23:49:46,149 - INFO -   Batch 2/2: Loss=0.8508, Dice=0.4256
2026-01-15 23:49:47,171 - INFO - 
Epoch 8/100 (4.5s):
2026-01-15 23:49:47,171 - INFO -   Train - Loss: 0.8301, Dice: 0.4499
2026-01-15 23:49:47,171 - INFO -   Val   - Loss: 1.0706, Dice: 0.0647
2026-01-15 23:49:47,171 - INFO -   Per-class Dice:
2026-01-15 23:49:47,171 - INFO -     Class 0: 0.1455
2026-01-15 23:49:47,171 - INFO -     Class 1: 0.0024
2026-01-15 23:49:47,171 - INFO -     Class 2: 0.0463
2026-01-15 23:49:49,293 - INFO -   Batch 1/2: Loss=0.7716, Dice=0.4764
2026-01-15 23:49:50,623 - INFO -   Batch 2/2: Loss=0.7541, Dice=0.4829
2026-01-15 23:49:51,783 - INFO -   Saved best model with Dice: 0.1147
2026-01-15 23:49:51,783 - INFO - 
Epoch 9/100 (4.6s):
2026-01-15 23:49:51,783 - INFO -   Train - Loss: 0.7628, Dice: 0.4797
2026-01-15 23:49:51,783 - INFO -   Val   - Loss: 1.0446, Dice: 0.1147
2026-01-15 23:49:51,783 - INFO -   Per-class Dice:
2026-01-15 23:49:51,783 - INFO -     Class 0: 0.2928
2026-01-15 23:49:51,783 - INFO -     Class 1: 0.0025
2026-01-15 23:49:51,783 - INFO -     Class 2: 0.0487
2026-01-15 23:49:53,945 - INFO -   Batch 1/2: Loss=0.7411, Dice=0.4790
2026-01-15 23:49:55,201 - INFO -   Batch 2/2: Loss=0.6536, Dice=0.5315
2026-01-15 23:49:56,459 - INFO -   Saved best model with Dice: 0.1981
2026-01-15 23:49:56,459 - INFO - 
Epoch 10/100 (4.7s):
2026-01-15 23:49:56,459 - INFO -   Train - Loss: 0.6974, Dice: 0.5052
2026-01-15 23:49:56,459 - INFO -   Val   - Loss: 1.0274, Dice: 0.1981
2026-01-15 23:49:56,459 - INFO -   Per-class Dice:
2026-01-15 23:49:56,459 - INFO -     Class 0: 0.5599
2026-01-15 23:49:56,459 - INFO -     Class 1: 0.0023
2026-01-15 23:49:56,459 - INFO -     Class 2: 0.0322
2026-01-15 23:49:58,619 - INFO -   Batch 1/2: Loss=0.6733, Dice=0.5111
2026-01-15 23:49:59,904 - INFO -   Batch 2/2: Loss=0.6363, Dice=0.5262
2026-01-15 23:50:01,090 - INFO -   Saved best model with Dice: 0.2385
2026-01-15 23:50:01,090 - INFO - 
Epoch 11/100 (4.6s):
2026-01-15 23:50:01,090 - INFO -   Train - Loss: 0.6548, Dice: 0.5187
2026-01-15 23:50:01,090 - INFO -   Val   - Loss: 1.0155, Dice: 0.2385
2026-01-15 23:50:01,091 - INFO -   Per-class Dice:
2026-01-15 23:50:01,091 - INFO -     Class 0: 0.6979
2026-01-15 23:50:01,091 - INFO -     Class 1: 0.0025
2026-01-15 23:50:01,091 - INFO -     Class 2: 0.0152
2026-01-15 23:50:03,306 - INFO -   Batch 1/2: Loss=0.6226, Dice=0.5290
2026-01-15 23:50:04,694 - INFO -   Batch 2/2: Loss=0.6043, Dice=0.5413
2026-01-15 23:50:05,926 - INFO -   Saved best model with Dice: 0.2497
2026-01-15 23:50:05,926 - INFO - 
Epoch 12/100 (4.8s):
2026-01-15 23:50:05,926 - INFO -   Train - Loss: 0.6134, Dice: 0.5352
2026-01-15 23:50:05,926 - INFO -   Val   - Loss: 1.0094, Dice: 0.2497
2026-01-15 23:50:05,926 - INFO -   Per-class Dice:
2026-01-15 23:50:05,926 - INFO -     Class 0: 0.7395
2026-01-15 23:50:05,926 - INFO -     Class 1: 0.0028
2026-01-15 23:50:05,926 - INFO -     Class 2: 0.0068
2026-01-15 23:50:08,202 - INFO -   Batch 1/2: Loss=0.6010, Dice=0.5347
2026-01-15 23:50:09,516 - INFO -   Batch 2/2: Loss=0.5519, Dice=0.5705
2026-01-15 23:50:10,710 - INFO -   Saved best model with Dice: 0.2549
2026-01-15 23:50:10,711 - INFO - 
Epoch 13/100 (4.8s):
2026-01-15 23:50:10,711 - INFO -   Train - Loss: 0.5764, Dice: 0.5526
2026-01-15 23:50:10,711 - INFO -   Val   - Loss: 1.0069, Dice: 0.2549
2026-01-15 23:50:10,711 - INFO -   Per-class Dice:
2026-01-15 23:50:10,711 - INFO -     Class 0: 0.7588
2026-01-15 23:50:10,711 - INFO -     Class 1: 0.0029
2026-01-15 23:50:10,711 - INFO -     Class 2: 0.0029
2026-01-15 23:50:13,059 - INFO -   Batch 1/2: Loss=0.5338, Dice=0.5779
2026-01-15 23:50:14,331 - INFO -   Batch 2/2: Loss=0.5721, Dice=0.5432
2026-01-15 23:50:15,541 - INFO -   Saved best model with Dice: 0.2618
2026-01-15 23:50:15,541 - INFO - 
Epoch 14/100 (4.8s):
2026-01-15 23:50:15,541 - INFO -   Train - Loss: 0.5530, Dice: 0.5606
2026-01-15 23:50:15,541 - INFO -   Val   - Loss: 1.0025, Dice: 0.2618
2026-01-15 23:50:15,541 - INFO -   Per-class Dice:
2026-01-15 23:50:15,541 - INFO -     Class 0: 0.7794
2026-01-15 23:50:15,541 - INFO -     Class 1: 0.0030
2026-01-15 23:50:15,542 - INFO -     Class 2: 0.0030
2026-01-15 23:50:17,734 - INFO -   Batch 1/2: Loss=0.5271, Dice=0.5755
2026-01-15 23:50:19,044 - INFO -   Batch 2/2: Loss=0.5153, Dice=0.5915
2026-01-15 23:50:20,225 - INFO -   Saved best model with Dice: 0.2712
2026-01-15 23:50:20,225 - INFO - 
Epoch 15/100 (4.7s):
2026-01-15 23:50:20,225 - INFO -   Train - Loss: 0.5212, Dice: 0.5835
2026-01-15 23:50:20,225 - INFO -   Val   - Loss: 0.9941, Dice: 0.2712
2026-01-15 23:50:20,225 - INFO -   Per-class Dice:
2026-01-15 23:50:20,225 - INFO -     Class 0: 0.8073
2026-01-15 23:50:20,225 - INFO -     Class 1: 0.0028
2026-01-15 23:50:20,225 - INFO -     Class 2: 0.0035
2026-01-15 23:50:22,386 - INFO -   Batch 1/2: Loss=0.5046, Dice=0.6010
2026-01-15 23:50:23,695 - INFO -   Batch 2/2: Loss=0.4890, Dice=0.5781
2026-01-15 23:50:24,868 - INFO -   Saved best model with Dice: 0.2810
2026-01-15 23:50:24,868 - INFO - 
Epoch 16/100 (4.6s):
2026-01-15 23:50:24,868 - INFO -   Train - Loss: 0.4968, Dice: 0.5896
2026-01-15 23:50:24,868 - INFO -   Val   - Loss: 0.9832, Dice: 0.2810
2026-01-15 23:50:24,868 - INFO -   Per-class Dice:
2026-01-15 23:50:24,868 - INFO -     Class 0: 0.8359
2026-01-15 23:50:24,868 - INFO -     Class 1: 0.0022
2026-01-15 23:50:24,868 - INFO -     Class 2: 0.0051
2026-01-15 23:50:27,037 - INFO -   Batch 1/2: Loss=0.4802, Dice=0.6025
2026-01-15 23:50:28,314 - INFO -   Batch 2/2: Loss=0.4778, Dice=0.6004
2026-01-15 23:50:29,565 - INFO -   Saved best model with Dice: 0.2946
2026-01-15 23:50:29,566 - INFO - 
Epoch 17/100 (4.7s):
2026-01-15 23:50:29,566 - INFO -   Train - Loss: 0.4790, Dice: 0.6014
2026-01-15 23:50:29,566 - INFO -   Val   - Loss: 0.9702, Dice: 0.2946
2026-01-15 23:50:29,566 - INFO -   Per-class Dice:
2026-01-15 23:50:29,566 - INFO -     Class 0: 0.8723
2026-01-15 23:50:29,566 - INFO -     Class 1: 0.0023
2026-01-15 23:50:29,566 - INFO -     Class 2: 0.0092
2026-01-15 23:50:31,745 - INFO -   Batch 1/2: Loss=0.4708, Dice=0.6104
2026-01-15 23:50:33,035 - INFO -   Batch 2/2: Loss=0.4493, Dice=0.6187
2026-01-15 23:50:34,226 - INFO -   Saved best model with Dice: 0.3064
2026-01-15 23:50:34,227 - INFO - 
Epoch 18/100 (4.7s):
2026-01-15 23:50:34,227 - INFO -   Train - Loss: 0.4601, Dice: 0.6146
2026-01-15 23:50:34,227 - INFO -   Val   - Loss: 0.9568, Dice: 0.3064
2026-01-15 23:50:34,227 - INFO -   Per-class Dice:
2026-01-15 23:50:34,227 - INFO -     Class 0: 0.9038
2026-01-15 23:50:34,227 - INFO -     Class 1: 0.0026
2026-01-15 23:50:34,227 - INFO -     Class 2: 0.0128
2026-01-15 23:50:36,454 - INFO -   Batch 1/2: Loss=0.4347, Dice=0.6304
2026-01-15 23:50:37,748 - INFO -   Batch 2/2: Loss=0.4731, Dice=0.6160
2026-01-15 23:50:38,923 - INFO -   Saved best model with Dice: 0.3146
2026-01-15 23:50:38,923 - INFO - 
Epoch 19/100 (4.7s):
2026-01-15 23:50:38,923 - INFO -   Train - Loss: 0.4539, Dice: 0.6232
2026-01-15 23:50:38,923 - INFO -   Val   - Loss: 0.9458, Dice: 0.3146
2026-01-15 23:50:38,923 - INFO -   Per-class Dice:
2026-01-15 23:50:38,923 - INFO -     Class 0: 0.9275
2026-01-15 23:50:38,923 - INFO -     Class 1: 0.0034
2026-01-15 23:50:38,923 - INFO -     Class 2: 0.0128
2026-01-15 23:50:41,152 - INFO -   Batch 1/2: Loss=0.4315, Dice=0.6471
2026-01-15 23:50:42,442 - INFO -   Batch 2/2: Loss=0.4443, Dice=0.6167
2026-01-15 23:50:43,644 - INFO -   Saved best model with Dice: 0.3203
2026-01-15 23:50:43,645 - INFO - 
Epoch 20/100 (4.7s):
2026-01-15 23:50:43,645 - INFO -   Train - Loss: 0.4379, Dice: 0.6319
2026-01-15 23:50:43,645 - INFO -   Val   - Loss: 0.9341, Dice: 0.3203
2026-01-15 23:50:43,645 - INFO -   Per-class Dice:
2026-01-15 23:50:43,645 - INFO -     Class 0: 0.9495
2026-01-15 23:50:43,645 - INFO -     Class 1: 0.0040
2026-01-15 23:50:43,645 - INFO -     Class 2: 0.0076
2026-01-15 23:50:45,850 - INFO -   Batch 1/2: Loss=0.4335, Dice=0.6323
2026-01-15 23:50:47,147 - INFO -   Batch 2/2: Loss=0.4129, Dice=0.6601
2026-01-15 23:50:48,323 - INFO -   Saved best model with Dice: 0.3255
2026-01-15 23:50:48,323 - INFO - 
Epoch 21/100 (4.7s):
2026-01-15 23:50:48,323 - INFO -   Train - Loss: 0.4232, Dice: 0.6462
2026-01-15 23:50:48,323 - INFO -   Val   - Loss: 0.9236, Dice: 0.3255
2026-01-15 23:50:48,323 - INFO -   Per-class Dice:
2026-01-15 23:50:48,323 - INFO -     Class 0: 0.9695
2026-01-15 23:50:48,323 - INFO -     Class 1: 0.0017
2026-01-15 23:50:48,323 - INFO -     Class 2: 0.0052
2026-01-15 23:50:50,469 - INFO -   Batch 1/2: Loss=0.4196, Dice=0.6466
2026-01-15 23:50:51,808 - INFO -   Batch 2/2: Loss=0.4004, Dice=0.6822
2026-01-15 23:50:53,024 - INFO -   Saved best model with Dice: 0.3278
2026-01-15 23:50:53,024 - INFO - 
Epoch 22/100 (4.7s):
2026-01-15 23:50:53,024 - INFO -   Train - Loss: 0.4100, Dice: 0.6644
2026-01-15 23:50:53,024 - INFO -   Val   - Loss: 0.9146, Dice: 0.3278
2026-01-15 23:50:53,024 - INFO -   Per-class Dice:
2026-01-15 23:50:53,024 - INFO -     Class 0: 0.9804
2026-01-15 23:50:53,025 - INFO -     Class 1: 0.0000
2026-01-15 23:50:53,025 - INFO -     Class 2: 0.0029
2026-01-15 23:50:55,254 - INFO -   Batch 1/2: Loss=0.4099, Dice=0.6524
2026-01-15 23:50:56,521 - INFO -   Batch 2/2: Loss=0.3912, Dice=0.6926
2026-01-15 23:50:57,718 - INFO -   Saved best model with Dice: 0.3280
2026-01-15 23:50:57,718 - INFO - 
Epoch 23/100 (4.7s):
2026-01-15 23:50:57,718 - INFO -   Train - Loss: 0.4005, Dice: 0.6725
2026-01-15 23:50:57,718 - INFO -   Val   - Loss: 0.9088, Dice: 0.3280
2026-01-15 23:50:57,718 - INFO -   Per-class Dice:
2026-01-15 23:50:57,718 - INFO -     Class 0: 0.9820
2026-01-15 23:50:57,718 - INFO -     Class 1: 0.0000
2026-01-15 23:50:57,718 - INFO -     Class 2: 0.0020
2026-01-15 23:50:59,921 - INFO -   Batch 1/2: Loss=0.3923, Dice=0.6829
2026-01-15 23:51:01,202 - INFO -   Batch 2/2: Loss=0.3959, Dice=0.6842
2026-01-15 23:51:02,324 - INFO - 
Epoch 24/100 (4.6s):
2026-01-15 23:51:02,324 - INFO -   Train - Loss: 0.3941, Dice: 0.6836
2026-01-15 23:51:02,325 - INFO -   Val   - Loss: 0.9040, Dice: 0.3280
2026-01-15 23:51:02,325 - INFO -   Per-class Dice:
2026-01-15 23:51:02,325 - INFO -     Class 0: 0.9823
2026-01-15 23:51:02,325 - INFO -     Class 1: 0.0003
2026-01-15 23:51:02,325 - INFO -     Class 2: 0.0014
2026-01-15 23:51:04,546 - INFO -   Batch 1/2: Loss=0.3871, Dice=0.6868
2026-01-15 23:51:05,816 - INFO -   Batch 2/2: Loss=0.3858, Dice=0.7108
2026-01-15 23:51:06,862 - INFO - 
Epoch 25/100 (4.5s):
2026-01-15 23:51:06,862 - INFO -   Train - Loss: 0.3865, Dice: 0.6988
2026-01-15 23:51:06,862 - INFO -   Val   - Loss: 0.8995, Dice: 0.3277
2026-01-15 23:51:06,862 - INFO -   Per-class Dice:
2026-01-15 23:51:06,862 - INFO -     Class 0: 0.9815
2026-01-15 23:51:06,862 - INFO -     Class 1: 0.0008
2026-01-15 23:51:06,862 - INFO -     Class 2: 0.0007
2026-01-15 23:51:09,089 - INFO -   Batch 1/2: Loss=0.3828, Dice=0.6846
2026-01-15 23:51:10,383 - INFO -   Batch 2/2: Loss=0.3766, Dice=0.7181
2026-01-15 23:51:11,403 - INFO - 
Epoch 26/100 (4.5s):
2026-01-15 23:51:11,403 - INFO -   Train - Loss: 0.3797, Dice: 0.7014
2026-01-15 23:51:11,403 - INFO -   Val   - Loss: 0.8966, Dice: 0.3272
2026-01-15 23:51:11,403 - INFO -   Per-class Dice:
2026-01-15 23:51:11,403 - INFO -     Class 0: 0.9792
2026-01-15 23:51:11,403 - INFO -     Class 1: 0.0009
2026-01-15 23:51:11,403 - INFO -     Class 2: 0.0015
2026-01-15 23:51:13,629 - INFO -   Batch 1/2: Loss=0.3808, Dice=0.6966
2026-01-15 23:51:14,856 - INFO -   Batch 2/2: Loss=0.3630, Dice=0.7043
2026-01-15 23:51:15,875 - INFO - 
Epoch 27/100 (4.5s):
2026-01-15 23:51:15,875 - INFO -   Train - Loss: 0.3719, Dice: 0.7005
2026-01-15 23:51:15,875 - INFO -   Val   - Loss: 0.8937, Dice: 0.3276
2026-01-15 23:51:15,875 - INFO -   Per-class Dice:
2026-01-15 23:51:15,875 - INFO -     Class 0: 0.9772
2026-01-15 23:51:15,875 - INFO -     Class 1: 0.0022
2026-01-15 23:51:15,875 - INFO -     Class 2: 0.0035
2026-01-15 23:51:18,145 - INFO -   Batch 1/2: Loss=0.3701, Dice=0.7391
2026-01-15 23:51:19,332 - INFO -   Batch 2/2: Loss=0.3590, Dice=0.6726
2026-01-15 23:51:20,343 - INFO - 
Epoch 28/100 (4.5s):
2026-01-15 23:51:20,344 - INFO -   Train - Loss: 0.3645, Dice: 0.7058
2026-01-15 23:51:20,344 - INFO -   Val   - Loss: 0.8913, Dice: 0.3273
2026-01-15 23:51:20,344 - INFO -   Per-class Dice:
2026-01-15 23:51:20,344 - INFO -     Class 0: 0.9767
2026-01-15 23:51:20,344 - INFO -     Class 1: 0.0032
2026-01-15 23:51:20,344 - INFO -     Class 2: 0.0020
2026-01-15 23:51:22,459 - INFO -   Batch 1/2: Loss=0.3748, Dice=0.7140
2026-01-15 23:51:23,804 - INFO -   Batch 2/2: Loss=0.3444, Dice=0.7375
2026-01-15 23:51:24,826 - INFO - 
Epoch 29/100 (4.5s):
2026-01-15 23:51:24,826 - INFO -   Train - Loss: 0.3596, Dice: 0.7257
2026-01-15 23:51:24,826 - INFO -   Val   - Loss: 0.8885, Dice: 0.3271
2026-01-15 23:51:24,826 - INFO -   Per-class Dice:
2026-01-15 23:51:24,827 - INFO -     Class 0: 0.9774
2026-01-15 23:51:24,827 - INFO -     Class 1: 0.0032
2026-01-15 23:51:24,827 - INFO -     Class 2: 0.0007
2026-01-15 23:51:27,009 - INFO -   Batch 1/2: Loss=0.3785, Dice=0.7022
2026-01-15 23:51:28,297 - INFO -   Batch 2/2: Loss=0.3257, Dice=0.7427
2026-01-15 23:51:29,330 - INFO - 
Epoch 30/100 (4.5s):
2026-01-15 23:51:29,330 - INFO -   Train - Loss: 0.3521, Dice: 0.7225
2026-01-15 23:51:29,330 - INFO -   Val   - Loss: 0.8844, Dice: 0.3279
2026-01-15 23:51:29,330 - INFO -   Per-class Dice:
2026-01-15 23:51:29,330 - INFO -     Class 0: 0.9776
2026-01-15 23:51:29,330 - INFO -     Class 1: 0.0043
2026-01-15 23:51:29,330 - INFO -     Class 2: 0.0017
2026-01-15 23:51:31,516 - INFO -   Batch 1/2: Loss=0.3586, Dice=0.7238
2026-01-15 23:51:32,774 - INFO -   Batch 2/2: Loss=0.3367, Dice=0.7473
2026-01-15 23:51:33,962 - INFO -   Saved best model with Dice: 0.3412
2026-01-15 23:51:33,962 - INFO - 
Epoch 31/100 (4.6s):
2026-01-15 23:51:33,962 - INFO -   Train - Loss: 0.3477, Dice: 0.7355
2026-01-15 23:51:33,962 - INFO -   Val   - Loss: 0.8780, Dice: 0.3412
2026-01-15 23:51:33,962 - INFO -   Per-class Dice:
2026-01-15 23:51:33,962 - INFO -     Class 0: 0.9772
2026-01-15 23:51:33,962 - INFO -     Class 1: 0.0085
2026-01-15 23:51:33,962 - INFO -     Class 2: 0.0379
2026-01-15 23:51:36,158 - INFO -   Batch 1/2: Loss=0.3484, Dice=0.7372
2026-01-15 23:51:37,481 - INFO -   Batch 2/2: Loss=0.3378, Dice=0.7431
2026-01-15 23:51:38,663 - INFO -   Saved best model with Dice: 0.3633
2026-01-15 23:51:38,663 - INFO - 
Epoch 32/100 (4.7s):
2026-01-15 23:51:38,663 - INFO -   Train - Loss: 0.3431, Dice: 0.7402
2026-01-15 23:51:38,663 - INFO -   Val   - Loss: 0.8711, Dice: 0.3633
2026-01-15 23:51:38,663 - INFO -   Per-class Dice:
2026-01-15 23:51:38,663 - INFO -     Class 0: 0.9785
2026-01-15 23:51:38,664 - INFO -     Class 1: 0.0109
2026-01-15 23:51:38,664 - INFO -     Class 2: 0.1004
2026-01-15 23:51:40,848 - INFO -   Batch 1/2: Loss=0.3430, Dice=0.7333
2026-01-15 23:51:42,107 - INFO -   Batch 2/2: Loss=0.3562, Dice=0.7320
2026-01-15 23:51:43,302 - INFO -   Saved best model with Dice: 0.3805
2026-01-15 23:51:43,302 - INFO - 
Epoch 33/100 (4.6s):
2026-01-15 23:51:43,302 - INFO -   Train - Loss: 0.3496, Dice: 0.7327
2026-01-15 23:51:43,302 - INFO -   Val   - Loss: 0.8653, Dice: 0.3805
2026-01-15 23:51:43,302 - INFO -   Per-class Dice:
2026-01-15 23:51:43,303 - INFO -     Class 0: 0.9799
2026-01-15 23:51:43,303 - INFO -     Class 1: 0.0119
2026-01-15 23:51:43,303 - INFO -     Class 2: 0.1497
2026-01-15 23:51:45,529 - INFO -   Batch 1/2: Loss=0.3378, Dice=0.7448
2026-01-15 23:51:46,778 - INFO -   Batch 2/2: Loss=0.3320, Dice=0.7723
2026-01-15 23:51:47,933 - INFO -   Saved best model with Dice: 0.4296
2026-01-15 23:51:47,934 - INFO - 
Epoch 34/100 (4.6s):
2026-01-15 23:51:47,934 - INFO -   Train - Loss: 0.3349, Dice: 0.7585
2026-01-15 23:51:47,934 - INFO -   Val   - Loss: 0.8537, Dice: 0.4296
2026-01-15 23:51:47,934 - INFO -   Per-class Dice:
2026-01-15 23:51:47,934 - INFO -     Class 0: 0.9829
2026-01-15 23:51:47,934 - INFO -     Class 1: 0.0150
2026-01-15 23:51:47,934 - INFO -     Class 2: 0.2907
2026-01-15 23:51:50,110 - INFO -   Batch 1/2: Loss=0.3169, Dice=0.7732
2026-01-15 23:51:51,369 - INFO -   Batch 2/2: Loss=0.3599, Dice=0.7416
2026-01-15 23:51:52,560 - INFO -   Saved best model with Dice: 0.4729
2026-01-15 23:51:52,560 - INFO - 
Epoch 35/100 (4.6s):
2026-01-15 23:51:52,560 - INFO -   Train - Loss: 0.3384, Dice: 0.7574
2026-01-15 23:51:52,560 - INFO -   Val   - Loss: 0.8430, Dice: 0.4729
2026-01-15 23:51:52,560 - INFO -   Per-class Dice:
2026-01-15 23:51:52,560 - INFO -     Class 0: 0.9856
2026-01-15 23:51:52,560 - INFO -     Class 1: 0.0181
2026-01-15 23:51:52,560 - INFO -     Class 2: 0.4150
2026-01-15 23:51:54,732 - INFO -   Batch 1/2: Loss=0.3342, Dice=0.7670
2026-01-15 23:51:56,016 - INFO -   Batch 2/2: Loss=0.3259, Dice=0.7505
2026-01-15 23:51:57,201 - INFO -   Saved best model with Dice: 0.4780
2026-01-15 23:51:57,201 - INFO - 
Epoch 36/100 (4.6s):
2026-01-15 23:51:57,201 - INFO -   Train - Loss: 0.3300, Dice: 0.7588
2026-01-15 23:51:57,201 - INFO -   Val   - Loss: 0.8394, Dice: 0.4780
2026-01-15 23:51:57,201 - INFO -   Per-class Dice:
2026-01-15 23:51:57,201 - INFO -     Class 0: 0.9875
2026-01-15 23:51:57,201 - INFO -     Class 1: 0.0193
2026-01-15 23:51:57,201 - INFO -     Class 2: 0.4272
2026-01-15 23:51:59,403 - INFO -   Batch 1/2: Loss=0.3435, Dice=0.7223
2026-01-15 23:52:00,666 - INFO -   Batch 2/2: Loss=0.3066, Dice=0.7919
2026-01-15 23:52:01,851 - INFO -   Saved best model with Dice: 0.5271
2026-01-15 23:52:01,851 - INFO - 
Epoch 37/100 (4.6s):
2026-01-15 23:52:01,851 - INFO -   Train - Loss: 0.3250, Dice: 0.7571
2026-01-15 23:52:01,851 - INFO -   Val   - Loss: 0.8261, Dice: 0.5271
2026-01-15 23:52:01,851 - INFO -   Per-class Dice:
2026-01-15 23:52:01,851 - INFO -     Class 0: 0.9895
2026-01-15 23:52:01,851 - INFO -     Class 1: 0.0255
2026-01-15 23:52:01,851 - INFO -     Class 2: 0.5664
2026-01-15 23:52:04,046 - INFO -   Batch 1/2: Loss=0.3082, Dice=0.7770
2026-01-15 23:52:05,332 - INFO -   Batch 2/2: Loss=0.3582, Dice=0.6828
2026-01-15 23:52:06,502 - INFO -   Saved best model with Dice: 0.5684
2026-01-15 23:52:06,502 - INFO - 
Epoch 38/100 (4.7s):
2026-01-15 23:52:06,502 - INFO -   Train - Loss: 0.3332, Dice: 0.7299
2026-01-15 23:52:06,502 - INFO -   Val   - Loss: 0.8133, Dice: 0.5684
2026-01-15 23:52:06,503 - INFO -   Per-class Dice:
2026-01-15 23:52:06,503 - INFO -     Class 0: 0.9912
2026-01-15 23:52:06,503 - INFO -     Class 1: 0.0387
2026-01-15 23:52:06,503 - INFO -     Class 2: 0.6754
2026-01-15 23:52:08,789 - INFO -   Batch 1/2: Loss=0.3204, Dice=0.7708
2026-01-15 23:52:10,056 - INFO -   Batch 2/2: Loss=0.3143, Dice=0.7395
2026-01-15 23:52:11,084 - INFO - 
Epoch 39/100 (4.6s):
2026-01-15 23:52:11,085 - INFO -   Train - Loss: 0.3174, Dice: 0.7552
2026-01-15 23:52:11,085 - INFO -   Val   - Loss: 0.8147, Dice: 0.5613
2026-01-15 23:52:11,085 - INFO -   Per-class Dice:
2026-01-15 23:52:11,085 - INFO -     Class 0: 0.9919
2026-01-15 23:52:11,085 - INFO -     Class 1: 0.0411
2026-01-15 23:52:11,085 - INFO -     Class 2: 0.6510
2026-01-15 23:52:13,343 - INFO -   Batch 1/2: Loss=0.3138, Dice=0.7847
2026-01-15 23:52:14,571 - INFO -   Batch 2/2: Loss=0.3184, Dice=0.7234
2026-01-15 23:52:15,748 - INFO -   Saved best model with Dice: 0.5746
2026-01-15 23:52:15,749 - INFO - 
Epoch 40/100 (4.7s):
2026-01-15 23:52:15,749 - INFO -   Train - Loss: 0.3161, Dice: 0.7541
2026-01-15 23:52:15,749 - INFO -   Val   - Loss: 0.8095, Dice: 0.5746
2026-01-15 23:52:15,749 - INFO -   Per-class Dice:
2026-01-15 23:52:15,749 - INFO -     Class 0: 0.9926
2026-01-15 23:52:15,749 - INFO -     Class 1: 0.0481
2026-01-15 23:52:15,749 - INFO -     Class 2: 0.6830
2026-01-15 23:52:17,944 - INFO -   Batch 1/2: Loss=0.3094, Dice=0.7628
2026-01-15 23:52:19,236 - INFO -   Batch 2/2: Loss=0.3128, Dice=0.7711
2026-01-15 23:52:20,433 - INFO -   Saved best model with Dice: 0.5886
2026-01-15 23:52:20,433 - INFO - 
Epoch 41/100 (4.7s):
2026-01-15 23:52:20,433 - INFO -   Train - Loss: 0.3111, Dice: 0.7670
2026-01-15 23:52:20,433 - INFO -   Val   - Loss: 0.8057, Dice: 0.5886
2026-01-15 23:52:20,433 - INFO -   Per-class Dice:
2026-01-15 23:52:20,433 - INFO -     Class 0: 0.9939
2026-01-15 23:52:20,433 - INFO -     Class 1: 0.0543
2026-01-15 23:52:20,433 - INFO -     Class 2: 0.7176
2026-01-15 23:52:22,577 - INFO -   Batch 1/2: Loss=0.3040, Dice=0.7827
2026-01-15 23:52:23,917 - INFO -   Batch 2/2: Loss=0.3173, Dice=0.7363
2026-01-15 23:52:25,070 - INFO -   Saved best model with Dice: 0.6022
2026-01-15 23:52:25,070 - INFO - 
Epoch 42/100 (4.6s):
2026-01-15 23:52:25,070 - INFO -   Train - Loss: 0.3107, Dice: 0.7595
2026-01-15 23:52:25,070 - INFO -   Val   - Loss: 0.8001, Dice: 0.6022
2026-01-15 23:52:25,070 - INFO -   Per-class Dice:
2026-01-15 23:52:25,070 - INFO -     Class 0: 0.9943
2026-01-15 23:52:25,070 - INFO -     Class 1: 0.0649
2026-01-15 23:52:25,070 - INFO -     Class 2: 0.7474
2026-01-15 23:52:27,198 - INFO -   Batch 1/2: Loss=0.3003, Dice=0.7758
2026-01-15 23:52:28,523 - INFO -   Batch 2/2: Loss=0.3060, Dice=0.7681
2026-01-15 23:52:29,679 - INFO -   Saved best model with Dice: 0.6082
2026-01-15 23:52:29,679 - INFO - 
Epoch 43/100 (4.6s):
2026-01-15 23:52:29,679 - INFO -   Train - Loss: 0.3032, Dice: 0.7719
2026-01-15 23:52:29,679 - INFO -   Val   - Loss: 0.7907, Dice: 0.6082
2026-01-15 23:52:29,679 - INFO -   Per-class Dice:
2026-01-15 23:52:29,679 - INFO -     Class 0: 0.9925
2026-01-15 23:52:29,679 - INFO -     Class 1: 0.0686
2026-01-15 23:52:29,679 - INFO -     Class 2: 0.7635
2026-01-15 23:52:31,834 - INFO -   Batch 1/2: Loss=0.3074, Dice=0.7285
2026-01-15 23:52:33,143 - INFO -   Batch 2/2: Loss=0.2899, Dice=0.8219
2026-01-15 23:52:34,159 - INFO - 
Epoch 44/100 (4.5s):
2026-01-15 23:52:34,159 - INFO -   Train - Loss: 0.2987, Dice: 0.7752
2026-01-15 23:52:34,159 - INFO -   Val   - Loss: 0.8006, Dice: 0.5931
2026-01-15 23:52:34,159 - INFO -   Per-class Dice:
2026-01-15 23:52:34,159 - INFO -     Class 0: 0.9933
2026-01-15 23:52:34,159 - INFO -     Class 1: 0.0674
2026-01-15 23:52:34,160 - INFO -     Class 2: 0.7185
2026-01-15 23:52:36,344 - INFO -   Batch 1/2: Loss=0.3102, Dice=0.7298
2026-01-15 23:52:37,620 - INFO -   Batch 2/2: Loss=0.2799, Dice=0.8340
2026-01-15 23:52:38,636 - INFO - 
Epoch 45/100 (4.5s):
2026-01-15 23:52:38,636 - INFO -   Train - Loss: 0.2950, Dice: 0.7819
2026-01-15 23:52:38,636 - INFO -   Val   - Loss: 0.8043, Dice: 0.5835
2026-01-15 23:52:38,636 - INFO -   Per-class Dice:
2026-01-15 23:52:38,636 - INFO -     Class 0: 0.9938
2026-01-15 23:52:38,636 - INFO -     Class 1: 0.0647
2026-01-15 23:52:38,636 - INFO -     Class 2: 0.6919
2026-01-15 23:52:40,959 - INFO -   Batch 1/2: Loss=0.2937, Dice=0.7945
2026-01-15 23:52:42,194 - INFO -   Batch 2/2: Loss=0.2910, Dice=0.7539
2026-01-15 23:52:43,373 - INFO -   Saved best model with Dice: 0.6086
2026-01-15 23:52:43,373 - INFO - 
Epoch 46/100 (4.7s):
2026-01-15 23:52:43,373 - INFO -   Train - Loss: 0.2924, Dice: 0.7742
2026-01-15 23:52:43,373 - INFO -   Val   - Loss: 0.7875, Dice: 0.6086
2026-01-15 23:52:43,373 - INFO -   Per-class Dice:
2026-01-15 23:52:43,373 - INFO -     Class 0: 0.9931
2026-01-15 23:52:43,373 - INFO -     Class 1: 0.0576
2026-01-15 23:52:43,373 - INFO -     Class 2: 0.7753
2026-01-15 23:52:45,533 - INFO -   Batch 1/2: Loss=0.2974, Dice=0.7516
2026-01-15 23:52:46,816 - INFO -   Batch 2/2: Loss=0.2807, Dice=0.7881
2026-01-15 23:52:47,827 - INFO - 
Epoch 47/100 (4.5s):
2026-01-15 23:52:47,827 - INFO -   Train - Loss: 0.2890, Dice: 0.7699
2026-01-15 23:52:47,827 - INFO -   Val   - Loss: 0.7923, Dice: 0.6030
2026-01-15 23:52:47,827 - INFO -   Per-class Dice:
2026-01-15 23:52:47,828 - INFO -     Class 0: 0.9935
2026-01-15 23:52:47,828 - INFO -     Class 1: 0.0625
2026-01-15 23:52:47,828 - INFO -     Class 2: 0.7529
2026-01-15 23:52:49,986 - INFO -   Batch 1/2: Loss=0.2897, Dice=0.7124
2026-01-15 23:52:51,268 - INFO -   Batch 2/2: Loss=0.2813, Dice=0.8369
2026-01-15 23:52:52,289 - INFO - 
Epoch 48/100 (4.5s):
2026-01-15 23:52:52,289 - INFO -   Train - Loss: 0.2855, Dice: 0.7747
2026-01-15 23:52:52,289 - INFO -   Val   - Loss: 0.8026, Dice: 0.5825
2026-01-15 23:52:52,289 - INFO -   Per-class Dice:
2026-01-15 23:52:52,289 - INFO -     Class 0: 0.9939
2026-01-15 23:52:52,289 - INFO -     Class 1: 0.0686
2026-01-15 23:52:52,289 - INFO -     Class 2: 0.6852
2026-01-15 23:52:54,560 - INFO -   Batch 1/2: Loss=0.2881, Dice=0.7899
2026-01-15 23:52:55,772 - INFO -   Batch 2/2: Loss=0.2851, Dice=0.7486
2026-01-15 23:52:56,780 - INFO - 
Epoch 49/100 (4.5s):
2026-01-15 23:52:56,780 - INFO -   Train - Loss: 0.2866, Dice: 0.7692
2026-01-15 23:52:56,780 - INFO -   Val   - Loss: 0.7987, Dice: 0.5904
2026-01-15 23:52:56,780 - INFO -   Per-class Dice:
2026-01-15 23:52:56,780 - INFO -     Class 0: 0.9934
2026-01-15 23:52:56,780 - INFO -     Class 1: 0.0681
2026-01-15 23:52:56,780 - INFO -     Class 2: 0.7098
2026-01-15 23:52:58,962 - INFO -   Batch 1/2: Loss=0.2898, Dice=0.7557
2026-01-15 23:53:00,238 - INFO -   Batch 2/2: Loss=0.2731, Dice=0.8115
2026-01-15 23:53:01,267 - INFO - 
Epoch 50/100 (4.5s):
2026-01-15 23:53:01,267 - INFO -   Train - Loss: 0.2814, Dice: 0.7836
2026-01-15 23:53:01,267 - INFO -   Val   - Loss: 0.7929, Dice: 0.5986
2026-01-15 23:53:01,267 - INFO -   Per-class Dice:
2026-01-15 23:53:01,267 - INFO -     Class 0: 0.9931
2026-01-15 23:53:01,267 - INFO -     Class 1: 0.0640
2026-01-15 23:53:01,267 - INFO -     Class 2: 0.7387
2026-01-15 23:53:03,413 - INFO -   Batch 1/2: Loss=0.2675, Dice=0.8278
2026-01-15 23:53:04,707 - INFO -   Batch 2/2: Loss=0.3110, Dice=0.6869
2026-01-15 23:53:05,735 - INFO - 
Epoch 51/100 (4.5s):
2026-01-15 23:53:05,735 - INFO -   Train - Loss: 0.2892, Dice: 0.7574
2026-01-15 23:53:05,735 - INFO -   Val   - Loss: 0.8081, Dice: 0.5637
2026-01-15 23:53:05,735 - INFO -   Per-class Dice:
2026-01-15 23:53:05,735 - INFO -     Class 0: 0.9936
2026-01-15 23:53:05,735 - INFO -     Class 1: 0.0669
2026-01-15 23:53:05,735 - INFO -     Class 2: 0.6306
2026-01-15 23:53:07,914 - INFO -   Batch 1/2: Loss=0.2764, Dice=0.7844
2026-01-15 23:53:09,174 - INFO -   Batch 2/2: Loss=0.2825, Dice=0.7973
2026-01-15 23:53:10,194 - INFO -   Learning rate changed from 5.00e-05 to 2.50e-05
2026-01-15 23:53:10,194 - INFO - 
Epoch 52/100 (4.5s):
2026-01-15 23:53:10,194 - INFO -   Train - Loss: 0.2795, Dice: 0.7908
2026-01-15 23:53:10,194 - INFO -   Val   - Loss: 0.8016, Dice: 0.5786
2026-01-15 23:53:10,194 - INFO -   Per-class Dice:
2026-01-15 23:53:10,194 - INFO -     Class 0: 0.9928
2026-01-15 23:53:10,194 - INFO -     Class 1: 0.0644
2026-01-15 23:53:10,194 - INFO -     Class 2: 0.6787
2026-01-15 23:53:12,423 - INFO -   Batch 1/2: Loss=0.2670, Dice=0.8191
2026-01-15 23:53:13,746 - INFO -   Batch 2/2: Loss=0.2935, Dice=0.6838
2026-01-15 23:53:14,771 - INFO - 
Epoch 53/100 (4.6s):
2026-01-15 23:53:14,771 - INFO -   Train - Loss: 0.2802, Dice: 0.7515
2026-01-15 23:53:14,771 - INFO -   Val   - Loss: 0.7899, Dice: 0.5980
2026-01-15 23:53:14,771 - INFO -   Per-class Dice:
2026-01-15 23:53:14,771 - INFO -     Class 0: 0.9914
2026-01-15 23:53:14,771 - INFO -     Class 1: 0.0606
2026-01-15 23:53:14,771 - INFO -     Class 2: 0.7419
2026-01-15 23:53:16,950 - INFO -   Batch 1/2: Loss=0.2742, Dice=0.7745
2026-01-15 23:53:18,268 - INFO -   Batch 2/2: Loss=0.2712, Dice=0.7813
2026-01-15 23:53:19,292 - INFO - 
Epoch 54/100 (4.5s):
2026-01-15 23:53:19,292 - INFO -   Train - Loss: 0.2727, Dice: 0.7779
2026-01-15 23:53:19,292 - INFO -   Val   - Loss: 0.7873, Dice: 0.6030
2026-01-15 23:53:19,292 - INFO -   Per-class Dice:
2026-01-15 23:53:19,292 - INFO -     Class 0: 0.9921
2026-01-15 23:53:19,292 - INFO -     Class 1: 0.0634
2026-01-15 23:53:19,292 - INFO -     Class 2: 0.7536
2026-01-15 23:53:21,485 - INFO -   Batch 1/2: Loss=0.2617, Dice=0.7811
2026-01-15 23:53:22,786 - INFO -   Batch 2/2: Loss=0.2853, Dice=0.7900
2026-01-15 23:53:23,806 - INFO - 
Epoch 55/100 (4.5s):
2026-01-15 23:53:23,806 - INFO -   Train - Loss: 0.2735, Dice: 0.7855
2026-01-15 23:53:23,806 - INFO -   Val   - Loss: 0.7961, Dice: 0.5961
2026-01-15 23:53:23,806 - INFO -   Per-class Dice:
2026-01-15 23:53:23,806 - INFO -     Class 0: 0.9937
2026-01-15 23:53:23,806 - INFO -     Class 1: 0.0751
2026-01-15 23:53:23,806 - INFO -     Class 2: 0.7194
2026-01-15 23:53:26,035 - INFO -   Batch 1/2: Loss=0.2826, Dice=0.7511
2026-01-15 23:53:27,296 - INFO -   Batch 2/2: Loss=0.2459, Dice=0.8468
2026-01-15 23:53:28,326 - INFO - 
Epoch 56/100 (4.5s):
2026-01-15 23:53:28,326 - INFO -   Train - Loss: 0.2643, Dice: 0.7989
2026-01-15 23:53:28,326 - INFO -   Val   - Loss: 0.8071, Dice: 0.5676
2026-01-15 23:53:28,327 - INFO -   Per-class Dice:
2026-01-15 23:53:28,327 - INFO -     Class 0: 0.9939
2026-01-15 23:53:28,327 - INFO -     Class 1: 0.0728
2026-01-15 23:53:28,327 - INFO -     Class 2: 0.6362
2026-01-15 23:53:30,596 - INFO -   Batch 1/2: Loss=0.2735, Dice=0.7931
2026-01-15 23:53:31,811 - INFO -   Batch 2/2: Loss=0.2557, Dice=0.7894
2026-01-15 23:53:32,849 - INFO - 
Epoch 57/100 (4.5s):
2026-01-15 23:53:32,849 - INFO -   Train - Loss: 0.2646, Dice: 0.7913
2026-01-15 23:53:32,849 - INFO -   Val   - Loss: 0.8028, Dice: 0.5777
2026-01-15 23:53:32,849 - INFO -   Per-class Dice:
2026-01-15 23:53:32,849 - INFO -     Class 0: 0.9938
2026-01-15 23:53:32,849 - INFO -     Class 1: 0.0690
2026-01-15 23:53:32,849 - INFO -     Class 2: 0.6702
2026-01-15 23:53:35,032 - INFO -   Batch 1/2: Loss=0.2792, Dice=0.7712
2026-01-15 23:53:36,331 - INFO -   Batch 2/2: Loss=0.2502, Dice=0.7737
2026-01-15 23:53:37,337 - INFO - 
Epoch 58/100 (4.5s):
2026-01-15 23:53:37,337 - INFO -   Train - Loss: 0.2647, Dice: 0.7725
2026-01-15 23:53:37,337 - INFO -   Val   - Loss: 0.7935, Dice: 0.5985
2026-01-15 23:53:37,337 - INFO -   Per-class Dice:
2026-01-15 23:53:37,337 - INFO -     Class 0: 0.9930
2026-01-15 23:53:37,337 - INFO -     Class 1: 0.0738
2026-01-15 23:53:37,337 - INFO -     Class 2: 0.7289
2026-01-15 23:53:39,576 - INFO -   Batch 1/2: Loss=0.2665, Dice=0.7639
2026-01-15 23:53:40,804 - INFO -   Batch 2/2: Loss=0.2606, Dice=0.7796
2026-01-15 23:53:41,816 - INFO - 
Epoch 59/100 (4.5s):
2026-01-15 23:53:41,816 - INFO -   Train - Loss: 0.2635, Dice: 0.7717
2026-01-15 23:53:41,816 - INFO -   Val   - Loss: 0.7869, Dice: 0.6042
2026-01-15 23:53:41,816 - INFO -   Per-class Dice:
2026-01-15 23:53:41,816 - INFO -     Class 0: 0.9922
2026-01-15 23:53:41,816 - INFO -     Class 1: 0.0670
2026-01-15 23:53:41,816 - INFO -     Class 2: 0.7535
2026-01-15 23:53:44,097 - INFO -   Batch 1/2: Loss=0.2612, Dice=0.7722
2026-01-15 23:53:45,395 - INFO -   Batch 2/2: Loss=0.2676, Dice=0.7619
2026-01-15 23:53:46,448 - INFO - 
Epoch 60/100 (4.6s):
2026-01-15 23:53:46,448 - INFO -   Train - Loss: 0.2644, Dice: 0.7671
2026-01-15 23:53:46,448 - INFO -   Val   - Loss: 0.7910, Dice: 0.6024
2026-01-15 23:53:46,448 - INFO -   Per-class Dice:
2026-01-15 23:53:46,448 - INFO -     Class 0: 0.9931
2026-01-15 23:53:46,448 - INFO -     Class 1: 0.0744
2026-01-15 23:53:46,448 - INFO -     Class 2: 0.7397
2026-01-15 23:53:48,654 - INFO -   Batch 1/2: Loss=0.2670, Dice=0.7476
2026-01-15 23:53:49,933 - INFO -   Batch 2/2: Loss=0.2625, Dice=0.8172
2026-01-15 23:53:50,976 - INFO - 
Epoch 61/100 (4.5s):
2026-01-15 23:53:50,976 - INFO -   Train - Loss: 0.2648, Dice: 0.7824
2026-01-15 23:53:50,976 - INFO -   Val   - Loss: 0.8004, Dice: 0.5843
2026-01-15 23:53:50,976 - INFO -   Per-class Dice:
2026-01-15 23:53:50,976 - INFO -     Class 0: 0.9937
2026-01-15 23:53:50,976 - INFO -     Class 1: 0.0726
2026-01-15 23:53:50,976 - INFO -     Class 2: 0.6865
2026-01-15 23:53:53,209 - INFO -   Batch 1/2: Loss=0.2761, Dice=0.7663
2026-01-15 23:53:54,468 - INFO -   Batch 2/2: Loss=0.2512, Dice=0.8188
2026-01-15 23:53:55,495 - INFO - 
Epoch 62/100 (4.5s):
2026-01-15 23:53:55,495 - INFO -   Train - Loss: 0.2636, Dice: 0.7926
2026-01-15 23:53:55,495 - INFO -   Val   - Loss: 0.7976, Dice: 0.5897
2026-01-15 23:53:55,495 - INFO -   Per-class Dice:
2026-01-15 23:53:55,495 - INFO -     Class 0: 0.9936
2026-01-15 23:53:55,495 - INFO -     Class 1: 0.0719
2026-01-15 23:53:55,495 - INFO -     Class 2: 0.7036
2026-01-15 23:53:57,666 - INFO -   Batch 1/2: Loss=0.2680, Dice=0.8095
2026-01-15 23:53:58,944 - INFO -   Batch 2/2: Loss=0.2524, Dice=0.7992
2026-01-15 23:53:59,964 - INFO - 
Epoch 63/100 (4.5s):
2026-01-15 23:53:59,964 - INFO -   Train - Loss: 0.2602, Dice: 0.8043
2026-01-15 23:53:59,964 - INFO -   Val   - Loss: 0.7874, Dice: 0.6053
2026-01-15 23:53:59,964 - INFO -   Per-class Dice:
2026-01-15 23:53:59,964 - INFO -     Class 0: 0.9927
2026-01-15 23:53:59,964 - INFO -     Class 1: 0.0655
2026-01-15 23:53:59,965 - INFO -     Class 2: 0.7576
2026-01-15 23:54:02,100 - INFO -   Batch 1/2: Loss=0.2563, Dice=0.7884
2026-01-15 23:54:03,427 - INFO -   Batch 2/2: Loss=0.2745, Dice=0.8070
2026-01-15 23:54:04,460 - INFO - 
Epoch 64/100 (4.5s):
2026-01-15 23:54:04,460 - INFO -   Train - Loss: 0.2654, Dice: 0.7977
2026-01-15 23:54:04,460 - INFO -   Val   - Loss: 0.7869, Dice: 0.6027
2026-01-15 23:54:04,460 - INFO -   Per-class Dice:
2026-01-15 23:54:04,460 - INFO -     Class 0: 0.9921
2026-01-15 23:54:04,460 - INFO -     Class 1: 0.0626
2026-01-15 23:54:04,460 - INFO -     Class 2: 0.7532
2026-01-15 23:54:06,663 - INFO -   Batch 1/2: Loss=0.2592, Dice=0.7770
2026-01-15 23:54:07,924 - INFO -   Batch 2/2: Loss=0.2648, Dice=0.7811
2026-01-15 23:54:08,948 - INFO - 
Epoch 65/100 (4.5s):
2026-01-15 23:54:08,948 - INFO -   Train - Loss: 0.2620, Dice: 0.7790
2026-01-15 23:54:08,948 - INFO -   Val   - Loss: 0.7947, Dice: 0.5916
2026-01-15 23:54:08,948 - INFO -   Per-class Dice:
2026-01-15 23:54:08,948 - INFO -     Class 0: 0.9929
2026-01-15 23:54:08,949 - INFO -     Class 1: 0.0657
2026-01-15 23:54:08,949 - INFO -     Class 2: 0.7162
2026-01-15 23:54:11,168 - INFO -   Batch 1/2: Loss=0.2623, Dice=0.7836
2026-01-15 23:54:12,385 - INFO -   Batch 2/2: Loss=0.2491, Dice=0.7567
2026-01-15 23:54:13,414 - INFO - 
Epoch 66/100 (4.5s):
2026-01-15 23:54:13,414 - INFO -   Train - Loss: 0.2557, Dice: 0.7702
2026-01-15 23:54:13,414 - INFO -   Val   - Loss: 0.8018, Dice: 0.5755
2026-01-15 23:54:13,414 - INFO -   Per-class Dice:
2026-01-15 23:54:13,414 - INFO -     Class 0: 0.9937
2026-01-15 23:54:13,414 - INFO -     Class 1: 0.0628
2026-01-15 23:54:13,414 - INFO -     Class 2: 0.6700
2026-01-15 23:54:15,592 - INFO -   Batch 1/2: Loss=0.2562, Dice=0.7662
2026-01-15 23:54:16,880 - INFO -   Batch 2/2: Loss=0.2627, Dice=0.7866
2026-01-15 23:54:17,897 - INFO - 
Epoch 67/100 (4.5s):
2026-01-15 23:54:17,897 - INFO -   Train - Loss: 0.2594, Dice: 0.7764
2026-01-15 23:54:17,897 - INFO -   Val   - Loss: 0.8001, Dice: 0.5830
2026-01-15 23:54:17,897 - INFO -   Per-class Dice:
2026-01-15 23:54:17,897 - INFO -     Class 0: 0.9940
2026-01-15 23:54:17,897 - INFO -     Class 1: 0.0713
2026-01-15 23:54:17,897 - INFO -     Class 2: 0.6838
2026-01-15 23:54:20,123 - INFO -   Batch 1/2: Loss=0.2511, Dice=0.7729
2026-01-15 23:54:21,419 - INFO -   Batch 2/2: Loss=0.2621, Dice=0.7931
2026-01-15 23:54:22,448 - INFO - 
Epoch 68/100 (4.6s):
2026-01-15 23:54:22,449 - INFO -   Train - Loss: 0.2566, Dice: 0.7830
2026-01-15 23:54:22,449 - INFO -   Val   - Loss: 0.7916, Dice: 0.6023
2026-01-15 23:54:22,449 - INFO -   Per-class Dice:
2026-01-15 23:54:22,449 - INFO -     Class 0: 0.9939
2026-01-15 23:54:22,449 - INFO -     Class 1: 0.0734
2026-01-15 23:54:22,449 - INFO -     Class 2: 0.7397
2026-01-15 23:54:24,585 - INFO -   Batch 1/2: Loss=0.2468, Dice=0.7688
2026-01-15 23:54:25,905 - INFO -   Batch 2/2: Loss=0.2654, Dice=0.8012
2026-01-15 23:54:26,937 - INFO - 
Epoch 69/100 (4.5s):
2026-01-15 23:54:26,937 - INFO -   Train - Loss: 0.2561, Dice: 0.7850
2026-01-15 23:54:26,937 - INFO -   Val   - Loss: 0.7924, Dice: 0.6036
2026-01-15 23:54:26,937 - INFO -   Per-class Dice:
2026-01-15 23:54:26,937 - INFO -     Class 0: 0.9939
2026-01-15 23:54:26,937 - INFO -     Class 1: 0.0781
2026-01-15 23:54:26,937 - INFO -     Class 2: 0.7388
2026-01-15 23:54:29,152 - INFO -   Batch 1/2: Loss=0.2522, Dice=0.7770
2026-01-15 23:54:30,396 - INFO -   Batch 2/2: Loss=0.2517, Dice=0.8001
2026-01-15 23:54:31,422 - INFO -   Learning rate changed from 2.50e-05 to 1.25e-05
2026-01-15 23:54:31,423 - INFO - 
Epoch 70/100 (4.5s):
2026-01-15 23:54:31,423 - INFO -   Train - Loss: 0.2520, Dice: 0.7886
2026-01-15 23:54:31,423 - INFO -   Val   - Loss: 0.7996, Dice: 0.5867
2026-01-15 23:54:31,423 - INFO -   Per-class Dice:
2026-01-15 23:54:31,423 - INFO -     Class 0: 0.9939
2026-01-15 23:54:31,423 - INFO -     Class 1: 0.0729
2026-01-15 23:54:31,423 - INFO -     Class 2: 0.6931
2026-01-15 23:54:33,531 - INFO -   Batch 1/2: Loss=0.2471, Dice=0.7988
2026-01-15 23:54:34,855 - INFO -   Batch 2/2: Loss=0.2611, Dice=0.7683
2026-01-15 23:54:35,865 - INFO - 
Epoch 71/100 (4.4s):
2026-01-15 23:54:35,866 - INFO -   Train - Loss: 0.2541, Dice: 0.7835
2026-01-15 23:54:35,866 - INFO -   Val   - Loss: 0.8018, Dice: 0.5793
2026-01-15 23:54:35,866 - INFO -   Per-class Dice:
2026-01-15 23:54:35,866 - INFO -     Class 0: 0.9939
2026-01-15 23:54:35,866 - INFO -     Class 1: 0.0674
2026-01-15 23:54:35,866 - INFO -     Class 2: 0.6766
2026-01-15 23:54:38,062 - INFO -   Batch 1/2: Loss=0.2535, Dice=0.8073
2026-01-15 23:54:39,313 - INFO -   Batch 2/2: Loss=0.2486, Dice=0.7456
2026-01-15 23:54:40,323 - INFO - 
Epoch 72/100 (4.5s):
2026-01-15 23:54:40,323 - INFO -   Train - Loss: 0.2511, Dice: 0.7764
2026-01-15 23:54:40,323 - INFO -   Val   - Loss: 0.8011, Dice: 0.5801
2026-01-15 23:54:40,323 - INFO -   Per-class Dice:
2026-01-15 23:54:40,324 - INFO -     Class 0: 0.9939
2026-01-15 23:54:40,324 - INFO -     Class 1: 0.0660
2026-01-15 23:54:40,324 - INFO -     Class 2: 0.6805
2026-01-15 23:54:42,549 - INFO -   Batch 1/2: Loss=0.2524, Dice=0.7708
2026-01-15 23:54:43,838 - INFO -   Batch 2/2: Loss=0.2462, Dice=0.8111
2026-01-15 23:54:44,888 - INFO - 
Epoch 73/100 (4.6s):
2026-01-15 23:54:44,888 - INFO -   Train - Loss: 0.2493, Dice: 0.7910
2026-01-15 23:54:44,888 - INFO -   Val   - Loss: 0.7967, Dice: 0.5923
2026-01-15 23:54:44,888 - INFO -   Per-class Dice:
2026-01-15 23:54:44,888 - INFO -     Class 0: 0.9939
2026-01-15 23:54:44,888 - INFO -     Class 1: 0.0719
2026-01-15 23:54:44,888 - INFO -     Class 2: 0.7113
2026-01-15 23:54:47,053 - INFO -   Batch 1/2: Loss=0.2652, Dice=0.7715
2026-01-15 23:54:48,411 - INFO -   Batch 2/2: Loss=0.2236, Dice=0.8108
2026-01-15 23:54:49,457 - INFO - 
Epoch 74/100 (4.6s):
2026-01-15 23:54:49,457 - INFO -   Train - Loss: 0.2444, Dice: 0.7912
2026-01-15 23:54:49,457 - INFO -   Val   - Loss: 0.7927, Dice: 0.6021
2026-01-15 23:54:49,457 - INFO -   Per-class Dice:
2026-01-15 23:54:49,457 - INFO -     Class 0: 0.9938
2026-01-15 23:54:49,457 - INFO -     Class 1: 0.0780
2026-01-15 23:54:49,457 - INFO -     Class 2: 0.7343
2026-01-15 23:54:51,698 - INFO -   Batch 1/2: Loss=0.2513, Dice=0.8160
2026-01-15 23:54:53,049 - INFO -   Batch 2/2: Loss=0.2551, Dice=0.7075
2026-01-15 23:54:54,082 - INFO - 
Epoch 75/100 (4.6s):
2026-01-15 23:54:54,082 - INFO -   Train - Loss: 0.2532, Dice: 0.7618
2026-01-15 23:54:54,082 - INFO -   Val   - Loss: 0.7919, Dice: 0.6020
2026-01-15 23:54:54,082 - INFO -   Per-class Dice:
2026-01-15 23:54:54,082 - INFO -     Class 0: 0.9938
2026-01-15 23:54:54,082 - INFO -     Class 1: 0.0746
2026-01-15 23:54:54,082 - INFO -     Class 2: 0.7376
2026-01-15 23:54:56,319 - INFO -   Batch 1/2: Loss=0.2515, Dice=0.7868
2026-01-15 23:54:57,558 - INFO -   Batch 2/2: Loss=0.2463, Dice=0.7783
2026-01-15 23:54:58,600 - INFO -   Learning rate changed from 1.25e-05 to 6.25e-06
2026-01-15 23:54:58,600 - INFO - 
Epoch 76/100 (4.5s):
2026-01-15 23:54:58,600 - INFO -   Train - Loss: 0.2489, Dice: 0.7826
2026-01-15 23:54:58,600 - INFO -   Val   - Loss: 0.7925, Dice: 0.5999
2026-01-15 23:54:58,601 - INFO -   Per-class Dice:
2026-01-15 23:54:58,601 - INFO -     Class 0: 0.9938
2026-01-15 23:54:58,601 - INFO -     Class 1: 0.0731
2026-01-15 23:54:58,601 - INFO -     Class 2: 0.7327
2026-01-15 23:54:58,601 - INFO - 
Early stopping triggered after 76 epochs
2026-01-15 23:54:58,603 - INFO - 
Training completed. Best validation Dice: 0.6086
2026-01-15 23:54:59,186 - INFO - 
============================================================
2026-01-15 23:54:59,186 - INFO - EVALUATION ON TEST SET
2026-01-15 23:54:59,186 - INFO - ============================================================
2026-01-15 23:55:00,408 - INFO - 
Overall Dice Score: 0.6325 ± 0.0000
2026-01-15 23:55:00,408 - INFO - 
Per-class Dice Scores:
2026-01-15 23:55:00,409 - INFO -   NO-PG : 0.9925 ± 0.0000
2026-01-15 23:55:00,409 - INFO -   PZ    : 0.1787 ± 0.0000
2026-01-15 23:55:00,409 - INFO -   TZ    : 0.7263 ± 0.0000
2026-01-15 23:55:00,409 - INFO - 
Generating prediction visualizations...
2026-01-15 23:55:02,148 - INFO - 
Training completed successfully!
2026-01-15 23:55:02,148 - INFO - Best validation Dice: 0.6086
2026-01-15 23:55:02,148 - INFO - Test Dice: 0.6325
