2026-01-15 22:56:31,454 - INFO - Results will be saved to: exp/FUSION_batch32_epochs100_reweighted_towards_DICE
2026-01-15 22:56:31,455 - INFO - Alive
2026-01-15 22:56:31,455 - INFO - Found 80 patients
2026-01-15 22:56:31,456 - INFO - Train: 51 patients
2026-01-15 22:56:31,456 - INFO - Val: 13 patients
2026-01-15 22:56:31,456 - INFO - Test: 16 patients
2026-01-15 22:56:31,460 - INFO - 
Testing data loading...
2026-01-15 22:56:33,806 - INFO - Batch image shape: torch.Size([32, 1, 256, 256])
2026-01-15 22:56:33,806 - INFO - Batch labels shape: torch.Size([32, 3, 256, 256])
2026-01-15 22:56:34,563 - INFO - Initialized trainer on device: cuda
2026-01-15 22:56:34,563 - INFO - Model parameters: 17,261,955
2026-01-15 22:56:34,563 - INFO - Starting training for 100 epochs
2026-01-15 22:56:37,623 - INFO -   Batch 1/2: Loss=2.0524, Dice=0.0652
2026-01-15 22:56:39,297 - INFO -   Batch 2/2: Loss=1.9263, Dice=0.0648
2026-01-15 22:56:40,336 - INFO -   Saved best model with Dice: 0.0141
2026-01-15 22:56:40,336 - INFO - 
Epoch 1/100 (5.8s):
2026-01-15 22:56:40,336 - INFO -   Train - Loss: 1.9893, Dice: 0.0650
2026-01-15 22:56:40,336 - INFO -   Val   - Loss: 1.0322, Dice: 0.0141
2026-01-15 22:56:40,336 - INFO -   Per-class Dice:
2026-01-15 22:56:40,337 - INFO -     Class 0: 0.0032
2026-01-15 22:56:40,337 - INFO -     Class 1: 0.0092
2026-01-15 22:56:40,337 - INFO -     Class 2: 0.0301
2026-01-15 22:56:42,432 - INFO -   Batch 1/2: Loss=1.8501, Dice=0.0840
2026-01-15 22:56:43,611 - INFO -   Batch 2/2: Loss=1.7857, Dice=0.1067
2026-01-15 22:56:44,702 - INFO -   Saved best model with Dice: 0.0190
2026-01-15 22:56:44,703 - INFO - 
Epoch 2/100 (4.4s):
2026-01-15 22:56:44,703 - INFO -   Train - Loss: 1.8179, Dice: 0.0953
2026-01-15 22:56:44,703 - INFO -   Val   - Loss: 1.0538, Dice: 0.0190
2026-01-15 22:56:44,703 - INFO -   Per-class Dice:
2026-01-15 22:56:44,703 - INFO -     Class 0: 0.0271
2026-01-15 22:56:44,703 - INFO -     Class 1: 0.0000
2026-01-15 22:56:44,703 - INFO -     Class 2: 0.0299
2026-01-15 22:56:46,790 - INFO -   Batch 1/2: Loss=1.7068, Dice=0.1374
2026-01-15 22:56:47,937 - INFO -   Batch 2/2: Loss=1.6570, Dice=0.1321
2026-01-15 22:56:48,841 - INFO - 
Epoch 3/100 (4.1s):
2026-01-15 22:56:48,841 - INFO -   Train - Loss: 1.6819, Dice: 0.1348
2026-01-15 22:56:48,841 - INFO -   Val   - Loss: 1.0501, Dice: 0.0159
2026-01-15 22:56:48,841 - INFO -   Per-class Dice:
2026-01-15 22:56:48,841 - INFO -     Class 0: 0.0179
2026-01-15 22:56:48,841 - INFO -     Class 1: 0.0000
2026-01-15 22:56:48,841 - INFO -     Class 2: 0.0298
2026-01-15 22:56:50,780 - INFO -   Batch 1/2: Loss=1.5905, Dice=0.1134
2026-01-15 22:56:52,034 - INFO -   Batch 2/2: Loss=1.5304, Dice=0.1880
2026-01-15 22:56:52,962 - INFO - 
Epoch 4/100 (4.1s):
2026-01-15 22:56:52,962 - INFO -   Train - Loss: 1.5604, Dice: 0.1507
2026-01-15 22:56:52,962 - INFO -   Val   - Loss: 1.0456, Dice: 0.0131
2026-01-15 22:56:52,962 - INFO -   Per-class Dice:
2026-01-15 22:56:52,962 - INFO -     Class 0: 0.0093
2026-01-15 22:56:52,963 - INFO -     Class 1: 0.0000
2026-01-15 22:56:52,963 - INFO -     Class 2: 0.0299
2026-01-15 22:56:54,982 - INFO -   Batch 1/2: Loss=1.4580, Dice=0.1801
2026-01-15 22:56:56,177 - INFO -   Batch 2/2: Loss=1.4241, Dice=0.1753
2026-01-15 22:56:57,097 - INFO - 
Epoch 5/100 (4.1s):
2026-01-15 22:56:57,097 - INFO -   Train - Loss: 1.4410, Dice: 0.1777
2026-01-15 22:56:57,097 - INFO -   Val   - Loss: 1.0410, Dice: 0.0125
2026-01-15 22:56:57,097 - INFO -   Per-class Dice:
2026-01-15 22:56:57,097 - INFO -     Class 0: 0.0077
2026-01-15 22:56:57,097 - INFO -     Class 1: 0.0000
2026-01-15 22:56:57,097 - INFO -     Class 2: 0.0299
2026-01-15 22:56:59,135 - INFO -   Batch 1/2: Loss=1.3501, Dice=0.2063
2026-01-15 22:57:00,303 - INFO -   Batch 2/2: Loss=1.2858, Dice=0.2152
2026-01-15 22:57:01,237 - INFO - 
Epoch 6/100 (4.1s):
2026-01-15 22:57:01,237 - INFO -   Train - Loss: 1.3180, Dice: 0.2107
2026-01-15 22:57:01,237 - INFO -   Val   - Loss: 1.0333, Dice: 0.0147
2026-01-15 22:57:01,238 - INFO -   Per-class Dice:
2026-01-15 22:57:01,238 - INFO -     Class 0: 0.0139
2026-01-15 22:57:01,238 - INFO -     Class 1: 0.0000
2026-01-15 22:57:01,238 - INFO -     Class 2: 0.0302
2026-01-15 22:57:03,205 - INFO -   Batch 1/2: Loss=1.2131, Dice=0.2352
2026-01-15 22:57:04,448 - INFO -   Batch 2/2: Loss=1.2129, Dice=0.2445
2026-01-15 22:57:05,553 - INFO -   Saved best model with Dice: 0.0276
2026-01-15 22:57:05,554 - INFO - 
Epoch 7/100 (4.3s):
2026-01-15 22:57:05,554 - INFO -   Train - Loss: 1.2130, Dice: 0.2399
2026-01-15 22:57:05,554 - INFO -   Val   - Loss: 1.0298, Dice: 0.0276
2026-01-15 22:57:05,554 - INFO -   Per-class Dice:
2026-01-15 22:57:05,554 - INFO -     Class 0: 0.0377
2026-01-15 22:57:05,554 - INFO -     Class 1: 0.0161
2026-01-15 22:57:05,554 - INFO -     Class 2: 0.0291
2026-01-15 22:57:07,515 - INFO -   Batch 1/2: Loss=1.1377, Dice=0.2578
2026-01-15 22:57:08,773 - INFO -   Batch 2/2: Loss=1.0645, Dice=0.2836
2026-01-15 22:57:09,828 - INFO -   Saved best model with Dice: 0.0420
2026-01-15 22:57:09,828 - INFO - 
Epoch 8/100 (4.3s):
2026-01-15 22:57:09,828 - INFO -   Train - Loss: 1.1011, Dice: 0.2707
2026-01-15 22:57:09,828 - INFO -   Val   - Loss: 1.0257, Dice: 0.0420
2026-01-15 22:57:09,828 - INFO -   Per-class Dice:
2026-01-15 22:57:09,828 - INFO -     Class 0: 0.0864
2026-01-15 22:57:09,828 - INFO -     Class 1: 0.0100
2026-01-15 22:57:09,828 - INFO -     Class 2: 0.0295
2026-01-15 22:57:11,871 - INFO -   Batch 1/2: Loss=1.0212, Dice=0.2982
2026-01-15 22:57:13,023 - INFO -   Batch 2/2: Loss=1.0286, Dice=0.3061
2026-01-15 22:57:14,087 - INFO -   Saved best model with Dice: 0.0591
2026-01-15 22:57:14,087 - INFO - 
Epoch 9/100 (4.3s):
2026-01-15 22:57:14,087 - INFO -   Train - Loss: 1.0249, Dice: 0.3022
2026-01-15 22:57:14,087 - INFO -   Val   - Loss: 1.0275, Dice: 0.0591
2026-01-15 22:57:14,087 - INFO -   Per-class Dice:
2026-01-15 22:57:14,087 - INFO -     Class 0: 0.1576
2026-01-15 22:57:14,087 - INFO -     Class 1: 0.0187
2026-01-15 22:57:14,087 - INFO -     Class 2: 0.0010
2026-01-15 22:57:16,136 - INFO -   Batch 1/2: Loss=0.9373, Dice=0.3392
2026-01-15 22:57:17,364 - INFO -   Batch 2/2: Loss=0.9789, Dice=0.3265
2026-01-15 22:57:18,429 - INFO -   Saved best model with Dice: 0.1002
2026-01-15 22:57:18,430 - INFO - 
Epoch 10/100 (4.3s):
2026-01-15 22:57:18,430 - INFO -   Train - Loss: 0.9581, Dice: 0.3329
2026-01-15 22:57:18,430 - INFO -   Val   - Loss: 1.0177, Dice: 0.1002
2026-01-15 22:57:18,430 - INFO -   Per-class Dice:
2026-01-15 22:57:18,430 - INFO -     Class 0: 0.2830
2026-01-15 22:57:18,430 - INFO -     Class 1: 0.0164
2026-01-15 22:57:18,430 - INFO -     Class 2: 0.0011
2026-01-15 22:57:20,416 - INFO -   Batch 1/2: Loss=0.9027, Dice=0.3631
2026-01-15 22:57:21,608 - INFO -   Batch 2/2: Loss=0.8672, Dice=0.3952
2026-01-15 22:57:22,676 - INFO -   Saved best model with Dice: 0.1481
2026-01-15 22:57:22,676 - INFO - 
Epoch 11/100 (4.2s):
2026-01-15 22:57:22,676 - INFO -   Train - Loss: 0.8849, Dice: 0.3792
2026-01-15 22:57:22,676 - INFO -   Val   - Loss: 1.0111, Dice: 0.1481
2026-01-15 22:57:22,676 - INFO -   Per-class Dice:
2026-01-15 22:57:22,676 - INFO -     Class 0: 0.4082
2026-01-15 22:57:22,676 - INFO -     Class 1: 0.0134
2026-01-15 22:57:22,676 - INFO -     Class 2: 0.0227
2026-01-15 22:57:24,711 - INFO -   Batch 1/2: Loss=0.8394, Dice=0.4063
2026-01-15 22:57:25,854 - INFO -   Batch 2/2: Loss=0.8264, Dice=0.4167
2026-01-15 22:57:26,780 - INFO - 
Epoch 12/100 (4.1s):
2026-01-15 22:57:26,781 - INFO -   Train - Loss: 0.8329, Dice: 0.4115
2026-01-15 22:57:26,781 - INFO -   Val   - Loss: 1.0153, Dice: 0.1030
2026-01-15 22:57:26,781 - INFO -   Per-class Dice:
2026-01-15 22:57:26,781 - INFO -     Class 0: 0.2744
2026-01-15 22:57:26,781 - INFO -     Class 1: 0.0030
2026-01-15 22:57:26,781 - INFO -     Class 2: 0.0315
2026-01-15 22:57:28,761 - INFO -   Batch 1/2: Loss=0.7946, Dice=0.4423
2026-01-15 22:57:29,932 - INFO -   Batch 2/2: Loss=0.7695, Dice=0.4719
2026-01-15 22:57:30,860 - INFO - 
Epoch 13/100 (4.1s):
2026-01-15 22:57:30,860 - INFO -   Train - Loss: 0.7820, Dice: 0.4571
2026-01-15 22:57:30,860 - INFO -   Val   - Loss: 1.0195, Dice: 0.0934
2026-01-15 22:57:30,860 - INFO -   Per-class Dice:
2026-01-15 22:57:30,860 - INFO -     Class 0: 0.2457
2026-01-15 22:57:30,860 - INFO -     Class 1: 0.0022
2026-01-15 22:57:30,860 - INFO -     Class 2: 0.0324
2026-01-15 22:57:32,805 - INFO -   Batch 1/2: Loss=0.7401, Dice=0.5185
2026-01-15 22:57:34,055 - INFO -   Batch 2/2: Loss=0.7606, Dice=0.4679
2026-01-15 22:57:34,997 - INFO - 
Epoch 14/100 (4.1s):
2026-01-15 22:57:34,997 - INFO -   Train - Loss: 0.7504, Dice: 0.4932
2026-01-15 22:57:34,997 - INFO -   Val   - Loss: 1.0167, Dice: 0.1025
2026-01-15 22:57:34,997 - INFO -   Per-class Dice:
2026-01-15 22:57:34,997 - INFO -     Class 0: 0.2731
2026-01-15 22:57:34,997 - INFO -     Class 1: 0.0014
2026-01-15 22:57:34,997 - INFO -     Class 2: 0.0330
2026-01-15 22:57:36,947 - INFO -   Batch 1/2: Loss=0.7236, Dice=0.5225
2026-01-15 22:57:38,189 - INFO -   Batch 2/2: Loss=0.6812, Dice=0.6089
2026-01-15 22:57:39,234 - INFO -   Saved best model with Dice: 0.1561
2026-01-15 22:57:39,235 - INFO - 
Epoch 15/100 (4.2s):
2026-01-15 22:57:39,235 - INFO -   Train - Loss: 0.7024, Dice: 0.5657
2026-01-15 22:57:39,235 - INFO -   Val   - Loss: 1.0033, Dice: 0.1561
2026-01-15 22:57:39,235 - INFO -   Per-class Dice:
2026-01-15 22:57:39,235 - INFO -     Class 0: 0.4306
2026-01-15 22:57:39,235 - INFO -     Class 1: 0.0042
2026-01-15 22:57:39,235 - INFO -     Class 2: 0.0334
2026-01-15 22:57:41,235 - INFO -   Batch 1/2: Loss=0.6823, Dice=0.5966
2026-01-15 22:57:42,389 - INFO -   Batch 2/2: Loss=0.6515, Dice=0.6405
2026-01-15 22:57:43,464 - INFO -   Saved best model with Dice: 0.2278
2026-01-15 22:57:43,464 - INFO - 
Epoch 16/100 (4.2s):
2026-01-15 22:57:43,464 - INFO -   Train - Loss: 0.6669, Dice: 0.6186
2026-01-15 22:57:43,464 - INFO -   Val   - Loss: 0.9898, Dice: 0.2278
2026-01-15 22:57:43,464 - INFO -   Per-class Dice:
2026-01-15 22:57:43,464 - INFO -     Class 0: 0.6308
2026-01-15 22:57:43,464 - INFO -     Class 1: 0.0117
2026-01-15 22:57:43,464 - INFO -     Class 2: 0.0408
2026-01-15 22:57:45,460 - INFO -   Batch 1/2: Loss=0.6267, Dice=0.6422
2026-01-15 22:57:46,658 - INFO -   Batch 2/2: Loss=0.6374, Dice=0.6803
2026-01-15 22:57:47,776 - INFO -   Saved best model with Dice: 0.2925
2026-01-15 22:57:47,776 - INFO - 
Epoch 17/100 (4.3s):
2026-01-15 22:57:47,776 - INFO -   Train - Loss: 0.6320, Dice: 0.6612
2026-01-15 22:57:47,776 - INFO -   Val   - Loss: 0.9762, Dice: 0.2925
2026-01-15 22:57:47,776 - INFO -   Per-class Dice:
2026-01-15 22:57:47,776 - INFO -     Class 0: 0.8083
2026-01-15 22:57:47,776 - INFO -     Class 1: 0.0201
2026-01-15 22:57:47,776 - INFO -     Class 2: 0.0490
2026-01-15 22:57:49,746 - INFO -   Batch 1/2: Loss=0.6168, Dice=0.6672
2026-01-15 22:57:50,965 - INFO -   Batch 2/2: Loss=0.5604, Dice=0.7061
2026-01-15 22:57:52,012 - INFO -   Saved best model with Dice: 0.3358
2026-01-15 22:57:52,012 - INFO - 
Epoch 18/100 (4.2s):
2026-01-15 22:57:52,012 - INFO -   Train - Loss: 0.5886, Dice: 0.6867
2026-01-15 22:57:52,012 - INFO -   Val   - Loss: 0.9577, Dice: 0.3358
2026-01-15 22:57:52,012 - INFO -   Per-class Dice:
2026-01-15 22:57:52,012 - INFO -     Class 0: 0.9683
2026-01-15 22:57:52,012 - INFO -     Class 1: 0.0122
2026-01-15 22:57:52,012 - INFO -     Class 2: 0.0267
2026-01-15 22:57:54,057 - INFO -   Batch 1/2: Loss=0.5658, Dice=0.7069
2026-01-15 22:57:55,184 - INFO -   Batch 2/2: Loss=0.5641, Dice=0.7138
2026-01-15 22:57:56,103 - INFO - 
Epoch 19/100 (4.1s):
2026-01-15 22:57:56,103 - INFO -   Train - Loss: 0.5650, Dice: 0.7104
2026-01-15 22:57:56,103 - INFO -   Val   - Loss: 0.9474, Dice: 0.3292
2026-01-15 22:57:56,103 - INFO -   Per-class Dice:
2026-01-15 22:57:56,103 - INFO -     Class 0: 0.9871
2026-01-15 22:57:56,103 - INFO -     Class 1: 0.0004
2026-01-15 22:57:56,103 - INFO -     Class 2: 0.0002
2026-01-15 22:57:58,124 - INFO -   Batch 1/2: Loss=0.5470, Dice=0.7451
2026-01-15 22:57:59,273 - INFO -   Batch 2/2: Loss=0.5123, Dice=0.7269
2026-01-15 22:58:00,189 - INFO - 
Epoch 20/100 (4.1s):
2026-01-15 22:58:00,189 - INFO -   Train - Loss: 0.5296, Dice: 0.7360
2026-01-15 22:58:00,189 - INFO -   Val   - Loss: 0.9418, Dice: 0.3294
2026-01-15 22:58:00,189 - INFO -   Per-class Dice:
2026-01-15 22:58:00,189 - INFO -     Class 0: 0.9881
2026-01-15 22:58:00,189 - INFO -     Class 1: 0.0000
2026-01-15 22:58:00,189 - INFO -     Class 2: 0.0000
2026-01-15 22:58:02,130 - INFO -   Batch 1/2: Loss=0.5107, Dice=0.7448
2026-01-15 22:58:03,371 - INFO -   Batch 2/2: Loss=0.5111, Dice=0.7008
2026-01-15 22:58:04,282 - INFO - 
Epoch 21/100 (4.1s):
2026-01-15 22:58:04,282 - INFO -   Train - Loss: 0.5109, Dice: 0.7228
2026-01-15 22:58:04,282 - INFO -   Val   - Loss: 0.9411, Dice: 0.3295
2026-01-15 22:58:04,282 - INFO -   Per-class Dice:
2026-01-15 22:58:04,282 - INFO -     Class 0: 0.9879
2026-01-15 22:58:04,282 - INFO -     Class 1: 0.0004
2026-01-15 22:58:04,282 - INFO -     Class 2: 0.0001
2026-01-15 22:58:06,342 - INFO -   Batch 1/2: Loss=0.4940, Dice=0.7563
2026-01-15 22:58:07,509 - INFO -   Batch 2/2: Loss=0.4937, Dice=0.7562
2026-01-15 22:58:08,427 - INFO - 
Epoch 22/100 (4.1s):
2026-01-15 22:58:08,427 - INFO -   Train - Loss: 0.4939, Dice: 0.7562
2026-01-15 22:58:08,427 - INFO -   Val   - Loss: 0.9382, Dice: 0.3294
2026-01-15 22:58:08,427 - INFO -   Per-class Dice:
2026-01-15 22:58:08,427 - INFO -     Class 0: 0.9883
2026-01-15 22:58:08,428 - INFO -     Class 1: 0.0000
2026-01-15 22:58:08,428 - INFO -     Class 2: 0.0000
2026-01-15 22:58:10,435 - INFO -   Batch 1/2: Loss=0.4566, Dice=0.7690
2026-01-15 22:58:11,620 - INFO -   Batch 2/2: Loss=0.4608, Dice=0.7355
2026-01-15 22:58:12,533 - INFO - 
Epoch 23/100 (4.1s):
2026-01-15 22:58:12,534 - INFO -   Train - Loss: 0.4587, Dice: 0.7523
2026-01-15 22:58:12,534 - INFO -   Val   - Loss: 0.9362, Dice: 0.3297
2026-01-15 22:58:12,534 - INFO -   Per-class Dice:
2026-01-15 22:58:12,534 - INFO -     Class 0: 0.9892
2026-01-15 22:58:12,534 - INFO -     Class 1: 0.0000
2026-01-15 22:58:12,534 - INFO -     Class 2: 0.0000
2026-01-15 22:58:14,641 - INFO -   Batch 1/2: Loss=0.4137, Dice=0.7859
2026-01-15 22:58:15,772 - INFO -   Batch 2/2: Loss=0.4996, Dice=0.6804
2026-01-15 22:58:16,686 - INFO - 
Epoch 24/100 (4.2s):
2026-01-15 22:58:16,686 - INFO -   Train - Loss: 0.4566, Dice: 0.7332
2026-01-15 22:58:16,686 - INFO -   Val   - Loss: 0.9355, Dice: 0.3299
2026-01-15 22:58:16,686 - INFO -   Per-class Dice:
2026-01-15 22:58:16,686 - INFO -     Class 0: 0.9897
2026-01-15 22:58:16,686 - INFO -     Class 1: 0.0000
2026-01-15 22:58:16,686 - INFO -     Class 2: 0.0000
2026-01-15 22:58:18,656 - INFO -   Batch 1/2: Loss=0.4321, Dice=0.7717
2026-01-15 22:58:19,841 - INFO -   Batch 2/2: Loss=0.4299, Dice=0.7579
2026-01-15 22:58:20,817 - INFO - 
Epoch 25/100 (4.1s):
2026-01-15 22:58:20,818 - INFO -   Train - Loss: 0.4310, Dice: 0.7648
2026-01-15 22:58:20,818 - INFO -   Val   - Loss: 0.9355, Dice: 0.3299
2026-01-15 22:58:20,818 - INFO -   Per-class Dice:
2026-01-15 22:58:20,818 - INFO -     Class 0: 0.9897
2026-01-15 22:58:20,818 - INFO -     Class 1: 0.0000
2026-01-15 22:58:20,818 - INFO -     Class 2: 0.0000
2026-01-15 22:58:22,829 - INFO -   Batch 1/2: Loss=0.4062, Dice=0.7519
2026-01-15 22:58:24,032 - INFO -   Batch 2/2: Loss=0.4257, Dice=0.7163
2026-01-15 22:58:24,975 - INFO - 
Epoch 26/100 (4.2s):
2026-01-15 22:58:24,975 - INFO -   Train - Loss: 0.4159, Dice: 0.7341
2026-01-15 22:58:24,975 - INFO -   Val   - Loss: 0.9354, Dice: 0.3299
2026-01-15 22:58:24,975 - INFO -   Per-class Dice:
2026-01-15 22:58:24,975 - INFO -     Class 0: 0.9897
2026-01-15 22:58:24,975 - INFO -     Class 1: 0.0000
2026-01-15 22:58:24,975 - INFO -     Class 2: 0.0000
2026-01-15 22:58:26,961 - INFO -   Batch 1/2: Loss=0.4236, Dice=0.6966
2026-01-15 22:58:28,156 - INFO -   Batch 2/2: Loss=0.4037, Dice=0.8155
2026-01-15 22:58:29,085 - INFO - 
Epoch 27/100 (4.1s):
2026-01-15 22:58:29,085 - INFO -   Train - Loss: 0.4136, Dice: 0.7560
2026-01-15 22:58:29,085 - INFO -   Val   - Loss: 0.9348, Dice: 0.3299
2026-01-15 22:58:29,085 - INFO -   Per-class Dice:
2026-01-15 22:58:29,085 - INFO -     Class 0: 0.9897
2026-01-15 22:58:29,085 - INFO -     Class 1: 0.0000
2026-01-15 22:58:29,085 - INFO -     Class 2: 0.0000
2026-01-15 22:58:31,092 - INFO -   Batch 1/2: Loss=0.3910, Dice=0.7766
2026-01-15 22:58:32,250 - INFO -   Batch 2/2: Loss=0.4089, Dice=0.7359
2026-01-15 22:58:33,178 - INFO - 
Epoch 28/100 (4.1s):
2026-01-15 22:58:33,179 - INFO -   Train - Loss: 0.3999, Dice: 0.7563
2026-01-15 22:58:33,179 - INFO -   Val   - Loss: 0.9333, Dice: 0.3299
2026-01-15 22:58:33,179 - INFO -   Per-class Dice:
2026-01-15 22:58:33,179 - INFO -     Class 0: 0.9897
2026-01-15 22:58:33,179 - INFO -     Class 1: 0.0000
2026-01-15 22:58:33,179 - INFO -     Class 2: 0.0000
2026-01-15 22:58:35,147 - INFO -   Batch 1/2: Loss=0.3961, Dice=0.7527
2026-01-15 22:58:36,599 - INFO -   Batch 2/2: Loss=0.3692, Dice=0.7450
2026-01-15 22:58:37,538 - INFO - 
Epoch 29/100 (4.4s):
2026-01-15 22:58:37,538 - INFO -   Train - Loss: 0.3826, Dice: 0.7489
2026-01-15 22:58:37,538 - INFO -   Val   - Loss: 0.9321, Dice: 0.3300
2026-01-15 22:58:37,538 - INFO -   Per-class Dice:
2026-01-15 22:58:37,538 - INFO -     Class 0: 0.9897
2026-01-15 22:58:37,538 - INFO -     Class 1: 0.0000
2026-01-15 22:58:37,538 - INFO -     Class 2: 0.0002
2026-01-15 22:58:39,566 - INFO -   Batch 1/2: Loss=0.4114, Dice=0.7154
2026-01-15 22:58:40,722 - INFO -   Batch 2/2: Loss=0.3408, Dice=0.7892
2026-01-15 22:58:41,651 - INFO - 
Epoch 30/100 (4.1s):
2026-01-15 22:58:41,651 - INFO -   Train - Loss: 0.3761, Dice: 0.7523
2026-01-15 22:58:41,651 - INFO -   Val   - Loss: 0.9314, Dice: 0.3299
2026-01-15 22:58:41,651 - INFO -   Per-class Dice:
2026-01-15 22:58:41,651 - INFO -     Class 0: 0.9897
2026-01-15 22:58:41,651 - INFO -     Class 1: 0.0000
2026-01-15 22:58:41,651 - INFO -     Class 2: 0.0000
2026-01-15 22:58:43,654 - INFO -   Batch 1/2: Loss=0.3646, Dice=0.7477
2026-01-15 22:58:44,888 - INFO -   Batch 2/2: Loss=0.3963, Dice=0.7316
2026-01-15 22:58:45,963 - INFO -   Saved best model with Dice: 0.3441
2026-01-15 22:58:45,963 - INFO - 
Epoch 31/100 (4.3s):
2026-01-15 22:58:45,963 - INFO -   Train - Loss: 0.3805, Dice: 0.7396
2026-01-15 22:58:45,964 - INFO -   Val   - Loss: 0.9296, Dice: 0.3441
2026-01-15 22:58:45,964 - INFO -   Per-class Dice:
2026-01-15 22:58:45,964 - INFO -     Class 0: 0.9898
2026-01-15 22:58:45,964 - INFO -     Class 1: 0.0000
2026-01-15 22:58:45,964 - INFO -     Class 2: 0.0426
2026-01-15 22:58:47,944 - INFO -   Batch 1/2: Loss=0.3481, Dice=0.7602
2026-01-15 22:58:49,146 - INFO -   Batch 2/2: Loss=0.3924, Dice=0.7613
2026-01-15 22:58:50,206 - INFO -   Saved best model with Dice: 0.4040
2026-01-15 22:58:50,206 - INFO - 
Epoch 32/100 (4.2s):
2026-01-15 22:58:50,206 - INFO -   Train - Loss: 0.3702, Dice: 0.7607
2026-01-15 22:58:50,206 - INFO -   Val   - Loss: 0.9246, Dice: 0.4040
2026-01-15 22:58:50,206 - INFO -   Per-class Dice:
2026-01-15 22:58:50,206 - INFO -     Class 0: 0.9906
2026-01-15 22:58:50,207 - INFO -     Class 1: 0.0004
2026-01-15 22:58:50,207 - INFO -     Class 2: 0.2210
2026-01-15 22:58:52,244 - INFO -   Batch 1/2: Loss=0.3588, Dice=0.7794
2026-01-15 22:58:53,424 - INFO -   Batch 2/2: Loss=0.3702, Dice=0.7031
2026-01-15 22:58:54,575 - INFO -   Saved best model with Dice: 0.4578
2026-01-15 22:58:54,575 - INFO - 
Epoch 33/100 (4.4s):
2026-01-15 22:58:54,575 - INFO -   Train - Loss: 0.3645, Dice: 0.7412
2026-01-15 22:58:54,575 - INFO -   Val   - Loss: 0.9195, Dice: 0.4578
2026-01-15 22:58:54,575 - INFO -   Per-class Dice:
2026-01-15 22:58:54,575 - INFO -     Class 0: 0.9913
2026-01-15 22:58:54,575 - INFO -     Class 1: 0.0172
2026-01-15 22:58:54,575 - INFO -     Class 2: 0.3648
2026-01-15 22:58:56,599 - INFO -   Batch 1/2: Loss=0.3458, Dice=0.7483
2026-01-15 22:58:57,768 - INFO -   Batch 2/2: Loss=0.3678, Dice=0.7465
2026-01-15 22:58:58,828 - INFO -   Saved best model with Dice: 0.4849
2026-01-15 22:58:58,828 - INFO - 
Epoch 34/100 (4.3s):
2026-01-15 22:58:58,828 - INFO -   Train - Loss: 0.3568, Dice: 0.7474
2026-01-15 22:58:58,828 - INFO -   Val   - Loss: 0.9164, Dice: 0.4849
2026-01-15 22:58:58,828 - INFO -   Per-class Dice:
2026-01-15 22:58:58,828 - INFO -     Class 0: 0.9917
2026-01-15 22:58:58,828 - INFO -     Class 1: 0.0249
2026-01-15 22:58:58,828 - INFO -     Class 2: 0.4381
2026-01-15 22:59:00,790 - INFO -   Batch 1/2: Loss=0.3587, Dice=0.7370
2026-01-15 22:59:01,988 - INFO -   Batch 2/2: Loss=0.3334, Dice=0.7675
2026-01-15 22:59:03,069 - INFO -   Saved best model with Dice: 0.5496
2026-01-15 22:59:03,069 - INFO - 
Epoch 35/100 (4.2s):
2026-01-15 22:59:03,069 - INFO -   Train - Loss: 0.3460, Dice: 0.7523
2026-01-15 22:59:03,069 - INFO -   Val   - Loss: 0.9102, Dice: 0.5496
2026-01-15 22:59:03,069 - INFO -   Per-class Dice:
2026-01-15 22:59:03,069 - INFO -     Class 0: 0.9929
2026-01-15 22:59:03,069 - INFO -     Class 1: 0.1023
2026-01-15 22:59:03,069 - INFO -     Class 2: 0.5536
2026-01-15 22:59:05,065 - INFO -   Batch 1/2: Loss=0.3344, Dice=0.7755
2026-01-15 22:59:06,272 - INFO -   Batch 2/2: Loss=0.3763, Dice=0.6973
2026-01-15 22:59:07,366 - INFO -   Saved best model with Dice: 0.6066
2026-01-15 22:59:07,366 - INFO - 
Epoch 36/100 (4.3s):
2026-01-15 22:59:07,366 - INFO -   Train - Loss: 0.3554, Dice: 0.7364
2026-01-15 22:59:07,366 - INFO -   Val   - Loss: 0.9050, Dice: 0.6066
2026-01-15 22:59:07,366 - INFO -   Per-class Dice:
2026-01-15 22:59:07,366 - INFO -     Class 0: 0.9939
2026-01-15 22:59:07,366 - INFO -     Class 1: 0.2131
2026-01-15 22:59:07,366 - INFO -     Class 2: 0.6127
2026-01-15 22:59:09,416 - INFO -   Batch 1/2: Loss=0.3568, Dice=0.7094
2026-01-15 22:59:10,561 - INFO -   Batch 2/2: Loss=0.3533, Dice=0.7812
2026-01-15 22:59:11,638 - INFO -   Saved best model with Dice: 0.6343
2026-01-15 22:59:11,638 - INFO - 
Epoch 37/100 (4.3s):
2026-01-15 22:59:11,638 - INFO -   Train - Loss: 0.3550, Dice: 0.7453
2026-01-15 22:59:11,638 - INFO -   Val   - Loss: 0.9023, Dice: 0.6343
2026-01-15 22:59:11,638 - INFO -   Per-class Dice:
2026-01-15 22:59:11,638 - INFO -     Class 0: 0.9942
2026-01-15 22:59:11,638 - INFO -     Class 1: 0.2545
2026-01-15 22:59:11,638 - INFO -     Class 2: 0.6544
2026-01-15 22:59:13,647 - INFO -   Batch 1/2: Loss=0.3587, Dice=0.7598
2026-01-15 22:59:14,828 - INFO -   Batch 2/2: Loss=0.3319, Dice=0.7576
2026-01-15 22:59:15,914 - INFO -   Saved best model with Dice: 0.6898
2026-01-15 22:59:15,914 - INFO - 
Epoch 38/100 (4.3s):
2026-01-15 22:59:15,914 - INFO -   Train - Loss: 0.3453, Dice: 0.7587
2026-01-15 22:59:15,914 - INFO -   Val   - Loss: 0.8950, Dice: 0.6898
2026-01-15 22:59:15,914 - INFO -   Per-class Dice:
2026-01-15 22:59:15,914 - INFO -     Class 0: 0.9946
2026-01-15 22:59:15,914 - INFO -     Class 1: 0.3583
2026-01-15 22:59:15,914 - INFO -     Class 2: 0.7164
2026-01-15 22:59:18,028 - INFO -   Batch 1/2: Loss=0.3173, Dice=0.7938
2026-01-15 22:59:19,167 - INFO -   Batch 2/2: Loss=0.3949, Dice=0.6193
2026-01-15 22:59:20,095 - INFO - 
Epoch 39/100 (4.2s):
2026-01-15 22:59:20,095 - INFO -   Train - Loss: 0.3561, Dice: 0.7065
2026-01-15 22:59:20,095 - INFO -   Val   - Loss: 0.8941, Dice: 0.6889
2026-01-15 22:59:20,095 - INFO -   Per-class Dice:
2026-01-15 22:59:20,095 - INFO -     Class 0: 0.9946
2026-01-15 22:59:20,095 - INFO -     Class 1: 0.3723
2026-01-15 22:59:20,095 - INFO -     Class 2: 0.6999
2026-01-15 22:59:22,103 - INFO -   Batch 1/2: Loss=0.3517, Dice=0.7558
2026-01-15 22:59:23,318 - INFO -   Batch 2/2: Loss=0.3239, Dice=0.7662
2026-01-15 22:59:24,392 - INFO -   Saved best model with Dice: 0.7173
2026-01-15 22:59:24,392 - INFO - 
Epoch 40/100 (4.3s):
2026-01-15 22:59:24,392 - INFO -   Train - Loss: 0.3378, Dice: 0.7610
2026-01-15 22:59:24,392 - INFO -   Val   - Loss: 0.8929, Dice: 0.7173
2026-01-15 22:59:24,392 - INFO -   Per-class Dice:
2026-01-15 22:59:24,392 - INFO -     Class 0: 0.9953
2026-01-15 22:59:24,392 - INFO -     Class 1: 0.4396
2026-01-15 22:59:24,392 - INFO -     Class 2: 0.7169
2026-01-15 22:59:26,340 - INFO -   Batch 1/2: Loss=0.3491, Dice=0.7160
2026-01-15 22:59:27,599 - INFO -   Batch 2/2: Loss=0.3155, Dice=0.7999
2026-01-15 22:59:28,701 - INFO -   Saved best model with Dice: 0.7305
2026-01-15 22:59:28,701 - INFO - 
Epoch 41/100 (4.3s):
2026-01-15 22:59:28,701 - INFO -   Train - Loss: 0.3323, Dice: 0.7579
2026-01-15 22:59:28,701 - INFO -   Val   - Loss: 0.8921, Dice: 0.7305
2026-01-15 22:59:28,701 - INFO -   Per-class Dice:
2026-01-15 22:59:28,701 - INFO -     Class 0: 0.9953
2026-01-15 22:59:28,701 - INFO -     Class 1: 0.4671
2026-01-15 22:59:28,701 - INFO -     Class 2: 0.7291
2026-01-15 22:59:30,713 - INFO -   Batch 1/2: Loss=0.3481, Dice=0.7063
2026-01-15 22:59:31,881 - INFO -   Batch 2/2: Loss=0.3161, Dice=0.7548
2026-01-15 22:59:32,813 - INFO - 
Epoch 42/100 (4.1s):
2026-01-15 22:59:32,813 - INFO -   Train - Loss: 0.3321, Dice: 0.7306
2026-01-15 22:59:32,813 - INFO -   Val   - Loss: 0.8970, Dice: 0.6829
2026-01-15 22:59:32,813 - INFO -   Per-class Dice:
2026-01-15 22:59:32,813 - INFO -     Class 0: 0.9951
2026-01-15 22:59:32,813 - INFO -     Class 1: 0.3545
2026-01-15 22:59:32,813 - INFO -     Class 2: 0.6990
2026-01-15 22:59:34,814 - INFO -   Batch 1/2: Loss=0.3292, Dice=0.7720
2026-01-15 22:59:35,979 - INFO -   Batch 2/2: Loss=0.3450, Dice=0.6941
2026-01-15 22:59:36,916 - INFO - 
Epoch 43/100 (4.1s):
2026-01-15 22:59:36,916 - INFO -   Train - Loss: 0.3371, Dice: 0.7331
2026-01-15 22:59:36,916 - INFO -   Val   - Loss: 0.8932, Dice: 0.7076
2026-01-15 22:59:36,917 - INFO -   Per-class Dice:
2026-01-15 22:59:36,917 - INFO -     Class 0: 0.9952
2026-01-15 22:59:36,917 - INFO -     Class 1: 0.4091
2026-01-15 22:59:36,917 - INFO -     Class 2: 0.7184
2026-01-15 22:59:38,925 - INFO -   Batch 1/2: Loss=0.3391, Dice=0.7245
2026-01-15 22:59:40,137 - INFO -   Batch 2/2: Loss=0.2986, Dice=0.7794
2026-01-15 22:59:41,227 - INFO -   Saved best model with Dice: 0.7426
2026-01-15 22:59:41,227 - INFO - 
Epoch 44/100 (4.3s):
2026-01-15 22:59:41,227 - INFO -   Train - Loss: 0.3189, Dice: 0.7519
2026-01-15 22:59:41,227 - INFO -   Val   - Loss: 0.8856, Dice: 0.7426
2026-01-15 22:59:41,227 - INFO -   Per-class Dice:
2026-01-15 22:59:41,227 - INFO -     Class 0: 0.9945
2026-01-15 22:59:41,227 - INFO -     Class 1: 0.4894
2026-01-15 22:59:41,227 - INFO -     Class 2: 0.7437
2026-01-15 22:59:43,277 - INFO -   Batch 1/2: Loss=0.3263, Dice=0.7369
2026-01-15 22:59:44,453 - INFO -   Batch 2/2: Loss=0.3381, Dice=0.7111
2026-01-15 22:59:45,368 - INFO - 
Epoch 45/100 (4.1s):
2026-01-15 22:59:45,368 - INFO -   Train - Loss: 0.3322, Dice: 0.7240
2026-01-15 22:59:45,368 - INFO -   Val   - Loss: 0.8884, Dice: 0.7364
2026-01-15 22:59:45,368 - INFO -   Per-class Dice:
2026-01-15 22:59:45,368 - INFO -     Class 0: 0.9950
2026-01-15 22:59:45,368 - INFO -     Class 1: 0.4795
2026-01-15 22:59:45,368 - INFO -     Class 2: 0.7347
2026-01-15 22:59:47,418 - INFO -   Batch 1/2: Loss=0.3072, Dice=0.7418
2026-01-15 22:59:48,578 - INFO -   Batch 2/2: Loss=0.3467, Dice=0.7510
2026-01-15 22:59:49,489 - INFO - 
Epoch 46/100 (4.1s):
2026-01-15 22:59:49,489 - INFO -   Train - Loss: 0.3269, Dice: 0.7464
2026-01-15 22:59:49,489 - INFO -   Val   - Loss: 0.8934, Dice: 0.7005
2026-01-15 22:59:49,489 - INFO -   Per-class Dice:
2026-01-15 22:59:49,489 - INFO -     Class 0: 0.9951
2026-01-15 22:59:49,489 - INFO -     Class 1: 0.3953
2026-01-15 22:59:49,489 - INFO -     Class 2: 0.7111
2026-01-15 22:59:51,497 - INFO -   Batch 1/2: Loss=0.3130, Dice=0.7970
2026-01-15 22:59:52,706 - INFO -   Batch 2/2: Loss=0.3425, Dice=0.6447
2026-01-15 22:59:53,626 - INFO - 
Epoch 47/100 (4.1s):
2026-01-15 22:59:53,626 - INFO -   Train - Loss: 0.3277, Dice: 0.7209
2026-01-15 22:59:53,626 - INFO -   Val   - Loss: 0.8880, Dice: 0.7291
2026-01-15 22:59:53,626 - INFO -   Per-class Dice:
2026-01-15 22:59:53,626 - INFO -     Class 0: 0.9945
2026-01-15 22:59:53,626 - INFO -     Class 1: 0.4467
2026-01-15 22:59:53,626 - INFO -     Class 2: 0.7462
2026-01-15 22:59:55,624 - INFO -   Batch 1/2: Loss=0.3200, Dice=0.7028
2026-01-15 22:59:56,759 - INFO -   Batch 2/2: Loss=0.3258, Dice=0.7421
2026-01-15 22:59:57,674 - INFO - 
Epoch 48/100 (4.0s):
2026-01-15 22:59:57,674 - INFO -   Train - Loss: 0.3229, Dice: 0.7224
2026-01-15 22:59:57,675 - INFO -   Val   - Loss: 0.8906, Dice: 0.7194
2026-01-15 22:59:57,675 - INFO -   Per-class Dice:
2026-01-15 22:59:57,675 - INFO -     Class 0: 0.9949
2026-01-15 22:59:57,675 - INFO -     Class 1: 0.4278
2026-01-15 22:59:57,675 - INFO -     Class 2: 0.7354
2026-01-15 22:59:59,724 - INFO -   Batch 1/2: Loss=0.3096, Dice=0.7581
2026-01-15 23:00:00,899 - INFO -   Batch 2/2: Loss=0.3272, Dice=0.7232
2026-01-15 23:00:01,840 - INFO - 
Epoch 49/100 (4.2s):
2026-01-15 23:00:01,840 - INFO -   Train - Loss: 0.3184, Dice: 0.7407
2026-01-15 23:00:01,840 - INFO -   Val   - Loss: 0.8931, Dice: 0.7004
2026-01-15 23:00:01,841 - INFO -   Per-class Dice:
2026-01-15 23:00:01,841 - INFO -     Class 0: 0.9950
2026-01-15 23:00:01,841 - INFO -     Class 1: 0.3872
2026-01-15 23:00:01,841 - INFO -     Class 2: 0.7191
2026-01-15 23:00:03,821 - INFO -   Batch 1/2: Loss=0.3119, Dice=0.7237
2026-01-15 23:00:05,008 - INFO -   Batch 2/2: Loss=0.3253, Dice=0.7845
2026-01-15 23:00:05,880 - INFO -   Learning rate changed from 1.00e-04 to 5.00e-05
2026-01-15 23:00:05,880 - INFO - 
Epoch 50/100 (4.0s):
2026-01-15 23:00:05,880 - INFO -   Train - Loss: 0.3186, Dice: 0.7541
2026-01-15 23:00:05,880 - INFO -   Val   - Loss: 0.8908, Dice: 0.7120
2026-01-15 23:00:05,880 - INFO -   Per-class Dice:
2026-01-15 23:00:05,880 - INFO -     Class 0: 0.9949
2026-01-15 23:00:05,880 - INFO -     Class 1: 0.4072
2026-01-15 23:00:05,880 - INFO -     Class 2: 0.7340
2026-01-15 23:00:07,867 - INFO -   Batch 1/2: Loss=0.3284, Dice=0.6913
2026-01-15 23:00:09,072 - INFO -   Batch 2/2: Loss=0.2957, Dice=0.7802
2026-01-15 23:00:09,978 - INFO - 
Epoch 51/100 (4.1s):
2026-01-15 23:00:09,978 - INFO -   Train - Loss: 0.3121, Dice: 0.7358
2026-01-15 23:00:09,978 - INFO -   Val   - Loss: 0.8893, Dice: 0.7213
2026-01-15 23:00:09,978 - INFO -   Per-class Dice:
2026-01-15 23:00:09,978 - INFO -     Class 0: 0.9947
2026-01-15 23:00:09,978 - INFO -     Class 1: 0.4314
2026-01-15 23:00:09,978 - INFO -     Class 2: 0.7378
2026-01-15 23:00:12,004 - INFO -   Batch 1/2: Loss=0.2976, Dice=0.7622
2026-01-15 23:00:13,161 - INFO -   Batch 2/2: Loss=0.3447, Dice=0.6436
2026-01-15 23:00:14,061 - INFO - 
Epoch 52/100 (4.1s):
2026-01-15 23:00:14,062 - INFO -   Train - Loss: 0.3211, Dice: 0.7029
2026-01-15 23:00:14,062 - INFO -   Val   - Loss: 0.8897, Dice: 0.7216
2026-01-15 23:00:14,062 - INFO -   Per-class Dice:
2026-01-15 23:00:14,062 - INFO -     Class 0: 0.9948
2026-01-15 23:00:14,062 - INFO -     Class 1: 0.4344
2026-01-15 23:00:14,062 - INFO -     Class 2: 0.7357
2026-01-15 23:00:16,062 - INFO -   Batch 1/2: Loss=0.3171, Dice=0.7031
2026-01-15 23:00:17,224 - INFO -   Batch 2/2: Loss=0.2999, Dice=0.7738
2026-01-15 23:00:18,144 - INFO - 
Epoch 53/100 (4.1s):
2026-01-15 23:00:18,145 - INFO -   Train - Loss: 0.3085, Dice: 0.7384
2026-01-15 23:00:18,145 - INFO -   Val   - Loss: 0.8907, Dice: 0.7200
2026-01-15 23:00:18,145 - INFO -   Per-class Dice:
2026-01-15 23:00:18,145 - INFO -     Class 0: 0.9950
2026-01-15 23:00:18,145 - INFO -     Class 1: 0.4256
2026-01-15 23:00:18,145 - INFO -     Class 2: 0.7395
2026-01-15 23:00:20,185 - INFO -   Batch 1/2: Loss=0.3100, Dice=0.7267
2026-01-15 23:00:21,354 - INFO -   Batch 2/2: Loss=0.3055, Dice=0.7769
2026-01-15 23:00:22,280 - INFO - 
Epoch 54/100 (4.1s):
2026-01-15 23:00:22,280 - INFO -   Train - Loss: 0.3077, Dice: 0.7518
2026-01-15 23:00:22,280 - INFO -   Val   - Loss: 0.8891, Dice: 0.7261
2026-01-15 23:00:22,280 - INFO -   Per-class Dice:
2026-01-15 23:00:22,280 - INFO -     Class 0: 0.9949
2026-01-15 23:00:22,280 - INFO -     Class 1: 0.4304
2026-01-15 23:00:22,280 - INFO -     Class 2: 0.7530
2026-01-15 23:00:24,330 - INFO -   Batch 1/2: Loss=0.2992, Dice=0.7281
2026-01-15 23:00:25,459 - INFO -   Batch 2/2: Loss=0.3253, Dice=0.7461
2026-01-15 23:00:26,382 - INFO - 
Epoch 55/100 (4.1s):
2026-01-15 23:00:26,382 - INFO -   Train - Loss: 0.3122, Dice: 0.7371
2026-01-15 23:00:26,382 - INFO -   Val   - Loss: 0.8881, Dice: 0.7262
2026-01-15 23:00:26,382 - INFO -   Per-class Dice:
2026-01-15 23:00:26,382 - INFO -     Class 0: 0.9947
2026-01-15 23:00:26,382 - INFO -     Class 1: 0.4361
2026-01-15 23:00:26,382 - INFO -     Class 2: 0.7479
2026-01-15 23:00:28,410 - INFO -   Batch 1/2: Loss=0.2894, Dice=0.7311
2026-01-15 23:00:29,624 - INFO -   Batch 2/2: Loss=0.3350, Dice=0.7087
2026-01-15 23:00:30,541 - INFO -   Learning rate changed from 5.00e-05 to 2.50e-05
2026-01-15 23:00:30,541 - INFO - 
Epoch 56/100 (4.2s):
2026-01-15 23:00:30,541 - INFO -   Train - Loss: 0.3122, Dice: 0.7199
2026-01-15 23:00:30,541 - INFO -   Val   - Loss: 0.8873, Dice: 0.7241
2026-01-15 23:00:30,541 - INFO -   Per-class Dice:
2026-01-15 23:00:30,541 - INFO -     Class 0: 0.9943
2026-01-15 23:00:30,541 - INFO -     Class 1: 0.4374
2026-01-15 23:00:30,541 - INFO -     Class 2: 0.7405
2026-01-15 23:00:32,642 - INFO -   Batch 1/2: Loss=0.2997, Dice=0.7433
2026-01-15 23:00:33,789 - INFO -   Batch 2/2: Loss=0.3207, Dice=0.6784
2026-01-15 23:00:34,697 - INFO - 
Epoch 57/100 (4.2s):
2026-01-15 23:00:34,697 - INFO -   Train - Loss: 0.3102, Dice: 0.7109
2026-01-15 23:00:34,697 - INFO -   Val   - Loss: 0.8871, Dice: 0.7236
2026-01-15 23:00:34,697 - INFO -   Per-class Dice:
2026-01-15 23:00:34,697 - INFO -     Class 0: 0.9943
2026-01-15 23:00:34,697 - INFO -     Class 1: 0.4388
2026-01-15 23:00:34,697 - INFO -     Class 2: 0.7377
2026-01-15 23:00:36,750 - INFO -   Batch 1/2: Loss=0.3121, Dice=0.7129
2026-01-15 23:00:37,892 - INFO -   Batch 2/2: Loss=0.2934, Dice=0.7499
2026-01-15 23:00:38,822 - INFO - 
Epoch 58/100 (4.1s):
2026-01-15 23:00:38,822 - INFO -   Train - Loss: 0.3028, Dice: 0.7314
2026-01-15 23:00:38,822 - INFO -   Val   - Loss: 0.8880, Dice: 0.7249
2026-01-15 23:00:38,822 - INFO -   Per-class Dice:
2026-01-15 23:00:38,822 - INFO -     Class 0: 0.9947
2026-01-15 23:00:38,822 - INFO -     Class 1: 0.4366
2026-01-15 23:00:38,822 - INFO -     Class 2: 0.7435
2026-01-15 23:00:40,816 - INFO -   Batch 1/2: Loss=0.3123, Dice=0.7050
2026-01-15 23:00:42,023 - INFO -   Batch 2/2: Loss=0.2877, Dice=0.7887
2026-01-15 23:00:42,941 - INFO - 
Epoch 59/100 (4.1s):
2026-01-15 23:00:42,941 - INFO -   Train - Loss: 0.3000, Dice: 0.7469
2026-01-15 23:00:42,941 - INFO -   Val   - Loss: 0.8885, Dice: 0.7291
2026-01-15 23:00:42,941 - INFO -   Per-class Dice:
2026-01-15 23:00:42,941 - INFO -     Class 0: 0.9949
2026-01-15 23:00:42,941 - INFO -     Class 1: 0.4432
2026-01-15 23:00:42,941 - INFO -     Class 2: 0.7491
2026-01-15 23:00:45,006 - INFO -   Batch 1/2: Loss=0.2946, Dice=0.7403
2026-01-15 23:00:46,160 - INFO -   Batch 2/2: Loss=0.3111, Dice=0.7410
2026-01-15 23:00:47,088 - INFO - 
Epoch 60/100 (4.1s):
2026-01-15 23:00:47,088 - INFO -   Train - Loss: 0.3028, Dice: 0.7406
2026-01-15 23:00:47,088 - INFO -   Val   - Loss: 0.8884, Dice: 0.7321
2026-01-15 23:00:47,088 - INFO -   Per-class Dice:
2026-01-15 23:00:47,088 - INFO -     Class 0: 0.9949
2026-01-15 23:00:47,088 - INFO -     Class 1: 0.4510
2026-01-15 23:00:47,088 - INFO -     Class 2: 0.7505
2026-01-15 23:00:49,089 - INFO -   Batch 1/2: Loss=0.3026, Dice=0.7140
2026-01-15 23:00:50,275 - INFO -   Batch 2/2: Loss=0.2937, Dice=0.7756
2026-01-15 23:00:51,197 - INFO - 
Epoch 61/100 (4.1s):
2026-01-15 23:00:51,197 - INFO -   Train - Loss: 0.2981, Dice: 0.7448
2026-01-15 23:00:51,197 - INFO -   Val   - Loss: 0.8882, Dice: 0.7311
2026-01-15 23:00:51,197 - INFO -   Per-class Dice:
2026-01-15 23:00:51,197 - INFO -     Class 0: 0.9948
2026-01-15 23:00:51,197 - INFO -     Class 1: 0.4527
2026-01-15 23:00:51,197 - INFO -     Class 2: 0.7458
2026-01-15 23:00:53,304 - INFO -   Batch 1/2: Loss=0.2933, Dice=0.7318
2026-01-15 23:00:54,382 - INFO -   Batch 2/2: Loss=0.3231, Dice=0.7318
2026-01-15 23:00:55,308 - INFO -   Learning rate changed from 2.50e-05 to 1.25e-05
2026-01-15 23:00:55,309 - INFO - 
Epoch 62/100 (4.1s):
2026-01-15 23:00:55,309 - INFO -   Train - Loss: 0.3082, Dice: 0.7318
2026-01-15 23:00:55,309 - INFO -   Val   - Loss: 0.8882, Dice: 0.7267
2026-01-15 23:00:55,309 - INFO -   Per-class Dice:
2026-01-15 23:00:55,309 - INFO -     Class 0: 0.9946
2026-01-15 23:00:55,309 - INFO -     Class 1: 0.4460
2026-01-15 23:00:55,309 - INFO -     Class 2: 0.7395
2026-01-15 23:00:57,250 - INFO -   Batch 1/2: Loss=0.3152, Dice=0.6992
2026-01-15 23:00:58,499 - INFO -   Batch 2/2: Loss=0.2765, Dice=0.7707
2026-01-15 23:00:59,429 - INFO - 
Epoch 63/100 (4.1s):
2026-01-15 23:00:59,429 - INFO -   Train - Loss: 0.2959, Dice: 0.7350
2026-01-15 23:00:59,429 - INFO -   Val   - Loss: 0.8879, Dice: 0.7248
2026-01-15 23:00:59,429 - INFO -   Per-class Dice:
2026-01-15 23:00:59,429 - INFO -     Class 0: 0.9945
2026-01-15 23:00:59,429 - INFO -     Class 1: 0.4436
2026-01-15 23:00:59,429 - INFO -     Class 2: 0.7363
2026-01-15 23:01:01,468 - INFO -   Batch 1/2: Loss=0.2949, Dice=0.7320
2026-01-15 23:01:02,642 - INFO -   Batch 2/2: Loss=0.3027, Dice=0.7232
2026-01-15 23:01:03,562 - INFO - 
Epoch 64/100 (4.1s):
2026-01-15 23:01:03,562 - INFO -   Train - Loss: 0.2988, Dice: 0.7276
2026-01-15 23:01:03,562 - INFO -   Val   - Loss: 0.8876, Dice: 0.7223
2026-01-15 23:01:03,563 - INFO -   Per-class Dice:
2026-01-15 23:01:03,563 - INFO -     Class 0: 0.9944
2026-01-15 23:01:03,563 - INFO -     Class 1: 0.4387
2026-01-15 23:01:03,563 - INFO -     Class 2: 0.7339
2026-01-15 23:01:05,513 - INFO -   Batch 1/2: Loss=0.3090, Dice=0.7082
2026-01-15 23:01:06,838 - INFO -   Batch 2/2: Loss=0.2818, Dice=0.7627
2026-01-15 23:01:07,755 - INFO - 
Epoch 65/100 (4.2s):
2026-01-15 23:01:07,756 - INFO -   Train - Loss: 0.2954, Dice: 0.7355
2026-01-15 23:01:07,756 - INFO -   Val   - Loss: 0.8875, Dice: 0.7208
2026-01-15 23:01:07,756 - INFO -   Per-class Dice:
2026-01-15 23:01:07,756 - INFO -     Class 0: 0.9943
2026-01-15 23:01:07,756 - INFO -     Class 1: 0.4347
2026-01-15 23:01:07,756 - INFO -     Class 2: 0.7333
2026-01-15 23:01:09,745 - INFO -   Batch 1/2: Loss=0.2943, Dice=0.7610
2026-01-15 23:01:10,986 - INFO -   Batch 2/2: Loss=0.3063, Dice=0.6618
2026-01-15 23:01:11,880 - INFO - 
Epoch 66/100 (4.1s):
2026-01-15 23:01:11,880 - INFO -   Train - Loss: 0.3003, Dice: 0.7114
2026-01-15 23:01:11,880 - INFO -   Val   - Loss: 0.8876, Dice: 0.7226
2026-01-15 23:01:11,880 - INFO -   Per-class Dice:
2026-01-15 23:01:11,880 - INFO -     Class 0: 0.9944
2026-01-15 23:01:11,880 - INFO -     Class 1: 0.4365
2026-01-15 23:01:11,880 - INFO -     Class 2: 0.7369
2026-01-15 23:01:13,882 - INFO -   Batch 1/2: Loss=0.2873, Dice=0.7580
2026-01-15 23:01:15,039 - INFO -   Batch 2/2: Loss=0.3138, Dice=0.6853
2026-01-15 23:01:15,964 - INFO - 
Epoch 67/100 (4.1s):
2026-01-15 23:01:15,964 - INFO -   Train - Loss: 0.3005, Dice: 0.7216
2026-01-15 23:01:15,964 - INFO -   Val   - Loss: 0.8879, Dice: 0.7241
2026-01-15 23:01:15,964 - INFO -   Per-class Dice:
2026-01-15 23:01:15,964 - INFO -     Class 0: 0.9945
2026-01-15 23:01:15,964 - INFO -     Class 1: 0.4390
2026-01-15 23:01:15,964 - INFO -     Class 2: 0.7388
2026-01-15 23:01:17,935 - INFO -   Batch 1/2: Loss=0.2896, Dice=0.7745
2026-01-15 23:01:19,193 - INFO -   Batch 2/2: Loss=0.3341, Dice=0.6314
2026-01-15 23:01:20,134 - INFO -   Learning rate changed from 1.25e-05 to 6.25e-06
2026-01-15 23:01:20,134 - INFO - 
Epoch 68/100 (4.2s):
2026-01-15 23:01:20,134 - INFO -   Train - Loss: 0.3118, Dice: 0.7030
2026-01-15 23:01:20,134 - INFO -   Val   - Loss: 0.8882, Dice: 0.7258
2026-01-15 23:01:20,134 - INFO -   Per-class Dice:
2026-01-15 23:01:20,134 - INFO -     Class 0: 0.9946
2026-01-15 23:01:20,134 - INFO -     Class 1: 0.4422
2026-01-15 23:01:20,134 - INFO -     Class 2: 0.7406
2026-01-15 23:01:22,100 - INFO -   Batch 1/2: Loss=0.2954, Dice=0.7363
2026-01-15 23:01:23,348 - INFO -   Batch 2/2: Loss=0.3007, Dice=0.7315
2026-01-15 23:01:24,281 - INFO - 
Epoch 69/100 (4.1s):
2026-01-15 23:01:24,282 - INFO -   Train - Loss: 0.2981, Dice: 0.7339
2026-01-15 23:01:24,282 - INFO -   Val   - Loss: 0.8885, Dice: 0.7258
2026-01-15 23:01:24,282 - INFO -   Per-class Dice:
2026-01-15 23:01:24,282 - INFO -     Class 0: 0.9947
2026-01-15 23:01:24,282 - INFO -     Class 1: 0.4421
2026-01-15 23:01:24,282 - INFO -     Class 2: 0.7405
2026-01-15 23:01:26,239 - INFO -   Batch 1/2: Loss=0.2933, Dice=0.7460
2026-01-15 23:01:27,513 - INFO -   Batch 2/2: Loss=0.3009, Dice=0.7207
2026-01-15 23:01:28,438 - INFO - 
Epoch 70/100 (4.2s):
2026-01-15 23:01:28,438 - INFO -   Train - Loss: 0.2971, Dice: 0.7334
2026-01-15 23:01:28,438 - INFO -   Val   - Loss: 0.8887, Dice: 0.7244
2026-01-15 23:01:28,438 - INFO -   Per-class Dice:
2026-01-15 23:01:28,438 - INFO -     Class 0: 0.9947
2026-01-15 23:01:28,438 - INFO -     Class 1: 0.4381
2026-01-15 23:01:28,439 - INFO -     Class 2: 0.7404
2026-01-15 23:01:30,420 - INFO -   Batch 1/2: Loss=0.3026, Dice=0.7393
2026-01-15 23:01:31,632 - INFO -   Batch 2/2: Loss=0.2915, Dice=0.7292
2026-01-15 23:01:32,562 - INFO - 
Epoch 71/100 (4.1s):
2026-01-15 23:01:32,562 - INFO -   Train - Loss: 0.2970, Dice: 0.7343
2026-01-15 23:01:32,562 - INFO -   Val   - Loss: 0.8885, Dice: 0.7243
2026-01-15 23:01:32,562 - INFO -   Per-class Dice:
2026-01-15 23:01:32,562 - INFO -     Class 0: 0.9947
2026-01-15 23:01:32,562 - INFO -     Class 1: 0.4371
2026-01-15 23:01:32,562 - INFO -     Class 2: 0.7412
2026-01-15 23:01:34,615 - INFO -   Batch 1/2: Loss=0.2963, Dice=0.7585
2026-01-15 23:01:35,772 - INFO -   Batch 2/2: Loss=0.2996, Dice=0.6938
2026-01-15 23:01:36,683 - INFO - 
Epoch 72/100 (4.1s):
2026-01-15 23:01:36,683 - INFO -   Train - Loss: 0.2980, Dice: 0.7261
2026-01-15 23:01:36,683 - INFO -   Val   - Loss: 0.8883, Dice: 0.7238
2026-01-15 23:01:36,683 - INFO -   Per-class Dice:
2026-01-15 23:01:36,683 - INFO -     Class 0: 0.9946
2026-01-15 23:01:36,683 - INFO -     Class 1: 0.4369
2026-01-15 23:01:36,683 - INFO -     Class 2: 0.7398
2026-01-15 23:01:38,745 - INFO -   Batch 1/2: Loss=0.3064, Dice=0.7220
2026-01-15 23:01:39,911 - INFO -   Batch 2/2: Loss=0.2815, Dice=0.7491
2026-01-15 23:01:40,840 - INFO - 
Epoch 73/100 (4.2s):
2026-01-15 23:01:40,840 - INFO -   Train - Loss: 0.2940, Dice: 0.7356
2026-01-15 23:01:40,841 - INFO -   Val   - Loss: 0.8882, Dice: 0.7234
2026-01-15 23:01:40,841 - INFO -   Per-class Dice:
2026-01-15 23:01:40,841 - INFO -     Class 0: 0.9946
2026-01-15 23:01:40,841 - INFO -     Class 1: 0.4365
2026-01-15 23:01:40,841 - INFO -     Class 2: 0.7391
2026-01-15 23:01:42,890 - INFO -   Batch 1/2: Loss=0.2852, Dice=0.7310
2026-01-15 23:01:44,055 - INFO -   Batch 2/2: Loss=0.3133, Dice=0.7362
2026-01-15 23:01:44,951 - INFO -   Learning rate changed from 6.25e-06 to 3.13e-06
2026-01-15 23:01:44,951 - INFO - 
Epoch 74/100 (4.1s):
2026-01-15 23:01:44,951 - INFO -   Train - Loss: 0.2992, Dice: 0.7336
2026-01-15 23:01:44,951 - INFO -   Val   - Loss: 0.8879, Dice: 0.7228
2026-01-15 23:01:44,951 - INFO -   Per-class Dice:
2026-01-15 23:01:44,951 - INFO -     Class 0: 0.9945
2026-01-15 23:01:44,951 - INFO -     Class 1: 0.4365
2026-01-15 23:01:44,951 - INFO -     Class 2: 0.7374
2026-01-15 23:01:44,951 - INFO - 
Early stopping triggered after 74 epochs
2026-01-15 23:01:44,953 - INFO - 
Training completed. Best validation Dice: 0.7426
2026-01-15 23:01:45,545 - INFO - 
============================================================
2026-01-15 23:01:45,545 - INFO - EVALUATION ON TEST SET
2026-01-15 23:01:45,545 - INFO - ============================================================
2026-01-15 23:01:46,614 - INFO - 
Overall Dice Score: 0.6474 ± 0.0000
2026-01-15 23:01:46,614 - INFO - 
Per-class Dice Scores:
2026-01-15 23:01:46,614 - INFO -   NO-PG : 0.9925 ± 0.0000
2026-01-15 23:01:46,614 - INFO -   PZ    : 0.2758 ± 0.0000
2026-01-15 23:01:46,614 - INFO -   TZ    : 0.6741 ± 0.0000
2026-01-15 23:01:46,614 - INFO - 
Generating prediction visualizations...
2026-01-15 23:01:48,303 - INFO - 
Training completed successfully!
2026-01-15 23:01:48,303 - INFO - Best validation Dice: 0.7426
2026-01-15 23:01:48,303 - INFO - Test Dice: 0.6474

SETUP:
dice_weight=0.8, ce_weight=0.2