2026-01-13 23:12:19,539 - INFO - Logging initialized. Saving to training_20260113_231219.log
2026-01-13 23:12:19,663 - INFO - Found 531 patients
2026-01-13 23:12:19,665 - INFO - Train: 339 patients
2026-01-13 23:12:19,665 - INFO - Val: 85 patients
2026-01-13 23:12:19,665 - INFO - Test: 107 patients
2026-01-13 23:12:19,684 - INFO - 
Testing data loading...
2026-01-13 23:19:43,175 - INFO - Batch image shape: torch.Size([64, 1, 256, 256])
2026-01-13 23:19:43,175 - INFO - Batch labels shape: torch.Size([64, 7, 256, 256])
2026-01-13 23:19:44,124 - INFO - Initialized trainer on device: cuda
2026-01-13 23:19:44,125 - INFO - Model parameters: 17,262,215
2026-01-13 23:19:44,125 - INFO - Starting training for 50 epochs
2026-01-13 23:27:09,317 - INFO -   Batch 1/6: Loss=2.1803, Dice=0.0246
2026-01-13 23:27:09,787 - INFO -   Batch 2/6: Loss=2.0159, Dice=0.0384
2026-01-13 23:27:10,256 - INFO -   Batch 3/6: Loss=1.9089, Dice=0.0437
2026-01-13 23:27:10,726 - INFO -   Batch 4/6: Loss=1.8256, Dice=0.0621
2026-01-13 23:27:11,195 - INFO -   Batch 5/6: Loss=1.7718, Dice=0.0648
2026-01-13 23:27:11,726 - INFO -   Batch 6/6: Loss=1.6958, Dice=0.0752
2026-01-13 23:34:01,642 - INFO -   Saved best model with Dice: 0.0086
2026-01-13 23:34:01,642 - INFO - 
Epoch 1/50 (857.5s):
2026-01-13 23:34:01,642 - INFO -   Train - Loss: 1.8997, Dice: 0.0515
2026-01-13 23:34:01,642 - INFO -   Val   - Loss: 1.2923, Dice: 0.0086
2026-01-13 23:34:01,642 - INFO -   Per-class Dice:
2026-01-13 23:34:01,642 - INFO -     Class 0: 0.0033
2026-01-13 23:34:01,642 - INFO -     Class 1: 0.0000
2026-01-13 23:34:01,642 - INFO -     Class 2: 0.0000
2026-01-13 23:34:01,642 - INFO -     Class 3: 0.0076
2026-01-13 23:34:01,642 - INFO -     Class 4: 0.0000
2026-01-13 23:34:01,642 - INFO -     Class 5: 0.0000
2026-01-13 23:34:01,642 - INFO -     Class 6: 0.0494
2026-01-13 23:41:24,355 - INFO -   Batch 1/6: Loss=1.6376, Dice=0.0828
2026-01-13 23:41:24,823 - INFO -   Batch 2/6: Loss=1.6133, Dice=0.0818
2026-01-13 23:41:25,292 - INFO -   Batch 3/6: Loss=1.5344, Dice=0.0983
2026-01-13 23:41:25,761 - INFO -   Batch 4/6: Loss=1.5076, Dice=0.1008
2026-01-13 23:41:26,230 - INFO -   Batch 5/6: Loss=1.4515, Dice=0.1154
2026-01-13 23:41:26,374 - INFO -   Batch 6/6: Loss=1.4212, Dice=0.1179
2026-01-13 23:48:15,479 - INFO -   Saved best model with Dice: 0.0173
2026-01-13 23:48:15,480 - INFO - 
Epoch 2/50 (853.8s):
2026-01-13 23:48:15,480 - INFO -   Train - Loss: 1.5276, Dice: 0.0995
2026-01-13 23:48:15,480 - INFO -   Val   - Loss: 1.2688, Dice: 0.0173
2026-01-13 23:48:15,480 - INFO -   Per-class Dice:
2026-01-13 23:48:15,480 - INFO -     Class 0: 0.1129
2026-01-13 23:48:15,480 - INFO -     Class 1: 0.0000
2026-01-13 23:48:15,480 - INFO -     Class 2: 0.0000
2026-01-13 23:48:15,480 - INFO -     Class 3: 0.0000
2026-01-13 23:48:15,480 - INFO -     Class 4: 0.0000
2026-01-13 23:48:15,480 - INFO -     Class 5: 0.0000
2026-01-13 23:48:15,480 - INFO -     Class 6: 0.0081
2026-01-13 23:55:39,180 - INFO -   Batch 1/6: Loss=1.3682, Dice=0.1337
2026-01-13 23:55:39,648 - INFO -   Batch 2/6: Loss=1.3354, Dice=0.1450
2026-01-13 23:55:43,248 - INFO -   Batch 3/6: Loss=1.2936, Dice=0.1563
2026-01-13 23:55:43,717 - INFO -   Batch 4/6: Loss=1.2753, Dice=0.1556
2026-01-13 23:55:44,187 - INFO -   Batch 5/6: Loss=1.2232, Dice=0.1637
2026-01-13 23:55:44,330 - INFO -   Batch 6/6: Loss=1.1899, Dice=0.1778
2026-01-14 00:02:31,283 - INFO - 
Epoch 3/50 (855.8s):
2026-01-14 00:02:31,284 - INFO -   Train - Loss: 1.2809, Dice: 0.1554
2026-01-14 00:02:31,284 - INFO -   Val   - Loss: 1.2894, Dice: 0.0145
2026-01-14 00:02:31,284 - INFO -   Per-class Dice:
2026-01-14 00:02:31,284 - INFO -     Class 0: 0.0541
2026-01-14 00:02:31,284 - INFO -     Class 1: 0.0000
2026-01-14 00:02:31,284 - INFO -     Class 2: 0.0000
2026-01-14 00:02:31,284 - INFO -     Class 3: 0.0000
2026-01-14 00:02:31,284 - INFO -     Class 4: 0.0000
2026-01-14 00:02:31,284 - INFO -     Class 5: 0.0000
2026-01-14 00:02:31,284 - INFO -     Class 6: 0.0471
2026-01-14 00:09:54,784 - INFO -   Batch 1/6: Loss=1.1446, Dice=0.1940
2026-01-14 00:09:55,252 - INFO -   Batch 2/6: Loss=1.1181, Dice=0.1985
2026-01-14 00:09:55,720 - INFO -   Batch 3/6: Loss=1.1209, Dice=0.1941
2026-01-14 00:09:56,190 - INFO -   Batch 4/6: Loss=1.0777, Dice=0.2157
2026-01-14 00:09:56,659 - INFO -   Batch 5/6: Loss=1.0577, Dice=0.2176
2026-01-14 00:09:56,802 - INFO -   Batch 6/6: Loss=1.0241, Dice=0.2373
2026-01-14 00:16:44,606 - INFO -   Saved best model with Dice: 0.0350
2026-01-14 00:16:44,606 - INFO - 
Epoch 4/50 (853.3s):
2026-01-14 00:16:44,606 - INFO -   Train - Loss: 1.0905, Dice: 0.2095
2026-01-14 00:16:44,606 - INFO -   Val   - Loss: 1.2746, Dice: 0.0350
2026-01-14 00:16:44,606 - INFO -   Per-class Dice:
2026-01-14 00:16:44,606 - INFO -     Class 0: 0.2042
2026-01-14 00:16:44,606 - INFO -     Class 1: 0.0000
2026-01-14 00:16:44,606 - INFO -     Class 2: 0.0000
2026-01-14 00:16:44,607 - INFO -     Class 3: 0.0000
2026-01-14 00:16:44,607 - INFO -     Class 4: 0.0000
2026-01-14 00:16:44,607 - INFO -     Class 5: 0.0000
2026-01-14 00:16:44,607 - INFO -     Class 6: 0.0409
2026-01-14 00:24:07,561 - INFO -   Batch 1/6: Loss=0.9758, Dice=0.2394
2026-01-14 00:24:08,030 - INFO -   Batch 2/6: Loss=0.9951, Dice=0.2246
2026-01-14 00:24:08,499 - INFO -   Batch 3/6: Loss=0.9781, Dice=0.2485
2026-01-14 00:24:08,968 - INFO -   Batch 4/6: Loss=0.9576, Dice=0.2526
2026-01-14 00:24:09,437 - INFO -   Batch 5/6: Loss=0.9317, Dice=0.2707
2026-01-14 00:24:09,580 - INFO -   Batch 6/6: Loss=0.9247, Dice=0.2776
2026-01-14 00:30:57,013 - INFO -   Saved best model with Dice: 0.1510
2026-01-14 00:30:57,014 - INFO - 
Epoch 5/50 (852.4s):
2026-01-14 00:30:57,014 - INFO -   Train - Loss: 0.9605, Dice: 0.2522
2026-01-14 00:30:57,014 - INFO -   Val   - Loss: 1.1970, Dice: 0.1510
2026-01-14 00:30:57,014 - INFO -   Per-class Dice:
2026-01-14 00:30:57,014 - INFO -     Class 0: 0.9759
2026-01-14 00:30:57,014 - INFO -     Class 1: 0.0000
2026-01-14 00:30:57,014 - INFO -     Class 2: 0.0000
2026-01-14 00:30:57,014 - INFO -     Class 3: 0.0000
2026-01-14 00:30:57,014 - INFO -     Class 4: 0.0000
2026-01-14 00:30:57,014 - INFO -     Class 5: 0.0000
2026-01-14 00:30:57,014 - INFO -     Class 6: 0.0000
2026-01-14 00:38:20,356 - INFO -   Batch 1/6: Loss=0.9020, Dice=0.2772
2026-01-14 00:38:20,826 - INFO -   Batch 2/6: Loss=0.8834, Dice=0.2843
2026-01-14 00:38:21,295 - INFO -   Batch 3/6: Loss=0.8693, Dice=0.3025
2026-01-14 00:38:21,764 - INFO -   Batch 4/6: Loss=0.8623, Dice=0.2998
2026-01-14 00:38:22,234 - INFO -   Batch 5/6: Loss=0.8509, Dice=0.3014
2026-01-14 00:38:22,377 - INFO -   Batch 6/6: Loss=0.8461, Dice=0.3010
2026-01-14 00:45:10,567 - INFO -   Saved best model with Dice: 0.1515
2026-01-14 00:45:10,567 - INFO - 
Epoch 6/50 (853.6s):
2026-01-14 00:45:10,567 - INFO -   Train - Loss: 0.8690, Dice: 0.2943
2026-01-14 00:45:10,567 - INFO -   Val   - Loss: 1.1773, Dice: 0.1515
2026-01-14 00:45:10,567 - INFO -   Per-class Dice:
2026-01-14 00:45:10,567 - INFO -     Class 0: 0.9788
2026-01-14 00:45:10,567 - INFO -     Class 1: 0.0000
2026-01-14 00:45:10,567 - INFO -     Class 2: 0.0000
2026-01-14 00:45:10,567 - INFO -     Class 3: 0.0000
2026-01-14 00:45:10,567 - INFO -     Class 4: 0.0000
2026-01-14 00:45:10,567 - INFO -     Class 5: 0.0000
2026-01-14 00:45:10,567 - INFO -     Class 6: 0.0000
2026-01-14 00:52:34,432 - INFO -   Batch 1/6: Loss=0.8270, Dice=0.3119
2026-01-14 00:52:34,900 - INFO -   Batch 2/6: Loss=0.8196, Dice=0.3158
2026-01-14 00:52:35,369 - INFO -   Batch 3/6: Loss=0.8007, Dice=0.3256
2026-01-14 00:52:35,839 - INFO -   Batch 4/6: Loss=0.8005, Dice=0.3303
2026-01-14 00:52:36,308 - INFO -   Batch 5/6: Loss=0.7805, Dice=0.3401
2026-01-14 00:52:36,451 - INFO -   Batch 6/6: Loss=0.7886, Dice=0.3419
2026-01-14 00:59:23,724 - INFO -   Saved best model with Dice: 0.1517
2026-01-14 00:59:23,725 - INFO - 
Epoch 7/50 (853.2s):
2026-01-14 00:59:23,725 - INFO -   Train - Loss: 0.8028, Dice: 0.3276
2026-01-14 00:59:23,725 - INFO -   Val   - Loss: 1.1670, Dice: 0.1517
2026-01-14 00:59:23,725 - INFO -   Per-class Dice:
2026-01-14 00:59:23,725 - INFO -     Class 0: 0.9800
2026-01-14 00:59:23,725 - INFO -     Class 1: 0.0000
2026-01-14 00:59:23,725 - INFO -     Class 2: 0.0000
2026-01-14 00:59:23,725 - INFO -     Class 3: 0.0003
2026-01-14 00:59:23,725 - INFO -     Class 4: 0.0000
2026-01-14 00:59:23,725 - INFO -     Class 5: 0.0000
2026-01-14 00:59:23,725 - INFO -     Class 6: 0.0000
2026-01-14 01:06:47,014 - INFO -   Batch 1/6: Loss=0.7962, Dice=0.3275
2026-01-14 01:06:47,482 - INFO -   Batch 2/6: Loss=0.7705, Dice=0.3670
2026-01-14 01:06:47,950 - INFO -   Batch 3/6: Loss=0.7845, Dice=0.3664
2026-01-14 01:06:48,420 - INFO -   Batch 4/6: Loss=0.7509, Dice=0.3767
2026-01-14 01:06:48,889 - INFO -   Batch 5/6: Loss=0.7264, Dice=0.3878
2026-01-14 01:06:49,032 - INFO -   Batch 6/6: Loss=0.7500, Dice=0.3518
2026-01-14 01:13:37,582 - INFO -   Saved best model with Dice: 0.1520
2026-01-14 01:13:37,582 - INFO - 
Epoch 8/50 (853.9s):
2026-01-14 01:13:37,582 - INFO -   Train - Loss: 0.7631, Dice: 0.3628
2026-01-14 01:13:37,582 - INFO -   Val   - Loss: 1.1544, Dice: 0.1520
2026-01-14 01:13:37,582 - INFO -   Per-class Dice:
2026-01-14 01:13:37,582 - INFO -     Class 0: 0.9815
2026-01-14 01:13:37,582 - INFO -     Class 1: 0.0000
2026-01-14 01:13:37,582 - INFO -     Class 2: 0.0000
2026-01-14 01:13:37,583 - INFO -     Class 3: 0.0007
2026-01-14 01:13:37,583 - INFO -     Class 4: 0.0000
2026-01-14 01:13:37,583 - INFO -     Class 5: 0.0000
2026-01-14 01:13:37,583 - INFO -     Class 6: 0.0001
2026-01-14 01:21:00,087 - INFO -   Batch 1/6: Loss=0.7268, Dice=0.3808
2026-01-14 01:21:01,168 - INFO -   Batch 2/6: Loss=0.7318, Dice=0.3804
2026-01-14 01:21:01,636 - INFO -   Batch 3/6: Loss=0.7281, Dice=0.3594
2026-01-14 01:21:02,105 - INFO -   Batch 4/6: Loss=0.7288, Dice=0.3886
2026-01-14 01:21:02,574 - INFO -   Batch 5/6: Loss=0.7302, Dice=0.3927
2026-01-14 01:21:02,717 - INFO -   Batch 6/6: Loss=0.7355, Dice=0.3990
2026-01-14 01:27:50,480 - INFO - 
Epoch 9/50 (852.9s):
2026-01-14 01:27:50,481 - INFO -   Train - Loss: 0.7302, Dice: 0.3835
2026-01-14 01:27:50,481 - INFO -   Val   - Loss: 1.1486, Dice: 0.1407
2026-01-14 01:27:50,481 - INFO -   Per-class Dice:
2026-01-14 01:27:50,481 - INFO -     Class 0: 0.9822
2026-01-14 01:27:50,481 - INFO -     Class 1: 0.0000
2026-01-14 01:27:50,481 - INFO -     Class 2: 0.0001
2026-01-14 01:27:50,481 - INFO -     Class 3: 0.0018
2026-01-14 01:27:50,481 - INFO -     Class 4: 0.0000
2026-01-14 01:27:50,481 - INFO -     Class 5: 0.0000
2026-01-14 01:27:50,482 - INFO -     Class 6: 0.0006
2026-01-14 01:35:14,247 - INFO -   Batch 1/6: Loss=0.6990, Dice=0.4329
2026-01-14 01:35:14,716 - INFO -   Batch 2/6: Loss=0.7103, Dice=0.4004
2026-01-14 01:35:15,184 - INFO -   Batch 3/6: Loss=0.7320, Dice=0.3833
2026-01-14 01:35:15,652 - INFO -   Batch 4/6: Loss=0.7104, Dice=0.4066
2026-01-14 01:35:16,122 - INFO -   Batch 5/6: Loss=0.6961, Dice=0.4276
2026-01-14 01:35:16,266 - INFO -   Batch 6/6: Loss=0.6848, Dice=0.4346
2026-01-14 01:42:03,884 - INFO -   Saved best model with Dice: 0.2273
2026-01-14 01:42:03,885 - INFO - 
Epoch 10/50 (853.4s):
2026-01-14 01:42:03,885 - INFO -   Train - Loss: 0.7054, Dice: 0.4142
2026-01-14 01:42:03,885 - INFO -   Val   - Loss: 1.1324, Dice: 0.2273
2026-01-14 01:42:03,885 - INFO -   Per-class Dice:
2026-01-14 01:42:03,885 - INFO -     Class 0: 0.9872
2026-01-14 01:42:03,885 - INFO -     Class 1: 0.0820
2026-01-14 01:42:03,885 - INFO -     Class 2: 0.0030
2026-01-14 01:42:03,885 - INFO -     Class 3: 0.0289
2026-01-14 01:42:03,885 - INFO -     Class 4: 0.0000
2026-01-14 01:42:03,885 - INFO -     Class 5: 0.0000
2026-01-14 01:42:03,885 - INFO -     Class 6: 0.4898
2026-01-14 01:49:27,112 - INFO -   Batch 1/6: Loss=0.6839, Dice=0.4196
2026-01-14 01:49:27,580 - INFO -   Batch 2/6: Loss=0.6949, Dice=0.4181
2026-01-14 01:49:28,049 - INFO -   Batch 3/6: Loss=0.7306, Dice=0.3905
2026-01-14 01:49:28,519 - INFO -   Batch 4/6: Loss=0.6796, Dice=0.4767
2026-01-14 01:49:28,989 - INFO -   Batch 5/6: Loss=0.6848, Dice=0.4544
2026-01-14 01:49:29,132 - INFO -   Batch 6/6: Loss=0.7066, Dice=0.4027
2026-01-14 01:56:16,958 - INFO -   Saved best model with Dice: 0.2340
2026-01-14 01:56:16,958 - INFO - 
Epoch 11/50 (853.1s):
2026-01-14 01:56:16,958 - INFO -   Train - Loss: 0.6967, Dice: 0.4270
2026-01-14 01:56:16,958 - INFO -   Val   - Loss: 1.1254, Dice: 0.2340
2026-01-14 01:56:16,958 - INFO -   Per-class Dice:
2026-01-14 01:56:16,958 - INFO -     Class 0: 0.9884
2026-01-14 01:56:16,958 - INFO -     Class 1: 0.0584
2026-01-14 01:56:16,958 - INFO -     Class 2: 0.0026
2026-01-14 01:56:16,958 - INFO -     Class 3: 0.0764
2026-01-14 01:56:16,958 - INFO -     Class 4: 0.0000
2026-01-14 01:56:16,958 - INFO -     Class 5: 0.0000
2026-01-14 01:56:16,958 - INFO -     Class 6: 0.5121
2026-01-14 02:03:40,179 - INFO -   Batch 1/6: Loss=0.6762, Dice=0.4475
2026-01-14 02:03:40,648 - INFO -   Batch 2/6: Loss=0.7020, Dice=0.4103
2026-01-14 02:03:41,116 - INFO -   Batch 3/6: Loss=0.7011, Dice=0.4031
2026-01-14 02:03:41,585 - INFO -   Batch 4/6: Loss=0.6719, Dice=0.4448
2026-01-14 02:03:42,055 - INFO -   Batch 5/6: Loss=0.6647, Dice=0.4604
2026-01-14 02:03:42,198 - INFO -   Batch 6/6: Loss=0.6771, Dice=0.4391
2026-01-14 02:10:29,848 - INFO -   Saved best model with Dice: 0.3184
2026-01-14 02:10:29,848 - INFO - 
Epoch 12/50 (852.9s):
2026-01-14 02:10:29,848 - INFO -   Train - Loss: 0.6822, Dice: 0.4342
2026-01-14 02:10:29,848 - INFO -   Val   - Loss: 1.1113, Dice: 0.3184
2026-01-14 02:10:29,848 - INFO -   Per-class Dice:
2026-01-14 02:10:29,848 - INFO -     Class 0: 0.9906
2026-01-14 02:10:29,848 - INFO -     Class 1: 0.2720
2026-01-14 02:10:29,848 - INFO -     Class 2: 0.0520
2026-01-14 02:10:29,848 - INFO -     Class 3: 0.2784
2026-01-14 02:10:29,848 - INFO -     Class 4: 0.0000
2026-01-14 02:10:29,848 - INFO -     Class 5: 0.0000
2026-01-14 02:10:29,848 - INFO -     Class 6: 0.6356
2026-01-14 02:17:53,476 - INFO -   Batch 1/6: Loss=0.6736, Dice=0.4485
2026-01-14 02:17:53,945 - INFO -   Batch 2/6: Loss=0.6733, Dice=0.4464
2026-01-14 02:17:54,413 - INFO -   Batch 3/6: Loss=0.6616, Dice=0.4319
2026-01-14 02:17:54,881 - INFO -   Batch 4/6: Loss=0.6658, Dice=0.4394
2026-01-14 02:17:55,350 - INFO -   Batch 5/6: Loss=0.6638, Dice=0.4288
2026-01-14 02:17:55,493 - INFO -   Batch 6/6: Loss=0.6338, Dice=0.5257
2026-01-14 02:24:43,336 - INFO -   Saved best model with Dice: 0.3828
2026-01-14 02:24:43,336 - INFO - 
Epoch 13/50 (853.5s):
2026-01-14 02:24:43,336 - INFO -   Train - Loss: 0.6620, Dice: 0.4534
2026-01-14 02:24:43,336 - INFO -   Val   - Loss: 1.0954, Dice: 0.3828
2026-01-14 02:24:43,336 - INFO -   Per-class Dice:
2026-01-14 02:24:43,336 - INFO -     Class 0: 0.9927
2026-01-14 02:24:43,336 - INFO -     Class 1: 0.3920
2026-01-14 02:24:43,336 - INFO -     Class 2: 0.1815
2026-01-14 02:24:43,336 - INFO -     Class 3: 0.3721
2026-01-14 02:24:43,336 - INFO -     Class 4: 0.0000
2026-01-14 02:24:43,336 - INFO -     Class 5: 0.0000
2026-01-14 02:24:43,336 - INFO -     Class 6: 0.7412
2026-01-14 02:32:05,858 - INFO -   Batch 1/6: Loss=0.6436, Dice=0.4746
2026-01-14 02:32:06,517 - INFO -   Batch 2/6: Loss=0.6514, Dice=0.4698
2026-01-14 02:32:06,985 - INFO -   Batch 3/6: Loss=0.6525, Dice=0.4689
2026-01-14 02:32:07,453 - INFO -   Batch 4/6: Loss=0.6449, Dice=0.4663
2026-01-14 02:32:07,923 - INFO -   Batch 5/6: Loss=0.6574, Dice=0.4590
2026-01-14 02:32:08,066 - INFO -   Batch 6/6: Loss=0.6453, Dice=0.4937
2026-01-14 02:38:55,100 - INFO -   Saved best model with Dice: 0.4135
2026-01-14 02:38:55,100 - INFO - 
Epoch 14/50 (851.8s):
2026-01-14 02:38:55,100 - INFO -   Train - Loss: 0.6492, Dice: 0.4720
2026-01-14 02:38:55,100 - INFO -   Val   - Loss: 1.0828, Dice: 0.4135
2026-01-14 02:38:55,100 - INFO -   Per-class Dice:
2026-01-14 02:38:55,100 - INFO -     Class 0: 0.9945
2026-01-14 02:38:55,100 - INFO -     Class 1: 0.4622
2026-01-14 02:38:55,100 - INFO -     Class 2: 0.1569
2026-01-14 02:38:55,100 - INFO -     Class 3: 0.4683
2026-01-14 02:38:55,100 - INFO -     Class 4: 0.0000
2026-01-14 02:38:55,100 - INFO -     Class 5: 0.0000
2026-01-14 02:38:55,100 - INFO -     Class 6: 0.8127
2026-01-14 02:46:17,715 - INFO -   Batch 1/6: Loss=0.6378, Dice=0.4629
2026-01-14 02:46:18,988 - INFO -   Batch 2/6: Loss=0.6328, Dice=0.4597
2026-01-14 02:46:19,457 - INFO -   Batch 3/6: Loss=0.6441, Dice=0.4717
2026-01-14 02:46:19,927 - INFO -   Batch 4/6: Loss=0.6273, Dice=0.5050
2026-01-14 02:46:20,396 - INFO -   Batch 5/6: Loss=0.6215, Dice=0.4908
2026-01-14 02:46:20,539 - INFO -   Batch 6/6: Loss=0.6521, Dice=0.4343
2026-01-14 02:53:07,779 - INFO -   Saved best model with Dice: 0.4213
2026-01-14 02:53:07,779 - INFO - 
Epoch 15/50 (852.7s):
2026-01-14 02:53:07,779 - INFO -   Train - Loss: 0.6359, Dice: 0.4707
2026-01-14 02:53:07,779 - INFO -   Val   - Loss: 1.0804, Dice: 0.4213
2026-01-14 02:53:07,779 - INFO -   Per-class Dice:
2026-01-14 02:53:07,779 - INFO -     Class 0: 0.9944
2026-01-14 02:53:07,779 - INFO -     Class 1: 0.4570
2026-01-14 02:53:07,779 - INFO -     Class 2: 0.2361
2026-01-14 02:53:07,779 - INFO -     Class 3: 0.4595
2026-01-14 02:53:07,779 - INFO -     Class 4: 0.0000
2026-01-14 02:53:07,779 - INFO -     Class 5: 0.0000
2026-01-14 02:53:07,779 - INFO -     Class 6: 0.8020
2026-01-14 03:00:30,630 - INFO -   Batch 1/6: Loss=0.6208, Dice=0.4994
2026-01-14 03:00:31,098 - INFO -   Batch 2/6: Loss=0.6201, Dice=0.4813
2026-01-14 03:00:31,567 - INFO -   Batch 3/6: Loss=0.6396, Dice=0.4948
2026-01-14 03:00:32,036 - INFO -   Batch 4/6: Loss=0.6117, Dice=0.5235
2026-01-14 03:00:32,505 - INFO -   Batch 5/6: Loss=0.6099, Dice=0.5239
2026-01-14 03:00:32,648 - INFO -   Batch 6/6: Loss=0.6150, Dice=0.5311
2026-01-14 03:07:20,018 - INFO -   Saved best model with Dice: 0.4591
2026-01-14 03:07:20,018 - INFO - 
Epoch 16/50 (852.2s):
2026-01-14 03:07:20,018 - INFO -   Train - Loss: 0.6195, Dice: 0.5090
2026-01-14 03:07:20,018 - INFO -   Val   - Loss: 1.0760, Dice: 0.4591
2026-01-14 03:07:20,018 - INFO -   Per-class Dice:
2026-01-14 03:07:20,018 - INFO -     Class 0: 0.9958
2026-01-14 03:07:20,018 - INFO -     Class 1: 0.4487
2026-01-14 03:07:20,018 - INFO -     Class 2: 0.2027
2026-01-14 03:07:20,018 - INFO -     Class 3: 0.5076
2026-01-14 03:07:20,018 - INFO -     Class 4: 0.0000
2026-01-14 03:07:20,018 - INFO -     Class 5: 0.0000
2026-01-14 03:07:20,018 - INFO -     Class 6: 0.8143
2026-01-14 03:14:42,646 - INFO -   Batch 1/6: Loss=0.6085, Dice=0.5284
2026-01-14 03:14:43,115 - INFO -   Batch 2/6: Loss=0.6171, Dice=0.5072
2026-01-14 03:14:43,583 - INFO -   Batch 3/6: Loss=0.6013, Dice=0.5182
2026-01-14 03:14:44,053 - INFO -   Batch 4/6: Loss=0.6133, Dice=0.5033
2026-01-14 03:14:44,522 - INFO -   Batch 5/6: Loss=0.6135, Dice=0.5140
2026-01-14 03:14:44,665 - INFO -   Batch 6/6: Loss=0.6046, Dice=0.5441
2026-01-14 03:21:34,952 - INFO - 
Epoch 17/50 (854.9s):
2026-01-14 03:21:34,953 - INFO -   Train - Loss: 0.6097, Dice: 0.5192
2026-01-14 03:21:34,953 - INFO -   Val   - Loss: 1.0824, Dice: 0.4066
2026-01-14 03:21:34,953 - INFO -   Per-class Dice:
2026-01-14 03:21:34,953 - INFO -     Class 0: 0.9948
2026-01-14 03:21:34,953 - INFO -     Class 1: 0.4619
2026-01-14 03:21:34,953 - INFO -     Class 2: 0.1832
2026-01-14 03:21:34,953 - INFO -     Class 3: 0.4615
2026-01-14 03:21:34,953 - INFO -     Class 4: 0.0000
2026-01-14 03:21:34,953 - INFO -     Class 5: 0.0000
2026-01-14 03:21:34,953 - INFO -     Class 6: 0.7446
2026-01-14 03:28:57,941 - INFO -   Batch 1/6: Loss=0.6042, Dice=0.5276
2026-01-14 03:28:58,409 - INFO -   Batch 2/6: Loss=0.6001, Dice=0.5328
2026-01-14 03:28:58,878 - INFO -   Batch 3/6: Loss=0.6117, Dice=0.5270
2026-01-14 03:28:59,346 - INFO -   Batch 4/6: Loss=0.6028, Dice=0.5136
2026-01-14 03:28:59,816 - INFO -   Batch 5/6: Loss=0.6197, Dice=0.4839
2026-01-14 03:28:59,959 - INFO -   Batch 6/6: Loss=0.6262, Dice=0.5315
2026-01-14 03:35:47,071 - INFO - 
Epoch 18/50 (852.1s):
2026-01-14 03:35:47,071 - INFO -   Train - Loss: 0.6108, Dice: 0.5194
2026-01-14 03:35:47,071 - INFO -   Val   - Loss: 1.0744, Dice: 0.4183
2026-01-14 03:35:47,071 - INFO -   Per-class Dice:
2026-01-14 03:35:47,071 - INFO -     Class 0: 0.9958
2026-01-14 03:35:47,071 - INFO -     Class 1: 0.4595
2026-01-14 03:35:47,071 - INFO -     Class 2: 0.1821
2026-01-14 03:35:47,071 - INFO -     Class 3: 0.4730
2026-01-14 03:35:47,071 - INFO -     Class 4: 0.0000
2026-01-14 03:35:47,071 - INFO -     Class 5: 0.0000
2026-01-14 03:35:47,072 - INFO -     Class 6: 0.8176
2026-01-14 03:43:10,683 - INFO -   Batch 1/6: Loss=0.5992, Dice=0.5165
2026-01-14 03:43:11,151 - INFO -   Batch 2/6: Loss=0.6109, Dice=0.5226
2026-01-14 03:43:11,619 - INFO -   Batch 3/6: Loss=0.6056, Dice=0.5275
2026-01-14 03:43:12,087 - INFO -   Batch 4/6: Loss=0.6027, Dice=0.5237
2026-01-14 03:43:12,557 - INFO -   Batch 5/6: Loss=0.5850, Dice=0.5526
2026-01-14 03:43:12,700 - INFO -   Batch 6/6: Loss=0.5993, Dice=0.6395
2026-01-14 03:49:59,631 - INFO - 
Epoch 19/50 (852.6s):
2026-01-14 03:49:59,632 - INFO -   Train - Loss: 0.6004, Dice: 0.5470
2026-01-14 03:49:59,632 - INFO -   Val   - Loss: 1.0745, Dice: 0.3247
2026-01-14 03:49:59,632 - INFO -   Per-class Dice:
2026-01-14 03:49:59,632 - INFO -     Class 0: 0.9815
2026-01-14 03:49:59,632 - INFO -     Class 1: 0.2466
2026-01-14 03:49:59,632 - INFO -     Class 2: 0.0993
2026-01-14 03:49:59,632 - INFO -     Class 3: 0.2315
2026-01-14 03:49:59,632 - INFO -     Class 4: 0.0000
2026-01-14 03:49:59,632 - INFO -     Class 5: 0.0000
2026-01-14 03:49:59,632 - INFO -     Class 6: 0.7138
2026-01-14 03:57:22,368 - INFO -   Batch 1/6: Loss=0.6043, Dice=0.5176
2026-01-14 03:57:22,836 - INFO -   Batch 2/6: Loss=0.5802, Dice=0.5396
2026-01-14 03:57:23,305 - INFO -   Batch 3/6: Loss=0.6022, Dice=0.5200
2026-01-14 03:57:23,773 - INFO -   Batch 4/6: Loss=0.5872, Dice=0.5322
2026-01-14 03:57:24,243 - INFO -   Batch 5/6: Loss=0.6077, Dice=0.5380
2026-01-14 03:57:24,387 - INFO -   Batch 6/6: Loss=0.5911, Dice=0.5637
2026-01-14 04:04:11,130 - INFO - 
Epoch 20/50 (851.5s):
2026-01-14 04:04:11,130 - INFO -   Train - Loss: 0.5954, Dice: 0.5352
2026-01-14 04:04:11,130 - INFO -   Val   - Loss: 1.0847, Dice: 0.4250
2026-01-14 04:04:11,130 - INFO -   Per-class Dice:
2026-01-14 04:04:11,130 - INFO -     Class 0: 0.9950
2026-01-14 04:04:11,130 - INFO -     Class 1: 0.4101
2026-01-14 04:04:11,130 - INFO -     Class 2: 0.2847
2026-01-14 04:04:11,130 - INFO -     Class 3: 0.3561
2026-01-14 04:04:11,130 - INFO -     Class 4: 0.0000
2026-01-14 04:04:11,130 - INFO -     Class 5: 0.0000
2026-01-14 04:04:11,130 - INFO -     Class 6: 0.6951
2026-01-14 04:11:35,357 - INFO -   Batch 1/6: Loss=0.5962, Dice=0.5503
2026-01-14 04:11:35,826 - INFO -   Batch 2/6: Loss=0.5822, Dice=0.5643
2026-01-14 04:11:36,295 - INFO -   Batch 3/6: Loss=0.5834, Dice=0.5529
2026-01-14 04:11:36,764 - INFO -   Batch 4/6: Loss=0.5851, Dice=0.5420
2026-01-14 04:11:37,234 - INFO -   Batch 5/6: Loss=0.6181, Dice=0.4873
2026-01-14 04:11:37,377 - INFO -   Batch 6/6: Loss=0.5897, Dice=0.5680
2026-01-14 04:18:25,189 - INFO - 
Epoch 21/50 (854.1s):
2026-01-14 04:18:25,189 - INFO -   Train - Loss: 0.5924, Dice: 0.5441
2026-01-14 04:18:25,189 - INFO -   Val   - Loss: 1.0686, Dice: 0.3862
2026-01-14 04:18:25,189 - INFO -   Per-class Dice:
2026-01-14 04:18:25,189 - INFO -     Class 0: 0.9938
2026-01-14 04:18:25,189 - INFO -     Class 1: 0.3785
2026-01-14 04:18:25,189 - INFO -     Class 2: 0.0671
2026-01-14 04:18:25,189 - INFO -     Class 3: 0.4576
2026-01-14 04:18:25,189 - INFO -     Class 4: 0.0000
2026-01-14 04:18:25,189 - INFO -     Class 5: 0.0000
2026-01-14 04:18:25,189 - INFO -     Class 6: 0.8062
2026-01-14 04:25:48,023 - INFO -   Batch 1/6: Loss=0.5903, Dice=0.5395
2026-01-14 04:25:48,491 - INFO -   Batch 2/6: Loss=0.5838, Dice=0.5504
2026-01-14 04:25:48,960 - INFO -   Batch 3/6: Loss=0.5721, Dice=0.5738
2026-01-14 04:25:49,429 - INFO -   Batch 4/6: Loss=0.5886, Dice=0.5308
2026-01-14 04:25:49,898 - INFO -   Batch 5/6: Loss=0.5834, Dice=0.5568
2026-01-14 04:25:50,042 - INFO -   Batch 6/6: Loss=0.5902, Dice=0.5500
2026-01-14 04:32:37,341 - INFO -   Saved best model with Dice: 0.4685
2026-01-14 04:32:37,341 - INFO - 
Epoch 22/50 (852.2s):
2026-01-14 04:32:37,341 - INFO -   Train - Loss: 0.5847, Dice: 0.5502
2026-01-14 04:32:37,341 - INFO -   Val   - Loss: 1.0709, Dice: 0.4685
2026-01-14 04:32:37,342 - INFO -   Per-class Dice:
2026-01-14 04:32:37,342 - INFO -     Class 0: 0.9952
2026-01-14 04:32:37,342 - INFO -     Class 1: 0.4993
2026-01-14 04:32:37,342 - INFO -     Class 2: 0.1911
2026-01-14 04:32:37,342 - INFO -     Class 3: 0.5336
2026-01-14 04:32:37,342 - INFO -     Class 4: 0.0000
2026-01-14 04:32:37,342 - INFO -     Class 5: 0.0000
2026-01-14 04:32:37,342 - INFO -     Class 6: 0.8142
2026-01-14 04:39:59,873 - INFO -   Batch 1/6: Loss=0.5738, Dice=0.5802
2026-01-14 04:40:00,341 - INFO -   Batch 2/6: Loss=0.5779, Dice=0.5624
2026-01-14 04:40:00,810 - INFO -   Batch 3/6: Loss=0.5660, Dice=0.5781
2026-01-14 04:40:01,279 - INFO -   Batch 4/6: Loss=0.5901, Dice=0.5314
2026-01-14 04:40:01,749 - INFO -   Batch 5/6: Loss=0.5655, Dice=0.5706
2026-01-14 04:40:01,892 - INFO -   Batch 6/6: Loss=0.5504, Dice=0.5790
2026-01-14 04:46:49,171 - INFO - 
Epoch 23/50 (851.8s):
2026-01-14 04:46:49,171 - INFO -   Train - Loss: 0.5706, Dice: 0.5669
2026-01-14 04:46:49,171 - INFO -   Val   - Loss: 1.0660, Dice: 0.4549
2026-01-14 04:46:49,171 - INFO -   Per-class Dice:
2026-01-14 04:46:49,171 - INFO -     Class 0: 0.9962
2026-01-14 04:46:49,171 - INFO -     Class 1: 0.4317
2026-01-14 04:46:49,171 - INFO -     Class 2: 0.1421
2026-01-14 04:46:49,171 - INFO -     Class 3: 0.5407
2026-01-14 04:46:49,171 - INFO -     Class 4: 0.0000
2026-01-14 04:46:49,171 - INFO -     Class 5: 0.0000
2026-01-14 04:46:49,171 - INFO -     Class 6: 0.8344
2026-01-14 04:54:12,256 - INFO -   Batch 1/6: Loss=0.5698, Dice=0.5854
2026-01-14 04:54:12,725 - INFO -   Batch 2/6: Loss=0.5661, Dice=0.5805
2026-01-14 04:54:13,194 - INFO -   Batch 3/6: Loss=0.5668, Dice=0.5918
2026-01-14 04:54:13,663 - INFO -   Batch 4/6: Loss=0.5709, Dice=0.5801
2026-01-14 04:54:14,132 - INFO -   Batch 5/6: Loss=0.5611, Dice=0.5850
2026-01-14 04:54:14,276 - INFO -   Batch 6/6: Loss=0.5454, Dice=0.5549
2026-01-14 05:01:01,194 - INFO - 
Epoch 24/50 (852.0s):
2026-01-14 05:01:01,194 - INFO -   Train - Loss: 0.5633, Dice: 0.5796
2026-01-14 05:01:01,194 - INFO -   Val   - Loss: 1.0710, Dice: 0.4658
2026-01-14 05:01:01,194 - INFO -   Per-class Dice:
2026-01-14 05:01:01,194 - INFO -     Class 0: 0.9964
2026-01-14 05:01:01,194 - INFO -     Class 1: 0.5021
2026-01-14 05:01:01,194 - INFO -     Class 2: 0.2021
2026-01-14 05:01:01,194 - INFO -     Class 3: 0.5285
2026-01-14 05:01:01,194 - INFO -     Class 4: 0.0000
2026-01-14 05:01:01,195 - INFO -     Class 5: 0.0000
2026-01-14 05:01:01,195 - INFO -     Class 6: 0.7862
2026-01-14 05:08:23,751 - INFO -   Batch 1/6: Loss=0.5628, Dice=0.5866
2026-01-14 05:08:24,218 - INFO -   Batch 2/6: Loss=0.5549, Dice=0.5921
2026-01-14 05:08:24,687 - INFO -   Batch 3/6: Loss=0.5626, Dice=0.5774
2026-01-14 05:08:25,157 - INFO -   Batch 4/6: Loss=0.5463, Dice=0.5886
2026-01-14 05:08:25,626 - INFO -   Batch 5/6: Loss=0.5647, Dice=0.5795
2026-01-14 05:08:25,769 - INFO -   Batch 6/6: Loss=0.6185, Dice=0.5081
2026-01-14 05:15:13,677 - INFO - 
Epoch 25/50 (852.5s):
2026-01-14 05:15:13,677 - INFO -   Train - Loss: 0.5683, Dice: 0.5721
2026-01-14 05:15:13,677 - INFO -   Val   - Loss: 1.0667, Dice: 0.4643
2026-01-14 05:15:13,677 - INFO -   Per-class Dice:
2026-01-14 05:15:13,677 - INFO -     Class 0: 0.9965
2026-01-14 05:15:13,677 - INFO -     Class 1: 0.4766
2026-01-14 05:15:13,677 - INFO -     Class 2: 0.1713
2026-01-14 05:15:13,677 - INFO -     Class 3: 0.5234
2026-01-14 05:15:13,677 - INFO -     Class 4: 0.0000
2026-01-14 05:15:13,677 - INFO -     Class 5: 0.0000
2026-01-14 05:15:13,677 - INFO -     Class 6: 0.8410
2026-01-14 05:22:37,456 - INFO -   Batch 1/6: Loss=0.5586, Dice=0.5894
2026-01-14 05:22:37,924 - INFO -   Batch 2/6: Loss=0.5460, Dice=0.6111
2026-01-14 05:22:38,392 - INFO -   Batch 3/6: Loss=0.5607, Dice=0.5945
2026-01-14 05:22:38,861 - INFO -   Batch 4/6: Loss=0.5559, Dice=0.5917
2026-01-14 05:22:39,330 - INFO -   Batch 5/6: Loss=0.5678, Dice=0.5886
2026-01-14 05:22:39,473 - INFO -   Batch 6/6: Loss=0.5736, Dice=0.5960
2026-01-14 05:29:26,526 - INFO - 
Epoch 26/50 (852.8s):
2026-01-14 05:29:26,526 - INFO -   Train - Loss: 0.5604, Dice: 0.5952
2026-01-14 05:29:26,526 - INFO -   Val   - Loss: 1.0637, Dice: 0.4577
2026-01-14 05:29:26,526 - INFO -   Per-class Dice:
2026-01-14 05:29:26,526 - INFO -     Class 0: 0.9954
2026-01-14 05:29:26,526 - INFO -     Class 1: 0.3369
2026-01-14 05:29:26,526 - INFO -     Class 2: 0.2741
2026-01-14 05:29:26,526 - INFO -     Class 3: 0.5157
2026-01-14 05:29:26,526 - INFO -     Class 4: 0.0000
2026-01-14 05:29:26,526 - INFO -     Class 5: 0.0000
2026-01-14 05:29:26,526 - INFO -     Class 6: 0.8380
2026-01-14 05:36:50,116 - INFO -   Batch 1/6: Loss=0.5609, Dice=0.5767
2026-01-14 05:36:50,583 - INFO -   Batch 2/6: Loss=0.5681, Dice=0.5992
2026-01-14 05:36:51,051 - INFO -   Batch 3/6: Loss=0.5457, Dice=0.5950
2026-01-14 05:36:51,521 - INFO -   Batch 4/6: Loss=0.5560, Dice=0.5765
2026-01-14 05:36:51,990 - INFO -   Batch 5/6: Loss=0.5378, Dice=0.6118
2026-01-14 05:36:52,133 - INFO -   Batch 6/6: Loss=0.5694, Dice=0.5760
2026-01-14 05:43:40,461 - INFO -   Saved best model with Dice: 0.4820
2026-01-14 05:43:40,461 - INFO - 
Epoch 27/50 (853.9s):
2026-01-14 05:43:40,461 - INFO -   Train - Loss: 0.5563, Dice: 0.5892
2026-01-14 05:43:40,461 - INFO -   Val   - Loss: 1.0678, Dice: 0.4820
2026-01-14 05:43:40,461 - INFO -   Per-class Dice:
2026-01-14 05:43:40,461 - INFO -     Class 0: 0.9965
2026-01-14 05:43:40,461 - INFO -     Class 1: 0.4892
2026-01-14 05:43:40,461 - INFO -     Class 2: 0.3171
2026-01-14 05:43:40,461 - INFO -     Class 3: 0.4845
2026-01-14 05:43:40,461 - INFO -     Class 4: 0.0000
2026-01-14 05:43:40,461 - INFO -     Class 5: 0.0000
2026-01-14 05:43:40,461 - INFO -     Class 6: 0.8337
2026-01-14 05:51:03,029 - INFO -   Batch 1/6: Loss=0.5426, Dice=0.6095
2026-01-14 05:51:03,497 - INFO -   Batch 2/6: Loss=0.5539, Dice=0.6087
2026-01-14 05:51:03,965 - INFO -   Batch 3/6: Loss=0.5624, Dice=0.5898
2026-01-14 05:51:04,434 - INFO -   Batch 4/6: Loss=0.5529, Dice=0.5962
2026-01-14 05:51:04,903 - INFO -   Batch 5/6: Loss=0.5315, Dice=0.6166
2026-01-14 05:51:05,046 - INFO -   Batch 6/6: Loss=0.5637, Dice=0.5865
2026-01-14 05:57:52,073 - INFO - 
Epoch 28/50 (851.6s):
2026-01-14 05:57:52,073 - INFO -   Train - Loss: 0.5512, Dice: 0.6012
2026-01-14 05:57:52,073 - INFO -   Val   - Loss: 1.0654, Dice: 0.4490
2026-01-14 05:57:52,073 - INFO -   Per-class Dice:
2026-01-14 05:57:52,073 - INFO -     Class 0: 0.9962
2026-01-14 05:57:52,073 - INFO -     Class 1: 0.4812
2026-01-14 05:57:52,073 - INFO -     Class 2: 0.0872
2026-01-14 05:57:52,073 - INFO -     Class 3: 0.5328
2026-01-14 05:57:52,073 - INFO -     Class 4: 0.0000
2026-01-14 05:57:52,073 - INFO -     Class 5: 0.0000
2026-01-14 05:57:52,073 - INFO -     Class 6: 0.8101
2026-01-14 06:05:14,849 - INFO -   Batch 1/6: Loss=0.5292, Dice=0.6134
2026-01-14 06:05:15,319 - INFO -   Batch 2/6: Loss=0.5573, Dice=0.5988
2026-01-14 06:05:15,788 - INFO -   Batch 3/6: Loss=0.5472, Dice=0.5858
2026-01-14 06:05:16,256 - INFO -   Batch 4/6: Loss=0.5317, Dice=0.6181
2026-01-14 06:05:16,725 - INFO -   Batch 5/6: Loss=0.5672, Dice=0.5964
2026-01-14 06:05:16,868 - INFO -   Batch 6/6: Loss=0.5470, Dice=0.5919
2026-01-14 06:12:04,494 - INFO - 
Epoch 29/50 (852.4s):
2026-01-14 06:12:04,494 - INFO -   Train - Loss: 0.5466, Dice: 0.6007
2026-01-14 06:12:04,494 - INFO -   Val   - Loss: 1.0645, Dice: 0.4792
2026-01-14 06:12:04,495 - INFO -   Per-class Dice:
2026-01-14 06:12:04,495 - INFO -     Class 0: 0.9966
2026-01-14 06:12:04,495 - INFO -     Class 1: 0.4306
2026-01-14 06:12:04,495 - INFO -     Class 2: 0.2975
2026-01-14 06:12:04,495 - INFO -     Class 3: 0.5383
2026-01-14 06:12:04,495 - INFO -     Class 4: 0.0000
2026-01-14 06:12:04,495 - INFO -     Class 5: 0.0000
2026-01-14 06:12:04,495 - INFO -     Class 6: 0.8397
2026-01-14 06:19:27,707 - INFO -   Batch 1/6: Loss=0.5570, Dice=0.6165
2026-01-14 06:19:28,175 - INFO -   Batch 2/6: Loss=0.5305, Dice=0.6036
2026-01-14 06:19:28,643 - INFO -   Batch 3/6: Loss=0.5450, Dice=0.5830
2026-01-14 06:19:29,112 - INFO -   Batch 4/6: Loss=0.5384, Dice=0.6058
2026-01-14 06:19:29,581 - INFO -   Batch 5/6: Loss=0.5416, Dice=0.6021
2026-01-14 06:19:29,724 - INFO -   Batch 6/6: Loss=0.5584, Dice=0.5728
2026-01-14 06:26:17,015 - INFO - 
Epoch 30/50 (852.5s):
2026-01-14 06:26:17,016 - INFO -   Train - Loss: 0.5451, Dice: 0.5973
2026-01-14 06:26:17,016 - INFO -   Val   - Loss: 1.0613, Dice: 0.4693
2026-01-14 06:26:17,016 - INFO -   Per-class Dice:
2026-01-14 06:26:17,016 - INFO -     Class 0: 0.9962
2026-01-14 06:26:17,016 - INFO -     Class 1: 0.4617
2026-01-14 06:26:17,016 - INFO -     Class 2: 0.1803
2026-01-14 06:26:17,016 - INFO -     Class 3: 0.5587
2026-01-14 06:26:17,016 - INFO -     Class 4: 0.0000
2026-01-14 06:26:17,016 - INFO -     Class 5: 0.0000
2026-01-14 06:26:17,016 - INFO -     Class 6: 0.8464
2026-01-14 06:33:40,551 - INFO -   Batch 1/6: Loss=0.5352, Dice=0.6287
2026-01-14 06:33:41,019 - INFO -   Batch 2/6: Loss=0.5352, Dice=0.6117
2026-01-14 06:33:41,487 - INFO -   Batch 3/6: Loss=0.5604, Dice=0.5880
2026-01-14 06:33:41,957 - INFO -   Batch 4/6: Loss=0.5459, Dice=0.6046
2026-01-14 06:33:42,426 - INFO -   Batch 5/6: Loss=0.5370, Dice=0.6136
2026-01-14 06:33:42,570 - INFO -   Batch 6/6: Loss=0.5414, Dice=0.6028
2026-01-14 06:40:30,224 - INFO - 
Epoch 31/50 (853.2s):
2026-01-14 06:40:30,224 - INFO -   Train - Loss: 0.5425, Dice: 0.6082
2026-01-14 06:40:30,224 - INFO -   Val   - Loss: 1.0710, Dice: 0.4698
2026-01-14 06:40:30,224 - INFO -   Per-class Dice:
2026-01-14 06:40:30,224 - INFO -     Class 0: 0.9961
2026-01-14 06:40:30,224 - INFO -     Class 1: 0.4643
2026-01-14 06:40:30,224 - INFO -     Class 2: 0.3308
2026-01-14 06:40:30,224 - INFO -     Class 3: 0.4551
2026-01-14 06:40:30,224 - INFO -     Class 4: 0.0000
2026-01-14 06:40:30,224 - INFO -     Class 5: 0.0000
2026-01-14 06:40:30,224 - INFO -     Class 6: 0.7907
2026-01-14 06:47:53,088 - INFO -   Batch 1/6: Loss=0.5626, Dice=0.5928
2026-01-14 06:47:53,556 - INFO -   Batch 2/6: Loss=0.5336, Dice=0.6233
2026-01-14 06:47:54,024 - INFO -   Batch 3/6: Loss=0.5316, Dice=0.6093
2026-01-14 06:47:54,493 - INFO -   Batch 4/6: Loss=0.5154, Dice=0.6231
2026-01-14 06:47:54,962 - INFO -   Batch 5/6: Loss=0.5448, Dice=0.5976
2026-01-14 06:47:55,106 - INFO -   Batch 6/6: Loss=0.5469, Dice=0.7020
2026-01-14 06:54:42,188 - INFO - 
Epoch 32/50 (852.0s):
2026-01-14 06:54:42,188 - INFO -   Train - Loss: 0.5391, Dice: 0.6247
2026-01-14 06:54:42,188 - INFO -   Val   - Loss: 1.0597, Dice: 0.4510
2026-01-14 06:54:42,188 - INFO -   Per-class Dice:
2026-01-14 06:54:42,188 - INFO -     Class 0: 0.9957
2026-01-14 06:54:42,188 - INFO -     Class 1: 0.4406
2026-01-14 06:54:42,188 - INFO -     Class 2: 0.1010
2026-01-14 06:54:42,188 - INFO -     Class 3: 0.5480
2026-01-14 06:54:42,188 - INFO -     Class 4: 0.0000
2026-01-14 06:54:42,188 - INFO -     Class 5: 0.0000
2026-01-14 06:54:42,188 - INFO -     Class 6: 0.8400
2026-01-14 07:02:05,543 - INFO -   Batch 1/6: Loss=0.5260, Dice=0.6182
2026-01-14 07:02:06,011 - INFO -   Batch 2/6: Loss=0.5402, Dice=0.6138
2026-01-14 07:02:06,479 - INFO -   Batch 3/6: Loss=0.5267, Dice=0.6166
2026-01-14 07:02:06,947 - INFO -   Batch 4/6: Loss=0.5444, Dice=0.6056
2026-01-14 07:02:07,416 - INFO -   Batch 5/6: Loss=0.5350, Dice=0.6242
2026-01-14 07:02:07,560 - INFO -   Batch 6/6: Loss=0.5243, Dice=0.6289
2026-01-14 07:08:57,557 - INFO - 
Epoch 33/50 (855.4s):
2026-01-14 07:08:57,557 - INFO -   Train - Loss: 0.5328, Dice: 0.6179
2026-01-14 07:08:57,557 - INFO -   Val   - Loss: 1.0629, Dice: 0.4730
2026-01-14 07:08:57,557 - INFO -   Per-class Dice:
2026-01-14 07:08:57,557 - INFO -     Class 0: 0.9964
2026-01-14 07:08:57,557 - INFO -     Class 1: 0.4670
2026-01-14 07:08:57,557 - INFO -     Class 2: 0.2342
2026-01-14 07:08:57,557 - INFO -     Class 3: 0.5249
2026-01-14 07:08:57,557 - INFO -     Class 4: 0.0000
2026-01-14 07:08:57,558 - INFO -     Class 5: 0.0000
2026-01-14 07:08:57,558 - INFO -     Class 6: 0.8412
2026-01-14 07:16:22,256 - INFO -   Batch 1/6: Loss=0.5259, Dice=0.6228
2026-01-14 07:16:22,725 - INFO -   Batch 2/6: Loss=0.5300, Dice=0.6239
2026-01-14 07:16:23,194 - INFO -   Batch 3/6: Loss=0.5431, Dice=0.5984
2026-01-14 07:16:23,663 - INFO -   Batch 4/6: Loss=0.5375, Dice=0.6179
2026-01-14 07:16:24,132 - INFO -   Batch 5/6: Loss=0.5212, Dice=0.6251
2026-01-14 07:16:24,275 - INFO -   Batch 6/6: Loss=0.5217, Dice=0.6220
2026-01-14 07:23:11,646 - INFO - 
Epoch 34/50 (854.1s):
2026-01-14 07:23:11,647 - INFO -   Train - Loss: 0.5299, Dice: 0.6183
2026-01-14 07:23:11,647 - INFO -   Val   - Loss: 1.0638, Dice: 0.4710
2026-01-14 07:23:11,647 - INFO -   Per-class Dice:
2026-01-14 07:23:11,647 - INFO -     Class 0: 0.9966
2026-01-14 07:23:11,647 - INFO -     Class 1: 0.5103
2026-01-14 07:23:11,647 - INFO -     Class 2: 0.1432
2026-01-14 07:23:11,647 - INFO -     Class 3: 0.5658
2026-01-14 07:23:11,647 - INFO -     Class 4: 0.0000
2026-01-14 07:23:11,647 - INFO -     Class 5: 0.0000
2026-01-14 07:23:11,647 - INFO -     Class 6: 0.8347
2026-01-14 07:30:35,631 - INFO -   Batch 1/6: Loss=0.5307, Dice=0.6346
2026-01-14 07:30:36,101 - INFO -   Batch 2/6: Loss=0.5459, Dice=0.6188
2026-01-14 07:30:36,570 - INFO -   Batch 3/6: Loss=0.5287, Dice=0.6313
2026-01-14 07:30:37,039 - INFO -   Batch 4/6: Loss=0.5296, Dice=0.6359
2026-01-14 07:30:37,508 - INFO -   Batch 5/6: Loss=0.5030, Dice=0.6375
2026-01-14 07:30:37,651 - INFO -   Batch 6/6: Loss=0.5151, Dice=0.6196
2026-01-14 07:37:25,148 - INFO -   Saved best model with Dice: 0.5117
2026-01-14 07:37:25,148 - INFO - 
Epoch 35/50 (853.5s):
2026-01-14 07:37:25,148 - INFO -   Train - Loss: 0.5255, Dice: 0.6296
2026-01-14 07:37:25,148 - INFO -   Val   - Loss: 1.0609, Dice: 0.5117
2026-01-14 07:37:25,148 - INFO -   Per-class Dice:
2026-01-14 07:37:25,148 - INFO -     Class 0: 0.9959
2026-01-14 07:37:25,148 - INFO -     Class 1: 0.4893
2026-01-14 07:37:25,148 - INFO -     Class 2: 0.1529
2026-01-14 07:37:25,148 - INFO -     Class 3: 0.5420
2026-01-14 07:37:25,148 - INFO -     Class 4: 0.0000
2026-01-14 07:37:25,148 - INFO -     Class 5: 0.0000
2026-01-14 07:37:25,148 - INFO -     Class 6: 0.8293
2026-01-14 07:44:47,925 - INFO -   Batch 1/6: Loss=0.5132, Dice=0.6224
2026-01-14 07:44:48,395 - INFO -   Batch 2/6: Loss=0.5390, Dice=0.6078
2026-01-14 07:44:48,864 - INFO -   Batch 3/6: Loss=0.5308, Dice=0.6304
2026-01-14 07:44:49,334 - INFO -   Batch 4/6: Loss=0.5249, Dice=0.6232
2026-01-14 07:44:49,803 - INFO -   Batch 5/6: Loss=0.5329, Dice=0.6284
2026-01-14 07:44:49,946 - INFO -   Batch 6/6: Loss=0.5049, Dice=0.7200
2026-01-14 07:51:37,511 - INFO - 
Epoch 36/50 (852.4s):
2026-01-14 07:51:37,512 - INFO -   Train - Loss: 0.5243, Dice: 0.6387
2026-01-14 07:51:37,512 - INFO -   Val   - Loss: 1.0612, Dice: 0.4808
2026-01-14 07:51:37,512 - INFO -   Per-class Dice:
2026-01-14 07:51:37,512 - INFO -     Class 0: 0.9967
2026-01-14 07:51:37,512 - INFO -     Class 1: 0.5074
2026-01-14 07:51:37,512 - INFO -     Class 2: 0.1923
2026-01-14 07:51:37,512 - INFO -     Class 3: 0.5698
2026-01-14 07:51:37,512 - INFO -     Class 4: 0.0000
2026-01-14 07:51:37,512 - INFO -     Class 5: 0.0000
2026-01-14 07:51:37,512 - INFO -     Class 6: 0.8492
2026-01-14 07:59:00,925 - INFO -   Batch 1/6: Loss=0.5219, Dice=0.6264
2026-01-14 07:59:01,393 - INFO -   Batch 2/6: Loss=0.5275, Dice=0.6335
2026-01-14 07:59:01,861 - INFO -   Batch 3/6: Loss=0.5211, Dice=0.6263
2026-01-14 07:59:02,331 - INFO -   Batch 4/6: Loss=0.5267, Dice=0.6063
2026-01-14 07:59:02,800 - INFO -   Batch 5/6: Loss=0.5419, Dice=0.6050
2026-01-14 07:59:02,943 - INFO -   Batch 6/6: Loss=0.5150, Dice=0.7377
2026-01-14 08:05:50,246 - INFO - 
Epoch 37/50 (852.7s):
2026-01-14 08:05:50,246 - INFO -   Train - Loss: 0.5257, Dice: 0.6392
2026-01-14 08:05:50,246 - INFO -   Val   - Loss: 1.0656, Dice: 0.4469
2026-01-14 08:05:50,246 - INFO -   Per-class Dice:
2026-01-14 08:05:50,246 - INFO -     Class 0: 0.9965
2026-01-14 08:05:50,246 - INFO -     Class 1: 0.4405
2026-01-14 08:05:50,246 - INFO -     Class 2: 0.0860
2026-01-14 08:05:50,246 - INFO -     Class 3: 0.5474
2026-01-14 08:05:50,246 - INFO -     Class 4: 0.0000
2026-01-14 08:05:50,246 - INFO -     Class 5: 0.0000
2026-01-14 08:05:50,246 - INFO -     Class 6: 0.8213
2026-01-14 08:13:12,502 - INFO -   Batch 1/6: Loss=0.5284, Dice=0.6297
2026-01-14 08:13:12,971 - INFO -   Batch 2/6: Loss=0.5359, Dice=0.6336
2026-01-14 08:13:13,439 - INFO -   Batch 3/6: Loss=0.5383, Dice=0.6107
2026-01-14 08:13:13,909 - INFO -   Batch 4/6: Loss=0.5329, Dice=0.6169
2026-01-14 08:13:14,379 - INFO -   Batch 5/6: Loss=0.5071, Dice=0.6298
2026-01-14 08:13:14,522 - INFO -   Batch 6/6: Loss=0.4919, Dice=0.6262
2026-01-14 08:20:01,708 - INFO -   Learning rate changed from 1.00e-04 to 5.00e-05
2026-01-14 08:20:01,708 - INFO - 
Epoch 38/50 (851.5s):
2026-01-14 08:20:01,708 - INFO -   Train - Loss: 0.5224, Dice: 0.6245
2026-01-14 08:20:01,708 - INFO -   Val   - Loss: 1.0608, Dice: 0.4671
2026-01-14 08:20:01,708 - INFO -   Per-class Dice:
2026-01-14 08:20:01,708 - INFO -     Class 0: 0.9960
2026-01-14 08:20:01,709 - INFO -     Class 1: 0.5039
2026-01-14 08:20:01,709 - INFO -     Class 2: 0.1305
2026-01-14 08:20:01,709 - INFO -     Class 3: 0.5643
2026-01-14 08:20:01,709 - INFO -     Class 4: 0.0000
2026-01-14 08:20:01,709 - INFO -     Class 5: 0.0000
2026-01-14 08:20:01,709 - INFO -     Class 6: 0.8333
2026-01-14 08:27:24,151 - INFO -   Batch 1/6: Loss=0.5240, Dice=0.6206
2026-01-14 08:27:24,621 - INFO -   Batch 2/6: Loss=0.5182, Dice=0.6078
2026-01-14 08:27:25,090 - INFO -   Batch 3/6: Loss=0.5358, Dice=0.6369
2026-01-14 08:27:25,559 - INFO -   Batch 4/6: Loss=0.5095, Dice=0.6356
2026-01-14 08:27:26,028 - INFO -   Batch 5/6: Loss=0.5248, Dice=0.6188
2026-01-14 08:27:26,172 - INFO -   Batch 6/6: Loss=0.5205, Dice=0.6381
2026-01-14 08:34:13,302 - INFO - 
Epoch 39/50 (851.6s):
2026-01-14 08:34:13,302 - INFO -   Train - Loss: 0.5221, Dice: 0.6263
2026-01-14 08:34:13,302 - INFO -   Val   - Loss: 1.0603, Dice: 0.4758
2026-01-14 08:34:13,302 - INFO -   Per-class Dice:
2026-01-14 08:34:13,302 - INFO -     Class 0: 0.9968
2026-01-14 08:34:13,302 - INFO -     Class 1: 0.3858
2026-01-14 08:34:13,302 - INFO -     Class 2: 0.3096
2026-01-14 08:34:13,302 - INFO -     Class 3: 0.5417
2026-01-14 08:34:13,302 - INFO -     Class 4: 0.0000
2026-01-14 08:34:13,302 - INFO -     Class 5: 0.0000
2026-01-14 08:34:13,302 - INFO -     Class 6: 0.8448
2026-01-14 08:41:36,434 - INFO -   Batch 1/6: Loss=0.5271, Dice=0.6314
2026-01-14 08:41:36,903 - INFO -   Batch 2/6: Loss=0.5249, Dice=0.6311
2026-01-14 08:41:37,373 - INFO -   Batch 3/6: Loss=0.5337, Dice=0.6309
2026-01-14 08:41:37,842 - INFO -   Batch 4/6: Loss=0.5185, Dice=0.6396
2026-01-14 08:41:38,311 - INFO -   Batch 5/6: Loss=0.4996, Dice=0.6441
2026-01-14 08:41:38,455 - INFO -   Batch 6/6: Loss=0.5116, Dice=0.6217
2026-01-14 08:48:25,785 - INFO -   Saved best model with Dice: 0.5349
2026-01-14 08:48:25,785 - INFO - 
Epoch 40/50 (852.5s):
2026-01-14 08:48:25,785 - INFO -   Train - Loss: 0.5192, Dice: 0.6331
2026-01-14 08:48:25,785 - INFO -   Val   - Loss: 1.0628, Dice: 0.5349
2026-01-14 08:48:25,785 - INFO -   Per-class Dice:
2026-01-14 08:48:25,785 - INFO -     Class 0: 0.9966
2026-01-14 08:48:25,785 - INFO -     Class 1: 0.5018
2026-01-14 08:48:25,785 - INFO -     Class 2: 0.2456
2026-01-14 08:48:25,785 - INFO -     Class 3: 0.5613
2026-01-14 08:48:25,785 - INFO -     Class 4: 0.0000
2026-01-14 08:48:25,785 - INFO -     Class 5: 0.0000
2026-01-14 08:48:25,785 - INFO -     Class 6: 0.8262
2026-01-14 08:55:48,779 - INFO -   Batch 1/6: Loss=0.5111, Dice=0.6355
2026-01-14 08:55:49,247 - INFO -   Batch 2/6: Loss=0.5129, Dice=0.6362
2026-01-14 08:55:49,717 - INFO -   Batch 3/6: Loss=0.5183, Dice=0.6381
2026-01-14 08:55:50,186 - INFO -   Batch 4/6: Loss=0.5265, Dice=0.6339
2026-01-14 08:55:50,655 - INFO -   Batch 5/6: Loss=0.5269, Dice=0.6475
2026-01-14 08:55:50,798 - INFO -   Batch 6/6: Loss=0.4787, Dice=0.7626
2026-01-14 09:02:38,394 - INFO -   Saved best model with Dice: 0.5425
2026-01-14 09:02:38,394 - INFO - 
Epoch 41/50 (852.6s):
2026-01-14 09:02:38,394 - INFO -   Train - Loss: 0.5124, Dice: 0.6590
2026-01-14 09:02:38,394 - INFO -   Val   - Loss: 1.0604, Dice: 0.5425
2026-01-14 09:02:38,394 - INFO -   Per-class Dice:
2026-01-14 09:02:38,394 - INFO -     Class 0: 0.9969
2026-01-14 09:02:38,394 - INFO -     Class 1: 0.4622
2026-01-14 09:02:38,394 - INFO -     Class 2: 0.2877
2026-01-14 09:02:38,394 - INFO -     Class 3: 0.5758
2026-01-14 09:02:38,394 - INFO -     Class 4: 0.0000
2026-01-14 09:02:38,394 - INFO -     Class 5: 0.0000
2026-01-14 09:02:38,394 - INFO -     Class 6: 0.8497
2026-01-14 09:10:01,023 - INFO -   Batch 1/6: Loss=0.5323, Dice=0.6373
2026-01-14 09:10:01,491 - INFO -   Batch 2/6: Loss=0.5092, Dice=0.6484
2026-01-14 09:10:01,960 - INFO -   Batch 3/6: Loss=0.5033, Dice=0.6482
2026-01-14 09:10:02,429 - INFO -   Batch 4/6: Loss=0.5202, Dice=0.6312
2026-01-14 09:10:02,899 - INFO -   Batch 5/6: Loss=0.5093, Dice=0.6563
2026-01-14 09:10:03,043 - INFO -   Batch 6/6: Loss=0.5275, Dice=0.6308
2026-01-14 09:16:50,327 - INFO - 
Epoch 42/50 (851.9s):
2026-01-14 09:16:50,327 - INFO -   Train - Loss: 0.5170, Dice: 0.6420
2026-01-14 09:16:50,327 - INFO -   Val   - Loss: 1.0633, Dice: 0.5227
2026-01-14 09:16:50,327 - INFO -   Per-class Dice:
2026-01-14 09:16:50,327 - INFO -     Class 0: 0.9966
2026-01-14 09:16:50,327 - INFO -     Class 1: 0.5105
2026-01-14 09:16:50,327 - INFO -     Class 2: 0.1586
2026-01-14 09:16:50,327 - INFO -     Class 3: 0.5629
2026-01-14 09:16:50,327 - INFO -     Class 4: 0.0000
2026-01-14 09:16:50,327 - INFO -     Class 5: 0.0000
2026-01-14 09:16:50,327 - INFO -     Class 6: 0.8335
2026-01-14 09:24:13,680 - INFO -   Batch 1/6: Loss=0.5081, Dice=0.6475
2026-01-14 09:24:14,148 - INFO -   Batch 2/6: Loss=0.5267, Dice=0.6461
2026-01-14 09:24:14,616 - INFO -   Batch 3/6: Loss=0.5158, Dice=0.6438
2026-01-14 09:24:15,086 - INFO -   Batch 4/6: Loss=0.5116, Dice=0.6515
2026-01-14 09:24:15,555 - INFO -   Batch 5/6: Loss=0.5045, Dice=0.6459
2026-01-14 09:24:15,698 - INFO -   Batch 6/6: Loss=0.5096, Dice=0.6472
2026-01-14 09:31:03,174 - INFO - 
Epoch 43/50 (852.8s):
2026-01-14 09:31:03,174 - INFO -   Train - Loss: 0.5127, Dice: 0.6470
2026-01-14 09:31:03,174 - INFO -   Val   - Loss: 1.0601, Dice: 0.5311
2026-01-14 09:31:03,174 - INFO -   Per-class Dice:
2026-01-14 09:31:03,174 - INFO -     Class 0: 0.9968
2026-01-14 09:31:03,174 - INFO -     Class 1: 0.4369
2026-01-14 09:31:03,174 - INFO -     Class 2: 0.2497
2026-01-14 09:31:03,174 - INFO -     Class 3: 0.5789
2026-01-14 09:31:03,174 - INFO -     Class 4: 0.0000
2026-01-14 09:31:03,174 - INFO -     Class 5: 0.0000
2026-01-14 09:31:03,174 - INFO -     Class 6: 0.8481
2026-01-14 09:38:26,306 - INFO -   Batch 1/6: Loss=0.5204, Dice=0.6490
2026-01-14 09:38:26,774 - INFO -   Batch 2/6: Loss=0.5065, Dice=0.6379
2026-01-14 09:38:27,242 - INFO -   Batch 3/6: Loss=0.5167, Dice=0.6462
2026-01-14 09:38:27,712 - INFO -   Batch 4/6: Loss=0.5071, Dice=0.6468
2026-01-14 09:38:28,181 - INFO -   Batch 5/6: Loss=0.5100, Dice=0.6459
2026-01-14 09:38:28,324 - INFO -   Batch 6/6: Loss=0.5151, Dice=0.6508
2026-01-14 09:45:15,797 - INFO -   Learning rate changed from 5.00e-05 to 2.50e-05
2026-01-14 09:45:15,798 - INFO - 
Epoch 44/50 (852.6s):
2026-01-14 09:45:15,798 - INFO -   Train - Loss: 0.5126, Dice: 0.6461
2026-01-14 09:45:15,798 - INFO -   Val   - Loss: 1.0621, Dice: 0.5128
2026-01-14 09:45:15,798 - INFO -   Per-class Dice:
2026-01-14 09:45:15,798 - INFO -     Class 0: 0.9967
2026-01-14 09:45:15,798 - INFO -     Class 1: 0.5082
2026-01-14 09:45:15,798 - INFO -     Class 2: 0.0816
2026-01-14 09:45:15,798 - INFO -     Class 3: 0.5736
2026-01-14 09:45:15,798 - INFO -     Class 4: 0.0000
2026-01-14 09:45:15,798 - INFO -     Class 5: 0.0000
2026-01-14 09:45:15,798 - INFO -     Class 6: 0.8403
2026-01-14 09:52:46,105 - INFO -   Batch 1/6: Loss=0.5104, Dice=0.6485
2026-01-14 09:52:46,573 - INFO -   Batch 2/6: Loss=0.5072, Dice=0.6442
2026-01-14 09:52:47,041 - INFO -   Batch 3/6: Loss=0.5043, Dice=0.6583
2026-01-14 09:52:47,511 - INFO -   Batch 4/6: Loss=0.5203, Dice=0.6409
2026-01-14 09:52:47,980 - INFO -   Batch 5/6: Loss=0.5063, Dice=0.6490
2026-01-14 09:52:48,124 - INFO -   Batch 6/6: Loss=0.5200, Dice=0.6560
2026-01-14 09:59:35,224 - INFO - 
Epoch 45/50 (859.4s):
2026-01-14 09:59:35,224 - INFO -   Train - Loss: 0.5114, Dice: 0.6495
2026-01-14 09:59:35,224 - INFO -   Val   - Loss: 1.0605, Dice: 0.5339
2026-01-14 09:59:35,224 - INFO -   Per-class Dice:
2026-01-14 09:59:35,224 - INFO -     Class 0: 0.9968
2026-01-14 09:59:35,224 - INFO -     Class 1: 0.4638
2026-01-14 09:59:35,224 - INFO -     Class 2: 0.2272
2026-01-14 09:59:35,224 - INFO -     Class 3: 0.5906
2026-01-14 09:59:35,224 - INFO -     Class 4: 0.0000
2026-01-14 09:59:35,224 - INFO -     Class 5: 0.0000
2026-01-14 09:59:35,224 - INFO -     Class 6: 0.8451
2026-01-14 10:06:57,826 - INFO -   Batch 1/6: Loss=0.5089, Dice=0.6508
2026-01-14 10:06:58,295 - INFO -   Batch 2/6: Loss=0.5080, Dice=0.6514
2026-01-14 10:06:58,763 - INFO -   Batch 3/6: Loss=0.5108, Dice=0.6493
2026-01-14 10:06:59,231 - INFO -   Batch 4/6: Loss=0.5009, Dice=0.6581
2026-01-14 10:06:59,701 - INFO -   Batch 5/6: Loss=0.5168, Dice=0.6564
2026-01-14 10:06:59,844 - INFO -   Batch 6/6: Loss=0.5159, Dice=0.6459
2026-01-14 10:13:47,437 - INFO - 
Epoch 46/50 (852.2s):
2026-01-14 10:13:47,438 - INFO -   Train - Loss: 0.5102, Dice: 0.6520
2026-01-14 10:13:47,438 - INFO -   Val   - Loss: 1.0609, Dice: 0.5384
2026-01-14 10:13:47,438 - INFO -   Per-class Dice:
2026-01-14 10:13:47,438 - INFO -     Class 0: 0.9968
2026-01-14 10:13:47,438 - INFO -     Class 1: 0.5060
2026-01-14 10:13:47,438 - INFO -     Class 2: 0.2219
2026-01-14 10:13:47,438 - INFO -     Class 3: 0.5787
2026-01-14 10:13:47,438 - INFO -     Class 4: 0.0000
2026-01-14 10:13:47,439 - INFO -     Class 5: 0.0000
2026-01-14 10:13:47,439 - INFO -     Class 6: 0.8485
2026-01-14 10:21:10,847 - INFO -   Batch 1/6: Loss=0.5017, Dice=0.6621
2026-01-14 10:21:11,317 - INFO -   Batch 2/6: Loss=0.5132, Dice=0.6549
2026-01-14 10:21:11,786 - INFO -   Batch 3/6: Loss=0.5082, Dice=0.6535
2026-01-14 10:21:12,255 - INFO -   Batch 4/6: Loss=0.5102, Dice=0.6539
2026-01-14 10:21:12,724 - INFO -   Batch 5/6: Loss=0.5075, Dice=0.6488
2026-01-14 10:21:12,867 - INFO -   Batch 6/6: Loss=0.4943, Dice=0.7638
2026-01-14 10:27:59,892 - INFO - 
Epoch 47/50 (852.5s):
2026-01-14 10:27:59,893 - INFO -   Train - Loss: 0.5058, Dice: 0.6729
2026-01-14 10:27:59,893 - INFO -   Val   - Loss: 1.0604, Dice: 0.5269
2026-01-14 10:27:59,893 - INFO -   Per-class Dice:
2026-01-14 10:27:59,893 - INFO -     Class 0: 0.9968
2026-01-14 10:27:59,893 - INFO -     Class 1: 0.4871
2026-01-14 10:27:59,893 - INFO -     Class 2: 0.1686
2026-01-14 10:27:59,893 - INFO -     Class 3: 0.5860
2026-01-14 10:27:59,893 - INFO -     Class 4: 0.0000
2026-01-14 10:27:59,893 - INFO -     Class 5: 0.0000
2026-01-14 10:27:59,893 - INFO -     Class 6: 0.8485
2026-01-14 10:35:23,213 - INFO -   Batch 1/6: Loss=0.5033, Dice=0.6529
2026-01-14 10:35:23,681 - INFO -   Batch 2/6: Loss=0.5152, Dice=0.6619
2026-01-14 10:35:24,150 - INFO -   Batch 3/6: Loss=0.4929, Dice=0.6579
2026-01-14 10:35:24,619 - INFO -   Batch 4/6: Loss=0.5086, Dice=0.6508
2026-01-14 10:35:25,089 - INFO -   Batch 5/6: Loss=0.5194, Dice=0.6499
2026-01-14 10:35:25,232 - INFO -   Batch 6/6: Loss=0.4771, Dice=0.6404
2026-01-14 10:42:12,546 - INFO - 
Epoch 48/50 (852.7s):
2026-01-14 10:42:12,546 - INFO -   Train - Loss: 0.5027, Dice: 0.6523
2026-01-14 10:42:12,546 - INFO -   Val   - Loss: 1.0595, Dice: 0.4858
2026-01-14 10:42:12,546 - INFO -   Per-class Dice:
2026-01-14 10:42:12,546 - INFO -     Class 0: 0.9969
2026-01-14 10:42:12,546 - INFO -     Class 1: 0.4818
2026-01-14 10:42:12,546 - INFO -     Class 2: 0.2297
2026-01-14 10:42:12,546 - INFO -     Class 3: 0.5877
2026-01-14 10:42:12,546 - INFO -     Class 4: 0.0000
2026-01-14 10:42:12,546 - INFO -     Class 5: 0.0000
2026-01-14 10:42:12,546 - INFO -     Class 6: 0.8499
2026-01-14 10:49:35,557 - INFO -   Batch 1/6: Loss=0.4877, Dice=0.6652
2026-01-14 10:49:36,178 - INFO -   Batch 2/6: Loss=0.5294, Dice=0.6483
2026-01-14 10:49:36,646 - INFO -   Batch 3/6: Loss=0.5123, Dice=0.6396
2026-01-14 10:49:37,116 - INFO -   Batch 4/6: Loss=0.4943, Dice=0.6523
2026-01-14 10:49:37,585 - INFO -   Batch 5/6: Loss=0.5068, Dice=0.6622
2026-01-14 10:49:37,728 - INFO -   Batch 6/6: Loss=0.5007, Dice=0.6564
2026-01-14 10:56:26,315 - INFO - 
Epoch 49/50 (853.8s):
2026-01-14 10:56:26,315 - INFO -   Train - Loss: 0.5052, Dice: 0.6540
2026-01-14 10:56:26,315 - INFO -   Val   - Loss: 1.0620, Dice: 0.4725
2026-01-14 10:56:26,315 - INFO -   Per-class Dice:
2026-01-14 10:56:26,315 - INFO -     Class 0: 0.9967
2026-01-14 10:56:26,315 - INFO -     Class 1: 0.4999
2026-01-14 10:56:26,315 - INFO -     Class 2: 0.1475
2026-01-14 10:56:26,315 - INFO -     Class 3: 0.5686
2026-01-14 10:56:26,315 - INFO -     Class 4: 0.0000
2026-01-14 10:56:26,315 - INFO -     Class 5: 0.0000
2026-01-14 10:56:26,315 - INFO -     Class 6: 0.8455
2026-01-14 11:03:48,247 - INFO -   Batch 1/6: Loss=0.4974, Dice=0.6647
2026-01-14 11:03:49,593 - INFO -   Batch 2/6: Loss=0.5061, Dice=0.6662
2026-01-14 11:03:50,061 - INFO -   Batch 3/6: Loss=0.5124, Dice=0.6592
2026-01-14 11:03:50,530 - INFO -   Batch 4/6: Loss=0.4903, Dice=0.6620
2026-01-14 11:03:51,000 - INFO -   Batch 5/6: Loss=0.5212, Dice=0.6368
2026-01-14 11:03:51,143 - INFO -   Batch 6/6: Loss=0.5167, Dice=0.6325
2026-01-14 11:10:38,610 - INFO - 
Epoch 50/50 (852.3s):
2026-01-14 11:10:38,610 - INFO -   Train - Loss: 0.5074, Dice: 0.6536
2026-01-14 11:10:38,610 - INFO -   Val   - Loss: 1.0599, Dice: 0.4863
2026-01-14 11:10:38,610 - INFO -   Per-class Dice:
2026-01-14 11:10:38,610 - INFO -     Class 0: 0.9968
2026-01-14 11:10:38,611 - INFO -     Class 1: 0.4821
2026-01-14 11:10:38,611 - INFO -     Class 2: 0.2290
2026-01-14 11:10:38,611 - INFO -     Class 3: 0.5903
2026-01-14 11:10:38,611 - INFO -     Class 4: 0.0000
2026-01-14 11:10:38,611 - INFO -     Class 5: 0.0000
2026-01-14 11:10:38,611 - INFO -     Class 6: 0.8494
2026-01-14 11:10:38,616 - INFO - 
Training completed. Best validation Dice: 0.5425
2026-01-14 11:10:39,317 - INFO - 
============================================================
2026-01-14 11:10:39,317 - INFO - EVALUATION ON TEST SET
2026-01-14 11:10:39,317 - INFO - ============================================================
2026-01-14 11:17:31,473 - INFO - 
Overall Dice Score: 0.4460 ± 0.0090
2026-01-14 11:17:31,473 - INFO - 
Per-class Dice Scores:
2026-01-14 11:17:31,473 - INFO -   NO    : 0.9966 ± 0.0001
2026-01-14 11:17:31,473 - INFO -   AFS   : 0.4360 ± 0.0133
2026-01-14 11:17:31,474 - INFO -   CZ    : 0.2951 ± 0.0665
2026-01-14 11:17:31,474 - INFO -   PG    : 0.5496 ± 0.0055
2026-01-14 11:17:31,474 - INFO -   PZ    : 0.0000 ± 0.0000
2026-01-14 11:17:31,474 - INFO -   SV_L  : 0.0000 ± 0.0000
2026-01-14 11:17:31,474 - INFO -   SV_R  : 0.8450 ± 0.0153
2026-01-14 11:17:31,474 - INFO - 
Generating prediction visualizations...
2026-01-14 11:17:32,480 - INFO - 
Training completed successfully!
2026-01-14 11:17:32,480 - INFO - Best validation Dice: 0.5425
2026-01-14 11:17:32,480 - INFO - Test Dice: 0.4460
