2026-01-16 00:09:35,375 - INFO - Results will be saved to: exp/STAPLE_100_epochs
2026-01-16 00:09:35,375 - INFO - Alive
2026-01-16 00:09:35,375 - INFO - Found 80 patients
2026-01-16 00:09:35,376 - INFO - Train: 51 patients
2026-01-16 00:09:35,376 - INFO - Val: 13 patients
2026-01-16 00:09:35,376 - INFO - Test: 16 patients
2026-01-16 00:09:35,381 - INFO - 
Testing data loading...
2026-01-16 00:09:37,838 - INFO - Batch image shape: torch.Size([32, 1, 256, 256])
2026-01-16 00:09:37,838 - INFO - Batch labels shape: torch.Size([32, 3, 256, 256])
2026-01-16 00:09:38,597 - INFO - Initialized trainer on device: cuda
2026-01-16 00:09:38,597 - INFO - Model parameters: 17,261,955
2026-01-16 00:09:38,597 - INFO - Starting training for 100 epochs
2026-01-16 00:09:41,807 - INFO -   Batch 1/2: Loss=2.9040, Dice=0.0378
2026-01-16 00:09:43,602 - INFO -   Batch 2/2: Loss=2.7175, Dice=0.0537
2026-01-16 00:09:44,755 - INFO -   Saved best model with Dice: 0.0046
2026-01-16 00:09:44,755 - INFO - 
Epoch 1/100 (6.2s):
2026-01-16 00:09:44,755 - INFO -   Train - Loss: 2.8108, Dice: 0.0458
2026-01-16 00:09:44,755 - INFO -   Val   - Loss: 1.0630, Dice: 0.0046
2026-01-16 00:09:44,755 - INFO -   Per-class Dice:
2026-01-16 00:09:44,755 - INFO -     Class 0: 0.0086
2026-01-16 00:09:44,755 - INFO -     Class 1: 0.0051
2026-01-16 00:09:44,755 - INFO -     Class 2: 0.0000
2026-01-16 00:09:46,959 - INFO -   Batch 1/2: Loss=2.4578, Dice=0.0964
2026-01-16 00:09:48,246 - INFO -   Batch 2/2: Loss=2.3009, Dice=0.1105
2026-01-16 00:09:49,271 - INFO - 
Epoch 2/100 (4.5s):
2026-01-16 00:09:49,271 - INFO -   Train - Loss: 2.3794, Dice: 0.1035
2026-01-16 00:09:49,271 - INFO -   Val   - Loss: 1.1196, Dice: 0.0041
2026-01-16 00:09:49,271 - INFO -   Per-class Dice:
2026-01-16 00:09:49,271 - INFO -     Class 0: 0.0071
2026-01-16 00:09:49,271 - INFO -     Class 1: 0.0051
2026-01-16 00:09:49,271 - INFO -     Class 2: 0.0000
2026-01-16 00:09:51,439 - INFO -   Batch 1/2: Loss=2.1400, Dice=0.1116
2026-01-16 00:09:52,734 - INFO -   Batch 2/2: Loss=1.9321, Dice=0.1504
2026-01-16 00:09:53,772 - INFO - 
Epoch 3/100 (4.5s):
2026-01-16 00:09:53,772 - INFO -   Train - Loss: 2.0360, Dice: 0.1310
2026-01-16 00:09:53,772 - INFO -   Val   - Loss: 1.1355, Dice: 0.0041
2026-01-16 00:09:53,772 - INFO -   Per-class Dice:
2026-01-16 00:09:53,772 - INFO -     Class 0: 0.0072
2026-01-16 00:09:53,772 - INFO -     Class 1: 0.0051
2026-01-16 00:09:53,772 - INFO -     Class 2: 0.0000
2026-01-16 00:09:56,053 - INFO -   Batch 1/2: Loss=1.8578, Dice=0.1409
2026-01-16 00:09:57,267 - INFO -   Batch 2/2: Loss=1.7109, Dice=0.2005
2026-01-16 00:09:58,306 - INFO - 
Epoch 4/100 (4.5s):
2026-01-16 00:09:58,306 - INFO -   Train - Loss: 1.7844, Dice: 0.1707
2026-01-16 00:09:58,306 - INFO -   Val   - Loss: 1.1396, Dice: 0.0041
2026-01-16 00:09:58,306 - INFO -   Per-class Dice:
2026-01-16 00:09:58,307 - INFO -     Class 0: 0.0072
2026-01-16 00:09:58,307 - INFO -     Class 1: 0.0051
2026-01-16 00:09:58,307 - INFO -     Class 2: 0.0000
2026-01-16 00:10:00,555 - INFO -   Batch 1/2: Loss=1.6282, Dice=0.1999
2026-01-16 00:10:01,808 - INFO -   Batch 2/2: Loss=1.5677, Dice=0.2219
2026-01-16 00:10:02,890 - INFO - 
Epoch 5/100 (4.6s):
2026-01-16 00:10:02,890 - INFO -   Train - Loss: 1.5980, Dice: 0.2109
2026-01-16 00:10:02,890 - INFO -   Val   - Loss: 1.1409, Dice: 0.0042
2026-01-16 00:10:02,890 - INFO -   Per-class Dice:
2026-01-16 00:10:02,890 - INFO -     Class 0: 0.0074
2026-01-16 00:10:02,890 - INFO -     Class 1: 0.0051
2026-01-16 00:10:02,890 - INFO -     Class 2: 0.0000
2026-01-16 00:10:05,280 - INFO -   Batch 1/2: Loss=1.4741, Dice=0.2372
2026-01-16 00:10:06,544 - INFO -   Batch 2/2: Loss=1.3704, Dice=0.2750
2026-01-16 00:10:07,588 - INFO - 
Epoch 6/100 (4.7s):
2026-01-16 00:10:07,588 - INFO -   Train - Loss: 1.4223, Dice: 0.2561
2026-01-16 00:10:07,588 - INFO -   Val   - Loss: 1.1379, Dice: 0.0042
2026-01-16 00:10:07,588 - INFO -   Per-class Dice:
2026-01-16 00:10:07,588 - INFO -     Class 0: 0.0076
2026-01-16 00:10:07,588 - INFO -     Class 1: 0.0051
2026-01-16 00:10:07,588 - INFO -     Class 2: 0.0000
2026-01-16 00:10:09,747 - INFO -   Batch 1/2: Loss=1.3046, Dice=0.3114
2026-01-16 00:10:11,062 - INFO -   Batch 2/2: Loss=1.2745, Dice=0.3060
2026-01-16 00:10:12,107 - INFO -   Learning rate changed from 1.00e-04 to 5.00e-05
2026-01-16 00:10:12,107 - INFO - 
Epoch 7/100 (4.5s):
2026-01-16 00:10:12,107 - INFO -   Train - Loss: 1.2895, Dice: 0.3087
2026-01-16 00:10:12,107 - INFO -   Val   - Loss: 1.1315, Dice: 0.0043
2026-01-16 00:10:12,107 - INFO -   Per-class Dice:
2026-01-16 00:10:12,107 - INFO -     Class 0: 0.0078
2026-01-16 00:10:12,107 - INFO -     Class 1: 0.0051
2026-01-16 00:10:12,108 - INFO -     Class 2: 0.0000
2026-01-16 00:10:14,277 - INFO -   Batch 1/2: Loss=1.1979, Dice=0.3354
2026-01-16 00:10:15,602 - INFO -   Batch 2/2: Loss=1.1500, Dice=0.3651
2026-01-16 00:10:16,808 - INFO -   Saved best model with Dice: 0.0048
2026-01-16 00:10:16,808 - INFO - 
Epoch 8/100 (4.7s):
2026-01-16 00:10:16,808 - INFO -   Train - Loss: 1.1740, Dice: 0.3503
2026-01-16 00:10:16,808 - INFO -   Val   - Loss: 1.1165, Dice: 0.0048
2026-01-16 00:10:16,808 - INFO -   Per-class Dice:
2026-01-16 00:10:16,808 - INFO -     Class 0: 0.0094
2026-01-16 00:10:16,808 - INFO -     Class 1: 0.0051
2026-01-16 00:10:16,808 - INFO -     Class 2: 0.0000
2026-01-16 00:10:18,950 - INFO -   Batch 1/2: Loss=1.1299, Dice=0.3583
2026-01-16 00:10:20,317 - INFO -   Batch 2/2: Loss=1.1231, Dice=0.3702
2026-01-16 00:10:21,500 - INFO -   Saved best model with Dice: 0.0066
2026-01-16 00:10:21,501 - INFO - 
Epoch 9/100 (4.7s):
2026-01-16 00:10:21,501 - INFO -   Train - Loss: 1.1265, Dice: 0.3642
2026-01-16 00:10:21,501 - INFO -   Val   - Loss: 1.1067, Dice: 0.0066
2026-01-16 00:10:21,501 - INFO -   Per-class Dice:
2026-01-16 00:10:21,501 - INFO -     Class 0: 0.0141
2026-01-16 00:10:21,501 - INFO -     Class 1: 0.0052
2026-01-16 00:10:21,501 - INFO -     Class 2: 0.0006
2026-01-16 00:10:23,691 - INFO -   Batch 1/2: Loss=1.0832, Dice=0.3805
2026-01-16 00:10:24,959 - INFO -   Batch 2/2: Loss=1.0479, Dice=0.4067
2026-01-16 00:10:26,142 - INFO -   Saved best model with Dice: 0.0140
2026-01-16 00:10:26,142 - INFO - 
Epoch 10/100 (4.6s):
2026-01-16 00:10:26,142 - INFO -   Train - Loss: 1.0656, Dice: 0.3936
2026-01-16 00:10:26,142 - INFO -   Val   - Loss: 1.1021, Dice: 0.0140
2026-01-16 00:10:26,142 - INFO -   Per-class Dice:
2026-01-16 00:10:26,142 - INFO -     Class 0: 0.0316
2026-01-16 00:10:26,142 - INFO -     Class 1: 0.0052
2026-01-16 00:10:26,142 - INFO -     Class 2: 0.0053
2026-01-16 00:10:28,386 - INFO -   Batch 1/2: Loss=1.0408, Dice=0.4040
2026-01-16 00:10:29,666 - INFO -   Batch 2/2: Loss=0.9902, Dice=0.4098
2026-01-16 00:10:30,868 - INFO -   Saved best model with Dice: 0.0294
2026-01-16 00:10:30,869 - INFO - 
Epoch 11/100 (4.7s):
2026-01-16 00:10:30,869 - INFO -   Train - Loss: 1.0155, Dice: 0.4069
2026-01-16 00:10:30,869 - INFO -   Val   - Loss: 1.0944, Dice: 0.0294
2026-01-16 00:10:30,869 - INFO -   Per-class Dice:
2026-01-16 00:10:30,869 - INFO -     Class 0: 0.0499
2026-01-16 00:10:30,869 - INFO -     Class 1: 0.0049
2026-01-16 00:10:30,869 - INFO -     Class 2: 0.0334
2026-01-16 00:10:33,019 - INFO -   Batch 1/2: Loss=0.9850, Dice=0.4271
2026-01-16 00:10:34,339 - INFO -   Batch 2/2: Loss=0.9377, Dice=0.4506
2026-01-16 00:10:35,542 - INFO -   Saved best model with Dice: 0.0525
2026-01-16 00:10:35,542 - INFO - 
Epoch 12/100 (4.7s):
2026-01-16 00:10:35,542 - INFO -   Train - Loss: 0.9613, Dice: 0.4388
2026-01-16 00:10:35,542 - INFO -   Val   - Loss: 1.0853, Dice: 0.0525
2026-01-16 00:10:35,542 - INFO -   Per-class Dice:
2026-01-16 00:10:35,542 - INFO -     Class 0: 0.0875
2026-01-16 00:10:35,542 - INFO -     Class 1: 0.0044
2026-01-16 00:10:35,542 - INFO -     Class 2: 0.0655
2026-01-16 00:10:37,866 - INFO -   Batch 1/2: Loss=0.9222, Dice=0.4618
2026-01-16 00:10:39,122 - INFO -   Batch 2/2: Loss=0.9263, Dice=0.4551
2026-01-16 00:10:40,179 - INFO -   Learning rate changed from 5.00e-05 to 2.50e-05
2026-01-16 00:10:40,341 - INFO -   Saved best model with Dice: 0.0694
2026-01-16 00:10:40,341 - INFO - 
Epoch 13/100 (4.8s):
2026-01-16 00:10:40,342 - INFO -   Train - Loss: 0.9243, Dice: 0.4584
2026-01-16 00:10:40,342 - INFO -   Val   - Loss: 1.0772, Dice: 0.0694
2026-01-16 00:10:40,342 - INFO -   Per-class Dice:
2026-01-16 00:10:40,342 - INFO -     Class 0: 0.1242
2026-01-16 00:10:40,342 - INFO -     Class 1: 0.0041
2026-01-16 00:10:40,342 - INFO -     Class 2: 0.0798
2026-01-16 00:10:42,604 - INFO -   Batch 1/2: Loss=0.8829, Dice=0.4757
2026-01-16 00:10:43,812 - INFO -   Batch 2/2: Loss=0.8910, Dice=0.4754
2026-01-16 00:10:44,994 - INFO -   Saved best model with Dice: 0.0855
2026-01-16 00:10:44,994 - INFO - 
Epoch 14/100 (4.7s):
2026-01-16 00:10:44,994 - INFO -   Train - Loss: 0.8869, Dice: 0.4756
2026-01-16 00:10:44,994 - INFO -   Val   - Loss: 1.0696, Dice: 0.0855
2026-01-16 00:10:44,994 - INFO -   Per-class Dice:
2026-01-16 00:10:44,994 - INFO -     Class 0: 0.1641
2026-01-16 00:10:44,994 - INFO -     Class 1: 0.0040
2026-01-16 00:10:44,994 - INFO -     Class 2: 0.0885
2026-01-16 00:10:47,187 - INFO -   Batch 1/2: Loss=0.8969, Dice=0.4609
2026-01-16 00:10:48,491 - INFO -   Batch 2/2: Loss=0.8137, Dice=0.5169
2026-01-16 00:10:49,688 - INFO -   Saved best model with Dice: 0.1020
2026-01-16 00:10:49,689 - INFO - 
Epoch 15/100 (4.7s):
2026-01-16 00:10:49,689 - INFO -   Train - Loss: 0.8553, Dice: 0.4889
2026-01-16 00:10:49,689 - INFO -   Val   - Loss: 1.0589, Dice: 0.1020
2026-01-16 00:10:49,689 - INFO -   Per-class Dice:
2026-01-16 00:10:49,689 - INFO -     Class 0: 0.2131
2026-01-16 00:10:49,689 - INFO -     Class 1: 0.0040
2026-01-16 00:10:49,689 - INFO -     Class 2: 0.0888
2026-01-16 00:10:51,842 - INFO -   Batch 1/2: Loss=0.8699, Dice=0.4821
2026-01-16 00:10:53,200 - INFO -   Batch 2/2: Loss=0.8077, Dice=0.5054
2026-01-16 00:10:54,394 - INFO -   Saved best model with Dice: 0.1227
2026-01-16 00:10:54,394 - INFO - 
Epoch 16/100 (4.7s):
2026-01-16 00:10:54,394 - INFO -   Train - Loss: 0.8388, Dice: 0.4937
2026-01-16 00:10:54,394 - INFO -   Val   - Loss: 1.0433, Dice: 0.1227
2026-01-16 00:10:54,394 - INFO -   Per-class Dice:
2026-01-16 00:10:54,394 - INFO -     Class 0: 0.2817
2026-01-16 00:10:54,394 - INFO -     Class 1: 0.0041
2026-01-16 00:10:54,394 - INFO -     Class 2: 0.0823
2026-01-16 00:10:56,576 - INFO -   Batch 1/2: Loss=0.8419, Dice=0.4970
2026-01-16 00:10:57,853 - INFO -   Batch 2/2: Loss=0.8013, Dice=0.5092
2026-01-16 00:10:58,984 - INFO -   Saved best model with Dice: 0.1639
2026-01-16 00:10:58,984 - INFO - 
Epoch 17/100 (4.6s):
2026-01-16 00:10:58,984 - INFO -   Train - Loss: 0.8216, Dice: 0.5031
2026-01-16 00:10:58,984 - INFO -   Val   - Loss: 1.0211, Dice: 0.1639
2026-01-16 00:10:58,984 - INFO -   Per-class Dice:
2026-01-16 00:10:58,984 - INFO -     Class 0: 0.4112
2026-01-16 00:10:58,984 - INFO -     Class 1: 0.0055
2026-01-16 00:10:58,984 - INFO -     Class 2: 0.0749
2026-01-16 00:11:01,218 - INFO -   Batch 1/2: Loss=0.8161, Dice=0.5103
2026-01-16 00:11:02,471 - INFO -   Batch 2/2: Loss=0.8208, Dice=0.5035
2026-01-16 00:11:03,661 - INFO -   Saved best model with Dice: 0.2420
2026-01-16 00:11:03,661 - INFO - 
Epoch 18/100 (4.7s):
2026-01-16 00:11:03,661 - INFO -   Train - Loss: 0.8185, Dice: 0.5069
2026-01-16 00:11:03,661 - INFO -   Val   - Loss: 0.9982, Dice: 0.2420
2026-01-16 00:11:03,661 - INFO -   Per-class Dice:
2026-01-16 00:11:03,661 - INFO -     Class 0: 0.6626
2026-01-16 00:11:03,661 - INFO -     Class 1: 0.0064
2026-01-16 00:11:03,661 - INFO -     Class 2: 0.0571
2026-01-16 00:11:05,878 - INFO -   Batch 1/2: Loss=0.7737, Dice=0.5277
2026-01-16 00:11:07,179 - INFO -   Batch 2/2: Loss=0.8161, Dice=0.5090
2026-01-16 00:11:08,374 - INFO -   Saved best model with Dice: 0.2780
2026-01-16 00:11:08,374 - INFO - 
Epoch 19/100 (4.7s):
2026-01-16 00:11:08,374 - INFO -   Train - Loss: 0.7949, Dice: 0.5184
2026-01-16 00:11:08,374 - INFO -   Val   - Loss: 0.9873, Dice: 0.2780
2026-01-16 00:11:08,374 - INFO -   Per-class Dice:
2026-01-16 00:11:08,374 - INFO -     Class 0: 0.7782
2026-01-16 00:11:08,374 - INFO -     Class 1: 0.0055
2026-01-16 00:11:08,374 - INFO -     Class 2: 0.0503
2026-01-16 00:11:10,662 - INFO -   Batch 1/2: Loss=0.7738, Dice=0.5359
2026-01-16 00:11:11,918 - INFO -   Batch 2/2: Loss=0.7821, Dice=0.5172
2026-01-16 00:11:13,108 - INFO -   Saved best model with Dice: 0.2977
2026-01-16 00:11:13,108 - INFO - 
Epoch 20/100 (4.7s):
2026-01-16 00:11:13,108 - INFO -   Train - Loss: 0.7779, Dice: 0.5265
2026-01-16 00:11:13,108 - INFO -   Val   - Loss: 0.9793, Dice: 0.2977
2026-01-16 00:11:13,108 - INFO -   Per-class Dice:
2026-01-16 00:11:13,108 - INFO -     Class 0: 0.8319
2026-01-16 00:11:13,108 - INFO -     Class 1: 0.0047
2026-01-16 00:11:13,108 - INFO -     Class 2: 0.0566
2026-01-16 00:11:15,285 - INFO -   Batch 1/2: Loss=0.7693, Dice=0.5310
2026-01-16 00:11:16,598 - INFO -   Batch 2/2: Loss=0.7474, Dice=0.5423
2026-01-16 00:11:17,779 - INFO -   Saved best model with Dice: 0.3029
2026-01-16 00:11:17,779 - INFO - 
Epoch 21/100 (4.7s):
2026-01-16 00:11:17,779 - INFO -   Train - Loss: 0.7583, Dice: 0.5367
2026-01-16 00:11:17,779 - INFO -   Val   - Loss: 0.9759, Dice: 0.3029
2026-01-16 00:11:17,779 - INFO -   Per-class Dice:
2026-01-16 00:11:17,779 - INFO -     Class 0: 0.8337
2026-01-16 00:11:17,779 - INFO -     Class 1: 0.0042
2026-01-16 00:11:17,779 - INFO -     Class 2: 0.0708
2026-01-16 00:11:19,988 - INFO -   Batch 1/2: Loss=0.7503, Dice=0.5426
2026-01-16 00:11:21,254 - INFO -   Batch 2/2: Loss=0.7468, Dice=0.5381
2026-01-16 00:11:22,439 - INFO -   Saved best model with Dice: 0.3122
2026-01-16 00:11:22,440 - INFO - 
Epoch 22/100 (4.7s):
2026-01-16 00:11:22,440 - INFO -   Train - Loss: 0.7485, Dice: 0.5403
2026-01-16 00:11:22,440 - INFO -   Val   - Loss: 0.9711, Dice: 0.3122
2026-01-16 00:11:22,440 - INFO -   Per-class Dice:
2026-01-16 00:11:22,440 - INFO -     Class 0: 0.8522
2026-01-16 00:11:22,440 - INFO -     Class 1: 0.0045
2026-01-16 00:11:22,440 - INFO -     Class 2: 0.0799
2026-01-16 00:11:24,633 - INFO -   Batch 1/2: Loss=0.7319, Dice=0.5415
2026-01-16 00:11:25,931 - INFO -   Batch 2/2: Loss=0.7283, Dice=0.5550
2026-01-16 00:11:27,095 - INFO -   Saved best model with Dice: 0.3155
2026-01-16 00:11:27,095 - INFO - 
Epoch 23/100 (4.7s):
2026-01-16 00:11:27,095 - INFO -   Train - Loss: 0.7301, Dice: 0.5482
2026-01-16 00:11:27,095 - INFO -   Val   - Loss: 0.9679, Dice: 0.3155
2026-01-16 00:11:27,095 - INFO -   Per-class Dice:
2026-01-16 00:11:27,095 - INFO -     Class 0: 0.8615
2026-01-16 00:11:27,095 - INFO -     Class 1: 0.0041
2026-01-16 00:11:27,095 - INFO -     Class 2: 0.0808
2026-01-16 00:11:29,371 - INFO -   Batch 1/2: Loss=0.7458, Dice=0.5368
2026-01-16 00:11:30,596 - INFO -   Batch 2/2: Loss=0.6886, Dice=0.5564
2026-01-16 00:11:31,802 - INFO -   Saved best model with Dice: 0.3222
2026-01-16 00:11:31,803 - INFO - 
Epoch 24/100 (4.7s):
2026-01-16 00:11:31,803 - INFO -   Train - Loss: 0.7172, Dice: 0.5466
2026-01-16 00:11:31,803 - INFO -   Val   - Loss: 0.9635, Dice: 0.3222
2026-01-16 00:11:31,803 - INFO -   Per-class Dice:
2026-01-16 00:11:31,803 - INFO -     Class 0: 0.8919
2026-01-16 00:11:31,803 - INFO -     Class 1: 0.0045
2026-01-16 00:11:31,803 - INFO -     Class 2: 0.0703
2026-01-16 00:11:34,005 - INFO -   Batch 1/2: Loss=0.7074, Dice=0.5582
2026-01-16 00:11:35,291 - INFO -   Batch 2/2: Loss=0.7122, Dice=0.5541
2026-01-16 00:11:36,480 - INFO -   Saved best model with Dice: 0.3309
2026-01-16 00:11:36,481 - INFO - 
Epoch 25/100 (4.7s):
2026-01-16 00:11:36,481 - INFO -   Train - Loss: 0.7098, Dice: 0.5561
2026-01-16 00:11:36,481 - INFO -   Val   - Loss: 0.9539, Dice: 0.3309
2026-01-16 00:11:36,481 - INFO -   Per-class Dice:
2026-01-16 00:11:36,481 - INFO -     Class 0: 0.9384
2026-01-16 00:11:36,481 - INFO -     Class 1: 0.0047
2026-01-16 00:11:36,481 - INFO -     Class 2: 0.0498
2026-01-16 00:11:38,713 - INFO -   Batch 1/2: Loss=0.6785, Dice=0.5756
2026-01-16 00:11:39,972 - INFO -   Batch 2/2: Loss=0.7247, Dice=0.5445
2026-01-16 00:11:41,021 - INFO - 
Epoch 26/100 (4.5s):
2026-01-16 00:11:41,021 - INFO -   Train - Loss: 0.7016, Dice: 0.5601
2026-01-16 00:11:41,021 - INFO -   Val   - Loss: 0.9487, Dice: 0.3276
2026-01-16 00:11:41,021 - INFO -   Per-class Dice:
2026-01-16 00:11:41,021 - INFO -     Class 0: 0.9505
2026-01-16 00:11:41,021 - INFO -     Class 1: 0.0043
2026-01-16 00:11:41,021 - INFO -     Class 2: 0.0280
2026-01-16 00:11:43,303 - INFO -   Batch 1/2: Loss=0.6651, Dice=0.5713
2026-01-16 00:11:44,608 - INFO -   Batch 2/2: Loss=0.7316, Dice=0.5543
2026-01-16 00:11:45,657 - INFO - 
Epoch 27/100 (4.6s):
2026-01-16 00:11:45,657 - INFO -   Train - Loss: 0.6983, Dice: 0.5628
2026-01-16 00:11:45,657 - INFO -   Val   - Loss: 0.9446, Dice: 0.3249
2026-01-16 00:11:45,657 - INFO -   Per-class Dice:
2026-01-16 00:11:45,657 - INFO -     Class 0: 0.9555
2026-01-16 00:11:45,657 - INFO -     Class 1: 0.0051
2026-01-16 00:11:45,657 - INFO -     Class 2: 0.0140
2026-01-16 00:11:47,908 - INFO -   Batch 1/2: Loss=0.6971, Dice=0.5758
2026-01-16 00:11:49,177 - INFO -   Batch 2/2: Loss=0.8980, Dice=0.4297
2026-01-16 00:11:50,228 - INFO - 
Epoch 28/100 (4.6s):
2026-01-16 00:11:50,229 - INFO -   Train - Loss: 0.7975, Dice: 0.5028
2026-01-16 00:11:50,229 - INFO -   Val   - Loss: 0.9470, Dice: 0.3231
2026-01-16 00:11:50,229 - INFO -   Per-class Dice:
2026-01-16 00:11:50,229 - INFO -     Class 0: 0.9458
2026-01-16 00:11:50,229 - INFO -     Class 1: 0.0060
2026-01-16 00:11:50,229 - INFO -     Class 2: 0.0175
2026-01-16 00:11:52,443 - INFO -   Batch 1/2: Loss=0.6710, Dice=0.5792
2026-01-16 00:11:53,749 - INFO -   Batch 2/2: Loss=0.6766, Dice=0.5545
2026-01-16 00:11:54,807 - INFO - 
Epoch 29/100 (4.6s):
2026-01-16 00:11:54,807 - INFO -   Train - Loss: 0.6738, Dice: 0.5669
2026-01-16 00:11:54,807 - INFO -   Val   - Loss: 0.9436, Dice: 0.3218
2026-01-16 00:11:54,807 - INFO -   Per-class Dice:
2026-01-16 00:11:54,807 - INFO -     Class 0: 0.9492
2026-01-16 00:11:54,807 - INFO -     Class 1: 0.0065
2026-01-16 00:11:54,807 - INFO -     Class 2: 0.0097
2026-01-16 00:11:57,048 - INFO -   Batch 1/2: Loss=0.6454, Dice=0.5770
2026-01-16 00:11:58,353 - INFO -   Batch 2/2: Loss=0.6773, Dice=0.5865
2026-01-16 00:11:59,423 - INFO - 
Epoch 30/100 (4.6s):
2026-01-16 00:11:59,423 - INFO -   Train - Loss: 0.6613, Dice: 0.5817
2026-01-16 00:11:59,423 - INFO -   Val   - Loss: 0.9417, Dice: 0.3208
2026-01-16 00:11:59,423 - INFO -   Per-class Dice:
2026-01-16 00:11:59,423 - INFO -     Class 0: 0.9495
2026-01-16 00:11:59,423 - INFO -     Class 1: 0.0071
2026-01-16 00:11:59,423 - INFO -     Class 2: 0.0058
2026-01-16 00:12:01,580 - INFO -   Batch 1/2: Loss=0.6451, Dice=0.5959
2026-01-16 00:12:02,954 - INFO -   Batch 2/2: Loss=0.6594, Dice=0.5752
2026-01-16 00:12:04,024 - INFO - 
Epoch 31/100 (4.6s):
2026-01-16 00:12:04,025 - INFO -   Train - Loss: 0.6522, Dice: 0.5856
2026-01-16 00:12:04,025 - INFO -   Val   - Loss: 0.9399, Dice: 0.3211
2026-01-16 00:12:04,025 - INFO -   Per-class Dice:
2026-01-16 00:12:04,025 - INFO -     Class 0: 0.9501
2026-01-16 00:12:04,025 - INFO -     Class 1: 0.0075
2026-01-16 00:12:04,025 - INFO -     Class 2: 0.0057
2026-01-16 00:12:06,255 - INFO -   Batch 1/2: Loss=0.6346, Dice=0.6017
2026-01-16 00:12:07,572 - INFO -   Batch 2/2: Loss=0.6564, Dice=0.5627
2026-01-16 00:12:08,605 - INFO - 
Epoch 32/100 (4.6s):
2026-01-16 00:12:08,605 - INFO -   Train - Loss: 0.6455, Dice: 0.5822
2026-01-16 00:12:08,605 - INFO -   Val   - Loss: 0.9386, Dice: 0.3229
2026-01-16 00:12:08,605 - INFO -   Per-class Dice:
2026-01-16 00:12:08,605 - INFO -     Class 0: 0.9498
2026-01-16 00:12:08,605 - INFO -     Class 1: 0.0078
2026-01-16 00:12:08,605 - INFO -     Class 2: 0.0112
2026-01-16 00:12:10,833 - INFO -   Batch 1/2: Loss=0.6414, Dice=0.5721
2026-01-16 00:12:12,144 - INFO -   Batch 2/2: Loss=0.6235, Dice=0.5981
2026-01-16 00:12:13,182 - INFO - 
Epoch 33/100 (4.6s):
2026-01-16 00:12:13,182 - INFO -   Train - Loss: 0.6325, Dice: 0.5851
2026-01-16 00:12:13,182 - INFO -   Val   - Loss: 0.9380, Dice: 0.3253
2026-01-16 00:12:13,182 - INFO -   Per-class Dice:
2026-01-16 00:12:13,182 - INFO -     Class 0: 0.9498
2026-01-16 00:12:13,182 - INFO -     Class 1: 0.0084
2026-01-16 00:12:13,183 - INFO -     Class 2: 0.0176
2026-01-16 00:12:15,379 - INFO -   Batch 1/2: Loss=0.6347, Dice=0.5784
2026-01-16 00:12:16,742 - INFO -   Batch 2/2: Loss=0.6065, Dice=0.6140
2026-01-16 00:12:17,775 - INFO - 
Epoch 34/100 (4.6s):
2026-01-16 00:12:17,775 - INFO -   Train - Loss: 0.6206, Dice: 0.5962
2026-01-16 00:12:17,775 - INFO -   Val   - Loss: 0.9376, Dice: 0.3258
2026-01-16 00:12:17,775 - INFO -   Per-class Dice:
2026-01-16 00:12:17,775 - INFO -     Class 0: 0.9501
2026-01-16 00:12:17,775 - INFO -     Class 1: 0.0087
2026-01-16 00:12:17,775 - INFO -     Class 2: 0.0187
2026-01-16 00:12:19,940 - INFO -   Batch 1/2: Loss=0.6025, Dice=0.6173
2026-01-16 00:12:21,270 - INFO -   Batch 2/2: Loss=0.6954, Dice=0.5307
2026-01-16 00:12:22,415 - INFO -   Saved best model with Dice: 0.3391
2026-01-16 00:12:22,415 - INFO - 
Epoch 35/100 (4.6s):
2026-01-16 00:12:22,416 - INFO -   Train - Loss: 0.6489, Dice: 0.5740
2026-01-16 00:12:22,416 - INFO -   Val   - Loss: 0.9364, Dice: 0.3391
2026-01-16 00:12:22,416 - INFO -   Per-class Dice:
2026-01-16 00:12:22,416 - INFO -     Class 0: 0.9473
2026-01-16 00:12:22,416 - INFO -     Class 1: 0.0088
2026-01-16 00:12:22,416 - INFO -     Class 2: 0.0612
2026-01-16 00:12:24,614 - INFO -   Batch 1/2: Loss=0.6122, Dice=0.6184
2026-01-16 00:12:25,942 - INFO -   Batch 2/2: Loss=0.6461, Dice=0.5802
2026-01-16 00:12:27,123 - INFO -   Saved best model with Dice: 0.3961
2026-01-16 00:12:27,123 - INFO - 
Epoch 36/100 (4.7s):
2026-01-16 00:12:27,123 - INFO -   Train - Loss: 0.6291, Dice: 0.5993
2026-01-16 00:12:27,123 - INFO -   Val   - Loss: 0.9302, Dice: 0.3961
2026-01-16 00:12:27,123 - INFO -   Per-class Dice:
2026-01-16 00:12:27,123 - INFO -     Class 0: 0.9487
2026-01-16 00:12:27,123 - INFO -     Class 1: 0.0098
2026-01-16 00:12:27,123 - INFO -     Class 2: 0.2299
2026-01-16 00:12:29,291 - INFO -   Batch 1/2: Loss=0.6099, Dice=0.6246
2026-01-16 00:12:30,608 - INFO -   Batch 2/2: Loss=0.6489, Dice=0.6075
2026-01-16 00:12:31,772 - INFO -   Saved best model with Dice: 0.4910
2026-01-16 00:12:31,772 - INFO - 
Epoch 37/100 (4.6s):
2026-01-16 00:12:31,773 - INFO -   Train - Loss: 0.6294, Dice: 0.6160
2026-01-16 00:12:31,773 - INFO -   Val   - Loss: 0.9158, Dice: 0.4910
2026-01-16 00:12:31,773 - INFO -   Per-class Dice:
2026-01-16 00:12:31,773 - INFO -     Class 0: 0.9524
2026-01-16 00:12:31,773 - INFO -     Class 1: 0.0126
2026-01-16 00:12:31,773 - INFO -     Class 2: 0.5080
2026-01-16 00:12:33,962 - INFO -   Batch 1/2: Loss=0.6324, Dice=0.6114
2026-01-16 00:12:35,225 - INFO -   Batch 2/2: Loss=0.6202, Dice=0.6075
2026-01-16 00:12:36,410 - INFO -   Saved best model with Dice: 0.5472
2026-01-16 00:12:36,410 - INFO - 
Epoch 38/100 (4.6s):
2026-01-16 00:12:36,410 - INFO -   Train - Loss: 0.6263, Dice: 0.6094
2026-01-16 00:12:36,411 - INFO -   Val   - Loss: 0.9018, Dice: 0.5472
2026-01-16 00:12:36,411 - INFO -   Per-class Dice:
2026-01-16 00:12:36,411 - INFO -     Class 0: 0.9552
2026-01-16 00:12:36,411 - INFO -     Class 1: 0.0152
2026-01-16 00:12:36,411 - INFO -     Class 2: 0.6710
2026-01-16 00:12:38,545 - INFO -   Batch 1/2: Loss=0.5887, Dice=0.6082
2026-01-16 00:12:39,922 - INFO -   Batch 2/2: Loss=0.6598, Dice=0.5835
2026-01-16 00:12:40,942 - INFO - 
Epoch 39/100 (4.5s):
2026-01-16 00:12:40,943 - INFO -   Train - Loss: 0.6243, Dice: 0.5959
2026-01-16 00:12:40,943 - INFO -   Val   - Loss: 0.9024, Dice: 0.5410
2026-01-16 00:12:40,943 - INFO -   Per-class Dice:
2026-01-16 00:12:40,943 - INFO -     Class 0: 0.9580
2026-01-16 00:12:40,943 - INFO -     Class 1: 0.0157
2026-01-16 00:12:40,943 - INFO -     Class 2: 0.6492
2026-01-16 00:12:43,131 - INFO -   Batch 1/2: Loss=0.5974, Dice=0.6056
2026-01-16 00:12:44,425 - INFO -   Batch 2/2: Loss=0.6293, Dice=0.5949
2026-01-16 00:12:45,463 - INFO - 
Epoch 40/100 (4.5s):
2026-01-16 00:12:45,463 - INFO -   Train - Loss: 0.6133, Dice: 0.6003
2026-01-16 00:12:45,463 - INFO -   Val   - Loss: 0.9119, Dice: 0.4920
2026-01-16 00:12:45,463 - INFO -   Per-class Dice:
2026-01-16 00:12:45,463 - INFO -     Class 0: 0.9598
2026-01-16 00:12:45,463 - INFO -     Class 1: 0.0145
2026-01-16 00:12:45,463 - INFO -     Class 2: 0.5018
2026-01-16 00:12:47,608 - INFO -   Batch 1/2: Loss=0.5924, Dice=0.5979
2026-01-16 00:12:49,017 - INFO -   Batch 2/2: Loss=0.5988, Dice=0.6302
2026-01-16 00:12:50,018 - INFO - 
Epoch 41/100 (4.6s):
2026-01-16 00:12:50,018 - INFO -   Train - Loss: 0.5956, Dice: 0.6141
2026-01-16 00:12:50,018 - INFO -   Val   - Loss: 0.9147, Dice: 0.4630
2026-01-16 00:12:50,019 - INFO -   Per-class Dice:
2026-01-16 00:12:50,019 - INFO -     Class 0: 0.9622
2026-01-16 00:12:50,019 - INFO -     Class 1: 0.0151
2026-01-16 00:12:50,019 - INFO -     Class 2: 0.4115
2026-01-16 00:12:52,174 - INFO -   Batch 1/2: Loss=0.5832, Dice=0.6221
2026-01-16 00:12:53,474 - INFO -   Batch 2/2: Loss=0.5935, Dice=0.5976
2026-01-16 00:12:54,500 - INFO - 
Epoch 42/100 (4.5s):
2026-01-16 00:12:54,500 - INFO -   Train - Loss: 0.5884, Dice: 0.6098
2026-01-16 00:12:54,500 - INFO -   Val   - Loss: 0.9037, Dice: 0.5154
2026-01-16 00:12:54,500 - INFO -   Per-class Dice:
2026-01-16 00:12:54,500 - INFO -     Class 0: 0.9649
2026-01-16 00:12:54,500 - INFO -     Class 1: 0.0197
2026-01-16 00:12:54,500 - INFO -     Class 2: 0.5615
2026-01-16 00:12:56,706 - INFO -   Batch 1/2: Loss=0.5902, Dice=0.6021
2026-01-16 00:12:57,970 - INFO -   Batch 2/2: Loss=0.5641, Dice=0.6374
2026-01-16 00:12:59,159 - INFO -   Saved best model with Dice: 0.5580
2026-01-16 00:12:59,159 - INFO - 
Epoch 43/100 (4.7s):
2026-01-16 00:12:59,159 - INFO -   Train - Loss: 0.5772, Dice: 0.6197
2026-01-16 00:12:59,159 - INFO -   Val   - Loss: 0.8915, Dice: 0.5580
2026-01-16 00:12:59,159 - INFO -   Per-class Dice:
2026-01-16 00:12:59,159 - INFO -     Class 0: 0.9653
2026-01-16 00:12:59,159 - INFO -     Class 1: 0.0233
2026-01-16 00:12:59,159 - INFO -     Class 2: 0.6853
2026-01-16 00:13:01,322 - INFO -   Batch 1/2: Loss=0.5973, Dice=0.5826
2026-01-16 00:13:02,619 - INFO -   Batch 2/2: Loss=0.5409, Dice=0.6744
2026-01-16 00:13:03,803 - INFO -   Saved best model with Dice: 0.5714
2026-01-16 00:13:03,803 - INFO - 
Epoch 44/100 (4.6s):
2026-01-16 00:13:03,803 - INFO -   Train - Loss: 0.5691, Dice: 0.6285
2026-01-16 00:13:03,803 - INFO -   Val   - Loss: 0.8858, Dice: 0.5714
2026-01-16 00:13:03,803 - INFO -   Per-class Dice:
2026-01-16 00:13:03,803 - INFO -     Class 0: 0.9663
2026-01-16 00:13:03,804 - INFO -     Class 1: 0.0258
2026-01-16 00:13:03,804 - INFO -     Class 2: 0.7219
2026-01-16 00:13:06,071 - INFO -   Batch 1/2: Loss=0.5560, Dice=0.6347
2026-01-16 00:13:07,549 - INFO -   Batch 2/2: Loss=0.5997, Dice=0.6002
2026-01-16 00:13:08,764 - INFO -   Saved best model with Dice: 0.5724
2026-01-16 00:13:08,764 - INFO - 
Epoch 45/100 (5.0s):
2026-01-16 00:13:08,765 - INFO -   Train - Loss: 0.5779, Dice: 0.6175
2026-01-16 00:13:08,765 - INFO -   Val   - Loss: 0.8847, Dice: 0.5724
2026-01-16 00:13:08,765 - INFO -   Per-class Dice:
2026-01-16 00:13:08,765 - INFO -     Class 0: 0.9683
2026-01-16 00:13:08,765 - INFO -     Class 1: 0.0281
2026-01-16 00:13:08,765 - INFO -     Class 2: 0.7207
2026-01-16 00:13:11,012 - INFO -   Batch 1/2: Loss=0.5673, Dice=0.6427
2026-01-16 00:13:12,334 - INFO -   Batch 2/2: Loss=0.5917, Dice=0.5925
2026-01-16 00:13:13,394 - INFO - 
Epoch 46/100 (4.6s):
2026-01-16 00:13:13,394 - INFO -   Train - Loss: 0.5795, Dice: 0.6176
2026-01-16 00:13:13,394 - INFO -   Val   - Loss: 0.8871, Dice: 0.5686
2026-01-16 00:13:13,394 - INFO -   Per-class Dice:
2026-01-16 00:13:13,394 - INFO -     Class 0: 0.9703
2026-01-16 00:13:13,394 - INFO -     Class 1: 0.0289
2026-01-16 00:13:13,394 - INFO -     Class 2: 0.7064
2026-01-16 00:13:15,613 - INFO -   Batch 1/2: Loss=0.6101, Dice=0.5866
2026-01-16 00:13:16,927 - INFO -   Batch 2/2: Loss=0.6174, Dice=0.6377
2026-01-16 00:13:17,966 - INFO - 
Epoch 47/100 (4.6s):
2026-01-16 00:13:17,966 - INFO -   Train - Loss: 0.6138, Dice: 0.6122
2026-01-16 00:13:17,966 - INFO -   Val   - Loss: 0.8832, Dice: 0.5710
2026-01-16 00:13:17,966 - INFO -   Per-class Dice:
2026-01-16 00:13:17,966 - INFO -     Class 0: 0.9683
2026-01-16 00:13:17,966 - INFO -     Class 1: 0.0259
2026-01-16 00:13:17,966 - INFO -     Class 2: 0.7188
2026-01-16 00:13:20,200 - INFO -   Batch 1/2: Loss=0.5787, Dice=0.6612
2026-01-16 00:13:21,574 - INFO -   Batch 2/2: Loss=0.6073, Dice=0.6270
2026-01-16 00:13:22,773 - INFO -   Saved best model with Dice: 0.5745
2026-01-16 00:13:22,773 - INFO - 
Epoch 48/100 (4.8s):
2026-01-16 00:13:22,773 - INFO -   Train - Loss: 0.5930, Dice: 0.6441
2026-01-16 00:13:22,773 - INFO -   Val   - Loss: 0.8790, Dice: 0.5745
2026-01-16 00:13:22,773 - INFO -   Per-class Dice:
2026-01-16 00:13:22,773 - INFO -     Class 0: 0.9673
2026-01-16 00:13:22,773 - INFO -     Class 1: 0.0236
2026-01-16 00:13:22,773 - INFO -     Class 2: 0.7327
2026-01-16 00:13:25,015 - INFO -   Batch 1/2: Loss=0.6126, Dice=0.6172
2026-01-16 00:13:26,314 - INFO -   Batch 2/2: Loss=0.5627, Dice=0.6629
2026-01-16 00:13:27,511 - INFO -   Saved best model with Dice: 0.5786
2026-01-16 00:13:27,511 - INFO - 
Epoch 49/100 (4.7s):
2026-01-16 00:13:27,511 - INFO -   Train - Loss: 0.5876, Dice: 0.6401
2026-01-16 00:13:27,511 - INFO -   Val   - Loss: 0.8806, Dice: 0.5786
2026-01-16 00:13:27,511 - INFO -   Per-class Dice:
2026-01-16 00:13:27,511 - INFO -     Class 0: 0.9699
2026-01-16 00:13:27,511 - INFO -     Class 1: 0.0254
2026-01-16 00:13:27,511 - INFO -     Class 2: 0.7406
2026-01-16 00:13:29,743 - INFO -   Batch 1/2: Loss=0.5961, Dice=0.6368
2026-01-16 00:13:31,033 - INFO -   Batch 2/2: Loss=0.6058, Dice=0.6210
2026-01-16 00:13:32,089 - INFO - 
Epoch 50/100 (4.6s):
2026-01-16 00:13:32,090 - INFO -   Train - Loss: 0.6010, Dice: 0.6289
2026-01-16 00:13:32,090 - INFO -   Val   - Loss: 0.8811, Dice: 0.5769
2026-01-16 00:13:32,090 - INFO -   Per-class Dice:
2026-01-16 00:13:32,090 - INFO -     Class 0: 0.9719
2026-01-16 00:13:32,090 - INFO -     Class 1: 0.0300
2026-01-16 00:13:32,090 - INFO -     Class 2: 0.7288
2026-01-16 00:13:34,230 - INFO -   Batch 1/2: Loss=0.5843, Dice=0.6319
2026-01-16 00:13:35,560 - INFO -   Batch 2/2: Loss=0.5903, Dice=0.6398
2026-01-16 00:13:36,566 - INFO - 
Epoch 51/100 (4.5s):
2026-01-16 00:13:36,566 - INFO -   Train - Loss: 0.5873, Dice: 0.6358
2026-01-16 00:13:36,566 - INFO -   Val   - Loss: 0.8787, Dice: 0.5763
2026-01-16 00:13:36,566 - INFO -   Per-class Dice:
2026-01-16 00:13:36,566 - INFO -     Class 0: 0.9733
2026-01-16 00:13:36,566 - INFO -     Class 1: 0.0354
2026-01-16 00:13:36,567 - INFO -     Class 2: 0.7203
2026-01-16 00:13:38,757 - INFO -   Batch 1/2: Loss=0.5833, Dice=0.6275
2026-01-16 00:13:40,072 - INFO -   Batch 2/2: Loss=0.5659, Dice=0.6654
2026-01-16 00:13:41,103 - INFO - 
Epoch 52/100 (4.5s):
2026-01-16 00:13:41,103 - INFO -   Train - Loss: 0.5746, Dice: 0.6465
2026-01-16 00:13:41,103 - INFO -   Val   - Loss: 0.8769, Dice: 0.5740
2026-01-16 00:13:41,103 - INFO -   Per-class Dice:
2026-01-16 00:13:41,103 - INFO -     Class 0: 0.9728
2026-01-16 00:13:41,103 - INFO -     Class 1: 0.0394
2026-01-16 00:13:41,103 - INFO -     Class 2: 0.7097
2026-01-16 00:13:43,371 - INFO -   Batch 1/2: Loss=0.5866, Dice=0.6189
2026-01-16 00:13:44,610 - INFO -   Batch 2/2: Loss=0.5403, Dice=0.6806
2026-01-16 00:13:45,657 - INFO - 
Epoch 53/100 (4.6s):
2026-01-16 00:13:45,657 - INFO -   Train - Loss: 0.5634, Dice: 0.6497
2026-01-16 00:13:45,657 - INFO -   Val   - Loss: 0.8776, Dice: 0.5738
2026-01-16 00:13:45,657 - INFO -   Per-class Dice:
2026-01-16 00:13:45,657 - INFO -     Class 0: 0.9734
2026-01-16 00:13:45,657 - INFO -     Class 1: 0.0417
2026-01-16 00:13:45,657 - INFO -     Class 2: 0.7063
2026-01-16 00:13:47,835 - INFO -   Batch 1/2: Loss=0.5586, Dice=0.6513
2026-01-16 00:13:49,158 - INFO -   Batch 2/2: Loss=0.5814, Dice=0.6301
2026-01-16 00:13:50,183 - INFO - 
Epoch 54/100 (4.5s):
2026-01-16 00:13:50,183 - INFO -   Train - Loss: 0.5700, Dice: 0.6407
2026-01-16 00:13:50,183 - INFO -   Val   - Loss: 0.8778, Dice: 0.5783
2026-01-16 00:13:50,183 - INFO -   Per-class Dice:
2026-01-16 00:13:50,183 - INFO -     Class 0: 0.9750
2026-01-16 00:13:50,183 - INFO -     Class 1: 0.0461
2026-01-16 00:13:50,183 - INFO -     Class 2: 0.7137
2026-01-16 00:13:52,373 - INFO -   Batch 1/2: Loss=0.5374, Dice=0.6652
2026-01-16 00:13:53,712 - INFO -   Batch 2/2: Loss=0.5715, Dice=0.6346
2026-01-16 00:13:54,942 - INFO -   Saved best model with Dice: 0.5828
2026-01-16 00:13:54,942 - INFO - 
Epoch 55/100 (4.8s):
2026-01-16 00:13:54,942 - INFO -   Train - Loss: 0.5545, Dice: 0.6499
2026-01-16 00:13:54,942 - INFO -   Val   - Loss: 0.8776, Dice: 0.5828
2026-01-16 00:13:54,943 - INFO -   Per-class Dice:
2026-01-16 00:13:54,943 - INFO -     Class 0: 0.9778
2026-01-16 00:13:54,943 - INFO -     Class 1: 0.0497
2026-01-16 00:13:54,943 - INFO -     Class 2: 0.7210
2026-01-16 00:13:57,225 - INFO -   Batch 1/2: Loss=0.5617, Dice=0.6566
2026-01-16 00:13:58,471 - INFO -   Batch 2/2: Loss=0.5197, Dice=0.6418
2026-01-16 00:13:59,657 - INFO -   Saved best model with Dice: 0.5863
2026-01-16 00:13:59,657 - INFO - 
Epoch 56/100 (4.7s):
2026-01-16 00:13:59,657 - INFO -   Train - Loss: 0.5407, Dice: 0.6492
2026-01-16 00:13:59,657 - INFO -   Val   - Loss: 0.8758, Dice: 0.5863
2026-01-16 00:13:59,657 - INFO -   Per-class Dice:
2026-01-16 00:13:59,657 - INFO -     Class 0: 0.9783
2026-01-16 00:13:59,657 - INFO -     Class 1: 0.0514
2026-01-16 00:13:59,657 - INFO -     Class 2: 0.7292
2026-01-16 00:14:01,847 - INFO -   Batch 1/2: Loss=0.5313, Dice=0.6337
2026-01-16 00:14:03,257 - INFO -   Batch 2/2: Loss=0.5526, Dice=0.6749
2026-01-16 00:14:04,284 - INFO - 
Epoch 57/100 (4.6s):
2026-01-16 00:14:04,285 - INFO -   Train - Loss: 0.5419, Dice: 0.6543
2026-01-16 00:14:04,285 - INFO -   Val   - Loss: 0.8734, Dice: 0.5861
2026-01-16 00:14:04,285 - INFO -   Per-class Dice:
2026-01-16 00:14:04,285 - INFO -     Class 0: 0.9773
2026-01-16 00:14:04,285 - INFO -     Class 1: 0.0518
2026-01-16 00:14:04,285 - INFO -     Class 2: 0.7292
2026-01-16 00:14:06,518 - INFO -   Batch 1/2: Loss=0.5354, Dice=0.6517
2026-01-16 00:14:07,826 - INFO -   Batch 2/2: Loss=0.5317, Dice=0.6717
2026-01-16 00:14:08,891 - INFO - 
Epoch 58/100 (4.6s):
2026-01-16 00:14:08,891 - INFO -   Train - Loss: 0.5335, Dice: 0.6617
2026-01-16 00:14:08,891 - INFO -   Val   - Loss: 0.8741, Dice: 0.5827
2026-01-16 00:14:08,891 - INFO -   Per-class Dice:
2026-01-16 00:14:08,891 - INFO -     Class 0: 0.9775
2026-01-16 00:14:08,891 - INFO -     Class 1: 0.0550
2026-01-16 00:14:08,891 - INFO -     Class 2: 0.7155
2026-01-16 00:14:11,089 - INFO -   Batch 1/2: Loss=0.5146, Dice=0.6651
2026-01-16 00:14:12,428 - INFO -   Batch 2/2: Loss=0.5600, Dice=0.6554
2026-01-16 00:14:13,452 - INFO - 
Epoch 59/100 (4.6s):
2026-01-16 00:14:13,452 - INFO -   Train - Loss: 0.5373, Dice: 0.6602
2026-01-16 00:14:13,452 - INFO -   Val   - Loss: 0.8764, Dice: 0.5807
2026-01-16 00:14:13,452 - INFO -   Per-class Dice:
2026-01-16 00:14:13,452 - INFO -     Class 0: 0.9797
2026-01-16 00:14:13,452 - INFO -     Class 1: 0.0575
2026-01-16 00:14:13,452 - INFO -     Class 2: 0.7049
2026-01-16 00:14:15,642 - INFO -   Batch 1/2: Loss=0.5154, Dice=0.6735
2026-01-16 00:14:16,976 - INFO -   Batch 2/2: Loss=0.5446, Dice=0.6654
2026-01-16 00:14:18,010 - INFO - 
Epoch 60/100 (4.6s):
2026-01-16 00:14:18,010 - INFO -   Train - Loss: 0.5300, Dice: 0.6694
2026-01-16 00:14:18,010 - INFO -   Val   - Loss: 0.8795, Dice: 0.5764
2026-01-16 00:14:18,010 - INFO -   Per-class Dice:
2026-01-16 00:14:18,010 - INFO -     Class 0: 0.9828
2026-01-16 00:14:18,010 - INFO -     Class 1: 0.0590
2026-01-16 00:14:18,010 - INFO -     Class 2: 0.6872
2026-01-16 00:14:20,202 - INFO -   Batch 1/2: Loss=0.5369, Dice=0.6712
2026-01-16 00:14:21,495 - INFO -   Batch 2/2: Loss=0.5366, Dice=0.6598
2026-01-16 00:14:22,478 - INFO - 
Epoch 61/100 (4.5s):
2026-01-16 00:14:22,478 - INFO -   Train - Loss: 0.5367, Dice: 0.6655
2026-01-16 00:14:22,478 - INFO -   Val   - Loss: 0.8772, Dice: 0.5859
2026-01-16 00:14:22,478 - INFO -   Per-class Dice:
2026-01-16 00:14:22,478 - INFO -     Class 0: 0.9834
2026-01-16 00:14:22,479 - INFO -     Class 1: 0.0601
2026-01-16 00:14:22,479 - INFO -     Class 2: 0.7142
2026-01-16 00:14:24,727 - INFO -   Batch 1/2: Loss=0.5206, Dice=0.6590
2026-01-16 00:14:26,034 - INFO -   Batch 2/2: Loss=0.5204, Dice=0.7320
2026-01-16 00:14:27,311 - INFO -   Saved best model with Dice: 0.5954
2026-01-16 00:14:27,311 - INFO - 
Epoch 62/100 (4.8s):
2026-01-16 00:14:27,311 - INFO -   Train - Loss: 0.5205, Dice: 0.6955
2026-01-16 00:14:27,311 - INFO -   Val   - Loss: 0.8726, Dice: 0.5954
2026-01-16 00:14:27,311 - INFO -   Per-class Dice:
2026-01-16 00:14:27,311 - INFO -     Class 0: 0.9838
2026-01-16 00:14:27,311 - INFO -     Class 1: 0.0629
2026-01-16 00:14:27,311 - INFO -     Class 2: 0.7394
2026-01-16 00:14:29,574 - INFO -   Batch 1/2: Loss=0.5041, Dice=0.7246
2026-01-16 00:14:30,840 - INFO -   Batch 2/2: Loss=0.5405, Dice=0.6268
2026-01-16 00:14:32,030 - INFO -   Saved best model with Dice: 0.5977
2026-01-16 00:14:32,030 - INFO - 
Epoch 63/100 (4.7s):
2026-01-16 00:14:32,030 - INFO -   Train - Loss: 0.5223, Dice: 0.6757
2026-01-16 00:14:32,030 - INFO -   Val   - Loss: 0.8663, Dice: 0.5977
2026-01-16 00:14:32,030 - INFO -   Per-class Dice:
2026-01-16 00:14:32,030 - INFO -     Class 0: 0.9823
2026-01-16 00:14:32,030 - INFO -     Class 1: 0.0629
2026-01-16 00:14:32,030 - INFO -     Class 2: 0.7479
2026-01-16 00:14:34,193 - INFO -   Batch 1/2: Loss=0.5024, Dice=0.7269
2026-01-16 00:14:35,518 - INFO -   Batch 2/2: Loss=0.5374, Dice=0.6207
2026-01-16 00:14:36,554 - INFO - 
Epoch 64/100 (4.5s):
2026-01-16 00:14:36,554 - INFO -   Train - Loss: 0.5199, Dice: 0.6738
2026-01-16 00:14:36,554 - INFO -   Val   - Loss: 0.8667, Dice: 0.5932
2026-01-16 00:14:36,554 - INFO -   Per-class Dice:
2026-01-16 00:14:36,554 - INFO -     Class 0: 0.9828
2026-01-16 00:14:36,554 - INFO -     Class 1: 0.0652
2026-01-16 00:14:36,554 - INFO -     Class 2: 0.7314
2026-01-16 00:14:38,765 - INFO -   Batch 1/2: Loss=0.5251, Dice=0.6613
2026-01-16 00:14:40,073 - INFO -   Batch 2/2: Loss=0.5079, Dice=0.7039
2026-01-16 00:14:41,121 - INFO - 
Epoch 65/100 (4.6s):
2026-01-16 00:14:41,121 - INFO -   Train - Loss: 0.5165, Dice: 0.6826
2026-01-16 00:14:41,121 - INFO -   Val   - Loss: 0.8708, Dice: 0.5901
2026-01-16 00:14:41,121 - INFO -   Per-class Dice:
2026-01-16 00:14:41,121 - INFO -     Class 0: 0.9850
2026-01-16 00:14:41,121 - INFO -     Class 1: 0.0691
2026-01-16 00:14:41,121 - INFO -     Class 2: 0.7163
2026-01-16 00:14:43,394 - INFO -   Batch 1/2: Loss=0.5068, Dice=0.7105
2026-01-16 00:14:44,662 - INFO -   Batch 2/2: Loss=0.5104, Dice=0.6785
2026-01-16 00:14:45,878 - INFO -   Saved best model with Dice: 0.5991
2026-01-16 00:14:45,878 - INFO - 
Epoch 66/100 (4.8s):
2026-01-16 00:14:45,878 - INFO -   Train - Loss: 0.5086, Dice: 0.6945
2026-01-16 00:14:45,878 - INFO -   Val   - Loss: 0.8673, Dice: 0.5991
2026-01-16 00:14:45,879 - INFO -   Per-class Dice:
2026-01-16 00:14:45,879 - INFO -     Class 0: 0.9855
2026-01-16 00:14:45,879 - INFO -     Class 1: 0.0733
2026-01-16 00:14:45,879 - INFO -     Class 2: 0.7384
2026-01-16 00:14:48,056 - INFO -   Batch 1/2: Loss=0.4993, Dice=0.7057
2026-01-16 00:14:49,388 - INFO -   Batch 2/2: Loss=0.5195, Dice=0.6976
2026-01-16 00:14:50,605 - INFO -   Saved best model with Dice: 0.6047
2026-01-16 00:14:50,606 - INFO - 
Epoch 67/100 (4.7s):
2026-01-16 00:14:50,606 - INFO -   Train - Loss: 0.5094, Dice: 0.7016
2026-01-16 00:14:50,606 - INFO -   Val   - Loss: 0.8662, Dice: 0.6047
2026-01-16 00:14:50,606 - INFO -   Per-class Dice:
2026-01-16 00:14:50,606 - INFO -     Class 0: 0.9863
2026-01-16 00:14:50,606 - INFO -     Class 1: 0.0778
2026-01-16 00:14:50,606 - INFO -     Class 2: 0.7499
2026-01-16 00:14:52,851 - INFO -   Batch 1/2: Loss=0.5221, Dice=0.6562
2026-01-16 00:14:54,146 - INFO -   Batch 2/2: Loss=0.5924, Dice=0.5873
2026-01-16 00:14:55,171 - INFO - 
Epoch 68/100 (4.6s):
2026-01-16 00:14:55,171 - INFO -   Train - Loss: 0.5572, Dice: 0.6217
2026-01-16 00:14:55,171 - INFO -   Val   - Loss: 0.8617, Dice: 0.5896
2026-01-16 00:14:55,171 - INFO -   Per-class Dice:
2026-01-16 00:14:55,171 - INFO -     Class 0: 0.9793
2026-01-16 00:14:55,171 - INFO -     Class 1: 0.0606
2026-01-16 00:14:55,171 - INFO -     Class 2: 0.7289
2026-01-16 00:14:57,384 - INFO -   Batch 1/2: Loss=0.5031, Dice=0.7021
2026-01-16 00:14:58,689 - INFO -   Batch 2/2: Loss=0.5190, Dice=0.6947
2026-01-16 00:14:59,817 - INFO - 
Epoch 69/100 (4.6s):
2026-01-16 00:14:59,817 - INFO -   Train - Loss: 0.5110, Dice: 0.6984
2026-01-16 00:14:59,817 - INFO -   Val   - Loss: 0.8746, Dice: 0.4922
2026-01-16 00:14:59,817 - INFO -   Per-class Dice:
2026-01-16 00:14:59,817 - INFO -     Class 0: 0.9443
2026-01-16 00:14:59,817 - INFO -     Class 1: 0.0253
2026-01-16 00:14:59,817 - INFO -     Class 2: 0.5071
2026-01-16 00:15:02,127 - INFO -   Batch 1/2: Loss=0.5219, Dice=0.7079
2026-01-16 00:15:03,456 - INFO -   Batch 2/2: Loss=0.5204, Dice=0.6900
2026-01-16 00:15:04,502 - INFO - 
Epoch 70/100 (4.7s):
2026-01-16 00:15:04,502 - INFO -   Train - Loss: 0.5212, Dice: 0.6989
2026-01-16 00:15:04,502 - INFO -   Val   - Loss: 0.8850, Dice: 0.4698
2026-01-16 00:15:04,502 - INFO -   Per-class Dice:
2026-01-16 00:15:04,502 - INFO -     Class 0: 0.9278
2026-01-16 00:15:04,502 - INFO -     Class 1: 0.0210
2026-01-16 00:15:04,502 - INFO -     Class 2: 0.4605
2026-01-16 00:15:06,805 - INFO -   Batch 1/2: Loss=0.5331, Dice=0.7120
2026-01-16 00:15:08,059 - INFO -   Batch 2/2: Loss=0.5392, Dice=0.6357
2026-01-16 00:15:09,103 - INFO - 
Epoch 71/100 (4.6s):
2026-01-16 00:15:09,103 - INFO -   Train - Loss: 0.5361, Dice: 0.6739
2026-01-16 00:15:09,103 - INFO -   Val   - Loss: 0.8718, Dice: 0.5374
2026-01-16 00:15:09,103 - INFO -   Per-class Dice:
2026-01-16 00:15:09,103 - INFO -     Class 0: 0.9641
2026-01-16 00:15:09,103 - INFO -     Class 1: 0.0327
2026-01-16 00:15:09,103 - INFO -     Class 2: 0.6153
2026-01-16 00:15:11,309 - INFO -   Batch 1/2: Loss=0.5219, Dice=0.7034
2026-01-16 00:15:12,701 - INFO -   Batch 2/2: Loss=0.5484, Dice=0.6539
2026-01-16 00:15:13,766 - INFO - 
Epoch 72/100 (4.7s):
2026-01-16 00:15:13,767 - INFO -   Train - Loss: 0.5352, Dice: 0.6786
2026-01-16 00:15:13,767 - INFO -   Val   - Loss: 0.8641, Dice: 0.5822
2026-01-16 00:15:13,767 - INFO -   Per-class Dice:
2026-01-16 00:15:13,767 - INFO -     Class 0: 0.9817
2026-01-16 00:15:13,767 - INFO -     Class 1: 0.0516
2026-01-16 00:15:13,767 - INFO -     Class 2: 0.7133
2026-01-16 00:15:16,029 - INFO -   Batch 1/2: Loss=0.5209, Dice=0.7007
2026-01-16 00:15:17,326 - INFO -   Batch 2/2: Loss=0.5225, Dice=0.6749
2026-01-16 00:15:18,385 - INFO - 
Epoch 73/100 (4.6s):
2026-01-16 00:15:18,385 - INFO -   Train - Loss: 0.5217, Dice: 0.6878
2026-01-16 00:15:18,385 - INFO -   Val   - Loss: 0.8600, Dice: 0.5885
2026-01-16 00:15:18,385 - INFO -   Per-class Dice:
2026-01-16 00:15:18,385 - INFO -     Class 0: 0.9819
2026-01-16 00:15:18,385 - INFO -     Class 1: 0.0567
2026-01-16 00:15:18,385 - INFO -     Class 2: 0.7268
2026-01-16 00:15:20,601 - INFO -   Batch 1/2: Loss=0.4994, Dice=0.7047
2026-01-16 00:15:21,918 - INFO -   Batch 2/2: Loss=0.5531, Dice=0.6483
2026-01-16 00:15:22,955 - INFO - 
Epoch 74/100 (4.6s):
2026-01-16 00:15:22,955 - INFO -   Train - Loss: 0.5263, Dice: 0.6765
2026-01-16 00:15:22,955 - INFO -   Val   - Loss: 0.8623, Dice: 0.6032
2026-01-16 00:15:22,955 - INFO -   Per-class Dice:
2026-01-16 00:15:22,955 - INFO -     Class 0: 0.9852
2026-01-16 00:15:22,955 - INFO -     Class 1: 0.0701
2026-01-16 00:15:22,955 - INFO -     Class 2: 0.7544
2026-01-16 00:15:25,148 - INFO -   Batch 1/2: Loss=0.4962, Dice=0.7032
2026-01-16 00:15:26,485 - INFO -   Batch 2/2: Loss=0.5479, Dice=0.6725
2026-01-16 00:15:27,534 - INFO - 
Epoch 75/100 (4.6s):
2026-01-16 00:15:27,534 - INFO -   Train - Loss: 0.5221, Dice: 0.6878
2026-01-16 00:15:27,534 - INFO -   Val   - Loss: 0.8748, Dice: 0.5810
2026-01-16 00:15:27,534 - INFO -   Per-class Dice:
2026-01-16 00:15:27,534 - INFO -     Class 0: 0.9894
2026-01-16 00:15:27,534 - INFO -     Class 1: 0.0781
2026-01-16 00:15:27,534 - INFO -     Class 2: 0.6756
2026-01-16 00:15:29,798 - INFO -   Batch 1/2: Loss=0.4854, Dice=0.7499
2026-01-16 00:15:31,099 - INFO -   Batch 2/2: Loss=0.5420, Dice=0.6049
2026-01-16 00:15:32,242 - INFO - 
Epoch 76/100 (4.7s):
2026-01-16 00:15:32,242 - INFO -   Train - Loss: 0.5137, Dice: 0.6774
2026-01-16 00:15:32,242 - INFO -   Val   - Loss: 0.8744, Dice: 0.5820
2026-01-16 00:15:32,242 - INFO -   Per-class Dice:
2026-01-16 00:15:32,242 - INFO -     Class 0: 0.9894
2026-01-16 00:15:32,243 - INFO -     Class 1: 0.0828
2026-01-16 00:15:32,243 - INFO -     Class 2: 0.6739
2026-01-16 00:15:34,482 - INFO -   Batch 1/2: Loss=0.5136, Dice=0.6926
2026-01-16 00:15:35,768 - INFO -   Batch 2/2: Loss=0.5545, Dice=0.6292
2026-01-16 00:15:36,980 - INFO -   Saved best model with Dice: 0.6073
2026-01-16 00:15:36,980 - INFO - 
Epoch 77/100 (4.7s):
2026-01-16 00:15:36,981 - INFO -   Train - Loss: 0.5341, Dice: 0.6609
2026-01-16 00:15:36,981 - INFO -   Val   - Loss: 0.8663, Dice: 0.6073
2026-01-16 00:15:36,981 - INFO -   Per-class Dice:
2026-01-16 00:15:36,981 - INFO -     Class 0: 0.9871
2026-01-16 00:15:36,981 - INFO -     Class 1: 0.0856
2026-01-16 00:15:36,981 - INFO -     Class 2: 0.7491
2026-01-16 00:15:39,205 - INFO -   Batch 1/2: Loss=0.4989, Dice=0.7275
2026-01-16 00:15:40,519 - INFO -   Batch 2/2: Loss=0.5111, Dice=0.6418
2026-01-16 00:15:41,708 - INFO -   Saved best model with Dice: 0.6098
2026-01-16 00:15:41,709 - INFO - 
Epoch 78/100 (4.7s):
2026-01-16 00:15:41,709 - INFO -   Train - Loss: 0.5050, Dice: 0.6847
2026-01-16 00:15:41,709 - INFO -   Val   - Loss: 0.8634, Dice: 0.6098
2026-01-16 00:15:41,709 - INFO -   Per-class Dice:
2026-01-16 00:15:41,709 - INFO -     Class 0: 0.9871
2026-01-16 00:15:41,709 - INFO -     Class 1: 0.0822
2026-01-16 00:15:41,709 - INFO -     Class 2: 0.7600
2026-01-16 00:15:43,922 - INFO -   Batch 1/2: Loss=0.4827, Dice=0.7267
2026-01-16 00:15:45,259 - INFO -   Batch 2/2: Loss=0.5266, Dice=0.6470
2026-01-16 00:15:46,317 - INFO -   Learning rate changed from 2.50e-05 to 1.25e-05
2026-01-16 00:15:46,317 - INFO - 
Epoch 79/100 (4.6s):
2026-01-16 00:15:46,317 - INFO -   Train - Loss: 0.5047, Dice: 0.6868
2026-01-16 00:15:46,318 - INFO -   Val   - Loss: 0.8692, Dice: 0.5949
2026-01-16 00:15:46,318 - INFO -   Per-class Dice:
2026-01-16 00:15:46,318 - INFO -     Class 0: 0.9892
2026-01-16 00:15:46,318 - INFO -     Class 1: 0.0786
2026-01-16 00:15:46,318 - INFO -     Class 2: 0.7169
2026-01-16 00:15:48,529 - INFO -   Batch 1/2: Loss=0.5162, Dice=0.6653
2026-01-16 00:15:49,894 - INFO -   Batch 2/2: Loss=0.4831, Dice=0.7174
2026-01-16 00:15:50,943 - INFO - 
Epoch 80/100 (4.6s):
2026-01-16 00:15:50,943 - INFO -   Train - Loss: 0.4996, Dice: 0.6914
2026-01-16 00:15:50,943 - INFO -   Val   - Loss: 0.8726, Dice: 0.5834
2026-01-16 00:15:50,943 - INFO -   Per-class Dice:
2026-01-16 00:15:50,943 - INFO -     Class 0: 0.9900
2026-01-16 00:15:50,943 - INFO -     Class 1: 0.0760
2026-01-16 00:15:50,943 - INFO -     Class 2: 0.6844
2026-01-16 00:15:53,128 - INFO -   Batch 1/2: Loss=0.4958, Dice=0.6825
2026-01-16 00:15:54,526 - INFO -   Batch 2/2: Loss=0.4999, Dice=0.7285
2026-01-16 00:15:55,573 - INFO - 
Epoch 81/100 (4.6s):
2026-01-16 00:15:55,573 - INFO -   Train - Loss: 0.4979, Dice: 0.7055
2026-01-16 00:15:55,573 - INFO -   Val   - Loss: 0.8735, Dice: 0.5800
2026-01-16 00:15:55,573 - INFO -   Per-class Dice:
2026-01-16 00:15:55,573 - INFO -     Class 0: 0.9904
2026-01-16 00:15:55,573 - INFO -     Class 1: 0.0762
2026-01-16 00:15:55,573 - INFO -     Class 2: 0.6733
2026-01-16 00:15:57,825 - INFO -   Batch 1/2: Loss=0.5094, Dice=0.6903
2026-01-16 00:15:59,118 - INFO -   Batch 2/2: Loss=0.4840, Dice=0.7266
2026-01-16 00:16:00,164 - INFO - 
Epoch 82/100 (4.6s):
2026-01-16 00:16:00,164 - INFO -   Train - Loss: 0.4967, Dice: 0.7084
2026-01-16 00:16:00,164 - INFO -   Val   - Loss: 0.8682, Dice: 0.5966
2026-01-16 00:16:00,164 - INFO -   Per-class Dice:
2026-01-16 00:16:00,164 - INFO -     Class 0: 0.9897
2026-01-16 00:16:00,164 - INFO -     Class 1: 0.0825
2026-01-16 00:16:00,164 - INFO -     Class 2: 0.7177
2026-01-16 00:16:02,319 - INFO -   Batch 1/2: Loss=0.4803, Dice=0.6936
2026-01-16 00:16:03,684 - INFO -   Batch 2/2: Loss=0.5047, Dice=0.7357
2026-01-16 00:16:04,779 - INFO - 
Epoch 83/100 (4.6s):
2026-01-16 00:16:04,780 - INFO -   Train - Loss: 0.4925, Dice: 0.7146
2026-01-16 00:16:04,780 - INFO -   Val   - Loss: 0.8632, Dice: 0.6082
2026-01-16 00:16:04,780 - INFO -   Per-class Dice:
2026-01-16 00:16:04,780 - INFO -     Class 0: 0.9891
2026-01-16 00:16:04,780 - INFO -     Class 1: 0.0854
2026-01-16 00:16:04,780 - INFO -     Class 2: 0.7501
2026-01-16 00:16:07,042 - INFO -   Batch 1/2: Loss=0.5044, Dice=0.6922
2026-01-16 00:16:08,321 - INFO -   Batch 2/2: Loss=0.4696, Dice=0.7165
2026-01-16 00:16:09,533 - INFO -   Saved best model with Dice: 0.6119
2026-01-16 00:16:09,533 - INFO - 
Epoch 84/100 (4.8s):
2026-01-16 00:16:09,533 - INFO -   Train - Loss: 0.4870, Dice: 0.7044
2026-01-16 00:16:09,533 - INFO -   Val   - Loss: 0.8621, Dice: 0.6119
2026-01-16 00:16:09,533 - INFO -   Per-class Dice:
2026-01-16 00:16:09,533 - INFO -     Class 0: 0.9893
2026-01-16 00:16:09,533 - INFO -     Class 1: 0.0886
2026-01-16 00:16:09,533 - INFO -     Class 2: 0.7579
2026-01-16 00:16:11,708 - INFO -   Batch 1/2: Loss=0.4804, Dice=0.7118
2026-01-16 00:16:13,051 - INFO -   Batch 2/2: Loss=0.4995, Dice=0.6980
2026-01-16 00:16:14,108 - INFO -   Learning rate changed from 1.25e-05 to 6.25e-06
2026-01-16 00:16:14,108 - INFO - 
Epoch 85/100 (4.6s):
2026-01-16 00:16:14,108 - INFO -   Train - Loss: 0.4899, Dice: 0.7049
2026-01-16 00:16:14,108 - INFO -   Val   - Loss: 0.8642, Dice: 0.6109
2026-01-16 00:16:14,108 - INFO -   Per-class Dice:
2026-01-16 00:16:14,108 - INFO -     Class 0: 0.9903
2026-01-16 00:16:14,108 - INFO -     Class 1: 0.0928
2026-01-16 00:16:14,108 - INFO -     Class 2: 0.7498
2026-01-16 00:16:16,420 - INFO -   Batch 1/2: Loss=0.4707, Dice=0.7371
2026-01-16 00:16:17,682 - INFO -   Batch 2/2: Loss=0.5170, Dice=0.6429
2026-01-16 00:16:18,716 - INFO - 
Epoch 86/100 (4.6s):
2026-01-16 00:16:18,716 - INFO -   Train - Loss: 0.4939, Dice: 0.6900
2026-01-16 00:16:18,716 - INFO -   Val   - Loss: 0.8658, Dice: 0.6066
2026-01-16 00:16:18,716 - INFO -   Per-class Dice:
2026-01-16 00:16:18,716 - INFO -     Class 0: 0.9907
2026-01-16 00:16:18,716 - INFO -     Class 1: 0.0927
2026-01-16 00:16:18,716 - INFO -     Class 2: 0.7364
2026-01-16 00:16:20,957 - INFO -   Batch 1/2: Loss=0.4887, Dice=0.7374
2026-01-16 00:16:22,244 - INFO -   Batch 2/2: Loss=0.4735, Dice=0.6535
2026-01-16 00:16:23,307 - INFO - 
Epoch 87/100 (4.6s):
2026-01-16 00:16:23,307 - INFO -   Train - Loss: 0.4811, Dice: 0.6954
2026-01-16 00:16:23,307 - INFO -   Val   - Loss: 0.8669, Dice: 0.6029
2026-01-16 00:16:23,307 - INFO -   Per-class Dice:
2026-01-16 00:16:23,307 - INFO -     Class 0: 0.9908
2026-01-16 00:16:23,307 - INFO -     Class 1: 0.0921
2026-01-16 00:16:23,307 - INFO -     Class 2: 0.7259
2026-01-16 00:16:25,558 - INFO -   Batch 1/2: Loss=0.4678, Dice=0.7027
2026-01-16 00:16:26,847 - INFO -   Batch 2/2: Loss=0.5199, Dice=0.7109
2026-01-16 00:16:27,912 - INFO - 
Epoch 88/100 (4.6s):
2026-01-16 00:16:27,912 - INFO -   Train - Loss: 0.4939, Dice: 0.7068
2026-01-16 00:16:27,912 - INFO -   Val   - Loss: 0.8668, Dice: 0.6021
2026-01-16 00:16:27,912 - INFO -   Per-class Dice:
2026-01-16 00:16:27,912 - INFO -     Class 0: 0.9907
2026-01-16 00:16:27,912 - INFO -     Class 1: 0.0915
2026-01-16 00:16:27,912 - INFO -     Class 2: 0.7242
2026-01-16 00:16:30,233 - INFO -   Batch 1/2: Loss=0.4855, Dice=0.7275
2026-01-16 00:16:31,484 - INFO -   Batch 2/2: Loss=0.5499, Dice=0.5985
2026-01-16 00:16:32,547 - INFO - 
Epoch 89/100 (4.6s):
2026-01-16 00:16:32,547 - INFO -   Train - Loss: 0.5177, Dice: 0.6630
2026-01-16 00:16:32,547 - INFO -   Val   - Loss: 0.8661, Dice: 0.6036
2026-01-16 00:16:32,547 - INFO -   Per-class Dice:
2026-01-16 00:16:32,547 - INFO -     Class 0: 0.9895
2026-01-16 00:16:32,547 - INFO -     Class 1: 0.0878
2026-01-16 00:16:32,547 - INFO -     Class 2: 0.7336
2026-01-16 00:16:34,846 - INFO -   Batch 1/2: Loss=0.4783, Dice=0.7343
2026-01-16 00:16:36,109 - INFO -   Batch 2/2: Loss=0.4799, Dice=0.6679
2026-01-16 00:16:37,167 - INFO - 
Epoch 90/100 (4.6s):
2026-01-16 00:16:37,168 - INFO -   Train - Loss: 0.4791, Dice: 0.7011
2026-01-16 00:16:37,168 - INFO -   Val   - Loss: 0.8632, Dice: 0.6088
2026-01-16 00:16:37,168 - INFO -   Per-class Dice:
2026-01-16 00:16:37,168 - INFO -     Class 0: 0.9891
2026-01-16 00:16:37,168 - INFO -     Class 1: 0.0885
2026-01-16 00:16:37,168 - INFO -     Class 2: 0.7487
2026-01-16 00:16:39,532 - INFO -   Batch 1/2: Loss=0.4778, Dice=0.7322
2026-01-16 00:16:40,810 - INFO -   Batch 2/2: Loss=0.4872, Dice=0.6737
2026-01-16 00:16:41,878 - INFO -   Learning rate changed from 6.25e-06 to 3.13e-06
2026-01-16 00:16:41,878 - INFO - 
Epoch 91/100 (4.7s):
2026-01-16 00:16:41,878 - INFO -   Train - Loss: 0.4825, Dice: 0.7029
2026-01-16 00:16:41,878 - INFO -   Val   - Loss: 0.8610, Dice: 0.6110
2026-01-16 00:16:41,879 - INFO -   Per-class Dice:
2026-01-16 00:16:41,879 - INFO -     Class 0: 0.9886
2026-01-16 00:16:41,879 - INFO -     Class 1: 0.0885
2026-01-16 00:16:41,879 - INFO -     Class 2: 0.7559
2026-01-16 00:16:44,107 - INFO -   Batch 1/2: Loss=0.4795, Dice=0.7031
2026-01-16 00:16:45,461 - INFO -   Batch 2/2: Loss=0.4845, Dice=0.7293
2026-01-16 00:16:46,543 - INFO - 
Epoch 92/100 (4.7s):
2026-01-16 00:16:46,543 - INFO -   Train - Loss: 0.4820, Dice: 0.7162
2026-01-16 00:16:46,543 - INFO -   Val   - Loss: 0.8607, Dice: 0.6116
2026-01-16 00:16:46,543 - INFO -   Per-class Dice:
2026-01-16 00:16:46,543 - INFO -     Class 0: 0.9888
2026-01-16 00:16:46,543 - INFO -     Class 1: 0.0900
2026-01-16 00:16:46,543 - INFO -     Class 2: 0.7559
2026-01-16 00:16:48,797 - INFO -   Batch 1/2: Loss=0.4811, Dice=0.7236
2026-01-16 00:16:50,099 - INFO -   Batch 2/2: Loss=0.4776, Dice=0.6881
2026-01-16 00:16:51,142 - INFO - 
Epoch 93/100 (4.6s):
2026-01-16 00:16:51,142 - INFO -   Train - Loss: 0.4794, Dice: 0.7058
2026-01-16 00:16:51,142 - INFO -   Val   - Loss: 0.8606, Dice: 0.6118
2026-01-16 00:16:51,142 - INFO -   Per-class Dice:
2026-01-16 00:16:51,142 - INFO -     Class 0: 0.9890
2026-01-16 00:16:51,142 - INFO -     Class 1: 0.0909
2026-01-16 00:16:51,143 - INFO -     Class 2: 0.7555
2026-01-16 00:16:53,373 - INFO -   Batch 1/2: Loss=0.4632, Dice=0.7032
2026-01-16 00:16:54,709 - INFO -   Batch 2/2: Loss=0.5005, Dice=0.7217
2026-01-16 00:16:55,739 - INFO - 
Epoch 94/100 (4.6s):
2026-01-16 00:16:55,740 - INFO -   Train - Loss: 0.4818, Dice: 0.7124
2026-01-16 00:16:55,740 - INFO -   Val   - Loss: 0.8609, Dice: 0.6112
2026-01-16 00:16:55,740 - INFO -   Per-class Dice:
2026-01-16 00:16:55,740 - INFO -     Class 0: 0.9893
2026-01-16 00:16:55,740 - INFO -     Class 1: 0.0916
2026-01-16 00:16:55,740 - INFO -     Class 2: 0.7527
2026-01-16 00:16:57,930 - INFO -   Batch 1/2: Loss=0.4731, Dice=0.7013
2026-01-16 00:16:59,261 - INFO -   Batch 2/2: Loss=0.4803, Dice=0.7422
2026-01-16 00:17:00,249 - INFO - 
Epoch 95/100 (4.5s):
2026-01-16 00:17:00,250 - INFO -   Train - Loss: 0.4767, Dice: 0.7218
2026-01-16 00:17:00,250 - INFO -   Val   - Loss: 0.8616, Dice: 0.6106
2026-01-16 00:17:00,250 - INFO -   Per-class Dice:
2026-01-16 00:17:00,250 - INFO -     Class 0: 0.9896
2026-01-16 00:17:00,250 - INFO -     Class 1: 0.0930
2026-01-16 00:17:00,250 - INFO -     Class 2: 0.7493
2026-01-16 00:17:02,475 - INFO -   Batch 1/2: Loss=0.4635, Dice=0.7171
2026-01-16 00:17:03,765 - INFO -   Batch 2/2: Loss=0.4945, Dice=0.7046
2026-01-16 00:17:04,816 - INFO - 
Epoch 96/100 (4.6s):
2026-01-16 00:17:04,816 - INFO -   Train - Loss: 0.4790, Dice: 0.7108
2026-01-16 00:17:04,816 - INFO -   Val   - Loss: 0.8623, Dice: 0.6097
2026-01-16 00:17:04,816 - INFO -   Per-class Dice:
2026-01-16 00:17:04,816 - INFO -     Class 0: 0.9899
2026-01-16 00:17:04,816 - INFO -     Class 1: 0.0950
2026-01-16 00:17:04,816 - INFO -     Class 2: 0.7443
2026-01-16 00:17:07,055 - INFO -   Batch 1/2: Loss=0.4627, Dice=0.7327
2026-01-16 00:17:08,352 - INFO -   Batch 2/2: Loss=0.5082, Dice=0.6730
2026-01-16 00:17:09,393 - INFO -   Learning rate changed from 3.13e-06 to 1.56e-06
2026-01-16 00:17:09,393 - INFO - 
Epoch 97/100 (4.6s):
2026-01-16 00:17:09,393 - INFO -   Train - Loss: 0.4854, Dice: 0.7029
2026-01-16 00:17:09,393 - INFO -   Val   - Loss: 0.8629, Dice: 0.6081
2026-01-16 00:17:09,393 - INFO -   Per-class Dice:
2026-01-16 00:17:09,393 - INFO -     Class 0: 0.9900
2026-01-16 00:17:09,393 - INFO -     Class 1: 0.0949
2026-01-16 00:17:09,393 - INFO -     Class 2: 0.7395
2026-01-16 00:17:11,708 - INFO -   Batch 1/2: Loss=0.4790, Dice=0.7026
2026-01-16 00:17:12,992 - INFO -   Batch 2/2: Loss=0.5032, Dice=0.6932
2026-01-16 00:17:14,053 - INFO - 
Epoch 98/100 (4.7s):
2026-01-16 00:17:14,053 - INFO -   Train - Loss: 0.4911, Dice: 0.6979
2026-01-16 00:17:14,053 - INFO -   Val   - Loss: 0.8634, Dice: 0.6074
2026-01-16 00:17:14,053 - INFO -   Per-class Dice:
2026-01-16 00:17:14,053 - INFO -     Class 0: 0.9898
2026-01-16 00:17:14,053 - INFO -     Class 1: 0.0936
2026-01-16 00:17:14,053 - INFO -     Class 2: 0.7389
2026-01-16 00:17:16,286 - INFO -   Batch 1/2: Loss=0.4785, Dice=0.7180
2026-01-16 00:17:17,595 - INFO -   Batch 2/2: Loss=0.4887, Dice=0.6835
2026-01-16 00:17:18,656 - INFO - 
Epoch 99/100 (4.6s):
2026-01-16 00:17:18,656 - INFO -   Train - Loss: 0.4836, Dice: 0.7008
2026-01-16 00:17:18,656 - INFO -   Val   - Loss: 0.8635, Dice: 0.6073
2026-01-16 00:17:18,656 - INFO -   Per-class Dice:
2026-01-16 00:17:18,656 - INFO -     Class 0: 0.9898
2026-01-16 00:17:18,656 - INFO -     Class 1: 0.0939
2026-01-16 00:17:18,656 - INFO -     Class 2: 0.7383
2026-01-16 00:17:20,808 - INFO -   Batch 1/2: Loss=0.4791, Dice=0.7137
2026-01-16 00:17:22,206 - INFO -   Batch 2/2: Loss=0.5170, Dice=0.6530
2026-01-16 00:17:23,273 - INFO - 
Epoch 100/100 (4.6s):
2026-01-16 00:17:23,273 - INFO -   Train - Loss: 0.4980, Dice: 0.6833
2026-01-16 00:17:23,273 - INFO -   Val   - Loss: 0.8637, Dice: 0.6071
2026-01-16 00:17:23,273 - INFO -   Per-class Dice:
2026-01-16 00:17:23,273 - INFO -     Class 0: 0.9896
2026-01-16 00:17:23,273 - INFO -     Class 1: 0.0932
2026-01-16 00:17:23,273 - INFO -     Class 2: 0.7385
2026-01-16 00:17:23,275 - INFO - 
Training completed. Best validation Dice: 0.6119
2026-01-16 00:17:23,840 - INFO - 
============================================================
2026-01-16 00:17:23,840 - INFO - EVALUATION ON TEST SET
2026-01-16 00:17:23,840 - INFO - ============================================================
2026-01-16 00:17:25,067 - INFO - 
Overall Dice Score: 0.6108 ± 0.0000
2026-01-16 00:17:25,067 - INFO - 
Per-class Dice Scores:
2026-01-16 00:17:25,067 - INFO -   NO-PG : 0.9887 ± 0.0000
2026-01-16 00:17:25,067 - INFO -   PZ    : 0.1317 ± 0.0000
2026-01-16 00:17:25,067 - INFO -   TZ    : 0.7121 ± 0.0000
2026-01-16 00:17:25,067 - INFO - 
Generating prediction visualizations...
2026-01-16 00:17:26,806 - INFO - 
Training completed successfully!
2026-01-16 00:17:26,806 - INFO - Best validation Dice: 0.6119
2026-01-16 00:17:26,806 - INFO - Test Dice: 0.6108
