2026-01-15 23:58:33,475 - INFO - Results will be saved to: exp/FUSION_100_epochs_DICE50_CE50
2026-01-15 23:58:33,475 - INFO - Alive
2026-01-15 23:58:33,475 - INFO - Found 80 patients
2026-01-15 23:58:33,476 - INFO - Train: 51 patients
2026-01-15 23:58:33,476 - INFO - Val: 13 patients
2026-01-15 23:58:33,476 - INFO - Test: 16 patients
2026-01-15 23:58:33,480 - INFO - 
Testing data loading...
2026-01-15 23:58:35,758 - INFO - Batch image shape: torch.Size([32, 1, 256, 256])
2026-01-15 23:58:35,758 - INFO - Batch labels shape: torch.Size([32, 3, 256, 256])
2026-01-15 23:58:36,507 - INFO - Initialized trainer on device: cuda
2026-01-15 23:58:36,507 - INFO - Model parameters: 17,261,955
2026-01-15 23:58:36,507 - INFO - Starting training for 100 epochs
2026-01-15 23:58:39,675 - INFO -   Batch 1/2: Loss=1.6479, Dice=0.2334
2026-01-15 23:58:41,301 - INFO -   Batch 2/2: Loss=1.4368, Dice=0.2580
2026-01-15 23:58:42,315 - INFO -   Saved best model with Dice: 0.0597
2026-01-15 23:58:42,315 - INFO - 
Epoch 1/100 (5.8s):
2026-01-15 23:58:42,315 - INFO -   Train - Loss: 1.5423, Dice: 0.2457
2026-01-15 23:58:42,315 - INFO -   Val   - Loss: 1.0356, Dice: 0.0597
2026-01-15 23:58:42,315 - INFO -   Per-class Dice:
2026-01-15 23:58:42,315 - INFO -     Class 0: 0.1473
2026-01-15 23:58:42,315 - INFO -     Class 1: 0.0000
2026-01-15 23:58:42,315 - INFO -     Class 2: 0.0320
2026-01-15 23:58:44,253 - INFO -   Batch 1/2: Loss=1.2069, Dice=0.2665
2026-01-15 23:58:45,495 - INFO -   Batch 2/2: Loss=1.0825, Dice=0.3025
2026-01-15 23:58:46,624 - INFO - 
Epoch 2/100 (4.3s):
2026-01-15 23:58:46,624 - INFO -   Train - Loss: 1.1447, Dice: 0.2845
2026-01-15 23:58:46,624 - INFO -   Val   - Loss: 1.0925, Dice: 0.0580
2026-01-15 23:58:46,624 - INFO -   Per-class Dice:
2026-01-15 23:58:46,624 - INFO -     Class 0: 0.1418
2026-01-15 23:58:46,624 - INFO -     Class 1: 0.0000
2026-01-15 23:58:46,624 - INFO -     Class 2: 0.0321
2026-01-15 23:58:48,668 - INFO -   Batch 1/2: Loss=1.0024, Dice=0.3196
2026-01-15 23:58:49,836 - INFO -   Batch 2/2: Loss=0.8926, Dice=0.3278
2026-01-15 23:58:50,742 - INFO - 
Epoch 3/100 (4.1s):
2026-01-15 23:58:50,742 - INFO -   Train - Loss: 0.9475, Dice: 0.3237
2026-01-15 23:58:50,742 - INFO -   Val   - Loss: 1.0652, Dice: 0.0565
2026-01-15 23:58:50,742 - INFO -   Per-class Dice:
2026-01-15 23:58:50,742 - INFO -     Class 0: 0.1375
2026-01-15 23:58:50,742 - INFO -     Class 1: 0.0000
2026-01-15 23:58:50,742 - INFO -     Class 2: 0.0320
2026-01-15 23:58:52,759 - INFO -   Batch 1/2: Loss=0.8534, Dice=0.3474
2026-01-15 23:58:53,921 - INFO -   Batch 2/2: Loss=0.8062, Dice=0.3590
2026-01-15 23:58:54,989 - INFO -   Saved best model with Dice: 0.0907
2026-01-15 23:58:54,990 - INFO - 
Epoch 4/100 (4.2s):
2026-01-15 23:58:54,990 - INFO -   Train - Loss: 0.8298, Dice: 0.3532
2026-01-15 23:58:54,990 - INFO -   Val   - Loss: 1.0380, Dice: 0.0907
2026-01-15 23:58:54,990 - INFO -   Per-class Dice:
2026-01-15 23:58:54,990 - INFO -     Class 0: 0.2383
2026-01-15 23:58:54,990 - INFO -     Class 1: 0.0000
2026-01-15 23:58:54,990 - INFO -     Class 2: 0.0340
2026-01-15 23:58:57,064 - INFO -   Batch 1/2: Loss=0.7588, Dice=0.3798
2026-01-15 23:58:58,224 - INFO -   Batch 2/2: Loss=0.7478, Dice=0.3836
2026-01-15 23:58:59,301 - INFO -   Saved best model with Dice: 0.0982
2026-01-15 23:58:59,301 - INFO - 
Epoch 5/100 (4.3s):
2026-01-15 23:58:59,301 - INFO -   Train - Loss: 0.7533, Dice: 0.3817
2026-01-15 23:58:59,301 - INFO -   Val   - Loss: 1.0317, Dice: 0.0982
2026-01-15 23:58:59,301 - INFO -   Per-class Dice:
2026-01-15 23:58:59,301 - INFO -     Class 0: 0.2601
2026-01-15 23:58:59,301 - INFO -     Class 1: 0.0000
2026-01-15 23:58:59,301 - INFO -     Class 2: 0.0344
2026-01-15 23:59:01,342 - INFO -   Batch 1/2: Loss=0.7050, Dice=0.4173
2026-01-15 23:59:02,498 - INFO -   Batch 2/2: Loss=0.6509, Dice=0.4156
2026-01-15 23:59:03,423 - INFO - 
Epoch 6/100 (4.1s):
2026-01-15 23:59:03,423 - INFO -   Train - Loss: 0.6779, Dice: 0.4165
2026-01-15 23:59:03,423 - INFO -   Val   - Loss: 1.0870, Dice: 0.0442
2026-01-15 23:59:03,423 - INFO -   Per-class Dice:
2026-01-15 23:59:03,423 - INFO -     Class 0: 0.1016
2026-01-15 23:59:03,423 - INFO -     Class 1: 0.0000
2026-01-15 23:59:03,424 - INFO -     Class 2: 0.0311
2026-01-15 23:59:05,387 - INFO -   Batch 1/2: Loss=0.6329, Dice=0.4535
2026-01-15 23:59:06,623 - INFO -   Batch 2/2: Loss=0.5946, Dice=0.4792
2026-01-15 23:59:07,545 - INFO - 
Epoch 7/100 (4.1s):
2026-01-15 23:59:07,545 - INFO -   Train - Loss: 0.6138, Dice: 0.4664
2026-01-15 23:59:07,545 - INFO -   Val   - Loss: 1.0782, Dice: 0.0405
2026-01-15 23:59:07,545 - INFO -   Per-class Dice:
2026-01-15 23:59:07,545 - INFO -     Class 0: 0.0907
2026-01-15 23:59:07,545 - INFO -     Class 1: 0.0000
2026-01-15 23:59:07,545 - INFO -     Class 2: 0.0309
2026-01-15 23:59:09,599 - INFO -   Batch 1/2: Loss=0.5761, Dice=0.5141
2026-01-15 23:59:10,814 - INFO -   Batch 2/2: Loss=0.5547, Dice=0.5038
2026-01-15 23:59:11,721 - INFO - 
Epoch 8/100 (4.2s):
2026-01-15 23:59:11,721 - INFO -   Train - Loss: 0.5654, Dice: 0.5089
2026-01-15 23:59:11,721 - INFO -   Val   - Loss: 1.0848, Dice: 0.0465
2026-01-15 23:59:11,721 - INFO -   Per-class Dice:
2026-01-15 23:59:11,721 - INFO -     Class 0: 0.1083
2026-01-15 23:59:11,721 - INFO -     Class 1: 0.0000
2026-01-15 23:59:11,721 - INFO -     Class 2: 0.0312
2026-01-15 23:59:13,744 - INFO -   Batch 1/2: Loss=0.5190, Dice=0.5658
2026-01-15 23:59:14,886 - INFO -   Batch 2/2: Loss=0.4991, Dice=0.5874
2026-01-15 23:59:15,807 - INFO - 
Epoch 9/100 (4.1s):
2026-01-15 23:59:15,807 - INFO -   Train - Loss: 0.5091, Dice: 0.5766
2026-01-15 23:59:15,807 - INFO -   Val   - Loss: 1.1001, Dice: 0.0486
2026-01-15 23:59:15,807 - INFO -   Per-class Dice:
2026-01-15 23:59:15,807 - INFO -     Class 0: 0.1145
2026-01-15 23:59:15,807 - INFO -     Class 1: 0.0000
2026-01-15 23:59:15,807 - INFO -     Class 2: 0.0313
2026-01-15 23:59:17,766 - INFO -   Batch 1/2: Loss=0.4900, Dice=0.5993
2026-01-15 23:59:18,962 - INFO -   Batch 2/2: Loss=0.4576, Dice=0.6609
2026-01-15 23:59:19,889 - INFO - 
Epoch 10/100 (4.1s):
2026-01-15 23:59:19,889 - INFO -   Train - Loss: 0.4738, Dice: 0.6301
2026-01-15 23:59:19,889 - INFO -   Val   - Loss: 1.1243, Dice: 0.0464
2026-01-15 23:59:19,889 - INFO -   Per-class Dice:
2026-01-15 23:59:19,889 - INFO -     Class 0: 0.1079
2026-01-15 23:59:19,889 - INFO -     Class 1: 0.0000
2026-01-15 23:59:19,889 - INFO -     Class 2: 0.0312
2026-01-15 23:59:21,942 - INFO -   Batch 1/2: Loss=0.4424, Dice=0.6642
2026-01-15 23:59:23,080 - INFO -   Batch 2/2: Loss=0.4258, Dice=0.6780
2026-01-15 23:59:23,982 - INFO -   Learning rate changed from 1.00e-04 to 5.00e-05
2026-01-15 23:59:23,982 - INFO - 
Epoch 11/100 (4.1s):
2026-01-15 23:59:23,982 - INFO -   Train - Loss: 0.4341, Dice: 0.6711
2026-01-15 23:59:23,982 - INFO -   Val   - Loss: 1.1392, Dice: 0.0426
2026-01-15 23:59:23,982 - INFO -   Per-class Dice:
2026-01-15 23:59:23,982 - INFO -     Class 0: 0.0968
2026-01-15 23:59:23,982 - INFO -     Class 1: 0.0000
2026-01-15 23:59:23,982 - INFO -     Class 2: 0.0310
2026-01-15 23:59:25,947 - INFO -   Batch 1/2: Loss=0.4224, Dice=0.6751
2026-01-15 23:59:27,129 - INFO -   Batch 2/2: Loss=0.3809, Dice=0.7571
2026-01-15 23:59:28,050 - INFO - 
Epoch 12/100 (4.1s):
2026-01-15 23:59:28,050 - INFO -   Train - Loss: 0.4016, Dice: 0.7161
2026-01-15 23:59:28,050 - INFO -   Val   - Loss: 1.1341, Dice: 0.0476
2026-01-15 23:59:28,050 - INFO -   Per-class Dice:
2026-01-15 23:59:28,050 - INFO -     Class 0: 0.1115
2026-01-15 23:59:28,050 - INFO -     Class 1: 0.0000
2026-01-15 23:59:28,050 - INFO -     Class 2: 0.0313
2026-01-15 23:59:30,069 - INFO -   Batch 1/2: Loss=0.4110, Dice=0.6932
2026-01-15 23:59:31,260 - INFO -   Batch 2/2: Loss=0.3675, Dice=0.7605
2026-01-15 23:59:32,211 - INFO - 
Epoch 13/100 (4.2s):
2026-01-15 23:59:32,211 - INFO -   Train - Loss: 0.3892, Dice: 0.7269
2026-01-15 23:59:32,211 - INFO -   Val   - Loss: 1.1198, Dice: 0.0558
2026-01-15 23:59:32,211 - INFO -   Per-class Dice:
2026-01-15 23:59:32,211 - INFO -     Class 0: 0.1358
2026-01-15 23:59:32,211 - INFO -     Class 1: 0.0000
2026-01-15 23:59:32,211 - INFO -     Class 2: 0.0317
2026-01-15 23:59:34,324 - INFO -   Batch 1/2: Loss=0.3757, Dice=0.7389
2026-01-15 23:59:35,503 - INFO -   Batch 2/2: Loss=0.3835, Dice=0.7321
2026-01-15 23:59:36,423 - INFO - 
Epoch 14/100 (4.2s):
2026-01-15 23:59:36,423 - INFO -   Train - Loss: 0.3796, Dice: 0.7355
2026-01-15 23:59:36,423 - INFO -   Val   - Loss: 1.0995, Dice: 0.0707
2026-01-15 23:59:36,423 - INFO -   Per-class Dice:
2026-01-15 23:59:36,423 - INFO -     Class 0: 0.1795
2026-01-15 23:59:36,424 - INFO -     Class 1: 0.0000
2026-01-15 23:59:36,424 - INFO -     Class 2: 0.0326
2026-01-15 23:59:38,465 - INFO -   Batch 1/2: Loss=0.3743, Dice=0.7440
2026-01-15 23:59:39,606 - INFO -   Batch 2/2: Loss=0.3520, Dice=0.7708
2026-01-15 23:59:40,514 - INFO - 
Epoch 15/100 (4.1s):
2026-01-15 23:59:40,514 - INFO -   Train - Loss: 0.3632, Dice: 0.7574
2026-01-15 23:59:40,514 - INFO -   Val   - Loss: 1.0819, Dice: 0.0901
2026-01-15 23:59:40,514 - INFO -   Per-class Dice:
2026-01-15 23:59:40,514 - INFO -     Class 0: 0.2364
2026-01-15 23:59:40,514 - INFO -     Class 1: 0.0000
2026-01-15 23:59:40,514 - INFO -     Class 2: 0.0339
2026-01-15 23:59:42,498 - INFO -   Batch 1/2: Loss=0.3556, Dice=0.7716
2026-01-15 23:59:43,756 - INFO -   Batch 2/2: Loss=0.3557, Dice=0.7539
2026-01-15 23:59:44,812 - INFO -   Saved best model with Dice: 0.1050
2026-01-15 23:59:44,812 - INFO - 
Epoch 16/100 (4.3s):
2026-01-15 23:59:44,812 - INFO -   Train - Loss: 0.3556, Dice: 0.7628
2026-01-15 23:59:44,812 - INFO -   Val   - Loss: 1.0745, Dice: 0.1050
2026-01-15 23:59:44,812 - INFO -   Per-class Dice:
2026-01-15 23:59:44,812 - INFO -     Class 0: 0.2800
2026-01-15 23:59:44,813 - INFO -     Class 1: 0.0000
2026-01-15 23:59:44,813 - INFO -     Class 2: 0.0350
2026-01-15 23:59:46,853 - INFO -   Batch 1/2: Loss=0.3442, Dice=0.7629
2026-01-15 23:59:48,044 - INFO -   Batch 2/2: Loss=0.3439, Dice=0.7979
2026-01-15 23:59:48,962 - INFO -   Learning rate changed from 5.00e-05 to 2.50e-05
2026-01-15 23:59:49,124 - INFO -   Saved best model with Dice: 0.1166
2026-01-15 23:59:49,124 - INFO - 
Epoch 17/100 (4.3s):
2026-01-15 23:59:49,124 - INFO -   Train - Loss: 0.3440, Dice: 0.7804
2026-01-15 23:59:49,124 - INFO -   Val   - Loss: 1.0710, Dice: 0.1166
2026-01-15 23:59:49,124 - INFO -   Per-class Dice:
2026-01-15 23:59:49,124 - INFO -     Class 0: 0.3120
2026-01-15 23:59:49,124 - INFO -     Class 1: 0.0019
2026-01-15 23:59:49,124 - INFO -     Class 2: 0.0359
2026-01-15 23:59:51,133 - INFO -   Batch 1/2: Loss=0.3317, Dice=0.7913
2026-01-15 23:59:52,328 - INFO -   Batch 2/2: Loss=0.3405, Dice=0.7698
2026-01-15 23:59:53,405 - INFO -   Saved best model with Dice: 0.1369
2026-01-15 23:59:53,405 - INFO - 
Epoch 18/100 (4.3s):
2026-01-15 23:59:53,405 - INFO -   Train - Loss: 0.3361, Dice: 0.7805
2026-01-15 23:59:53,405 - INFO -   Val   - Loss: 1.0565, Dice: 0.1369
2026-01-15 23:59:53,405 - INFO -   Per-class Dice:
2026-01-15 23:59:53,405 - INFO -     Class 0: 0.3673
2026-01-15 23:59:53,405 - INFO -     Class 1: 0.0059
2026-01-15 23:59:53,405 - INFO -     Class 2: 0.0376
2026-01-15 23:59:55,410 - INFO -   Batch 1/2: Loss=0.3223, Dice=0.7827
2026-01-15 23:59:56,618 - INFO -   Batch 2/2: Loss=0.3440, Dice=0.7794
2026-01-15 23:59:57,688 - INFO -   Saved best model with Dice: 0.1615
2026-01-15 23:59:57,688 - INFO - 
Epoch 19/100 (4.3s):
2026-01-15 23:59:57,688 - INFO -   Train - Loss: 0.3332, Dice: 0.7811
2026-01-15 23:59:57,688 - INFO -   Val   - Loss: 1.0389, Dice: 0.1615
2026-01-15 23:59:57,688 - INFO -   Per-class Dice:
2026-01-15 23:59:57,688 - INFO -     Class 0: 0.4347
2026-01-15 23:59:57,688 - INFO -     Class 1: 0.0096
2026-01-15 23:59:57,688 - INFO -     Class 2: 0.0402
2026-01-15 23:59:59,697 - INFO -   Batch 1/2: Loss=0.3304, Dice=0.7645
2026-01-16 00:00:00,881 - INFO -   Batch 2/2: Loss=0.3163, Dice=0.8080
2026-01-16 00:00:01,998 - INFO -   Saved best model with Dice: 0.1914
2026-01-16 00:00:01,998 - INFO - 
Epoch 20/100 (4.3s):
2026-01-16 00:00:01,998 - INFO -   Train - Loss: 0.3233, Dice: 0.7862
2026-01-16 00:00:01,998 - INFO -   Val   - Loss: 1.0159, Dice: 0.1914
2026-01-16 00:00:01,998 - INFO -   Per-class Dice:
2026-01-16 00:00:01,998 - INFO -     Class 0: 0.5201
2026-01-16 00:00:01,999 - INFO -     Class 1: 0.0095
2026-01-16 00:00:01,999 - INFO -     Class 2: 0.0445
2026-01-16 00:00:03,988 - INFO -   Batch 1/2: Loss=0.3094, Dice=0.8216
2026-01-16 00:00:05,191 - INFO -   Batch 2/2: Loss=0.3473, Dice=0.6740
2026-01-16 00:00:06,297 - INFO -   Saved best model with Dice: 0.2242
2026-01-16 00:00:06,297 - INFO - 
Epoch 21/100 (4.3s):
2026-01-16 00:00:06,297 - INFO -   Train - Loss: 0.3284, Dice: 0.7478
2026-01-16 00:00:06,297 - INFO -   Val   - Loss: 0.9920, Dice: 0.2242
2026-01-16 00:00:06,297 - INFO -   Per-class Dice:
2026-01-16 00:00:06,297 - INFO -     Class 0: 0.6109
2026-01-16 00:00:06,297 - INFO -     Class 1: 0.0111
2026-01-16 00:00:06,297 - INFO -     Class 2: 0.0505
2026-01-16 00:00:08,347 - INFO -   Batch 1/2: Loss=0.3191, Dice=0.7671
2026-01-16 00:00:09,505 - INFO -   Batch 2/2: Loss=0.3128, Dice=0.8239
2026-01-16 00:00:10,593 - INFO -   Saved best model with Dice: 0.2480
2026-01-16 00:00:10,593 - INFO - 
Epoch 22/100 (4.3s):
2026-01-16 00:00:10,593 - INFO -   Train - Loss: 0.3159, Dice: 0.7955
2026-01-16 00:00:10,593 - INFO -   Val   - Loss: 0.9753, Dice: 0.2480
2026-01-16 00:00:10,593 - INFO -   Per-class Dice:
2026-01-16 00:00:10,593 - INFO -     Class 0: 0.6760
2026-01-16 00:00:10,593 - INFO -     Class 1: 0.0116
2026-01-16 00:00:10,593 - INFO -     Class 2: 0.0564
2026-01-16 00:00:12,595 - INFO -   Batch 1/2: Loss=0.3167, Dice=0.7971
2026-01-16 00:00:13,791 - INFO -   Batch 2/2: Loss=0.3021, Dice=0.8059
2026-01-16 00:00:14,853 - INFO -   Saved best model with Dice: 0.2708
2026-01-16 00:00:14,853 - INFO - 
Epoch 23/100 (4.3s):
2026-01-16 00:00:14,853 - INFO -   Train - Loss: 0.3094, Dice: 0.8015
2026-01-16 00:00:14,853 - INFO -   Val   - Loss: 0.9579, Dice: 0.2708
2026-01-16 00:00:14,853 - INFO -   Per-class Dice:
2026-01-16 00:00:14,853 - INFO -     Class 0: 0.7370
2026-01-16 00:00:14,853 - INFO -     Class 1: 0.0120
2026-01-16 00:00:14,853 - INFO -     Class 2: 0.0635
2026-01-16 00:00:16,956 - INFO -   Batch 1/2: Loss=0.3000, Dice=0.8160
2026-01-16 00:00:18,164 - INFO -   Batch 2/2: Loss=0.3188, Dice=0.7515
2026-01-16 00:00:19,227 - INFO -   Saved best model with Dice: 0.2896
2026-01-16 00:00:19,227 - INFO - 
Epoch 24/100 (4.4s):
2026-01-16 00:00:19,227 - INFO -   Train - Loss: 0.3094, Dice: 0.7838
2026-01-16 00:00:19,227 - INFO -   Val   - Loss: 0.9420, Dice: 0.2896
2026-01-16 00:00:19,227 - INFO -   Per-class Dice:
2026-01-16 00:00:19,227 - INFO -     Class 0: 0.7852
2026-01-16 00:00:19,227 - INFO -     Class 1: 0.0137
2026-01-16 00:00:19,227 - INFO -     Class 2: 0.0700
2026-01-16 00:00:21,227 - INFO -   Batch 1/2: Loss=0.2867, Dice=0.8154
2026-01-16 00:00:22,425 - INFO -   Batch 2/2: Loss=0.3303, Dice=0.7493
2026-01-16 00:00:23,513 - INFO -   Saved best model with Dice: 0.3013
2026-01-16 00:00:23,513 - INFO - 
Epoch 25/100 (4.3s):
2026-01-16 00:00:23,513 - INFO -   Train - Loss: 0.3085, Dice: 0.7823
2026-01-16 00:00:23,513 - INFO -   Val   - Loss: 0.9291, Dice: 0.3013
2026-01-16 00:00:23,513 - INFO -   Per-class Dice:
2026-01-16 00:00:23,513 - INFO -     Class 0: 0.8161
2026-01-16 00:00:23,513 - INFO -     Class 1: 0.0122
2026-01-16 00:00:23,513 - INFO -     Class 2: 0.0756
2026-01-16 00:00:25,584 - INFO -   Batch 1/2: Loss=0.2893, Dice=0.7968
2026-01-16 00:00:26,750 - INFO -   Batch 2/2: Loss=0.3161, Dice=0.7929
2026-01-16 00:00:27,816 - INFO -   Saved best model with Dice: 0.3121
2026-01-16 00:00:27,816 - INFO - 
Epoch 26/100 (4.3s):
2026-01-16 00:00:27,816 - INFO -   Train - Loss: 0.3027, Dice: 0.7949
2026-01-16 00:00:27,816 - INFO -   Val   - Loss: 0.9160, Dice: 0.3121
2026-01-16 00:00:27,816 - INFO -   Per-class Dice:
2026-01-16 00:00:27,816 - INFO -     Class 0: 0.8442
2026-01-16 00:00:27,816 - INFO -     Class 1: 0.0116
2026-01-16 00:00:27,816 - INFO -     Class 2: 0.0806
2026-01-16 00:00:29,838 - INFO -   Batch 1/2: Loss=0.2933, Dice=0.8093
2026-01-16 00:00:31,043 - INFO -   Batch 2/2: Loss=0.3022, Dice=0.7666
2026-01-16 00:00:32,114 - INFO -   Saved best model with Dice: 0.3255
2026-01-16 00:00:32,114 - INFO - 
Epoch 27/100 (4.3s):
2026-01-16 00:00:32,114 - INFO -   Train - Loss: 0.2977, Dice: 0.7879
2026-01-16 00:00:32,114 - INFO -   Val   - Loss: 0.9006, Dice: 0.3255
2026-01-16 00:00:32,114 - INFO -   Per-class Dice:
2026-01-16 00:00:32,114 - INFO -     Class 0: 0.8791
2026-01-16 00:00:32,114 - INFO -     Class 1: 0.0095
2026-01-16 00:00:32,114 - INFO -     Class 2: 0.0881
2026-01-16 00:00:34,077 - INFO -   Batch 1/2: Loss=0.2985, Dice=0.7751
2026-01-16 00:00:35,309 - INFO -   Batch 2/2: Loss=0.2846, Dice=0.8270
2026-01-16 00:00:36,409 - INFO -   Saved best model with Dice: 0.3407
2026-01-16 00:00:36,409 - INFO - 
Epoch 28/100 (4.3s):
2026-01-16 00:00:36,409 - INFO -   Train - Loss: 0.2916, Dice: 0.8010
2026-01-16 00:00:36,409 - INFO -   Val   - Loss: 0.8855, Dice: 0.3407
2026-01-16 00:00:36,409 - INFO -   Per-class Dice:
2026-01-16 00:00:36,409 - INFO -     Class 0: 0.9168
2026-01-16 00:00:36,409 - INFO -     Class 1: 0.0077
2026-01-16 00:00:36,409 - INFO -     Class 2: 0.0977
2026-01-16 00:00:38,373 - INFO -   Batch 1/2: Loss=0.3120, Dice=0.7349
2026-01-16 00:00:39,611 - INFO -   Batch 2/2: Loss=0.2570, Dice=0.8658
2026-01-16 00:00:40,711 - INFO -   Saved best model with Dice: 0.3525
2026-01-16 00:00:40,711 - INFO - 
Epoch 29/100 (4.3s):
2026-01-16 00:00:40,711 - INFO -   Train - Loss: 0.2845, Dice: 0.8003
2026-01-16 00:00:40,711 - INFO -   Val   - Loss: 0.8713, Dice: 0.3525
2026-01-16 00:00:40,711 - INFO -   Per-class Dice:
2026-01-16 00:00:40,711 - INFO -     Class 0: 0.9543
2026-01-16 00:00:40,711 - INFO -     Class 1: 0.0011
2026-01-16 00:00:40,711 - INFO -     Class 2: 0.1021
2026-01-16 00:00:42,717 - INFO -   Batch 1/2: Loss=0.2903, Dice=0.7950
2026-01-16 00:00:43,940 - INFO -   Batch 2/2: Loss=0.2819, Dice=0.7852
2026-01-16 00:00:45,021 - INFO -   Saved best model with Dice: 0.3567
2026-01-16 00:00:45,021 - INFO - 
Epoch 30/100 (4.3s):
2026-01-16 00:00:45,021 - INFO -   Train - Loss: 0.2861, Dice: 0.7901
2026-01-16 00:00:45,021 - INFO -   Val   - Loss: 0.8627, Dice: 0.3567
2026-01-16 00:00:45,021 - INFO -   Per-class Dice:
2026-01-16 00:00:45,021 - INFO -     Class 0: 0.9741
2026-01-16 00:00:45,021 - INFO -     Class 1: 0.0012
2026-01-16 00:00:45,021 - INFO -     Class 2: 0.0949
2026-01-16 00:00:47,012 - INFO -   Batch 1/2: Loss=0.2808, Dice=0.8003
2026-01-16 00:00:48,207 - INFO -   Batch 2/2: Loss=0.2877, Dice=0.7695
2026-01-16 00:00:49,305 - INFO -   Saved best model with Dice: 0.3631
2026-01-16 00:00:49,305 - INFO - 
Epoch 31/100 (4.3s):
2026-01-16 00:00:49,305 - INFO -   Train - Loss: 0.2842, Dice: 0.7849
2026-01-16 00:00:49,305 - INFO -   Val   - Loss: 0.8570, Dice: 0.3631
2026-01-16 00:00:49,305 - INFO -   Per-class Dice:
2026-01-16 00:00:49,305 - INFO -     Class 0: 0.9800
2026-01-16 00:00:49,305 - INFO -     Class 1: 0.0008
2026-01-16 00:00:49,305 - INFO -     Class 2: 0.1085
2026-01-16 00:00:51,349 - INFO -   Batch 1/2: Loss=0.2853, Dice=0.8028
2026-01-16 00:00:52,519 - INFO -   Batch 2/2: Loss=0.2715, Dice=0.8075
2026-01-16 00:00:53,588 - INFO -   Saved best model with Dice: 0.3801
2026-01-16 00:00:53,588 - INFO - 
Epoch 32/100 (4.3s):
2026-01-16 00:00:53,588 - INFO -   Train - Loss: 0.2784, Dice: 0.8052
2026-01-16 00:00:53,588 - INFO -   Val   - Loss: 0.8495, Dice: 0.3801
2026-01-16 00:00:53,588 - INFO -   Per-class Dice:
2026-01-16 00:00:53,588 - INFO -     Class 0: 0.9850
2026-01-16 00:00:53,588 - INFO -     Class 1: 0.0021
2026-01-16 00:00:53,588 - INFO -     Class 2: 0.1531
2026-01-16 00:00:55,610 - INFO -   Batch 1/2: Loss=0.2816, Dice=0.7924
2026-01-16 00:00:56,787 - INFO -   Batch 2/2: Loss=0.2702, Dice=0.8171
2026-01-16 00:00:57,865 - INFO -   Saved best model with Dice: 0.4312
2026-01-16 00:00:57,865 - INFO - 
Epoch 33/100 (4.3s):
2026-01-16 00:00:57,865 - INFO -   Train - Loss: 0.2759, Dice: 0.8047
2026-01-16 00:00:57,865 - INFO -   Val   - Loss: 0.8384, Dice: 0.4312
2026-01-16 00:00:57,865 - INFO -   Per-class Dice:
2026-01-16 00:00:57,865 - INFO -     Class 0: 0.9882
2026-01-16 00:00:57,865 - INFO -     Class 1: 0.0038
2026-01-16 00:00:57,865 - INFO -     Class 2: 0.3017
2026-01-16 00:00:59,942 - INFO -   Batch 1/2: Loss=0.2806, Dice=0.7758
2026-01-16 00:01:01,075 - INFO -   Batch 2/2: Loss=0.2730, Dice=0.8192
2026-01-16 00:01:02,177 - INFO -   Saved best model with Dice: 0.4770
2026-01-16 00:01:02,177 - INFO - 
Epoch 34/100 (4.3s):
2026-01-16 00:01:02,177 - INFO -   Train - Loss: 0.2768, Dice: 0.7975
2026-01-16 00:01:02,177 - INFO -   Val   - Loss: 0.8295, Dice: 0.4770
2026-01-16 00:01:02,177 - INFO -   Per-class Dice:
2026-01-16 00:01:02,177 - INFO -     Class 0: 0.9899
2026-01-16 00:01:02,177 - INFO -     Class 1: 0.0146
2026-01-16 00:01:02,177 - INFO -     Class 2: 0.4265
2026-01-16 00:01:04,238 - INFO -   Batch 1/2: Loss=0.2669, Dice=0.8010
2026-01-16 00:01:05,397 - INFO -   Batch 2/2: Loss=0.2848, Dice=0.7941
2026-01-16 00:01:06,494 - INFO -   Saved best model with Dice: 0.5050
2026-01-16 00:01:06,494 - INFO - 
Epoch 35/100 (4.3s):
2026-01-16 00:01:06,494 - INFO -   Train - Loss: 0.2759, Dice: 0.7975
2026-01-16 00:01:06,494 - INFO -   Val   - Loss: 0.8242, Dice: 0.5050
2026-01-16 00:01:06,494 - INFO -   Per-class Dice:
2026-01-16 00:01:06,494 - INFO -     Class 0: 0.9910
2026-01-16 00:01:06,494 - INFO -     Class 1: 0.0252
2026-01-16 00:01:06,494 - INFO -     Class 2: 0.4989
2026-01-16 00:01:08,554 - INFO -   Batch 1/2: Loss=0.2584, Dice=0.8248
2026-01-16 00:01:09,715 - INFO -   Batch 2/2: Loss=0.2906, Dice=0.7444
2026-01-16 00:01:10,812 - INFO -   Saved best model with Dice: 0.5334
2026-01-16 00:01:10,812 - INFO - 
Epoch 36/100 (4.3s):
2026-01-16 00:01:10,812 - INFO -   Train - Loss: 0.2745, Dice: 0.7846
2026-01-16 00:01:10,813 - INFO -   Val   - Loss: 0.8196, Dice: 0.5334
2026-01-16 00:01:10,813 - INFO -   Per-class Dice:
2026-01-16 00:01:10,813 - INFO -     Class 0: 0.9919
2026-01-16 00:01:10,813 - INFO -     Class 1: 0.0590
2026-01-16 00:01:10,813 - INFO -     Class 2: 0.5493
2026-01-16 00:01:12,789 - INFO -   Batch 1/2: Loss=0.2641, Dice=0.8080
2026-01-16 00:01:14,015 - INFO -   Batch 2/2: Loss=0.2775, Dice=0.7850
2026-01-16 00:01:15,070 - INFO -   Saved best model with Dice: 0.5753
2026-01-16 00:01:15,071 - INFO - 
Epoch 37/100 (4.3s):
2026-01-16 00:01:15,071 - INFO -   Train - Loss: 0.2708, Dice: 0.7965
2026-01-16 00:01:15,071 - INFO -   Val   - Loss: 0.8138, Dice: 0.5753
2026-01-16 00:01:15,071 - INFO -   Per-class Dice:
2026-01-16 00:01:15,071 - INFO -     Class 0: 0.9928
2026-01-16 00:01:15,071 - INFO -     Class 1: 0.1276
2026-01-16 00:01:15,071 - INFO -     Class 2: 0.6055
2026-01-16 00:01:17,055 - INFO -   Batch 1/2: Loss=0.2606, Dice=0.8146
2026-01-16 00:01:18,310 - INFO -   Batch 2/2: Loss=0.2826, Dice=0.7970
2026-01-16 00:01:19,379 - INFO -   Saved best model with Dice: 0.6469
2026-01-16 00:01:19,379 - INFO - 
Epoch 38/100 (4.3s):
2026-01-16 00:01:19,379 - INFO -   Train - Loss: 0.2716, Dice: 0.8058
2026-01-16 00:01:19,379 - INFO -   Val   - Loss: 0.8045, Dice: 0.6469
2026-01-16 00:01:19,379 - INFO -   Per-class Dice:
2026-01-16 00:01:19,379 - INFO -     Class 0: 0.9938
2026-01-16 00:01:19,379 - INFO -     Class 1: 0.2838
2026-01-16 00:01:19,379 - INFO -     Class 2: 0.6632
2026-01-16 00:01:21,349 - INFO -   Batch 1/2: Loss=0.2625, Dice=0.7853
2026-01-16 00:01:22,629 - INFO -   Batch 2/2: Loss=0.2625, Dice=0.8232
2026-01-16 00:01:23,698 - INFO -   Saved best model with Dice: 0.6881
2026-01-16 00:01:23,698 - INFO - 
Epoch 39/100 (4.3s):
2026-01-16 00:01:23,698 - INFO -   Train - Loss: 0.2625, Dice: 0.8043
2026-01-16 00:01:23,698 - INFO -   Val   - Loss: 0.7966, Dice: 0.6881
2026-01-16 00:01:23,698 - INFO -   Per-class Dice:
2026-01-16 00:01:23,698 - INFO -     Class 0: 0.9941
2026-01-16 00:01:23,698 - INFO -     Class 1: 0.3783
2026-01-16 00:01:23,698 - INFO -     Class 2: 0.6918
2026-01-16 00:01:25,700 - INFO -   Batch 1/2: Loss=0.2590, Dice=0.7938
2026-01-16 00:01:26,905 - INFO -   Batch 2/2: Loss=0.2655, Dice=0.8023
2026-01-16 00:01:27,964 - INFO -   Saved best model with Dice: 0.6912
2026-01-16 00:01:27,964 - INFO - 
Epoch 40/100 (4.3s):
2026-01-16 00:01:27,964 - INFO -   Train - Loss: 0.2622, Dice: 0.7981
2026-01-16 00:01:27,964 - INFO -   Val   - Loss: 0.7966, Dice: 0.6912
2026-01-16 00:01:27,964 - INFO -   Per-class Dice:
2026-01-16 00:01:27,964 - INFO -     Class 0: 0.9943
2026-01-16 00:01:27,964 - INFO -     Class 1: 0.3829
2026-01-16 00:01:27,964 - INFO -     Class 2: 0.6966
2026-01-16 00:01:30,033 - INFO -   Batch 1/2: Loss=0.2662, Dice=0.8057
2026-01-16 00:01:31,204 - INFO -   Batch 2/2: Loss=0.2510, Dice=0.8085
2026-01-16 00:01:32,257 - INFO -   Saved best model with Dice: 0.7005
2026-01-16 00:01:32,257 - INFO - 
Epoch 41/100 (4.3s):
2026-01-16 00:01:32,257 - INFO -   Train - Loss: 0.2586, Dice: 0.8071
2026-01-16 00:01:32,257 - INFO -   Val   - Loss: 0.7945, Dice: 0.7005
2026-01-16 00:01:32,257 - INFO -   Per-class Dice:
2026-01-16 00:01:32,257 - INFO -     Class 0: 0.9945
2026-01-16 00:01:32,257 - INFO -     Class 1: 0.4002
2026-01-16 00:01:32,257 - INFO -     Class 2: 0.7068
2026-01-16 00:01:34,282 - INFO -   Batch 1/2: Loss=0.2601, Dice=0.8154
2026-01-16 00:01:35,489 - INFO -   Batch 2/2: Loss=0.2633, Dice=0.7664
2026-01-16 00:01:36,627 - INFO -   Saved best model with Dice: 0.7183
2026-01-16 00:01:36,627 - INFO - 
Epoch 42/100 (4.4s):
2026-01-16 00:01:36,627 - INFO -   Train - Loss: 0.2617, Dice: 0.7909
2026-01-16 00:01:36,627 - INFO -   Val   - Loss: 0.7906, Dice: 0.7183
2026-01-16 00:01:36,627 - INFO -   Per-class Dice:
2026-01-16 00:01:36,627 - INFO -     Class 0: 0.9946
2026-01-16 00:01:36,627 - INFO -     Class 1: 0.4453
2026-01-16 00:01:36,628 - INFO -     Class 2: 0.7149
2026-01-16 00:01:38,661 - INFO -   Batch 1/2: Loss=0.2640, Dice=0.7927
2026-01-16 00:01:39,861 - INFO -   Batch 2/2: Loss=0.2416, Dice=0.8186
2026-01-16 00:01:40,773 - INFO - 
Epoch 43/100 (4.1s):
2026-01-16 00:01:40,773 - INFO -   Train - Loss: 0.2528, Dice: 0.8056
2026-01-16 00:01:40,773 - INFO -   Val   - Loss: 0.7914, Dice: 0.7150
2026-01-16 00:01:40,773 - INFO -   Per-class Dice:
2026-01-16 00:01:40,773 - INFO -     Class 0: 0.9946
2026-01-16 00:01:40,773 - INFO -     Class 1: 0.4467
2026-01-16 00:01:40,773 - INFO -     Class 2: 0.7037
2026-01-16 00:01:42,779 - INFO -   Batch 1/2: Loss=0.2557, Dice=0.8092
2026-01-16 00:01:43,956 - INFO -   Batch 2/2: Loss=0.2530, Dice=0.7915
2026-01-16 00:01:45,030 - INFO -   Saved best model with Dice: 0.7354
2026-01-16 00:01:45,030 - INFO - 
Epoch 44/100 (4.3s):
2026-01-16 00:01:45,030 - INFO -   Train - Loss: 0.2544, Dice: 0.8003
2026-01-16 00:01:45,030 - INFO -   Val   - Loss: 0.7839, Dice: 0.7354
2026-01-16 00:01:45,030 - INFO -   Per-class Dice:
2026-01-16 00:01:45,030 - INFO -     Class 0: 0.9944
2026-01-16 00:01:45,031 - INFO -     Class 1: 0.4845
2026-01-16 00:01:45,031 - INFO -     Class 2: 0.7274
2026-01-16 00:01:47,004 - INFO -   Batch 1/2: Loss=0.2557, Dice=0.7966
2026-01-16 00:01:48,257 - INFO -   Batch 2/2: Loss=0.2492, Dice=0.8029
2026-01-16 00:01:49,338 - INFO -   Saved best model with Dice: 0.7358
2026-01-16 00:01:49,338 - INFO - 
Epoch 45/100 (4.3s):
2026-01-16 00:01:49,338 - INFO -   Train - Loss: 0.2524, Dice: 0.7997
2026-01-16 00:01:49,338 - INFO -   Val   - Loss: 0.7850, Dice: 0.7358
2026-01-16 00:01:49,338 - INFO -   Per-class Dice:
2026-01-16 00:01:49,338 - INFO -     Class 0: 0.9946
2026-01-16 00:01:49,338 - INFO -     Class 1: 0.4832
2026-01-16 00:01:49,338 - INFO -     Class 2: 0.7295
2026-01-16 00:01:51,415 - INFO -   Batch 1/2: Loss=0.2610, Dice=0.7923
2026-01-16 00:01:52,559 - INFO -   Batch 2/2: Loss=0.2415, Dice=0.8124
2026-01-16 00:01:53,479 - INFO - 
Epoch 46/100 (4.1s):
2026-01-16 00:01:53,479 - INFO -   Train - Loss: 0.2512, Dice: 0.8024
2026-01-16 00:01:53,479 - INFO -   Val   - Loss: 0.7911, Dice: 0.7146
2026-01-16 00:01:53,479 - INFO -   Per-class Dice:
2026-01-16 00:01:53,479 - INFO -     Class 0: 0.9946
2026-01-16 00:01:53,479 - INFO -     Class 1: 0.4470
2026-01-16 00:01:53,479 - INFO -     Class 2: 0.7021
2026-01-16 00:01:55,582 - INFO -   Batch 1/2: Loss=0.2394, Dice=0.8492
2026-01-16 00:01:56,774 - INFO -   Batch 2/2: Loss=0.2719, Dice=0.7009
2026-01-16 00:01:57,686 - INFO - 
Epoch 47/100 (4.2s):
2026-01-16 00:01:57,686 - INFO -   Train - Loss: 0.2557, Dice: 0.7751
2026-01-16 00:01:57,686 - INFO -   Val   - Loss: 0.7843, Dice: 0.7277
2026-01-16 00:01:57,686 - INFO -   Per-class Dice:
2026-01-16 00:01:57,686 - INFO -     Class 0: 0.9939
2026-01-16 00:01:57,686 - INFO -     Class 1: 0.4765
2026-01-16 00:01:57,686 - INFO -     Class 2: 0.7126
2026-01-16 00:01:59,745 - INFO -   Batch 1/2: Loss=0.2565, Dice=0.7670
2026-01-16 00:02:00,891 - INFO -   Batch 2/2: Loss=0.2396, Dice=0.8413
2026-01-16 00:02:01,814 - INFO - 
Epoch 48/100 (4.1s):
2026-01-16 00:02:01,814 - INFO -   Train - Loss: 0.2480, Dice: 0.8041
2026-01-16 00:02:01,814 - INFO -   Val   - Loss: 0.7845, Dice: 0.7321
2026-01-16 00:02:01,814 - INFO -   Per-class Dice:
2026-01-16 00:02:01,814 - INFO -     Class 0: 0.9942
2026-01-16 00:02:01,814 - INFO -     Class 1: 0.4866
2026-01-16 00:02:01,814 - INFO -     Class 2: 0.7154
2026-01-16 00:02:03,841 - INFO -   Batch 1/2: Loss=0.2465, Dice=0.8102
2026-01-16 00:02:05,054 - INFO -   Batch 2/2: Loss=0.2511, Dice=0.7993
2026-01-16 00:02:06,147 - INFO -   Saved best model with Dice: 0.7366
2026-01-16 00:02:06,147 - INFO - 
Epoch 49/100 (4.3s):
2026-01-16 00:02:06,147 - INFO -   Train - Loss: 0.2488, Dice: 0.8047
2026-01-16 00:02:06,147 - INFO -   Val   - Loss: 0.7824, Dice: 0.7366
2026-01-16 00:02:06,147 - INFO -   Per-class Dice:
2026-01-16 00:02:06,147 - INFO -     Class 0: 0.9941
2026-01-16 00:02:06,147 - INFO -     Class 1: 0.4937
2026-01-16 00:02:06,147 - INFO -     Class 2: 0.7219
2026-01-16 00:02:08,178 - INFO -   Batch 1/2: Loss=0.2485, Dice=0.7942
2026-01-16 00:02:09,402 - INFO -   Batch 2/2: Loss=0.2390, Dice=0.8138
2026-01-16 00:02:10,320 - INFO - 
Epoch 50/100 (4.2s):
2026-01-16 00:02:10,320 - INFO -   Train - Loss: 0.2438, Dice: 0.8040
2026-01-16 00:02:10,320 - INFO -   Val   - Loss: 0.7802, Dice: 0.7302
2026-01-16 00:02:10,320 - INFO -   Per-class Dice:
2026-01-16 00:02:10,320 - INFO -     Class 0: 0.9935
2026-01-16 00:02:10,321 - INFO -     Class 1: 0.4792
2026-01-16 00:02:10,321 - INFO -     Class 2: 0.7180
2026-01-16 00:02:12,400 - INFO -   Batch 1/2: Loss=0.2367, Dice=0.7991
2026-01-16 00:02:13,576 - INFO -   Batch 2/2: Loss=0.2549, Dice=0.7880
2026-01-16 00:02:14,654 - INFO -   Saved best model with Dice: 0.7386
2026-01-16 00:02:14,654 - INFO - 
Epoch 51/100 (4.3s):
2026-01-16 00:02:14,654 - INFO -   Train - Loss: 0.2458, Dice: 0.7936
2026-01-16 00:02:14,654 - INFO -   Val   - Loss: 0.7822, Dice: 0.7386
2026-01-16 00:02:14,654 - INFO -   Per-class Dice:
2026-01-16 00:02:14,654 - INFO -     Class 0: 0.9943
2026-01-16 00:02:14,654 - INFO -     Class 1: 0.4980
2026-01-16 00:02:14,654 - INFO -     Class 2: 0.7236
2026-01-16 00:02:16,728 - INFO -   Batch 1/2: Loss=0.2376, Dice=0.7911
2026-01-16 00:02:17,891 - INFO -   Batch 2/2: Loss=0.2487, Dice=0.8198
2026-01-16 00:02:18,985 - INFO -   Saved best model with Dice: 0.7422
2026-01-16 00:02:18,985 - INFO - 
Epoch 52/100 (4.3s):
2026-01-16 00:02:18,985 - INFO -   Train - Loss: 0.2431, Dice: 0.8054
2026-01-16 00:02:18,985 - INFO -   Val   - Loss: 0.7833, Dice: 0.7422
2026-01-16 00:02:18,985 - INFO -   Per-class Dice:
2026-01-16 00:02:18,985 - INFO -     Class 0: 0.9946
2026-01-16 00:02:18,985 - INFO -     Class 1: 0.5025
2026-01-16 00:02:18,985 - INFO -     Class 2: 0.7294
2026-01-16 00:02:21,046 - INFO -   Batch 1/2: Loss=0.2359, Dice=0.8218
2026-01-16 00:02:22,203 - INFO -   Batch 2/2: Loss=0.2535, Dice=0.7610
2026-01-16 00:02:23,149 - INFO - 
Epoch 53/100 (4.2s):
2026-01-16 00:02:23,149 - INFO -   Train - Loss: 0.2447, Dice: 0.7914
2026-01-16 00:02:23,149 - INFO -   Val   - Loss: 0.7828, Dice: 0.7342
2026-01-16 00:02:23,149 - INFO -   Per-class Dice:
2026-01-16 00:02:23,149 - INFO -     Class 0: 0.9942
2026-01-16 00:02:23,149 - INFO -     Class 1: 0.4916
2026-01-16 00:02:23,149 - INFO -     Class 2: 0.7169
2026-01-16 00:02:25,162 - INFO -   Batch 1/2: Loss=0.2420, Dice=0.7913
2026-01-16 00:02:26,366 - INFO -   Batch 2/2: Loss=0.2379, Dice=0.8161
2026-01-16 00:02:27,356 - INFO - 
Epoch 54/100 (4.2s):
2026-01-16 00:02:27,356 - INFO -   Train - Loss: 0.2399, Dice: 0.8037
2026-01-16 00:02:27,356 - INFO -   Val   - Loss: 0.7841, Dice: 0.7302
2026-01-16 00:02:27,356 - INFO -   Per-class Dice:
2026-01-16 00:02:27,356 - INFO -     Class 0: 0.9944
2026-01-16 00:02:27,356 - INFO -     Class 1: 0.4860
2026-01-16 00:02:27,357 - INFO -     Class 2: 0.7101
2026-01-16 00:02:29,368 - INFO -   Batch 1/2: Loss=0.2320, Dice=0.8245
2026-01-16 00:02:30,553 - INFO -   Batch 2/2: Loss=0.2506, Dice=0.7587
2026-01-16 00:02:31,465 - INFO - 
Epoch 55/100 (4.1s):
2026-01-16 00:02:31,466 - INFO -   Train - Loss: 0.2413, Dice: 0.7916
2026-01-16 00:02:31,466 - INFO -   Val   - Loss: 0.7791, Dice: 0.7421
2026-01-16 00:02:31,466 - INFO -   Per-class Dice:
2026-01-16 00:02:31,466 - INFO -     Class 0: 0.9941
2026-01-16 00:02:31,466 - INFO -     Class 1: 0.5003
2026-01-16 00:02:31,466 - INFO -     Class 2: 0.7318
2026-01-16 00:02:33,434 - INFO -   Batch 1/2: Loss=0.2587, Dice=0.7550
2026-01-16 00:02:34,669 - INFO -   Batch 2/2: Loss=0.2066, Dice=0.8681
2026-01-16 00:02:35,585 - INFO - 
Epoch 56/100 (4.1s):
2026-01-16 00:02:35,585 - INFO -   Train - Loss: 0.2326, Dice: 0.8115
2026-01-16 00:02:35,585 - INFO -   Val   - Loss: 0.7818, Dice: 0.7391
2026-01-16 00:02:35,585 - INFO -   Per-class Dice:
2026-01-16 00:02:35,585 - INFO -     Class 0: 0.9944
2026-01-16 00:02:35,586 - INFO -     Class 1: 0.4976
2026-01-16 00:02:35,586 - INFO -     Class 2: 0.7252
2026-01-16 00:02:37,623 - INFO -   Batch 1/2: Loss=0.2492, Dice=0.7799
2026-01-16 00:02:38,768 - INFO -   Batch 2/2: Loss=0.2156, Dice=0.8429
2026-01-16 00:02:39,696 - INFO - 
Epoch 57/100 (4.1s):
2026-01-16 00:02:39,696 - INFO -   Train - Loss: 0.2324, Dice: 0.8114
2026-01-16 00:02:39,696 - INFO -   Val   - Loss: 0.7824, Dice: 0.7197
2026-01-16 00:02:39,696 - INFO -   Per-class Dice:
2026-01-16 00:02:39,696 - INFO -     Class 0: 0.9936
2026-01-16 00:02:39,696 - INFO -     Class 1: 0.4602
2026-01-16 00:02:39,696 - INFO -     Class 2: 0.7052
2026-01-16 00:02:41,689 - INFO -   Batch 1/2: Loss=0.2518, Dice=0.7633
2026-01-16 00:02:42,906 - INFO -   Batch 2/2: Loss=0.2093, Dice=0.8490
2026-01-16 00:02:43,826 - INFO - 
Epoch 58/100 (4.1s):
2026-01-16 00:02:43,826 - INFO -   Train - Loss: 0.2305, Dice: 0.8061
2026-01-16 00:02:43,826 - INFO -   Val   - Loss: 0.7820, Dice: 0.7244
2026-01-16 00:02:43,826 - INFO -   Per-class Dice:
2026-01-16 00:02:43,826 - INFO -     Class 0: 0.9938
2026-01-16 00:02:43,826 - INFO -     Class 1: 0.4684
2026-01-16 00:02:43,826 - INFO -     Class 2: 0.7111
2026-01-16 00:02:45,855 - INFO -   Batch 1/2: Loss=0.2424, Dice=0.7894
2026-01-16 00:02:47,038 - INFO -   Batch 2/2: Loss=0.2256, Dice=0.8106
2026-01-16 00:02:47,955 - INFO - 
Epoch 59/100 (4.1s):
2026-01-16 00:02:47,955 - INFO -   Train - Loss: 0.2340, Dice: 0.8000
2026-01-16 00:02:47,955 - INFO -   Val   - Loss: 0.7834, Dice: 0.7387
2026-01-16 00:02:47,955 - INFO -   Per-class Dice:
2026-01-16 00:02:47,955 - INFO -     Class 0: 0.9946
2026-01-16 00:02:47,955 - INFO -     Class 1: 0.4967
2026-01-16 00:02:47,955 - INFO -     Class 2: 0.7249
2026-01-16 00:02:49,951 - INFO -   Batch 1/2: Loss=0.2338, Dice=0.7981
2026-01-16 00:02:51,138 - INFO -   Batch 2/2: Loss=0.2394, Dice=0.7925
2026-01-16 00:02:52,054 - INFO - 
Epoch 60/100 (4.1s):
2026-01-16 00:02:52,054 - INFO -   Train - Loss: 0.2366, Dice: 0.7953
2026-01-16 00:02:52,054 - INFO -   Val   - Loss: 0.7833, Dice: 0.7387
2026-01-16 00:02:52,055 - INFO -   Per-class Dice:
2026-01-16 00:02:52,055 - INFO -     Class 0: 0.9947
2026-01-16 00:02:52,055 - INFO -     Class 1: 0.5013
2026-01-16 00:02:52,055 - INFO -     Class 2: 0.7200
2026-01-16 00:02:54,061 - INFO -   Batch 1/2: Loss=0.2295, Dice=0.8125
2026-01-16 00:02:55,223 - INFO -   Batch 2/2: Loss=0.2389, Dice=0.7671
2026-01-16 00:02:56,145 - INFO -   Learning rate changed from 2.50e-05 to 1.25e-05
2026-01-16 00:02:56,145 - INFO - 
Epoch 61/100 (4.1s):
2026-01-16 00:02:56,145 - INFO -   Train - Loss: 0.2342, Dice: 0.7898
2026-01-16 00:02:56,145 - INFO -   Val   - Loss: 0.7817, Dice: 0.7399
2026-01-16 00:02:56,145 - INFO -   Per-class Dice:
2026-01-16 00:02:56,145 - INFO -     Class 0: 0.9945
2026-01-16 00:02:56,145 - INFO -     Class 1: 0.5021
2026-01-16 00:02:56,145 - INFO -     Class 2: 0.7230
2026-01-16 00:02:58,233 - INFO -   Batch 1/2: Loss=0.2357, Dice=0.8067
2026-01-16 00:02:59,377 - INFO -   Batch 2/2: Loss=0.2238, Dice=0.7867
2026-01-16 00:03:00,362 - INFO - 
Epoch 62/100 (4.2s):
2026-01-16 00:03:00,362 - INFO -   Train - Loss: 0.2297, Dice: 0.7967
2026-01-16 00:03:00,362 - INFO -   Val   - Loss: 0.7833, Dice: 0.7383
2026-01-16 00:03:00,362 - INFO -   Per-class Dice:
2026-01-16 00:03:00,362 - INFO -     Class 0: 0.9948
2026-01-16 00:03:00,362 - INFO -     Class 1: 0.4998
2026-01-16 00:03:00,362 - INFO -     Class 2: 0.7204
2026-01-16 00:03:02,404 - INFO -   Batch 1/2: Loss=0.2261, Dice=0.8304
2026-01-16 00:03:03,530 - INFO -   Batch 2/2: Loss=0.2412, Dice=0.7503
2026-01-16 00:03:04,442 - INFO - 
Epoch 63/100 (4.1s):
2026-01-16 00:03:04,442 - INFO -   Train - Loss: 0.2337, Dice: 0.7904
2026-01-16 00:03:04,442 - INFO -   Val   - Loss: 0.7853, Dice: 0.7333
2026-01-16 00:03:04,442 - INFO -   Per-class Dice:
2026-01-16 00:03:04,442 - INFO -     Class 0: 0.9949
2026-01-16 00:03:04,442 - INFO -     Class 1: 0.4937
2026-01-16 00:03:04,442 - INFO -     Class 2: 0.7112
2026-01-16 00:03:06,427 - INFO -   Batch 1/2: Loss=0.2311, Dice=0.7986
2026-01-16 00:03:07,626 - INFO -   Batch 2/2: Loss=0.2288, Dice=0.8176
2026-01-16 00:03:08,551 - INFO - 
Epoch 64/100 (4.1s):
2026-01-16 00:03:08,552 - INFO -   Train - Loss: 0.2300, Dice: 0.8081
2026-01-16 00:03:08,552 - INFO -   Val   - Loss: 0.7846, Dice: 0.7318
2026-01-16 00:03:08,552 - INFO -   Per-class Dice:
2026-01-16 00:03:08,552 - INFO -     Class 0: 0.9947
2026-01-16 00:03:08,552 - INFO -     Class 1: 0.4899
2026-01-16 00:03:08,552 - INFO -     Class 2: 0.7109
2026-01-16 00:03:10,556 - INFO -   Batch 1/2: Loss=0.2255, Dice=0.8076
2026-01-16 00:03:11,761 - INFO -   Batch 2/2: Loss=0.2400, Dice=0.7981
2026-01-16 00:03:12,688 - INFO - 
Epoch 65/100 (4.1s):
2026-01-16 00:03:12,689 - INFO -   Train - Loss: 0.2327, Dice: 0.8028
2026-01-16 00:03:12,689 - INFO -   Val   - Loss: 0.7828, Dice: 0.7288
2026-01-16 00:03:12,689 - INFO -   Per-class Dice:
2026-01-16 00:03:12,689 - INFO -     Class 0: 0.9942
2026-01-16 00:03:12,689 - INFO -     Class 1: 0.4809
2026-01-16 00:03:12,689 - INFO -     Class 2: 0.7112
2026-01-16 00:03:14,678 - INFO -   Batch 1/2: Loss=0.2362, Dice=0.7902
2026-01-16 00:03:15,910 - INFO -   Batch 2/2: Loss=0.2203, Dice=0.8045
2026-01-16 00:03:16,814 - INFO - 
Epoch 66/100 (4.1s):
2026-01-16 00:03:16,815 - INFO -   Train - Loss: 0.2282, Dice: 0.7973
2026-01-16 00:03:16,815 - INFO -   Val   - Loss: 0.7831, Dice: 0.7293
2026-01-16 00:03:16,815 - INFO -   Per-class Dice:
2026-01-16 00:03:16,815 - INFO -     Class 0: 0.9943
2026-01-16 00:03:16,815 - INFO -     Class 1: 0.4844
2026-01-16 00:03:16,815 - INFO -     Class 2: 0.7091
2026-01-16 00:03:18,807 - INFO -   Batch 1/2: Loss=0.2313, Dice=0.7933
2026-01-16 00:03:20,056 - INFO -   Batch 2/2: Loss=0.2279, Dice=0.8078
2026-01-16 00:03:20,976 - INFO -   Learning rate changed from 1.25e-05 to 6.25e-06
2026-01-16 00:03:20,976 - INFO - 
Epoch 67/100 (4.2s):
2026-01-16 00:03:20,976 - INFO -   Train - Loss: 0.2296, Dice: 0.8005
2026-01-16 00:03:20,976 - INFO -   Val   - Loss: 0.7847, Dice: 0.7294
2026-01-16 00:03:20,976 - INFO -   Per-class Dice:
2026-01-16 00:03:20,976 - INFO -     Class 0: 0.9946
2026-01-16 00:03:20,976 - INFO -     Class 1: 0.4876
2026-01-16 00:03:20,976 - INFO -     Class 2: 0.7062
2026-01-16 00:03:22,947 - INFO -   Batch 1/2: Loss=0.2404, Dice=0.7699
2026-01-16 00:03:24,163 - INFO -   Batch 2/2: Loss=0.2127, Dice=0.8455
2026-01-16 00:03:25,101 - INFO - 
Epoch 68/100 (4.1s):
2026-01-16 00:03:25,101 - INFO -   Train - Loss: 0.2266, Dice: 0.8077
2026-01-16 00:03:25,101 - INFO -   Val   - Loss: 0.7840, Dice: 0.7333
2026-01-16 00:03:25,101 - INFO -   Per-class Dice:
2026-01-16 00:03:25,101 - INFO -     Class 0: 0.9946
2026-01-16 00:03:25,101 - INFO -     Class 1: 0.4944
2026-01-16 00:03:25,101 - INFO -     Class 2: 0.7109
2026-01-16 00:03:27,113 - INFO -   Batch 1/2: Loss=0.2303, Dice=0.7743
2026-01-16 00:03:28,336 - INFO -   Batch 2/2: Loss=0.2291, Dice=0.8391
2026-01-16 00:03:29,248 - INFO - 
Epoch 69/100 (4.1s):
2026-01-16 00:03:29,248 - INFO -   Train - Loss: 0.2297, Dice: 0.8067
2026-01-16 00:03:29,248 - INFO -   Val   - Loss: 0.7826, Dice: 0.7335
2026-01-16 00:03:29,248 - INFO -   Per-class Dice:
2026-01-16 00:03:29,248 - INFO -     Class 0: 0.9945
2026-01-16 00:03:29,248 - INFO -     Class 1: 0.4907
2026-01-16 00:03:29,248 - INFO -     Class 2: 0.7153
2026-01-16 00:03:31,270 - INFO -   Batch 1/2: Loss=0.2332, Dice=0.7813
2026-01-16 00:03:32,451 - INFO -   Batch 2/2: Loss=0.2183, Dice=0.8249
2026-01-16 00:03:33,425 - INFO - 
Epoch 70/100 (4.2s):
2026-01-16 00:03:33,425 - INFO -   Train - Loss: 0.2257, Dice: 0.8031
2026-01-16 00:03:33,425 - INFO -   Val   - Loss: 0.7811, Dice: 0.7342
2026-01-16 00:03:33,425 - INFO -   Per-class Dice:
2026-01-16 00:03:33,425 - INFO -     Class 0: 0.9942
2026-01-16 00:03:33,425 - INFO -     Class 1: 0.4870
2026-01-16 00:03:33,425 - INFO -     Class 2: 0.7214
2026-01-16 00:03:35,446 - INFO -   Batch 1/2: Loss=0.2319, Dice=0.7816
2026-01-16 00:03:36,666 - INFO -   Batch 2/2: Loss=0.2217, Dice=0.8180
2026-01-16 00:03:37,584 - INFO - 
Epoch 71/100 (4.2s):
2026-01-16 00:03:37,584 - INFO -   Train - Loss: 0.2268, Dice: 0.7998
2026-01-16 00:03:37,584 - INFO -   Val   - Loss: 0.7813, Dice: 0.7340
2026-01-16 00:03:37,584 - INFO -   Per-class Dice:
2026-01-16 00:03:37,584 - INFO -     Class 0: 0.9942
2026-01-16 00:03:37,584 - INFO -     Class 1: 0.4868
2026-01-16 00:03:37,584 - INFO -     Class 2: 0.7210
2026-01-16 00:03:39,580 - INFO -   Batch 1/2: Loss=0.2267, Dice=0.8073
2026-01-16 00:03:40,810 - INFO -   Batch 2/2: Loss=0.2416, Dice=0.7791
2026-01-16 00:03:41,720 - INFO - 
Epoch 72/100 (4.1s):
2026-01-16 00:03:41,720 - INFO -   Train - Loss: 0.2341, Dice: 0.7932
2026-01-16 00:03:41,720 - INFO -   Val   - Loss: 0.7833, Dice: 0.7327
2026-01-16 00:03:41,721 - INFO -   Per-class Dice:
2026-01-16 00:03:41,721 - INFO -     Class 0: 0.9946
2026-01-16 00:03:41,721 - INFO -     Class 1: 0.4883
2026-01-16 00:03:41,721 - INFO -     Class 2: 0.7152
2026-01-16 00:03:43,799 - INFO -   Batch 1/2: Loss=0.2242, Dice=0.8067
2026-01-16 00:03:44,959 - INFO -   Batch 2/2: Loss=0.2320, Dice=0.7887
2026-01-16 00:03:45,880 - INFO -   Learning rate changed from 6.25e-06 to 3.13e-06
2026-01-16 00:03:45,880 - INFO - 
Epoch 73/100 (4.2s):
2026-01-16 00:03:45,880 - INFO -   Train - Loss: 0.2281, Dice: 0.7977
2026-01-16 00:03:45,880 - INFO -   Val   - Loss: 0.7857, Dice: 0.7324
2026-01-16 00:03:45,880 - INFO -   Per-class Dice:
2026-01-16 00:03:45,880 - INFO -     Class 0: 0.9949
2026-01-16 00:03:45,880 - INFO -     Class 1: 0.4931
2026-01-16 00:03:45,880 - INFO -     Class 2: 0.7092
2026-01-16 00:03:47,936 - INFO -   Batch 1/2: Loss=0.2254, Dice=0.7971
2026-01-16 00:03:49,070 - INFO -   Batch 2/2: Loss=0.2306, Dice=0.8125
2026-01-16 00:03:49,970 - INFO - 
Epoch 74/100 (4.1s):
2026-01-16 00:03:49,970 - INFO -   Train - Loss: 0.2280, Dice: 0.8048
2026-01-16 00:03:49,970 - INFO -   Val   - Loss: 0.7855, Dice: 0.7333
2026-01-16 00:03:49,970 - INFO -   Per-class Dice:
2026-01-16 00:03:49,970 - INFO -     Class 0: 0.9949
2026-01-16 00:03:49,970 - INFO -     Class 1: 0.4941
2026-01-16 00:03:49,970 - INFO -     Class 2: 0.7108
2026-01-16 00:03:51,954 - INFO -   Batch 1/2: Loss=0.2466, Dice=0.7670
2026-01-16 00:03:53,201 - INFO -   Batch 2/2: Loss=0.1938, Dice=0.8580
2026-01-16 00:03:54,101 - INFO - 
Epoch 75/100 (4.1s):
2026-01-16 00:03:54,102 - INFO -   Train - Loss: 0.2202, Dice: 0.8125
2026-01-16 00:03:54,102 - INFO -   Val   - Loss: 0.7841, Dice: 0.7371
2026-01-16 00:03:54,102 - INFO -   Per-class Dice:
2026-01-16 00:03:54,102 - INFO -     Class 0: 0.9948
2026-01-16 00:03:54,102 - INFO -     Class 1: 0.4998
2026-01-16 00:03:54,102 - INFO -     Class 2: 0.7168
2026-01-16 00:03:56,089 - INFO -   Batch 1/2: Loss=0.2302, Dice=0.7824
2026-01-16 00:03:57,347 - INFO -   Batch 2/2: Loss=0.2207, Dice=0.8345
2026-01-16 00:03:58,261 - INFO - 
Epoch 76/100 (4.2s):
2026-01-16 00:03:58,262 - INFO -   Train - Loss: 0.2255, Dice: 0.8084
2026-01-16 00:03:58,262 - INFO -   Val   - Loss: 0.7826, Dice: 0.7387
2026-01-16 00:03:58,262 - INFO -   Per-class Dice:
2026-01-16 00:03:58,262 - INFO -     Class 0: 0.9947
2026-01-16 00:03:58,262 - INFO -     Class 1: 0.5001
2026-01-16 00:03:58,262 - INFO -     Class 2: 0.7213
2026-01-16 00:04:00,294 - INFO -   Batch 1/2: Loss=0.2241, Dice=0.8017
2026-01-16 00:04:01,479 - INFO -   Batch 2/2: Loss=0.2303, Dice=0.7950
2026-01-16 00:04:02,415 - INFO - 
Epoch 77/100 (4.2s):
2026-01-16 00:04:02,415 - INFO -   Train - Loss: 0.2272, Dice: 0.7983
2026-01-16 00:04:02,415 - INFO -   Val   - Loss: 0.7814, Dice: 0.7386
2026-01-16 00:04:02,415 - INFO -   Per-class Dice:
2026-01-16 00:04:02,415 - INFO -     Class 0: 0.9945
2026-01-16 00:04:02,415 - INFO -     Class 1: 0.4977
2026-01-16 00:04:02,416 - INFO -     Class 2: 0.7238
2026-01-16 00:04:04,468 - INFO -   Batch 1/2: Loss=0.2369, Dice=0.7426
2026-01-16 00:04:05,718 - INFO -   Batch 2/2: Loss=0.2107, Dice=0.8743
2026-01-16 00:04:06,642 - INFO - 
Epoch 78/100 (4.2s):
2026-01-16 00:04:06,642 - INFO -   Train - Loss: 0.2238, Dice: 0.8084
2026-01-16 00:04:06,642 - INFO -   Val   - Loss: 0.7814, Dice: 0.7367
2026-01-16 00:04:06,642 - INFO -   Per-class Dice:
2026-01-16 00:04:06,642 - INFO -     Class 0: 0.9944
2026-01-16 00:04:06,642 - INFO -     Class 1: 0.4942
2026-01-16 00:04:06,643 - INFO -     Class 2: 0.7214
2026-01-16 00:04:08,726 - INFO -   Batch 1/2: Loss=0.2244, Dice=0.8103
2026-01-16 00:04:09,866 - INFO -   Batch 2/2: Loss=0.2295, Dice=0.7755
2026-01-16 00:04:10,790 - INFO -   Learning rate changed from 3.13e-06 to 1.56e-06
2026-01-16 00:04:10,791 - INFO - 
Epoch 79/100 (4.1s):
2026-01-16 00:04:10,791 - INFO -   Train - Loss: 0.2269, Dice: 0.7929
2026-01-16 00:04:10,791 - INFO -   Val   - Loss: 0.7817, Dice: 0.7346
2026-01-16 00:04:10,791 - INFO -   Per-class Dice:
2026-01-16 00:04:10,791 - INFO -     Class 0: 0.9944
2026-01-16 00:04:10,791 - INFO -     Class 1: 0.4916
2026-01-16 00:04:10,791 - INFO -     Class 2: 0.7179
2026-01-16 00:04:12,761 - INFO -   Batch 1/2: Loss=0.2317, Dice=0.7900
2026-01-16 00:04:14,002 - INFO -   Batch 2/2: Loss=0.2191, Dice=0.8150
2026-01-16 00:04:14,923 - INFO - 
Epoch 80/100 (4.1s):
2026-01-16 00:04:14,923 - INFO -   Train - Loss: 0.2254, Dice: 0.8025
2026-01-16 00:04:14,923 - INFO -   Val   - Loss: 0.7820, Dice: 0.7343
2026-01-16 00:04:14,923 - INFO -   Per-class Dice:
2026-01-16 00:04:14,923 - INFO -     Class 0: 0.9944
2026-01-16 00:04:14,923 - INFO -     Class 1: 0.4922
2026-01-16 00:04:14,923 - INFO -     Class 2: 0.7163
2026-01-16 00:04:16,938 - INFO -   Batch 1/2: Loss=0.2193, Dice=0.8200
2026-01-16 00:04:18,113 - INFO -   Batch 2/2: Loss=0.2384, Dice=0.7566
2026-01-16 00:04:19,040 - INFO - 
Epoch 81/100 (4.1s):
2026-01-16 00:04:19,040 - INFO -   Train - Loss: 0.2288, Dice: 0.7883
2026-01-16 00:04:19,040 - INFO -   Val   - Loss: 0.7827, Dice: 0.7335
2026-01-16 00:04:19,040 - INFO -   Per-class Dice:
2026-01-16 00:04:19,040 - INFO -     Class 0: 0.9945
2026-01-16 00:04:19,040 - INFO -     Class 1: 0.4914
2026-01-16 00:04:19,040 - INFO -     Class 2: 0.7146
2026-01-16 00:04:21,157 - INFO -   Batch 1/2: Loss=0.2256, Dice=0.8241
2026-01-16 00:04:22,300 - INFO -   Batch 2/2: Loss=0.2274, Dice=0.7565
2026-01-16 00:04:23,205 - INFO - 
Epoch 82/100 (4.2s):
2026-01-16 00:04:23,205 - INFO -   Train - Loss: 0.2265, Dice: 0.7903
2026-01-16 00:04:23,205 - INFO -   Val   - Loss: 0.7834, Dice: 0.7335
2026-01-16 00:04:23,205 - INFO -   Per-class Dice:
2026-01-16 00:04:23,205 - INFO -     Class 0: 0.9946
2026-01-16 00:04:23,205 - INFO -     Class 1: 0.4930
2026-01-16 00:04:23,205 - INFO -     Class 2: 0.7129
2026-01-16 00:04:23,205 - INFO - 
Early stopping triggered after 82 epochs
2026-01-16 00:04:23,207 - INFO - 
Training completed. Best validation Dice: 0.7422
2026-01-16 00:04:23,793 - INFO - 
============================================================
2026-01-16 00:04:23,793 - INFO - EVALUATION ON TEST SET
2026-01-16 00:04:23,793 - INFO - ============================================================
2026-01-16 00:04:24,848 - INFO - 
Overall Dice Score: 0.6533 ± 0.0000
2026-01-16 00:04:24,848 - INFO - 
Per-class Dice Scores:
2026-01-16 00:04:24,848 - INFO -   NO-PG : 0.9937 ± 0.0000
2026-01-16 00:04:24,848 - INFO -   PZ    : 0.2967 ± 0.0000
2026-01-16 00:04:24,848 - INFO -   TZ    : 0.6694 ± 0.0000
2026-01-16 00:04:24,848 - INFO - 
Generating prediction visualizations...
2026-01-16 00:04:26,549 - INFO - 
Training completed successfully!
2026-01-16 00:04:26,549 - INFO - Best validation Dice: 0.7422
2026-01-16 00:04:26,549 - INFO - Test Dice: 0.6533
