2026-01-15 23:13:18,482 - INFO - Results will be saved to: exp/FUSION_batch32_epochs100_increase_background_weight
2026-01-15 23:13:18,482 - INFO - Alive
2026-01-15 23:13:18,482 - INFO - Found 80 patients
2026-01-15 23:13:18,483 - INFO - Train: 51 patients
2026-01-15 23:13:18,483 - INFO - Val: 13 patients
2026-01-15 23:13:18,483 - INFO - Test: 16 patients
2026-01-15 23:13:18,488 - INFO - 
Testing data loading...
2026-01-15 23:13:20,991 - INFO - Batch image shape: torch.Size([32, 1, 256, 256])
2026-01-15 23:13:20,991 - INFO - Batch labels shape: torch.Size([32, 3, 256, 256])
2026-01-15 23:13:21,751 - INFO - Initialized trainer on device: cuda
2026-01-15 23:13:21,751 - INFO - Model parameters: 17,261,955
2026-01-15 23:13:21,751 - INFO - Starting training for 100 epochs
2026-01-15 23:13:24,827 - INFO -   Batch 1/2: Loss=2.3623, Dice=0.0867
2026-01-15 23:13:26,505 - INFO -   Batch 2/2: Loss=2.2424, Dice=0.1047
2026-01-15 23:13:27,540 - INFO -   Saved best model with Dice: 0.2768
2026-01-15 23:13:27,540 - INFO - 
Epoch 1/100 (5.8s):
2026-01-15 23:13:27,540 - INFO -   Train - Loss: 2.3024, Dice: 0.0957
2026-01-15 23:13:27,540 - INFO -   Val   - Loss: 1.0018, Dice: 0.2768
2026-01-15 23:13:27,540 - INFO -   Per-class Dice:
2026-01-15 23:13:27,540 - INFO -     Class 0: 0.8169
2026-01-15 23:13:27,540 - INFO -     Class 1: 0.0019
2026-01-15 23:13:27,540 - INFO -     Class 2: 0.0117
2026-01-15 23:13:29,815 - INFO -   Batch 1/2: Loss=2.0827, Dice=0.0849
2026-01-15 23:13:31,167 - INFO -   Batch 2/2: Loss=2.0014, Dice=0.0833
2026-01-15 23:13:32,087 - INFO - 
Epoch 2/100 (4.5s):
2026-01-15 23:13:32,087 - INFO -   Train - Loss: 2.0421, Dice: 0.0841
2026-01-15 23:13:32,087 - INFO -   Val   - Loss: 1.0678, Dice: 0.0128
2026-01-15 23:13:32,087 - INFO -   Per-class Dice:
2026-01-15 23:13:32,087 - INFO -     Class 0: 0.0026
2026-01-15 23:13:32,087 - INFO -     Class 1: 0.0001
2026-01-15 23:13:32,088 - INFO -     Class 2: 0.0358
2026-01-15 23:13:34,133 - INFO -   Batch 1/2: Loss=1.8680, Dice=0.1197
2026-01-15 23:13:35,303 - INFO -   Batch 2/2: Loss=1.7891, Dice=0.1235
2026-01-15 23:13:36,220 - INFO - 
Epoch 3/100 (4.1s):
2026-01-15 23:13:36,220 - INFO -   Train - Loss: 1.8285, Dice: 0.1216
2026-01-15 23:13:36,220 - INFO -   Val   - Loss: 1.0368, Dice: 0.0804
2026-01-15 23:13:36,220 - INFO -   Per-class Dice:
2026-01-15 23:13:36,220 - INFO -     Class 0: 0.2287
2026-01-15 23:13:36,220 - INFO -     Class 1: 0.0125
2026-01-15 23:13:36,220 - INFO -     Class 2: 0.0001
2026-01-15 23:13:38,149 - INFO -   Batch 1/2: Loss=1.6984, Dice=0.1481
2026-01-15 23:13:39,391 - INFO -   Batch 2/2: Loss=1.5743, Dice=0.1635
2026-01-15 23:13:40,319 - INFO - 
Epoch 4/100 (4.1s):
2026-01-15 23:13:40,319 - INFO -   Train - Loss: 1.6364, Dice: 0.1558
2026-01-15 23:13:40,319 - INFO -   Val   - Loss: 1.0524, Dice: 0.0085
2026-01-15 23:13:40,319 - INFO -   Per-class Dice:
2026-01-15 23:13:40,319 - INFO -     Class 0: 0.0137
2026-01-15 23:13:40,319 - INFO -     Class 1: 0.0119
2026-01-15 23:13:40,319 - INFO -     Class 2: 0.0000
2026-01-15 23:13:42,386 - INFO -   Batch 1/2: Loss=1.4894, Dice=0.1779
2026-01-15 23:13:43,504 - INFO -   Batch 2/2: Loss=1.5137, Dice=0.1636
2026-01-15 23:13:44,434 - INFO - 
Epoch 5/100 (4.1s):
2026-01-15 23:13:44,435 - INFO -   Train - Loss: 1.5016, Dice: 0.1708
2026-01-15 23:13:44,435 - INFO -   Val   - Loss: 1.0909, Dice: 0.0038
2026-01-15 23:13:44,435 - INFO -   Per-class Dice:
2026-01-15 23:13:44,435 - INFO -     Class 0: 0.0001
2026-01-15 23:13:44,435 - INFO -     Class 1: 0.0113
2026-01-15 23:13:44,435 - INFO -     Class 2: 0.0000
2026-01-15 23:13:46,490 - INFO -   Batch 1/2: Loss=1.3697, Dice=0.2156
2026-01-15 23:13:47,642 - INFO -   Batch 2/2: Loss=1.3161, Dice=0.2321
2026-01-15 23:13:48,556 - INFO - 
Epoch 6/100 (4.1s):
2026-01-15 23:13:48,556 - INFO -   Train - Loss: 1.3429, Dice: 0.2239
2026-01-15 23:13:48,556 - INFO -   Val   - Loss: 1.0909, Dice: 0.0037
2026-01-15 23:13:48,556 - INFO -   Per-class Dice:
2026-01-15 23:13:48,556 - INFO -     Class 0: 0.0002
2026-01-15 23:13:48,556 - INFO -     Class 1: 0.0110
2026-01-15 23:13:48,556 - INFO -     Class 2: 0.0000
2026-01-15 23:13:50,580 - INFO -   Batch 1/2: Loss=1.2405, Dice=0.2466
2026-01-15 23:13:51,750 - INFO -   Batch 2/2: Loss=1.2062, Dice=0.2476
2026-01-15 23:13:52,682 - INFO -   Learning rate changed from 1.00e-04 to 5.00e-05
2026-01-15 23:13:52,682 - INFO - 
Epoch 7/100 (4.1s):
2026-01-15 23:13:52,682 - INFO -   Train - Loss: 1.2233, Dice: 0.2471
2026-01-15 23:13:52,682 - INFO -   Val   - Loss: 1.0840, Dice: 0.0043
2026-01-15 23:13:52,682 - INFO -   Per-class Dice:
2026-01-15 23:13:52,682 - INFO -     Class 0: 0.0018
2026-01-15 23:13:52,682 - INFO -     Class 1: 0.0111
2026-01-15 23:13:52,682 - INFO -     Class 2: 0.0001
2026-01-15 23:13:54,669 - INFO -   Batch 1/2: Loss=1.1246, Dice=0.2709
2026-01-15 23:13:55,880 - INFO -   Batch 2/2: Loss=1.1205, Dice=0.2702
2026-01-15 23:13:56,810 - INFO - 
Epoch 8/100 (4.1s):
2026-01-15 23:13:56,810 - INFO -   Train - Loss: 1.1226, Dice: 0.2705
2026-01-15 23:13:56,810 - INFO -   Val   - Loss: 1.0668, Dice: 0.0118
2026-01-15 23:13:56,810 - INFO -   Per-class Dice:
2026-01-15 23:13:56,810 - INFO -     Class 0: 0.0241
2026-01-15 23:13:56,810 - INFO -     Class 1: 0.0114
2026-01-15 23:13:56,810 - INFO -     Class 2: 0.0000
2026-01-15 23:13:58,842 - INFO -   Batch 1/2: Loss=1.0754, Dice=0.2852
2026-01-15 23:13:59,983 - INFO -   Batch 2/2: Loss=1.0613, Dice=0.2852
2026-01-15 23:14:00,906 - INFO - 
Epoch 9/100 (4.1s):
2026-01-15 23:14:00,906 - INFO -   Train - Loss: 1.0683, Dice: 0.2852
2026-01-15 23:14:00,906 - INFO -   Val   - Loss: 1.0422, Dice: 0.0418
2026-01-15 23:14:00,906 - INFO -   Per-class Dice:
2026-01-15 23:14:00,907 - INFO -     Class 0: 0.1126
2026-01-15 23:14:00,907 - INFO -     Class 1: 0.0120
2026-01-15 23:14:00,907 - INFO -     Class 2: 0.0007
2026-01-15 23:14:02,952 - INFO -   Batch 1/2: Loss=1.0361, Dice=0.2900
2026-01-15 23:14:04,129 - INFO -   Batch 2/2: Loss=1.0030, Dice=0.3160
2026-01-15 23:14:05,047 - INFO - 
Epoch 10/100 (4.1s):
2026-01-15 23:14:05,047 - INFO -   Train - Loss: 1.0195, Dice: 0.3030
2026-01-15 23:14:05,047 - INFO -   Val   - Loss: 1.0155, Dice: 0.1691
2026-01-15 23:14:05,047 - INFO -   Per-class Dice:
2026-01-15 23:14:05,047 - INFO -     Class 0: 0.4924
2026-01-15 23:14:05,047 - INFO -     Class 1: 0.0124
2026-01-15 23:14:05,047 - INFO -     Class 2: 0.0026
2026-01-15 23:14:07,123 - INFO -   Batch 1/2: Loss=0.9827, Dice=0.3115
2026-01-15 23:14:08,261 - INFO -   Batch 2/2: Loss=0.9572, Dice=0.3232
2026-01-15 23:14:09,197 - INFO - 
Epoch 11/100 (4.1s):
2026-01-15 23:14:09,197 - INFO -   Train - Loss: 0.9699, Dice: 0.3174
2026-01-15 23:14:09,197 - INFO -   Val   - Loss: 0.9993, Dice: 0.2395
2026-01-15 23:14:09,197 - INFO -   Per-class Dice:
2026-01-15 23:14:09,197 - INFO -     Class 0: 0.7017
2026-01-15 23:14:09,197 - INFO -     Class 1: 0.0107
2026-01-15 23:14:09,197 - INFO -     Class 2: 0.0062
2026-01-15 23:14:11,176 - INFO -   Batch 1/2: Loss=0.9368, Dice=0.3297
2026-01-15 23:14:12,360 - INFO -   Batch 2/2: Loss=0.9213, Dice=0.3337
2026-01-15 23:14:13,289 - INFO - 
Epoch 12/100 (4.1s):
2026-01-15 23:14:13,289 - INFO -   Train - Loss: 0.9291, Dice: 0.3317
2026-01-15 23:14:13,289 - INFO -   Val   - Loss: 0.9960, Dice: 0.2357
2026-01-15 23:14:13,289 - INFO -   Per-class Dice:
2026-01-15 23:14:13,289 - INFO -     Class 0: 0.6881
2026-01-15 23:14:13,289 - INFO -     Class 1: 0.0059
2026-01-15 23:14:13,289 - INFO -     Class 2: 0.0132
2026-01-15 23:14:15,373 - INFO -   Batch 1/2: Loss=0.8988, Dice=0.3480
2026-01-15 23:14:16,511 - INFO -   Batch 2/2: Loss=0.8950, Dice=0.3423
2026-01-15 23:14:17,434 - INFO - 
Epoch 13/100 (4.1s):
2026-01-15 23:14:17,434 - INFO -   Train - Loss: 0.8969, Dice: 0.3451
2026-01-15 23:14:17,435 - INFO -   Val   - Loss: 0.9993, Dice: 0.2217
2026-01-15 23:14:17,435 - INFO -   Per-class Dice:
2026-01-15 23:14:17,435 - INFO -     Class 0: 0.6418
2026-01-15 23:14:17,435 - INFO -     Class 1: 0.0015
2026-01-15 23:14:17,435 - INFO -     Class 2: 0.0216
2026-01-15 23:14:19,466 - INFO -   Batch 1/2: Loss=0.8622, Dice=0.3598
2026-01-15 23:14:20,634 - INFO -   Batch 2/2: Loss=0.8567, Dice=0.3681
2026-01-15 23:14:21,574 - INFO - 
Epoch 14/100 (4.1s):
2026-01-15 23:14:21,574 - INFO -   Train - Loss: 0.8594, Dice: 0.3639
2026-01-15 23:14:21,574 - INFO -   Val   - Loss: 1.0013, Dice: 0.2154
2026-01-15 23:14:21,574 - INFO -   Per-class Dice:
2026-01-15 23:14:21,574 - INFO -     Class 0: 0.6222
2026-01-15 23:14:21,574 - INFO -     Class 1: 0.0003
2026-01-15 23:14:21,574 - INFO -     Class 2: 0.0238
2026-01-15 23:14:23,856 - INFO -   Batch 1/2: Loss=0.8336, Dice=0.3755
2026-01-15 23:14:25,028 - INFO -   Batch 2/2: Loss=0.8191, Dice=0.3875
2026-01-15 23:14:25,966 - INFO - 
Epoch 15/100 (4.4s):
2026-01-15 23:14:25,966 - INFO -   Train - Loss: 0.8264, Dice: 0.3815
2026-01-15 23:14:25,966 - INFO -   Val   - Loss: 1.0021, Dice: 0.2153
2026-01-15 23:14:25,966 - INFO -   Per-class Dice:
2026-01-15 23:14:25,966 - INFO -     Class 0: 0.6242
2026-01-15 23:14:25,966 - INFO -     Class 1: 0.0000
2026-01-15 23:14:25,966 - INFO -     Class 2: 0.0218
2026-01-15 23:14:27,980 - INFO -   Batch 1/2: Loss=0.8009, Dice=0.3919
2026-01-15 23:14:29,144 - INFO -   Batch 2/2: Loss=0.7956, Dice=0.4077
2026-01-15 23:14:30,068 - INFO - 
Epoch 16/100 (4.1s):
2026-01-15 23:14:30,068 - INFO -   Train - Loss: 0.7983, Dice: 0.3998
2026-01-15 23:14:30,068 - INFO -   Val   - Loss: 1.0020, Dice: 0.2180
2026-01-15 23:14:30,068 - INFO -   Per-class Dice:
2026-01-15 23:14:30,068 - INFO -     Class 0: 0.6345
2026-01-15 23:14:30,068 - INFO -     Class 1: 0.0000
2026-01-15 23:14:30,068 - INFO -     Class 2: 0.0194
2026-01-15 23:14:32,132 - INFO -   Batch 1/2: Loss=0.7798, Dice=0.4157
2026-01-15 23:14:33,284 - INFO -   Batch 2/2: Loss=0.7652, Dice=0.4187
2026-01-15 23:14:34,230 - INFO - 
Epoch 17/100 (4.2s):
2026-01-15 23:14:34,230 - INFO -   Train - Loss: 0.7725, Dice: 0.4172
2026-01-15 23:14:34,230 - INFO -   Val   - Loss: 0.9866, Dice: 0.2379
2026-01-15 23:14:34,230 - INFO -   Per-class Dice:
2026-01-15 23:14:34,230 - INFO -     Class 0: 0.7007
2026-01-15 23:14:34,230 - INFO -     Class 1: 0.0000
2026-01-15 23:14:34,230 - INFO -     Class 2: 0.0130
2026-01-15 23:14:36,327 - INFO -   Batch 1/2: Loss=0.7443, Dice=0.4503
2026-01-15 23:14:37,456 - INFO -   Batch 2/2: Loss=0.7537, Dice=0.4131
2026-01-15 23:14:38,376 - INFO - 
Epoch 18/100 (4.1s):
2026-01-15 23:14:38,376 - INFO -   Train - Loss: 0.7490, Dice: 0.4317
2026-01-15 23:14:38,376 - INFO -   Val   - Loss: 0.9736, Dice: 0.2535
2026-01-15 23:14:38,376 - INFO -   Per-class Dice:
2026-01-15 23:14:38,376 - INFO -     Class 0: 0.7514
2026-01-15 23:14:38,376 - INFO -     Class 1: 0.0000
2026-01-15 23:14:38,376 - INFO -     Class 2: 0.0093
2026-01-15 23:14:40,475 - INFO -   Batch 1/2: Loss=0.7322, Dice=0.4493
2026-01-15 23:14:41,649 - INFO -   Batch 2/2: Loss=0.7189, Dice=0.4615
2026-01-15 23:14:42,557 - INFO - 
Epoch 19/100 (4.2s):
2026-01-15 23:14:42,557 - INFO -   Train - Loss: 0.7255, Dice: 0.4554
2026-01-15 23:14:42,557 - INFO -   Val   - Loss: 0.9718, Dice: 0.2566
2026-01-15 23:14:42,557 - INFO -   Per-class Dice:
2026-01-15 23:14:42,557 - INFO -     Class 0: 0.7596
2026-01-15 23:14:42,557 - INFO -     Class 1: 0.0000
2026-01-15 23:14:42,557 - INFO -     Class 2: 0.0102
2026-01-15 23:14:44,550 - INFO -   Batch 1/2: Loss=0.7115, Dice=0.4604
2026-01-15 23:14:45,700 - INFO -   Batch 2/2: Loss=0.6913, Dice=0.4962
2026-01-15 23:14:46,634 - INFO - 
Epoch 20/100 (4.1s):
2026-01-15 23:14:46,634 - INFO -   Train - Loss: 0.7014, Dice: 0.4783
2026-01-15 23:14:46,634 - INFO -   Val   - Loss: 0.9698, Dice: 0.2591
2026-01-15 23:14:46,634 - INFO -   Per-class Dice:
2026-01-15 23:14:46,634 - INFO -     Class 0: 0.7654
2026-01-15 23:14:46,634 - INFO -     Class 1: 0.0000
2026-01-15 23:14:46,634 - INFO -     Class 2: 0.0120
2026-01-15 23:14:48,621 - INFO -   Batch 1/2: Loss=0.6773, Dice=0.5044
2026-01-15 23:14:49,788 - INFO -   Batch 2/2: Loss=0.6727, Dice=0.4970
2026-01-15 23:14:50,722 - INFO - 
Epoch 21/100 (4.1s):
2026-01-15 23:14:50,722 - INFO -   Train - Loss: 0.6750, Dice: 0.5007
2026-01-15 23:14:50,722 - INFO -   Val   - Loss: 0.9774, Dice: 0.2511
2026-01-15 23:14:50,722 - INFO -   Per-class Dice:
2026-01-15 23:14:50,722 - INFO -     Class 0: 0.7350
2026-01-15 23:14:50,722 - INFO -     Class 1: 0.0000
2026-01-15 23:14:50,722 - INFO -     Class 2: 0.0183
2026-01-15 23:14:52,683 - INFO -   Batch 1/2: Loss=0.6618, Dice=0.5165
2026-01-15 23:14:53,961 - INFO -   Batch 2/2: Loss=0.6419, Dice=0.5376
2026-01-15 23:14:54,922 - INFO - 
Epoch 22/100 (4.2s):
2026-01-15 23:14:54,922 - INFO -   Train - Loss: 0.6518, Dice: 0.5271
2026-01-15 23:14:54,922 - INFO -   Val   - Loss: 0.9878, Dice: 0.2384
2026-01-15 23:14:54,922 - INFO -   Per-class Dice:
2026-01-15 23:14:54,922 - INFO -     Class 0: 0.6898
2026-01-15 23:14:54,922 - INFO -     Class 1: 0.0000
2026-01-15 23:14:54,922 - INFO -     Class 2: 0.0252
2026-01-15 23:14:56,925 - INFO -   Batch 1/2: Loss=0.6373, Dice=0.5484
2026-01-15 23:14:58,119 - INFO -   Batch 2/2: Loss=0.6370, Dice=0.5275
2026-01-15 23:14:59,045 - INFO - 
Epoch 23/100 (4.1s):
2026-01-15 23:14:59,045 - INFO -   Train - Loss: 0.6371, Dice: 0.5380
2026-01-15 23:14:59,045 - INFO -   Val   - Loss: 0.9806, Dice: 0.2490
2026-01-15 23:14:59,045 - INFO -   Per-class Dice:
2026-01-15 23:14:59,045 - INFO -     Class 0: 0.7172
2026-01-15 23:14:59,045 - INFO -     Class 1: 0.0007
2026-01-15 23:14:59,045 - INFO -     Class 2: 0.0293
2026-01-15 23:15:01,094 - INFO -   Batch 1/2: Loss=0.6209, Dice=0.5550
2026-01-15 23:15:02,256 - INFO -   Batch 2/2: Loss=0.6171, Dice=0.5665
2026-01-15 23:15:03,194 - INFO - 
Epoch 24/100 (4.1s):
2026-01-15 23:15:03,194 - INFO -   Train - Loss: 0.6190, Dice: 0.5607
2026-01-15 23:15:03,194 - INFO -   Val   - Loss: 0.9667, Dice: 0.2660
2026-01-15 23:15:03,194 - INFO -   Per-class Dice:
2026-01-15 23:15:03,194 - INFO -     Class 0: 0.7650
2026-01-15 23:15:03,194 - INFO -     Class 1: 0.0013
2026-01-15 23:15:03,194 - INFO -     Class 2: 0.0316
2026-01-15 23:15:05,190 - INFO -   Batch 1/2: Loss=0.6069, Dice=0.5651
2026-01-15 23:15:06,403 - INFO -   Batch 2/2: Loss=0.5806, Dice=0.5826
2026-01-15 23:15:07,576 - INFO -   Saved best model with Dice: 0.2835
2026-01-15 23:15:07,576 - INFO - 
Epoch 25/100 (4.4s):
2026-01-15 23:15:07,576 - INFO -   Train - Loss: 0.5938, Dice: 0.5739
2026-01-15 23:15:07,576 - INFO -   Val   - Loss: 0.9531, Dice: 0.2835
2026-01-15 23:15:07,576 - INFO -   Per-class Dice:
2026-01-15 23:15:07,576 - INFO -     Class 0: 0.8129
2026-01-15 23:15:07,576 - INFO -     Class 1: 0.0023
2026-01-15 23:15:07,576 - INFO -     Class 2: 0.0354
2026-01-15 23:15:09,644 - INFO -   Batch 1/2: Loss=0.5830, Dice=0.5877
2026-01-15 23:15:10,809 - INFO -   Batch 2/2: Loss=0.5765, Dice=0.6067
2026-01-15 23:15:11,875 - INFO -   Saved best model with Dice: 0.2961
2026-01-15 23:15:11,875 - INFO - 
Epoch 26/100 (4.3s):
2026-01-15 23:15:11,875 - INFO -   Train - Loss: 0.5797, Dice: 0.5972
2026-01-15 23:15:11,875 - INFO -   Val   - Loss: 0.9439, Dice: 0.2961
2026-01-15 23:15:11,875 - INFO -   Per-class Dice:
2026-01-15 23:15:11,875 - INFO -     Class 0: 0.8442
2026-01-15 23:15:11,875 - INFO -     Class 1: 0.0028
2026-01-15 23:15:11,875 - INFO -     Class 2: 0.0414
2026-01-15 23:15:13,961 - INFO -   Batch 1/2: Loss=0.5657, Dice=0.6067
2026-01-15 23:15:15,099 - INFO -   Batch 2/2: Loss=0.5577, Dice=0.6145
2026-01-15 23:15:16,167 - INFO -   Saved best model with Dice: 0.3064
2026-01-15 23:15:16,167 - INFO - 
Epoch 27/100 (4.3s):
2026-01-15 23:15:16,167 - INFO -   Train - Loss: 0.5617, Dice: 0.6106
2026-01-15 23:15:16,167 - INFO -   Val   - Loss: 0.9364, Dice: 0.3064
2026-01-15 23:15:16,167 - INFO -   Per-class Dice:
2026-01-15 23:15:16,167 - INFO -     Class 0: 0.8656
2026-01-15 23:15:16,168 - INFO -     Class 1: 0.0031
2026-01-15 23:15:16,168 - INFO -     Class 2: 0.0504
2026-01-15 23:15:18,202 - INFO -   Batch 1/2: Loss=0.5539, Dice=0.6157
2026-01-15 23:15:19,360 - INFO -   Batch 2/2: Loss=0.5418, Dice=0.6499
2026-01-15 23:15:20,441 - INFO -   Saved best model with Dice: 0.3183
2026-01-15 23:15:20,441 - INFO - 
Epoch 28/100 (4.3s):
2026-01-15 23:15:20,441 - INFO -   Train - Loss: 0.5478, Dice: 0.6328
2026-01-15 23:15:20,441 - INFO -   Val   - Loss: 0.9281, Dice: 0.3183
2026-01-15 23:15:20,441 - INFO -   Per-class Dice:
2026-01-15 23:15:20,441 - INFO -     Class 0: 0.8878
2026-01-15 23:15:20,441 - INFO -     Class 1: 0.0046
2026-01-15 23:15:20,441 - INFO -     Class 2: 0.0625
2026-01-15 23:15:22,477 - INFO -   Batch 1/2: Loss=0.5224, Dice=0.6802
2026-01-15 23:15:23,655 - INFO -   Batch 2/2: Loss=0.5519, Dice=0.6114
2026-01-15 23:15:24,729 - INFO -   Saved best model with Dice: 0.3459
2026-01-15 23:15:24,730 - INFO - 
Epoch 29/100 (4.3s):
2026-01-15 23:15:24,730 - INFO -   Train - Loss: 0.5371, Dice: 0.6458
2026-01-15 23:15:24,730 - INFO -   Val   - Loss: 0.9005, Dice: 0.3459
2026-01-15 23:15:24,730 - INFO -   Per-class Dice:
2026-01-15 23:15:24,730 - INFO -     Class 0: 0.9547
2026-01-15 23:15:24,730 - INFO -     Class 1: 0.0038
2026-01-15 23:15:24,730 - INFO -     Class 2: 0.0791
2026-01-15 23:15:26,813 - INFO -   Batch 1/2: Loss=0.5128, Dice=0.6567
2026-01-15 23:15:27,960 - INFO -   Batch 2/2: Loss=0.5238, Dice=0.6093
2026-01-15 23:15:29,018 - INFO -   Saved best model with Dice: 0.3528
2026-01-15 23:15:29,018 - INFO - 
Epoch 30/100 (4.3s):
2026-01-15 23:15:29,018 - INFO -   Train - Loss: 0.5183, Dice: 0.6330
2026-01-15 23:15:29,018 - INFO -   Val   - Loss: 0.8891, Dice: 0.3528
2026-01-15 23:15:29,018 - INFO -   Per-class Dice:
2026-01-15 23:15:29,018 - INFO -     Class 0: 0.9731
2026-01-15 23:15:29,018 - INFO -     Class 1: 0.0030
2026-01-15 23:15:29,018 - INFO -     Class 2: 0.0823
2026-01-15 23:15:31,027 - INFO -   Batch 1/2: Loss=0.4991, Dice=0.6644
2026-01-15 23:15:32,218 - INFO -   Batch 2/2: Loss=0.5117, Dice=0.6216
2026-01-15 23:15:33,265 - INFO -   Saved best model with Dice: 0.3688
2026-01-15 23:15:33,265 - INFO - 
Epoch 31/100 (4.2s):
2026-01-15 23:15:33,265 - INFO -   Train - Loss: 0.5054, Dice: 0.6430
2026-01-15 23:15:33,265 - INFO -   Val   - Loss: 0.8884, Dice: 0.3688
2026-01-15 23:15:33,265 - INFO -   Per-class Dice:
2026-01-15 23:15:33,265 - INFO -     Class 0: 0.9704
2026-01-15 23:15:33,265 - INFO -     Class 1: 0.0051
2026-01-15 23:15:33,265 - INFO -     Class 2: 0.1310
2026-01-15 23:15:35,263 - INFO -   Batch 1/2: Loss=0.5134, Dice=0.6756
2026-01-15 23:15:36,427 - INFO -   Batch 2/2: Loss=0.5174, Dice=0.6741
2026-01-15 23:15:37,498 - INFO -   Saved best model with Dice: 0.4023
2026-01-15 23:15:37,498 - INFO - 
Epoch 32/100 (4.2s):
2026-01-15 23:15:37,499 - INFO -   Train - Loss: 0.5154, Dice: 0.6748
2026-01-15 23:15:37,499 - INFO -   Val   - Loss: 0.8786, Dice: 0.4023
2026-01-15 23:15:37,499 - INFO -   Per-class Dice:
2026-01-15 23:15:37,499 - INFO -     Class 0: 0.9826
2026-01-15 23:15:37,499 - INFO -     Class 1: 0.0061
2026-01-15 23:15:37,499 - INFO -     Class 2: 0.2181
2026-01-15 23:15:39,520 - INFO -   Batch 1/2: Loss=0.5003, Dice=0.6475
2026-01-15 23:15:40,798 - INFO -   Batch 2/2: Loss=0.4781, Dice=0.7083
2026-01-15 23:15:41,915 - INFO -   Saved best model with Dice: 0.4967
2026-01-15 23:15:41,915 - INFO - 
Epoch 33/100 (4.4s):
2026-01-15 23:15:41,915 - INFO -   Train - Loss: 0.4892, Dice: 0.6779
2026-01-15 23:15:41,915 - INFO -   Val   - Loss: 0.8679, Dice: 0.4967
2026-01-15 23:15:41,915 - INFO -   Per-class Dice:
2026-01-15 23:15:41,915 - INFO -     Class 0: 0.9886
2026-01-15 23:15:41,915 - INFO -     Class 1: 0.0161
2026-01-15 23:15:41,915 - INFO -     Class 2: 0.4855
2026-01-15 23:15:43,943 - INFO -   Batch 1/2: Loss=0.4918, Dice=0.6590
2026-01-15 23:15:45,137 - INFO -   Batch 2/2: Loss=0.4796, Dice=0.6645
2026-01-15 23:15:46,205 - INFO -   Saved best model with Dice: 0.5050
2026-01-15 23:15:46,205 - INFO - 
Epoch 34/100 (4.3s):
2026-01-15 23:15:46,205 - INFO -   Train - Loss: 0.4857, Dice: 0.6617
2026-01-15 23:15:46,205 - INFO -   Val   - Loss: 0.8657, Dice: 0.5050
2026-01-15 23:15:46,205 - INFO -   Per-class Dice:
2026-01-15 23:15:46,205 - INFO -     Class 0: 0.9864
2026-01-15 23:15:46,205 - INFO -     Class 1: 0.0336
2026-01-15 23:15:46,205 - INFO -     Class 2: 0.4949
2026-01-15 23:15:48,265 - INFO -   Batch 1/2: Loss=0.4734, Dice=0.6845
2026-01-15 23:15:49,400 - INFO -   Batch 2/2: Loss=0.4705, Dice=0.6943
2026-01-15 23:15:50,482 - INFO -   Saved best model with Dice: 0.5167
2026-01-15 23:15:50,482 - INFO - 
Epoch 35/100 (4.3s):
2026-01-15 23:15:50,482 - INFO -   Train - Loss: 0.4719, Dice: 0.6894
2026-01-15 23:15:50,482 - INFO -   Val   - Loss: 0.8646, Dice: 0.5167
2026-01-15 23:15:50,482 - INFO -   Per-class Dice:
2026-01-15 23:15:50,482 - INFO -     Class 0: 0.9892
2026-01-15 23:15:50,482 - INFO -     Class 1: 0.0406
2026-01-15 23:15:50,482 - INFO -     Class 2: 0.5202
2026-01-15 23:15:52,531 - INFO -   Batch 1/2: Loss=0.4490, Dice=0.6859
2026-01-15 23:15:53,692 - INFO -   Batch 2/2: Loss=0.4747, Dice=0.6579
2026-01-15 23:15:54,795 - INFO -   Saved best model with Dice: 0.5180
2026-01-15 23:15:54,795 - INFO - 
Epoch 36/100 (4.3s):
2026-01-15 23:15:54,795 - INFO -   Train - Loss: 0.4619, Dice: 0.6719
2026-01-15 23:15:54,795 - INFO -   Val   - Loss: 0.8632, Dice: 0.5180
2026-01-15 23:15:54,795 - INFO -   Per-class Dice:
2026-01-15 23:15:54,795 - INFO -     Class 0: 0.9905
2026-01-15 23:15:54,795 - INFO -     Class 1: 0.0362
2026-01-15 23:15:54,795 - INFO -     Class 2: 0.5273
2026-01-15 23:15:56,830 - INFO -   Batch 1/2: Loss=0.4485, Dice=0.6720
2026-01-15 23:15:58,018 - INFO -   Batch 2/2: Loss=0.4439, Dice=0.6851
2026-01-15 23:15:59,105 - INFO -   Saved best model with Dice: 0.5494
2026-01-15 23:15:59,105 - INFO - 
Epoch 37/100 (4.3s):
2026-01-15 23:15:59,105 - INFO -   Train - Loss: 0.4462, Dice: 0.6785
2026-01-15 23:15:59,105 - INFO -   Val   - Loss: 0.8597, Dice: 0.5494
2026-01-15 23:15:59,105 - INFO -   Per-class Dice:
2026-01-15 23:15:59,105 - INFO -     Class 0: 0.9920
2026-01-15 23:15:59,105 - INFO -     Class 1: 0.0436
2026-01-15 23:15:59,105 - INFO -     Class 2: 0.6126
2026-01-15 23:16:01,082 - INFO -   Batch 1/2: Loss=0.4506, Dice=0.6677
2026-01-15 23:16:02,326 - INFO -   Batch 2/2: Loss=0.4195, Dice=0.7540
2026-01-15 23:16:03,386 - INFO -   Saved best model with Dice: 0.6043
2026-01-15 23:16:03,386 - INFO - 
Epoch 38/100 (4.3s):
2026-01-15 23:16:03,386 - INFO -   Train - Loss: 0.4351, Dice: 0.7108
2026-01-15 23:16:03,386 - INFO -   Val   - Loss: 0.8547, Dice: 0.6043
2026-01-15 23:16:03,386 - INFO -   Per-class Dice:
2026-01-15 23:16:03,386 - INFO -     Class 0: 0.9923
2026-01-15 23:16:03,386 - INFO -     Class 1: 0.1332
2026-01-15 23:16:03,386 - INFO -     Class 2: 0.6873
2026-01-15 23:16:05,332 - INFO -   Batch 1/2: Loss=0.4343, Dice=0.6894
2026-01-15 23:16:06,574 - INFO -   Batch 2/2: Loss=0.4264, Dice=0.7128
2026-01-15 23:16:07,636 - INFO -   Saved best model with Dice: 0.6243
2026-01-15 23:16:07,636 - INFO - 
Epoch 39/100 (4.2s):
2026-01-15 23:16:07,636 - INFO -   Train - Loss: 0.4303, Dice: 0.7011
2026-01-15 23:16:07,636 - INFO -   Val   - Loss: 0.8525, Dice: 0.6243
2026-01-15 23:16:07,636 - INFO -   Per-class Dice:
2026-01-15 23:16:07,636 - INFO -     Class 0: 0.9927
2026-01-15 23:16:07,636 - INFO -     Class 1: 0.1624
2026-01-15 23:16:07,636 - INFO -     Class 2: 0.7176
2026-01-15 23:16:09,688 - INFO -   Batch 1/2: Loss=0.4162, Dice=0.7019
2026-01-15 23:16:10,833 - INFO -   Batch 2/2: Loss=0.4151, Dice=0.7185
2026-01-15 23:16:11,905 - INFO -   Saved best model with Dice: 0.6436
2026-01-15 23:16:11,905 - INFO - 
Epoch 40/100 (4.3s):
2026-01-15 23:16:11,905 - INFO -   Train - Loss: 0.4157, Dice: 0.7102
2026-01-15 23:16:11,905 - INFO -   Val   - Loss: 0.8512, Dice: 0.6436
2026-01-15 23:16:11,905 - INFO -   Per-class Dice:
2026-01-15 23:16:11,905 - INFO -     Class 0: 0.9936
2026-01-15 23:16:11,905 - INFO -     Class 1: 0.2041
2026-01-15 23:16:11,905 - INFO -     Class 2: 0.7332
2026-01-15 23:16:13,938 - INFO -   Batch 1/2: Loss=0.3976, Dice=0.7340
2026-01-15 23:16:15,118 - INFO -   Batch 2/2: Loss=0.4296, Dice=0.6570
2026-01-15 23:16:16,193 - INFO -   Saved best model with Dice: 0.6716
2026-01-15 23:16:16,193 - INFO - 
Epoch 41/100 (4.3s):
2026-01-15 23:16:16,193 - INFO -   Train - Loss: 0.4136, Dice: 0.6955
2026-01-15 23:16:16,193 - INFO -   Val   - Loss: 0.8489, Dice: 0.6716
2026-01-15 23:16:16,193 - INFO -   Per-class Dice:
2026-01-15 23:16:16,193 - INFO -     Class 0: 0.9929
2026-01-15 23:16:16,193 - INFO -     Class 1: 0.2933
2026-01-15 23:16:16,194 - INFO -     Class 2: 0.7284
2026-01-15 23:16:18,188 - INFO -   Batch 1/2: Loss=0.4148, Dice=0.6924
2026-01-15 23:16:19,416 - INFO -   Batch 2/2: Loss=0.4033, Dice=0.7066
2026-01-15 23:16:20,513 - INFO -   Saved best model with Dice: 0.6737
2026-01-15 23:16:20,513 - INFO - 
Epoch 42/100 (4.3s):
2026-01-15 23:16:20,513 - INFO -   Train - Loss: 0.4090, Dice: 0.6995
2026-01-15 23:16:20,513 - INFO -   Val   - Loss: 0.8483, Dice: 0.6737
2026-01-15 23:16:20,513 - INFO -   Per-class Dice:
2026-01-15 23:16:20,513 - INFO -     Class 0: 0.9932
2026-01-15 23:16:20,513 - INFO -     Class 1: 0.3081
2026-01-15 23:16:20,513 - INFO -     Class 2: 0.7197
2026-01-15 23:16:22,622 - INFO -   Batch 1/2: Loss=0.4000, Dice=0.7135
2026-01-15 23:16:23,766 - INFO -   Batch 2/2: Loss=0.3920, Dice=0.7355
2026-01-15 23:16:24,865 - INFO -   Saved best model with Dice: 0.6921
2026-01-15 23:16:24,865 - INFO - 
Epoch 43/100 (4.4s):
2026-01-15 23:16:24,865 - INFO -   Train - Loss: 0.3960, Dice: 0.7245
2026-01-15 23:16:24,865 - INFO -   Val   - Loss: 0.8459, Dice: 0.6921
2026-01-15 23:16:24,865 - INFO -   Per-class Dice:
2026-01-15 23:16:24,865 - INFO -     Class 0: 0.9930
2026-01-15 23:16:24,865 - INFO -     Class 1: 0.3471
2026-01-15 23:16:24,865 - INFO -     Class 2: 0.7361
2026-01-15 23:16:26,934 - INFO -   Batch 1/2: Loss=0.3889, Dice=0.6760
2026-01-15 23:16:28,084 - INFO -   Batch 2/2: Loss=0.3874, Dice=0.7328
2026-01-15 23:16:29,191 - INFO -   Saved best model with Dice: 0.6944
2026-01-15 23:16:29,191 - INFO - 
Epoch 44/100 (4.3s):
2026-01-15 23:16:29,191 - INFO -   Train - Loss: 0.3881, Dice: 0.7044
2026-01-15 23:16:29,191 - INFO -   Val   - Loss: 0.8456, Dice: 0.6944
2026-01-15 23:16:29,191 - INFO -   Per-class Dice:
2026-01-15 23:16:29,191 - INFO -     Class 0: 0.9927
2026-01-15 23:16:29,191 - INFO -     Class 1: 0.3546
2026-01-15 23:16:29,191 - INFO -     Class 2: 0.7358
2026-01-15 23:16:31,221 - INFO -   Batch 1/2: Loss=0.3978, Dice=0.6634
2026-01-15 23:16:32,441 - INFO -   Batch 2/2: Loss=0.3810, Dice=0.7656
2026-01-15 23:16:33,371 - INFO - 
Epoch 45/100 (4.2s):
2026-01-15 23:16:33,371 - INFO -   Train - Loss: 0.3894, Dice: 0.7145
2026-01-15 23:16:33,371 - INFO -   Val   - Loss: 0.8468, Dice: 0.6896
2026-01-15 23:16:33,371 - INFO -   Per-class Dice:
2026-01-15 23:16:33,371 - INFO -     Class 0: 0.9937
2026-01-15 23:16:33,371 - INFO -     Class 1: 0.3446
2026-01-15 23:16:33,372 - INFO -     Class 2: 0.7305
2026-01-15 23:16:35,418 - INFO -   Batch 1/2: Loss=0.3880, Dice=0.7135
2026-01-15 23:16:36,595 - INFO -   Batch 2/2: Loss=0.3714, Dice=0.7305
2026-01-15 23:16:37,513 - INFO - 
Epoch 46/100 (4.1s):
2026-01-15 23:16:37,513 - INFO -   Train - Loss: 0.3797, Dice: 0.7220
2026-01-15 23:16:37,514 - INFO -   Val   - Loss: 0.8458, Dice: 0.6884
2026-01-15 23:16:37,514 - INFO -   Per-class Dice:
2026-01-15 23:16:37,514 - INFO -     Class 0: 0.9929
2026-01-15 23:16:37,514 - INFO -     Class 1: 0.3496
2026-01-15 23:16:37,514 - INFO -     Class 2: 0.7226
2026-01-15 23:16:39,553 - INFO -   Batch 1/2: Loss=0.3599, Dice=0.7323
2026-01-15 23:16:40,766 - INFO -   Batch 2/2: Loss=0.3950, Dice=0.6845
2026-01-15 23:16:41,837 - INFO -   Saved best model with Dice: 0.7091
2026-01-15 23:16:41,837 - INFO - 
Epoch 47/100 (4.3s):
2026-01-15 23:16:41,837 - INFO -   Train - Loss: 0.3774, Dice: 0.7084
2026-01-15 23:16:41,837 - INFO -   Val   - Loss: 0.8448, Dice: 0.7091
2026-01-15 23:16:41,837 - INFO -   Per-class Dice:
2026-01-15 23:16:41,837 - INFO -     Class 0: 0.9943
2026-01-15 23:16:41,838 - INFO -     Class 1: 0.3835
2026-01-15 23:16:41,838 - INFO -     Class 2: 0.7496
2026-01-15 23:16:43,876 - INFO -   Batch 1/2: Loss=0.3614, Dice=0.7120
2026-01-15 23:16:45,044 - INFO -   Batch 2/2: Loss=0.3804, Dice=0.7162
2026-01-15 23:16:45,985 - INFO - 
Epoch 48/100 (4.1s):
2026-01-15 23:16:45,985 - INFO -   Train - Loss: 0.3709, Dice: 0.7141
2026-01-15 23:16:45,985 - INFO -   Val   - Loss: 0.8447, Dice: 0.6945
2026-01-15 23:16:45,985 - INFO -   Per-class Dice:
2026-01-15 23:16:45,985 - INFO -     Class 0: 0.9922
2026-01-15 23:16:45,985 - INFO -     Class 1: 0.3858
2026-01-15 23:16:45,985 - INFO -     Class 2: 0.7055
2026-01-15 23:16:47,998 - INFO -   Batch 1/2: Loss=0.3829, Dice=0.6806
2026-01-15 23:16:49,181 - INFO -   Batch 2/2: Loss=0.3295, Dice=0.7612
2026-01-15 23:16:50,099 - INFO - 
Epoch 49/100 (4.1s):
2026-01-15 23:16:50,099 - INFO -   Train - Loss: 0.3562, Dice: 0.7209
2026-01-15 23:16:50,099 - INFO -   Val   - Loss: 0.8445, Dice: 0.6924
2026-01-15 23:16:50,099 - INFO -   Per-class Dice:
2026-01-15 23:16:50,100 - INFO -     Class 0: 0.9924
2026-01-15 23:16:50,100 - INFO -     Class 1: 0.3652
2026-01-15 23:16:50,100 - INFO -     Class 2: 0.7196
2026-01-15 23:16:52,115 - INFO -   Batch 1/2: Loss=0.3699, Dice=0.6934
2026-01-15 23:16:53,322 - INFO -   Batch 2/2: Loss=0.7304, Dice=0.4657
2026-01-15 23:16:54,243 - INFO - 
Epoch 50/100 (4.1s):
2026-01-15 23:16:54,244 - INFO -   Train - Loss: 0.5502, Dice: 0.5796
2026-01-15 23:16:54,244 - INFO -   Val   - Loss: 0.8453, Dice: 0.7083
2026-01-15 23:16:54,244 - INFO -   Per-class Dice:
2026-01-15 23:16:54,244 - INFO -     Class 0: 0.9939
2026-01-15 23:16:54,244 - INFO -     Class 1: 0.3815
2026-01-15 23:16:54,244 - INFO -     Class 2: 0.7495
2026-01-15 23:16:56,294 - INFO -   Batch 1/2: Loss=0.3421, Dice=0.7682
2026-01-15 23:16:57,437 - INFO -   Batch 2/2: Loss=0.5850, Dice=0.5564
2026-01-15 23:16:58,538 - INFO -   Saved best model with Dice: 0.7188
2026-01-15 23:16:58,538 - INFO - 
Epoch 51/100 (4.3s):
2026-01-15 23:16:58,538 - INFO -   Train - Loss: 0.4635, Dice: 0.6623
2026-01-15 23:16:58,538 - INFO -   Val   - Loss: 0.8452, Dice: 0.7188
2026-01-15 23:16:58,538 - INFO -   Per-class Dice:
2026-01-15 23:16:58,538 - INFO -     Class 0: 0.9943
2026-01-15 23:16:58,538 - INFO -     Class 1: 0.3929
2026-01-15 23:16:58,538 - INFO -     Class 2: 0.7693
2026-01-15 23:17:00,565 - INFO -   Batch 1/2: Loss=0.3559, Dice=0.6992
2026-01-15 23:17:01,728 - INFO -   Batch 2/2: Loss=0.3541, Dice=0.7575
2026-01-15 23:17:02,803 - INFO -   Saved best model with Dice: 0.7189
2026-01-15 23:17:02,803 - INFO - 
Epoch 52/100 (4.3s):
2026-01-15 23:17:02,803 - INFO -   Train - Loss: 0.3550, Dice: 0.7284
2026-01-15 23:17:02,803 - INFO -   Val   - Loss: 0.8442, Dice: 0.7189
2026-01-15 23:17:02,803 - INFO -   Per-class Dice:
2026-01-15 23:17:02,803 - INFO -     Class 0: 0.9934
2026-01-15 23:17:02,803 - INFO -     Class 1: 0.4265
2026-01-15 23:17:02,803 - INFO -     Class 2: 0.7368
2026-01-15 23:17:04,817 - INFO -   Batch 1/2: Loss=0.3436, Dice=0.7310
2026-01-15 23:17:05,991 - INFO -   Batch 2/2: Loss=0.3602, Dice=0.7105
2026-01-15 23:17:06,872 - INFO - 
Epoch 53/100 (4.1s):
2026-01-15 23:17:06,872 - INFO -   Train - Loss: 0.3519, Dice: 0.7208
2026-01-15 23:17:06,872 - INFO -   Val   - Loss: 0.8451, Dice: 0.6740
2026-01-15 23:17:06,872 - INFO -   Per-class Dice:
2026-01-15 23:17:06,873 - INFO -     Class 0: 0.9893
2026-01-15 23:17:06,873 - INFO -     Class 1: 0.3762
2026-01-15 23:17:06,873 - INFO -     Class 2: 0.6567
2026-01-15 23:17:08,830 - INFO -   Batch 1/2: Loss=0.3537, Dice=0.7094
2026-01-15 23:17:10,070 - INFO -   Batch 2/2: Loss=0.3326, Dice=0.7173
2026-01-15 23:17:10,995 - INFO - 
Epoch 54/100 (4.1s):
2026-01-15 23:17:10,995 - INFO -   Train - Loss: 0.3432, Dice: 0.7133
2026-01-15 23:17:10,995 - INFO -   Val   - Loss: 0.8441, Dice: 0.7001
2026-01-15 23:17:10,995 - INFO -   Per-class Dice:
2026-01-15 23:17:10,995 - INFO -     Class 0: 0.9922
2026-01-15 23:17:10,995 - INFO -     Class 1: 0.4112
2026-01-15 23:17:10,995 - INFO -     Class 2: 0.6968
2026-01-15 23:17:13,045 - INFO -   Batch 1/2: Loss=0.3530, Dice=0.6880
2026-01-15 23:17:14,206 - INFO -   Batch 2/2: Loss=0.3237, Dice=0.7692
2026-01-15 23:17:15,146 - INFO - 
Epoch 55/100 (4.2s):
2026-01-15 23:17:15,146 - INFO -   Train - Loss: 0.3384, Dice: 0.7286
2026-01-15 23:17:15,146 - INFO -   Val   - Loss: 0.8433, Dice: 0.7161
2026-01-15 23:17:15,146 - INFO -   Per-class Dice:
2026-01-15 23:17:15,146 - INFO -     Class 0: 0.9933
2026-01-15 23:17:15,146 - INFO -     Class 1: 0.4246
2026-01-15 23:17:15,146 - INFO -     Class 2: 0.7304
2026-01-15 23:17:17,169 - INFO -   Batch 1/2: Loss=0.3457, Dice=0.7043
2026-01-15 23:17:18,332 - INFO -   Batch 2/2: Loss=0.3248, Dice=0.7442
2026-01-15 23:17:19,243 - INFO - 
Epoch 56/100 (4.1s):
2026-01-15 23:17:19,243 - INFO -   Train - Loss: 0.3353, Dice: 0.7243
2026-01-15 23:17:19,243 - INFO -   Val   - Loss: 0.8431, Dice: 0.7024
2026-01-15 23:17:19,243 - INFO -   Per-class Dice:
2026-01-15 23:17:19,243 - INFO -     Class 0: 0.9917
2026-01-15 23:17:19,243 - INFO -     Class 1: 0.4032
2026-01-15 23:17:19,243 - INFO -     Class 2: 0.7123
2026-01-15 23:17:21,297 - INFO -   Batch 1/2: Loss=0.3171, Dice=0.7521
2026-01-15 23:17:22,491 - INFO -   Batch 2/2: Loss=0.3688, Dice=0.6701
2026-01-15 23:17:23,402 - INFO - 
Epoch 57/100 (4.2s):
2026-01-15 23:17:23,402 - INFO -   Train - Loss: 0.3430, Dice: 0.7111
2026-01-15 23:17:23,402 - INFO -   Val   - Loss: 0.8429, Dice: 0.7181
2026-01-15 23:17:23,402 - INFO -   Per-class Dice:
2026-01-15 23:17:23,402 - INFO -     Class 0: 0.9936
2026-01-15 23:17:23,402 - INFO -     Class 1: 0.4195
2026-01-15 23:17:23,402 - INFO -     Class 2: 0.7411
2026-01-15 23:17:25,481 - INFO -   Batch 1/2: Loss=0.3371, Dice=0.7341
2026-01-15 23:17:26,640 - INFO -   Batch 2/2: Loss=0.3242, Dice=0.7036
2026-01-15 23:17:27,570 - INFO - 
Epoch 58/100 (4.2s):
2026-01-15 23:17:27,570 - INFO -   Train - Loss: 0.3306, Dice: 0.7189
2026-01-15 23:17:27,570 - INFO -   Val   - Loss: 0.8428, Dice: 0.7042
2026-01-15 23:17:27,570 - INFO -   Per-class Dice:
2026-01-15 23:17:27,570 - INFO -     Class 0: 0.9920
2026-01-15 23:17:27,570 - INFO -     Class 1: 0.4059
2026-01-15 23:17:27,571 - INFO -     Class 2: 0.7146
2026-01-15 23:17:29,602 - INFO -   Batch 1/2: Loss=0.3298, Dice=0.7073
2026-01-15 23:17:30,778 - INFO -   Batch 2/2: Loss=0.3300, Dice=0.7198
2026-01-15 23:17:31,694 - INFO - 
Epoch 59/100 (4.1s):
2026-01-15 23:17:31,694 - INFO -   Train - Loss: 0.3299, Dice: 0.7135
2026-01-15 23:17:31,694 - INFO -   Val   - Loss: 0.8429, Dice: 0.6971
2026-01-15 23:17:31,694 - INFO -   Per-class Dice:
2026-01-15 23:17:31,694 - INFO -     Class 0: 0.9910
2026-01-15 23:17:31,694 - INFO -     Class 1: 0.4075
2026-01-15 23:17:31,694 - INFO -     Class 2: 0.6926
2026-01-15 23:17:33,708 - INFO -   Batch 1/2: Loss=0.3269, Dice=0.6928
2026-01-15 23:17:34,882 - INFO -   Batch 2/2: Loss=0.8767, Dice=0.3859
2026-01-15 23:17:35,815 - INFO - 
Epoch 60/100 (4.1s):
2026-01-15 23:17:35,815 - INFO -   Train - Loss: 0.6018, Dice: 0.5394
2026-01-15 23:17:35,815 - INFO -   Val   - Loss: 0.9126, Dice: 0.3576
2026-01-15 23:17:35,815 - INFO -   Per-class Dice:
2026-01-15 23:17:35,815 - INFO -     Class 0: 0.8584
2026-01-15 23:17:35,815 - INFO -     Class 1: 0.0696
2026-01-15 23:17:35,815 - INFO -     Class 2: 0.1447
2026-01-15 23:17:37,820 - INFO -   Batch 1/2: Loss=0.3684, Dice=0.7071
2026-01-15 23:17:39,018 - INFO -   Batch 2/2: Loss=0.5154, Dice=0.6943
2026-01-15 23:17:39,943 - INFO - 
Epoch 61/100 (4.1s):
2026-01-15 23:17:39,943 - INFO -   Train - Loss: 0.4419, Dice: 0.7007
2026-01-15 23:17:39,943 - INFO -   Val   - Loss: 1.0189, Dice: 0.2184
2026-01-15 23:17:39,943 - INFO -   Per-class Dice:
2026-01-15 23:17:39,943 - INFO -     Class 0: 0.5690
2026-01-15 23:17:39,943 - INFO -     Class 1: 0.0273
2026-01-15 23:17:39,943 - INFO -     Class 2: 0.0589
2026-01-15 23:17:41,985 - INFO -   Batch 1/2: Loss=0.4652, Dice=0.6988
2026-01-15 23:17:43,147 - INFO -   Batch 2/2: Loss=0.4606, Dice=0.6562
2026-01-15 23:17:44,068 - INFO - 
Epoch 62/100 (4.1s):
2026-01-15 23:17:44,068 - INFO -   Train - Loss: 0.4629, Dice: 0.6775
2026-01-15 23:17:44,068 - INFO -   Val   - Loss: 1.0017, Dice: 0.2404
2026-01-15 23:17:44,068 - INFO -   Per-class Dice:
2026-01-15 23:17:44,068 - INFO -     Class 0: 0.6271
2026-01-15 23:17:44,068 - INFO -     Class 1: 0.0293
2026-01-15 23:17:44,068 - INFO -     Class 2: 0.0649
2026-01-15 23:17:46,118 - INFO -   Batch 1/2: Loss=0.4608, Dice=0.6801
2026-01-15 23:17:47,267 - INFO -   Batch 2/2: Loss=0.4545, Dice=0.6934
2026-01-15 23:17:48,173 - INFO - 
Epoch 63/100 (4.1s):
2026-01-15 23:17:48,173 - INFO -   Train - Loss: 0.4577, Dice: 0.6868
2026-01-15 23:17:48,173 - INFO -   Val   - Loss: 0.9374, Dice: 0.3190
2026-01-15 23:17:48,173 - INFO -   Per-class Dice:
2026-01-15 23:17:48,173 - INFO -     Class 0: 0.8066
2026-01-15 23:17:48,173 - INFO -     Class 1: 0.0463
2026-01-15 23:17:48,173 - INFO -     Class 2: 0.1042
2026-01-15 23:17:50,215 - INFO -   Batch 1/2: Loss=0.4369, Dice=0.6902
2026-01-15 23:17:51,380 - INFO -   Batch 2/2: Loss=0.4731, Dice=0.6785
2026-01-15 23:17:52,325 - INFO -   Learning rate changed from 5.00e-05 to 2.50e-05
2026-01-15 23:17:52,325 - INFO - 
Epoch 64/100 (4.2s):
2026-01-15 23:17:52,325 - INFO -   Train - Loss: 0.4550, Dice: 0.6843
2026-01-15 23:17:52,325 - INFO -   Val   - Loss: 0.8779, Dice: 0.4058
2026-01-15 23:17:52,325 - INFO -   Per-class Dice:
2026-01-15 23:17:52,325 - INFO -     Class 0: 0.9468
2026-01-15 23:17:52,325 - INFO -     Class 1: 0.0866
2026-01-15 23:17:52,325 - INFO -     Class 2: 0.1840
2026-01-15 23:17:54,386 - INFO -   Batch 1/2: Loss=0.4275, Dice=0.6965
2026-01-15 23:17:55,642 - INFO -   Batch 2/2: Loss=0.4369, Dice=0.6787
2026-01-15 23:17:56,560 - INFO - 
Epoch 65/100 (4.2s):
2026-01-15 23:17:56,560 - INFO -   Train - Loss: 0.4322, Dice: 0.6876
2026-01-15 23:17:56,560 - INFO -   Val   - Loss: 0.8601, Dice: 0.5126
2026-01-15 23:17:56,560 - INFO -   Per-class Dice:
2026-01-15 23:17:56,560 - INFO -     Class 0: 0.9841
2026-01-15 23:17:56,560 - INFO -     Class 1: 0.1620
2026-01-15 23:17:56,560 - INFO -     Class 2: 0.3915
2026-01-15 23:17:58,638 - INFO -   Batch 1/2: Loss=0.4068, Dice=0.7306
2026-01-15 23:17:59,807 - INFO -   Batch 2/2: Loss=0.4357, Dice=0.6346
2026-01-15 23:18:00,719 - INFO - 
Epoch 66/100 (4.2s):
2026-01-15 23:18:00,720 - INFO -   Train - Loss: 0.4213, Dice: 0.6826
2026-01-15 23:18:00,720 - INFO -   Val   - Loss: 0.8548, Dice: 0.5913
2026-01-15 23:18:00,720 - INFO -   Per-class Dice:
2026-01-15 23:18:00,720 - INFO -     Class 0: 0.9906
2026-01-15 23:18:00,720 - INFO -     Class 1: 0.2333
2026-01-15 23:18:00,720 - INFO -     Class 2: 0.5499
2026-01-15 23:18:02,748 - INFO -   Batch 1/2: Loss=0.4083, Dice=0.7167
2026-01-15 23:18:03,941 - INFO -   Batch 2/2: Loss=0.4051, Dice=0.6862
2026-01-15 23:18:04,865 - INFO - 
Epoch 67/100 (4.1s):
2026-01-15 23:18:04,865 - INFO -   Train - Loss: 0.4067, Dice: 0.7014
2026-01-15 23:18:04,865 - INFO -   Val   - Loss: 0.8521, Dice: 0.6407
2026-01-15 23:18:04,865 - INFO -   Per-class Dice:
2026-01-15 23:18:04,865 - INFO -     Class 0: 0.9925
2026-01-15 23:18:04,865 - INFO -     Class 1: 0.3191
2026-01-15 23:18:04,865 - INFO -     Class 2: 0.6104
2026-01-15 23:18:06,915 - INFO -   Batch 1/2: Loss=0.3945, Dice=0.6998
2026-01-15 23:18:08,062 - INFO -   Batch 2/2: Loss=0.4237, Dice=0.7073
2026-01-15 23:18:08,986 - INFO - 
Epoch 68/100 (4.1s):
2026-01-15 23:18:08,986 - INFO -   Train - Loss: 0.4091, Dice: 0.7035
2026-01-15 23:18:08,986 - INFO -   Val   - Loss: 0.8502, Dice: 0.6607
2026-01-15 23:18:08,986 - INFO -   Per-class Dice:
2026-01-15 23:18:08,986 - INFO -     Class 0: 0.9929
2026-01-15 23:18:08,986 - INFO -     Class 1: 0.3605
2026-01-15 23:18:08,986 - INFO -     Class 2: 0.6287
2026-01-15 23:18:11,087 - INFO -   Batch 1/2: Loss=0.3791, Dice=0.7380
2026-01-15 23:18:12,232 - INFO -   Batch 2/2: Loss=0.4071, Dice=0.6425
2026-01-15 23:18:13,145 - INFO - 
Epoch 69/100 (4.2s):
2026-01-15 23:18:13,146 - INFO -   Train - Loss: 0.3931, Dice: 0.6903
2026-01-15 23:18:13,146 - INFO -   Val   - Loss: 0.8486, Dice: 0.6770
2026-01-15 23:18:13,146 - INFO -   Per-class Dice:
2026-01-15 23:18:13,146 - INFO -     Class 0: 0.9931
2026-01-15 23:18:13,146 - INFO -     Class 1: 0.3744
2026-01-15 23:18:13,146 - INFO -     Class 2: 0.6636
2026-01-15 23:18:15,155 - INFO -   Batch 1/2: Loss=0.3837, Dice=0.7137
2026-01-15 23:18:16,321 - INFO -   Batch 2/2: Loss=0.3771, Dice=0.6913
2026-01-15 23:18:17,265 - INFO -   Learning rate changed from 2.50e-05 to 1.25e-05
2026-01-15 23:18:17,266 - INFO - 
Epoch 70/100 (4.1s):
2026-01-15 23:18:17,266 - INFO -   Train - Loss: 0.3804, Dice: 0.7025
2026-01-15 23:18:17,266 - INFO -   Val   - Loss: 0.8485, Dice: 0.6822
2026-01-15 23:18:17,266 - INFO -   Per-class Dice:
2026-01-15 23:18:17,266 - INFO -     Class 0: 0.9938
2026-01-15 23:18:17,266 - INFO -     Class 1: 0.3667
2026-01-15 23:18:17,266 - INFO -     Class 2: 0.6860
2026-01-15 23:18:19,351 - INFO -   Batch 1/2: Loss=0.3748, Dice=0.6926
2026-01-15 23:18:20,548 - INFO -   Batch 2/2: Loss=0.3853, Dice=0.7402
2026-01-15 23:18:21,453 - INFO - 
Epoch 71/100 (4.2s):
2026-01-15 23:18:21,453 - INFO -   Train - Loss: 0.3801, Dice: 0.7164
2026-01-15 23:18:21,453 - INFO -   Val   - Loss: 0.8480, Dice: 0.6882
2026-01-15 23:18:21,453 - INFO -   Per-class Dice:
2026-01-15 23:18:21,453 - INFO -     Class 0: 0.9938
2026-01-15 23:18:21,453 - INFO -     Class 1: 0.3713
2026-01-15 23:18:21,453 - INFO -     Class 2: 0.6994
2026-01-15 23:18:23,546 - INFO -   Batch 1/2: Loss=0.3589, Dice=0.7593
2026-01-15 23:18:24,690 - INFO -   Batch 2/2: Loss=0.4072, Dice=0.6170
2026-01-15 23:18:25,627 - INFO - 
Epoch 72/100 (4.2s):
2026-01-15 23:18:25,627 - INFO -   Train - Loss: 0.3831, Dice: 0.6881
2026-01-15 23:18:25,627 - INFO -   Val   - Loss: 0.8471, Dice: 0.6931
2026-01-15 23:18:25,627 - INFO -   Per-class Dice:
2026-01-15 23:18:25,627 - INFO -     Class 0: 0.9936
2026-01-15 23:18:25,627 - INFO -     Class 1: 0.3757
2026-01-15 23:18:25,628 - INFO -     Class 2: 0.7100
2026-01-15 23:18:27,734 - INFO -   Batch 1/2: Loss=0.3649, Dice=0.7144
2026-01-15 23:18:28,902 - INFO -   Batch 2/2: Loss=0.3778, Dice=0.7054
2026-01-15 23:18:29,799 - INFO - 
Epoch 73/100 (4.2s):
2026-01-15 23:18:29,799 - INFO -   Train - Loss: 0.3714, Dice: 0.7099
2026-01-15 23:18:29,799 - INFO -   Val   - Loss: 0.8468, Dice: 0.6927
2026-01-15 23:18:29,799 - INFO -   Per-class Dice:
2026-01-15 23:18:29,799 - INFO -     Class 0: 0.9934
2026-01-15 23:18:29,799 - INFO -     Class 1: 0.3791
2026-01-15 23:18:29,799 - INFO -     Class 2: 0.7055
2026-01-15 23:18:31,853 - INFO -   Batch 1/2: Loss=0.3704, Dice=0.7057
2026-01-15 23:18:32,999 - INFO -   Batch 2/2: Loss=0.3689, Dice=0.7194
2026-01-15 23:18:33,920 - INFO - 
Epoch 74/100 (4.1s):
2026-01-15 23:18:33,920 - INFO -   Train - Loss: 0.3696, Dice: 0.7126
2026-01-15 23:18:33,920 - INFO -   Val   - Loss: 0.8465, Dice: 0.6935
2026-01-15 23:18:33,920 - INFO -   Per-class Dice:
2026-01-15 23:18:33,920 - INFO -     Class 0: 0.9932
2026-01-15 23:18:33,920 - INFO -     Class 1: 0.3858
2026-01-15 23:18:33,920 - INFO -     Class 2: 0.7015
2026-01-15 23:18:35,948 - INFO -   Batch 1/2: Loss=0.3616, Dice=0.7199
2026-01-15 23:18:37,109 - INFO -   Batch 2/2: Loss=0.3717, Dice=0.7033
2026-01-15 23:18:38,029 - INFO - 
Epoch 75/100 (4.1s):
2026-01-15 23:18:38,029 - INFO -   Train - Loss: 0.3667, Dice: 0.7116
2026-01-15 23:18:38,029 - INFO -   Val   - Loss: 0.8462, Dice: 0.6971
2026-01-15 23:18:38,029 - INFO -   Per-class Dice:
2026-01-15 23:18:38,029 - INFO -     Class 0: 0.9935
2026-01-15 23:18:38,029 - INFO -     Class 1: 0.3910
2026-01-15 23:18:38,029 - INFO -     Class 2: 0.7069
2026-01-15 23:18:40,010 - INFO -   Batch 1/2: Loss=0.3486, Dice=0.7437
2026-01-15 23:18:41,215 - INFO -   Batch 2/2: Loss=0.3865, Dice=0.6540
2026-01-15 23:18:42,140 - INFO -   Learning rate changed from 1.25e-05 to 6.25e-06
2026-01-15 23:18:42,140 - INFO - 
Epoch 76/100 (4.1s):
2026-01-15 23:18:42,140 - INFO -   Train - Loss: 0.3675, Dice: 0.6989
2026-01-15 23:18:42,140 - INFO -   Val   - Loss: 0.8460, Dice: 0.7018
2026-01-15 23:18:42,140 - INFO -   Per-class Dice:
2026-01-15 23:18:42,140 - INFO -     Class 0: 0.9939
2026-01-15 23:18:42,140 - INFO -     Class 1: 0.3942
2026-01-15 23:18:42,140 - INFO -     Class 2: 0.7172
2026-01-15 23:18:44,082 - INFO -   Batch 1/2: Loss=0.3596, Dice=0.7167
2026-01-15 23:18:45,324 - INFO -   Batch 2/2: Loss=0.3604, Dice=0.7056
2026-01-15 23:18:46,263 - INFO - 
Epoch 77/100 (4.1s):
2026-01-15 23:18:46,263 - INFO -   Train - Loss: 0.3600, Dice: 0.7112
2026-01-15 23:18:46,263 - INFO -   Val   - Loss: 0.8458, Dice: 0.7039
2026-01-15 23:18:46,263 - INFO -   Per-class Dice:
2026-01-15 23:18:46,263 - INFO -     Class 0: 0.9939
2026-01-15 23:18:46,263 - INFO -     Class 1: 0.3972
2026-01-15 23:18:46,263 - INFO -     Class 2: 0.7206
2026-01-15 23:18:48,308 - INFO -   Batch 1/2: Loss=0.3490, Dice=0.7458
2026-01-15 23:18:49,474 - INFO -   Batch 2/2: Loss=0.3789, Dice=0.6546
2026-01-15 23:18:50,388 - INFO - 
Epoch 78/100 (4.1s):
2026-01-15 23:18:50,388 - INFO -   Train - Loss: 0.3640, Dice: 0.7002
2026-01-15 23:18:50,388 - INFO -   Val   - Loss: 0.8454, Dice: 0.7055
2026-01-15 23:18:50,388 - INFO -   Per-class Dice:
2026-01-15 23:18:50,388 - INFO -     Class 0: 0.9939
2026-01-15 23:18:50,388 - INFO -     Class 1: 0.4000
2026-01-15 23:18:50,388 - INFO -     Class 2: 0.7226
2026-01-15 23:18:52,414 - INFO -   Batch 1/2: Loss=0.3579, Dice=0.7253
2026-01-15 23:18:53,579 - INFO -   Batch 2/2: Loss=0.3584, Dice=0.6939
2026-01-15 23:18:54,506 - INFO - 
Epoch 79/100 (4.1s):
2026-01-15 23:18:54,506 - INFO -   Train - Loss: 0.3581, Dice: 0.7096
2026-01-15 23:18:54,506 - INFO -   Val   - Loss: 0.8451, Dice: 0.7067
2026-01-15 23:18:54,506 - INFO -   Per-class Dice:
2026-01-15 23:18:54,506 - INFO -     Class 0: 0.9937
2026-01-15 23:18:54,506 - INFO -     Class 1: 0.4040
2026-01-15 23:18:54,506 - INFO -     Class 2: 0.7225
2026-01-15 23:18:56,577 - INFO -   Batch 1/2: Loss=0.3576, Dice=0.7141
2026-01-15 23:18:57,727 - INFO -   Batch 2/2: Loss=0.3581, Dice=0.7183
2026-01-15 23:18:58,688 - INFO - 
Epoch 80/100 (4.2s):
2026-01-15 23:18:58,688 - INFO -   Train - Loss: 0.3578, Dice: 0.7162
2026-01-15 23:18:58,689 - INFO -   Val   - Loss: 0.8450, Dice: 0.7058
2026-01-15 23:18:58,689 - INFO -   Per-class Dice:
2026-01-15 23:18:58,689 - INFO -     Class 0: 0.9936
2026-01-15 23:18:58,689 - INFO -     Class 1: 0.4040
2026-01-15 23:18:58,689 - INFO -     Class 2: 0.7199
2026-01-15 23:19:00,780 - INFO -   Batch 1/2: Loss=0.3577, Dice=0.7088
2026-01-15 23:19:01,966 - INFO -   Batch 2/2: Loss=0.3489, Dice=0.7329
2026-01-15 23:19:02,894 - INFO - 
Epoch 81/100 (4.2s):
2026-01-15 23:19:02,894 - INFO -   Train - Loss: 0.3533, Dice: 0.7209
2026-01-15 23:19:02,894 - INFO -   Val   - Loss: 0.8450, Dice: 0.7050
2026-01-15 23:19:02,894 - INFO -   Per-class Dice:
2026-01-15 23:19:02,894 - INFO -     Class 0: 0.9934
2026-01-15 23:19:02,894 - INFO -     Class 1: 0.4049
2026-01-15 23:19:02,894 - INFO -     Class 2: 0.7167
2026-01-15 23:19:04,884 - INFO -   Batch 1/2: Loss=0.3608, Dice=0.7111
2026-01-15 23:19:06,131 - INFO -   Batch 2/2: Loss=0.3438, Dice=0.7439
2026-01-15 23:19:07,063 - INFO -   Learning rate changed from 6.25e-06 to 3.13e-06
2026-01-15 23:19:07,063 - INFO - 
Epoch 82/100 (4.2s):
2026-01-15 23:19:07,063 - INFO -   Train - Loss: 0.3523, Dice: 0.7275
2026-01-15 23:19:07,063 - INFO -   Val   - Loss: 0.8448, Dice: 0.7050
2026-01-15 23:19:07,063 - INFO -   Per-class Dice:
2026-01-15 23:19:07,063 - INFO -     Class 0: 0.9932
2026-01-15 23:19:07,063 - INFO -     Class 1: 0.4073
2026-01-15 23:19:07,063 - INFO -     Class 2: 0.7144
2026-01-15 23:19:07,063 - INFO - 
Early stopping triggered after 82 epochs
2026-01-15 23:19:07,065 - INFO - 
Training completed. Best validation Dice: 0.7189
2026-01-15 23:19:07,672 - INFO - 
============================================================
2026-01-15 23:19:07,673 - INFO - EVALUATION ON TEST SET
2026-01-15 23:19:07,673 - INFO - ============================================================
2026-01-15 23:19:08,739 - INFO - 
Overall Dice Score: 0.6495 ± 0.0000
2026-01-15 23:19:08,739 - INFO - 
Per-class Dice Scores:
2026-01-15 23:19:08,739 - INFO -   NO-PG : 0.9932 ± 0.0000
2026-01-15 23:19:08,739 - INFO -   PZ    : 0.2877 ± 0.0000
2026-01-15 23:19:08,739 - INFO -   TZ    : 0.6674 ± 0.0000
2026-01-15 23:19:08,739 - INFO - 
Generating prediction visualizations...
2026-01-15 23:19:10,448 - INFO - 
Training completed successfully!
2026-01-15 23:19:10,449 - INFO - Best validation Dice: 0.7189
2026-01-15 23:19:10,449 - INFO - Test Dice: 0.6495

SETUP:
cross_entropy_weights=[0.5,1,1]