2026-01-15 23:04:52,688 - INFO - Results will be saved to: exp/FUSION_batch32_epochs100_reweighted_towards_DICE_and_class1
2026-01-15 23:04:52,689 - INFO - Alive
2026-01-15 23:04:52,689 - INFO - Found 80 patients
2026-01-15 23:04:52,690 - INFO - Train: 51 patients
2026-01-15 23:04:52,690 - INFO - Val: 13 patients
2026-01-15 23:04:52,690 - INFO - Test: 16 patients
2026-01-15 23:04:52,694 - INFO - 
Testing data loading...
2026-01-15 23:04:54,935 - INFO - Batch image shape: torch.Size([32, 1, 256, 256])
2026-01-15 23:04:54,935 - INFO - Batch labels shape: torch.Size([32, 3, 256, 256])
2026-01-15 23:04:55,693 - INFO - Initialized trainer on device: cuda
2026-01-15 23:04:55,693 - INFO - Model parameters: 17,261,955
2026-01-15 23:04:55,693 - INFO - Starting training for 100 epochs
2026-01-15 23:04:58,799 - INFO -   Batch 1/2: Loss=1.7331, Dice=0.1106
2026-01-15 23:05:00,442 - INFO -   Batch 2/2: Loss=1.6416, Dice=0.1235
2026-01-15 23:05:01,464 - INFO -   Saved best model with Dice: 0.0369
2026-01-15 23:05:01,464 - INFO - 
Epoch 1/100 (5.8s):
2026-01-15 23:05:01,464 - INFO -   Train - Loss: 1.6873, Dice: 0.1171
2026-01-15 23:05:01,464 - INFO -   Val   - Loss: 1.0194, Dice: 0.0369
2026-01-15 23:05:01,464 - INFO -   Per-class Dice:
2026-01-15 23:05:01,464 - INFO -     Class 0: 0.0762
2026-01-15 23:05:01,464 - INFO -     Class 1: 0.0011
2026-01-15 23:05:01,464 - INFO -     Class 2: 0.0333
2026-01-15 23:05:03,475 - INFO -   Batch 1/2: Loss=1.5094, Dice=0.1403
2026-01-15 23:05:04,629 - INFO -   Batch 2/2: Loss=1.4770, Dice=0.1653
2026-01-15 23:05:05,553 - INFO - 
Epoch 2/100 (4.1s):
2026-01-15 23:05:05,553 - INFO -   Train - Loss: 1.4932, Dice: 0.1528
2026-01-15 23:05:05,553 - INFO -   Val   - Loss: 1.0443, Dice: 0.0080
2026-01-15 23:05:05,553 - INFO -   Per-class Dice:
2026-01-15 23:05:05,553 - INFO -     Class 0: 0.0120
2026-01-15 23:05:05,553 - INFO -     Class 1: 0.0122
2026-01-15 23:05:05,553 - INFO -     Class 2: 0.0000
2026-01-15 23:05:07,601 - INFO -   Batch 1/2: Loss=1.3928, Dice=0.1542
2026-01-15 23:05:08,760 - INFO -   Batch 2/2: Loss=1.3689, Dice=0.1772
2026-01-15 23:05:09,673 - INFO - 
Epoch 3/100 (4.1s):
2026-01-15 23:05:09,673 - INFO -   Train - Loss: 1.3808, Dice: 0.1657
2026-01-15 23:05:09,673 - INFO -   Val   - Loss: 1.0437, Dice: 0.0089
2026-01-15 23:05:09,673 - INFO -   Per-class Dice:
2026-01-15 23:05:09,673 - INFO -     Class 0: 0.0141
2026-01-15 23:05:09,673 - INFO -     Class 1: 0.0127
2026-01-15 23:05:09,673 - INFO -     Class 2: 0.0000
2026-01-15 23:05:11,694 - INFO -   Batch 1/2: Loss=1.2925, Dice=0.1865
2026-01-15 23:05:12,835 - INFO -   Batch 2/2: Loss=1.2931, Dice=0.1854
2026-01-15 23:05:13,721 - INFO - 
Epoch 4/100 (4.0s):
2026-01-15 23:05:13,722 - INFO -   Train - Loss: 1.2928, Dice: 0.1860
2026-01-15 23:05:13,722 - INFO -   Val   - Loss: 1.0534, Dice: 0.0164
2026-01-15 23:05:13,722 - INFO -   Per-class Dice:
2026-01-15 23:05:13,722 - INFO -     Class 0: 0.0164
2026-01-15 23:05:13,722 - INFO -     Class 1: 0.0000
2026-01-15 23:05:13,722 - INFO -     Class 2: 0.0328
2026-01-15 23:05:15,730 - INFO -   Batch 1/2: Loss=1.2289, Dice=0.1867
2026-01-15 23:05:16,883 - INFO -   Batch 2/2: Loss=1.2054, Dice=0.2153
2026-01-15 23:05:17,804 - INFO - 
Epoch 5/100 (4.1s):
2026-01-15 23:05:17,805 - INFO -   Train - Loss: 1.2172, Dice: 0.2010
2026-01-15 23:05:17,805 - INFO -   Val   - Loss: 1.0653, Dice: 0.0166
2026-01-15 23:05:17,805 - INFO -   Per-class Dice:
2026-01-15 23:05:17,805 - INFO -     Class 0: 0.0179
2026-01-15 23:05:17,805 - INFO -     Class 1: 0.0000
2026-01-15 23:05:17,805 - INFO -     Class 2: 0.0318
2026-01-15 23:05:19,897 - INFO -   Batch 1/2: Loss=1.1724, Dice=0.2374
2026-01-15 23:05:21,014 - INFO -   Batch 2/2: Loss=1.1424, Dice=0.2165
2026-01-15 23:05:21,947 - INFO - 
Epoch 6/100 (4.1s):
2026-01-15 23:05:21,947 - INFO -   Train - Loss: 1.1574, Dice: 0.2269
2026-01-15 23:05:21,947 - INFO -   Val   - Loss: 1.0665, Dice: 0.0170
2026-01-15 23:05:21,947 - INFO -   Per-class Dice:
2026-01-15 23:05:21,947 - INFO -     Class 0: 0.0195
2026-01-15 23:05:21,947 - INFO -     Class 1: 0.0000
2026-01-15 23:05:21,947 - INFO -     Class 2: 0.0315
2026-01-15 23:05:23,959 - INFO -   Batch 1/2: Loss=1.1151, Dice=0.2431
2026-01-15 23:05:25,191 - INFO -   Batch 2/2: Loss=1.0758, Dice=0.2810
2026-01-15 23:05:26,105 - INFO -   Learning rate changed from 1.00e-04 to 5.00e-05
2026-01-15 23:05:26,106 - INFO - 
Epoch 7/100 (4.2s):
2026-01-15 23:05:26,106 - INFO -   Train - Loss: 1.0955, Dice: 0.2621
2026-01-15 23:05:26,106 - INFO -   Val   - Loss: 1.0644, Dice: 0.0203
2026-01-15 23:05:26,106 - INFO -   Per-class Dice:
2026-01-15 23:05:26,106 - INFO -     Class 0: 0.0288
2026-01-15 23:05:26,106 - INFO -     Class 1: 0.0000
2026-01-15 23:05:26,106 - INFO -     Class 2: 0.0321
2026-01-15 23:05:28,106 - INFO -   Batch 1/2: Loss=1.0614, Dice=0.2730
2026-01-15 23:05:29,287 - INFO -   Batch 2/2: Loss=1.0285, Dice=0.3000
2026-01-15 23:05:30,230 - INFO - 
Epoch 8/100 (4.1s):
2026-01-15 23:05:30,230 - INFO -   Train - Loss: 1.0450, Dice: 0.2865
2026-01-15 23:05:30,230 - INFO -   Val   - Loss: 1.0570, Dice: 0.0239
2026-01-15 23:05:30,230 - INFO -   Per-class Dice:
2026-01-15 23:05:30,230 - INFO -     Class 0: 0.0368
2026-01-15 23:05:30,230 - INFO -     Class 1: 0.0000
2026-01-15 23:05:30,230 - INFO -     Class 2: 0.0349
2026-01-15 23:05:32,312 - INFO -   Batch 1/2: Loss=1.0284, Dice=0.2928
2026-01-15 23:05:33,447 - INFO -   Batch 2/2: Loss=0.9929, Dice=0.3117
2026-01-15 23:05:34,357 - INFO - 
Epoch 9/100 (4.1s):
2026-01-15 23:05:34,357 - INFO -   Train - Loss: 1.0106, Dice: 0.3022
2026-01-15 23:05:34,357 - INFO -   Val   - Loss: 1.0511, Dice: 0.0301
2026-01-15 23:05:34,357 - INFO -   Per-class Dice:
2026-01-15 23:05:34,357 - INFO -     Class 0: 0.0505
2026-01-15 23:05:34,357 - INFO -     Class 1: 0.0000
2026-01-15 23:05:34,357 - INFO -     Class 2: 0.0397
2026-01-15 23:05:36,404 - INFO -   Batch 1/2: Loss=0.9838, Dice=0.3284
2026-01-15 23:05:37,529 - INFO -   Batch 2/2: Loss=0.9965, Dice=0.3029
2026-01-15 23:05:38,436 - INFO - 
Epoch 10/100 (4.1s):
2026-01-15 23:05:38,436 - INFO -   Train - Loss: 0.9902, Dice: 0.3157
2026-01-15 23:05:38,437 - INFO -   Val   - Loss: 1.0494, Dice: 0.0335
2026-01-15 23:05:38,437 - INFO -   Per-class Dice:
2026-01-15 23:05:38,437 - INFO -     Class 0: 0.0582
2026-01-15 23:05:38,437 - INFO -     Class 1: 0.0000
2026-01-15 23:05:38,437 - INFO -     Class 2: 0.0423
2026-01-15 23:05:40,475 - INFO -   Batch 1/2: Loss=0.9711, Dice=0.3312
2026-01-15 23:05:41,631 - INFO -   Batch 2/2: Loss=0.9274, Dice=0.3676
2026-01-15 23:05:42,568 - INFO - 
Epoch 11/100 (4.1s):
2026-01-15 23:05:42,568 - INFO -   Train - Loss: 0.9493, Dice: 0.3494
2026-01-15 23:05:42,568 - INFO -   Val   - Loss: 1.0464, Dice: 0.0349
2026-01-15 23:05:42,568 - INFO -   Per-class Dice:
2026-01-15 23:05:42,568 - INFO -     Class 0: 0.0603
2026-01-15 23:05:42,568 - INFO -     Class 1: 0.0009
2026-01-15 23:05:42,568 - INFO -     Class 2: 0.0434
2026-01-15 23:05:44,514 - INFO -   Batch 1/2: Loss=0.9483, Dice=0.3507
2026-01-15 23:05:45,699 - INFO -   Batch 2/2: Loss=0.8992, Dice=0.3818
2026-01-15 23:05:46,618 - INFO - 
Epoch 12/100 (4.0s):
2026-01-15 23:05:46,618 - INFO -   Train - Loss: 0.9237, Dice: 0.3662
2026-01-15 23:05:46,618 - INFO -   Val   - Loss: 1.0457, Dice: 0.0354
2026-01-15 23:05:46,618 - INFO -   Per-class Dice:
2026-01-15 23:05:46,618 - INFO -     Class 0: 0.0608
2026-01-15 23:05:46,618 - INFO -     Class 1: 0.0014
2026-01-15 23:05:46,618 - INFO -     Class 2: 0.0440
2026-01-15 23:05:48,586 - INFO -   Batch 1/2: Loss=0.8965, Dice=0.3865
2026-01-15 23:05:49,782 - INFO -   Batch 2/2: Loss=0.9015, Dice=0.3866
2026-01-15 23:05:50,713 - INFO -   Learning rate changed from 5.00e-05 to 2.50e-05
2026-01-15 23:05:50,713 - INFO - 
Epoch 13/100 (4.1s):
2026-01-15 23:05:50,713 - INFO -   Train - Loss: 0.8990, Dice: 0.3865
2026-01-15 23:05:50,713 - INFO -   Val   - Loss: 1.0461, Dice: 0.0357
2026-01-15 23:05:50,713 - INFO -   Per-class Dice:
2026-01-15 23:05:50,713 - INFO -     Class 0: 0.0614
2026-01-15 23:05:50,713 - INFO -     Class 1: 0.0013
2026-01-15 23:05:50,713 - INFO -     Class 2: 0.0442
2026-01-15 23:05:52,742 - INFO -   Batch 1/2: Loss=0.8820, Dice=0.4024
2026-01-15 23:05:53,893 - INFO -   Batch 2/2: Loss=0.8569, Dice=0.4112
2026-01-15 23:05:54,804 - INFO - 
Epoch 14/100 (4.1s):
2026-01-15 23:05:54,804 - INFO -   Train - Loss: 0.8695, Dice: 0.4068
2026-01-15 23:05:54,805 - INFO -   Val   - Loss: 1.0447, Dice: 0.0345
2026-01-15 23:05:54,805 - INFO -   Per-class Dice:
2026-01-15 23:05:54,805 - INFO -     Class 0: 0.0580
2026-01-15 23:05:54,805 - INFO -     Class 1: 0.0039
2026-01-15 23:05:54,805 - INFO -     Class 2: 0.0415
2026-01-15 23:05:56,843 - INFO -   Batch 1/2: Loss=0.8513, Dice=0.4220
2026-01-15 23:05:58,096 - INFO -   Batch 2/2: Loss=0.8557, Dice=0.4142
2026-01-15 23:05:59,022 - INFO - 
Epoch 15/100 (4.2s):
2026-01-15 23:05:59,022 - INFO -   Train - Loss: 0.8535, Dice: 0.4181
2026-01-15 23:05:59,022 - INFO -   Val   - Loss: 1.0440, Dice: 0.0310
2026-01-15 23:05:59,022 - INFO -   Per-class Dice:
2026-01-15 23:05:59,022 - INFO -     Class 0: 0.0528
2026-01-15 23:05:59,022 - INFO -     Class 1: 0.0065
2026-01-15 23:05:59,022 - INFO -     Class 2: 0.0337
2026-01-15 23:06:01,001 - INFO -   Batch 1/2: Loss=0.8380, Dice=0.4290
2026-01-15 23:06:02,220 - INFO -   Batch 2/2: Loss=0.8411, Dice=0.4311
2026-01-15 23:06:03,141 - INFO - 
Epoch 16/100 (4.1s):
2026-01-15 23:06:03,141 - INFO -   Train - Loss: 0.8396, Dice: 0.4300
2026-01-15 23:06:03,141 - INFO -   Val   - Loss: 1.0438, Dice: 0.0275
2026-01-15 23:06:03,141 - INFO -   Per-class Dice:
2026-01-15 23:06:03,141 - INFO -     Class 0: 0.0494
2026-01-15 23:06:03,141 - INFO -     Class 1: 0.0086
2026-01-15 23:06:03,141 - INFO -     Class 2: 0.0246
2026-01-15 23:06:05,134 - INFO -   Batch 1/2: Loss=0.8262, Dice=0.4430
2026-01-15 23:06:06,336 - INFO -   Batch 2/2: Loss=0.8310, Dice=0.4358
2026-01-15 23:06:07,264 - INFO - 
Epoch 17/100 (4.1s):
2026-01-15 23:06:07,265 - INFO -   Train - Loss: 0.8286, Dice: 0.4394
2026-01-15 23:06:07,265 - INFO -   Val   - Loss: 1.0444, Dice: 0.0249
2026-01-15 23:06:07,265 - INFO -   Per-class Dice:
2026-01-15 23:06:07,265 - INFO -     Class 0: 0.0439
2026-01-15 23:06:07,265 - INFO -     Class 1: 0.0094
2026-01-15 23:06:07,265 - INFO -     Class 2: 0.0213
2026-01-15 23:06:09,324 - INFO -   Batch 1/2: Loss=0.8132, Dice=0.4554
2026-01-15 23:06:10,443 - INFO -   Batch 2/2: Loss=0.8185, Dice=0.4459
2026-01-15 23:06:11,338 - INFO - 
Epoch 18/100 (4.1s):
2026-01-15 23:06:11,338 - INFO -   Train - Loss: 0.8159, Dice: 0.4507
2026-01-15 23:06:11,338 - INFO -   Val   - Loss: 1.0449, Dice: 0.0251
2026-01-15 23:06:11,338 - INFO -   Per-class Dice:
2026-01-15 23:06:11,338 - INFO -     Class 0: 0.0418
2026-01-15 23:06:11,338 - INFO -     Class 1: 0.0093
2026-01-15 23:06:11,338 - INFO -     Class 2: 0.0243
2026-01-15 23:06:13,346 - INFO -   Batch 1/2: Loss=0.8189, Dice=0.4399
2026-01-15 23:06:14,548 - INFO -   Batch 2/2: Loss=0.7520, Dice=0.5123
2026-01-15 23:06:15,461 - INFO -   Learning rate changed from 2.50e-05 to 1.25e-05
2026-01-15 23:06:15,461 - INFO - 
Epoch 19/100 (4.1s):
2026-01-15 23:06:15,461 - INFO -   Train - Loss: 0.7854, Dice: 0.4761
2026-01-15 23:06:15,461 - INFO -   Val   - Loss: 1.0447, Dice: 0.0283
2026-01-15 23:06:15,461 - INFO -   Per-class Dice:
2026-01-15 23:06:15,461 - INFO -     Class 0: 0.0452
2026-01-15 23:06:15,461 - INFO -     Class 1: 0.0084
2026-01-15 23:06:15,461 - INFO -     Class 2: 0.0312
2026-01-15 23:06:17,508 - INFO -   Batch 1/2: Loss=0.7835, Dice=0.4799
2026-01-15 23:06:18,627 - INFO -   Batch 2/2: Loss=0.7874, Dice=0.4690
2026-01-15 23:06:19,545 - INFO - 
Epoch 20/100 (4.1s):
2026-01-15 23:06:19,546 - INFO -   Train - Loss: 0.7854, Dice: 0.4745
2026-01-15 23:06:19,546 - INFO -   Val   - Loss: 1.0429, Dice: 0.0324
2026-01-15 23:06:19,546 - INFO -   Per-class Dice:
2026-01-15 23:06:19,546 - INFO -     Class 0: 0.0545
2026-01-15 23:06:19,546 - INFO -     Class 1: 0.0081
2026-01-15 23:06:19,546 - INFO -     Class 2: 0.0346
2026-01-15 23:06:21,593 - INFO -   Batch 1/2: Loss=0.7675, Dice=0.4890
2026-01-15 23:06:22,709 - INFO -   Batch 2/2: Loss=0.8004, Dice=0.4630
2026-01-15 23:06:23,781 - INFO -   Saved best model with Dice: 0.0381
2026-01-15 23:06:23,781 - INFO - 
Epoch 21/100 (4.2s):
2026-01-15 23:06:23,781 - INFO -   Train - Loss: 0.7839, Dice: 0.4760
2026-01-15 23:06:23,781 - INFO -   Val   - Loss: 1.0408, Dice: 0.0381
2026-01-15 23:06:23,781 - INFO -   Per-class Dice:
2026-01-15 23:06:23,781 - INFO -     Class 0: 0.0671
2026-01-15 23:06:23,781 - INFO -     Class 1: 0.0078
2026-01-15 23:06:23,781 - INFO -     Class 2: 0.0395
2026-01-15 23:06:25,818 - INFO -   Batch 1/2: Loss=0.7773, Dice=0.4782
2026-01-15 23:06:26,966 - INFO -   Batch 2/2: Loss=0.7581, Dice=0.4916
2026-01-15 23:06:28,040 - INFO -   Saved best model with Dice: 0.0470
2026-01-15 23:06:28,040 - INFO - 
Epoch 22/100 (4.3s):
2026-01-15 23:06:28,040 - INFO -   Train - Loss: 0.7677, Dice: 0.4849
2026-01-15 23:06:28,041 - INFO -   Val   - Loss: 1.0378, Dice: 0.0470
2026-01-15 23:06:28,041 - INFO -   Per-class Dice:
2026-01-15 23:06:28,041 - INFO -     Class 0: 0.0907
2026-01-15 23:06:28,041 - INFO -     Class 1: 0.0078
2026-01-15 23:06:28,041 - INFO -     Class 2: 0.0425
2026-01-15 23:06:30,101 - INFO -   Batch 1/2: Loss=0.7578, Dice=0.4923
2026-01-15 23:06:31,230 - INFO -   Batch 2/2: Loss=0.7690, Dice=0.4881
2026-01-15 23:06:32,307 - INFO -   Saved best model with Dice: 0.0592
2026-01-15 23:06:32,307 - INFO - 
Epoch 23/100 (4.3s):
2026-01-15 23:06:32,307 - INFO -   Train - Loss: 0.7634, Dice: 0.4902
2026-01-15 23:06:32,307 - INFO -   Val   - Loss: 1.0339, Dice: 0.0592
2026-01-15 23:06:32,307 - INFO -   Per-class Dice:
2026-01-15 23:06:32,307 - INFO -     Class 0: 0.1240
2026-01-15 23:06:32,307 - INFO -     Class 1: 0.0079
2026-01-15 23:06:32,307 - INFO -     Class 2: 0.0457
2026-01-15 23:06:34,319 - INFO -   Batch 1/2: Loss=0.7636, Dice=0.4785
2026-01-15 23:06:35,490 - INFO -   Batch 2/2: Loss=0.7291, Dice=0.5249
2026-01-15 23:06:36,540 - INFO -   Saved best model with Dice: 0.0769
2026-01-15 23:06:36,540 - INFO - 
Epoch 24/100 (4.2s):
2026-01-15 23:06:36,540 - INFO -   Train - Loss: 0.7464, Dice: 0.5017
2026-01-15 23:06:36,540 - INFO -   Val   - Loss: 1.0286, Dice: 0.0769
2026-01-15 23:06:36,540 - INFO -   Per-class Dice:
2026-01-15 23:06:36,540 - INFO -     Class 0: 0.1719
2026-01-15 23:06:36,540 - INFO -     Class 1: 0.0083
2026-01-15 23:06:36,540 - INFO -     Class 2: 0.0505
2026-01-15 23:06:38,564 - INFO -   Batch 1/2: Loss=0.7407, Dice=0.5034
2026-01-15 23:06:39,734 - INFO -   Batch 2/2: Loss=0.7665, Dice=0.4929
2026-01-15 23:06:40,648 - INFO -   Learning rate changed from 1.25e-05 to 6.25e-06
2026-01-15 23:06:40,798 - INFO -   Saved best model with Dice: 0.0992
2026-01-15 23:06:40,798 - INFO - 
Epoch 25/100 (4.3s):
2026-01-15 23:06:40,798 - INFO -   Train - Loss: 0.7536, Dice: 0.4982
2026-01-15 23:06:40,798 - INFO -   Val   - Loss: 1.0225, Dice: 0.0992
2026-01-15 23:06:40,798 - INFO -   Per-class Dice:
2026-01-15 23:06:40,799 - INFO -     Class 0: 0.2300
2026-01-15 23:06:40,799 - INFO -     Class 1: 0.0089
2026-01-15 23:06:40,799 - INFO -     Class 2: 0.0587
2026-01-15 23:06:42,748 - INFO -   Batch 1/2: Loss=0.7529, Dice=0.4908
2026-01-15 23:06:44,004 - INFO -   Batch 2/2: Loss=0.7343, Dice=0.5202
2026-01-15 23:06:45,092 - INFO -   Saved best model with Dice: 0.1261
2026-01-15 23:06:45,092 - INFO - 
Epoch 26/100 (4.3s):
2026-01-15 23:06:45,092 - INFO -   Train - Loss: 0.7436, Dice: 0.5055
2026-01-15 23:06:45,092 - INFO -   Val   - Loss: 1.0160, Dice: 0.1261
2026-01-15 23:06:45,092 - INFO -   Per-class Dice:
2026-01-15 23:06:45,092 - INFO -     Class 0: 0.2976
2026-01-15 23:06:45,092 - INFO -     Class 1: 0.0096
2026-01-15 23:06:45,092 - INFO -     Class 2: 0.0712
2026-01-15 23:06:47,088 - INFO -   Batch 1/2: Loss=0.7273, Dice=0.5133
2026-01-15 23:06:48,279 - INFO -   Batch 2/2: Loss=0.7702, Dice=0.4909
2026-01-15 23:06:49,331 - INFO -   Saved best model with Dice: 0.1560
2026-01-15 23:06:49,331 - INFO - 
Epoch 27/100 (4.2s):
2026-01-15 23:06:49,331 - INFO -   Train - Loss: 0.7488, Dice: 0.5021
2026-01-15 23:06:49,331 - INFO -   Val   - Loss: 1.0096, Dice: 0.1560
2026-01-15 23:06:49,331 - INFO -   Per-class Dice:
2026-01-15 23:06:49,331 - INFO -     Class 0: 0.3656
2026-01-15 23:06:49,331 - INFO -     Class 1: 0.0101
2026-01-15 23:06:49,331 - INFO -     Class 2: 0.0924
2026-01-15 23:06:51,356 - INFO -   Batch 1/2: Loss=0.7502, Dice=0.5002
2026-01-15 23:06:52,548 - INFO -   Batch 2/2: Loss=0.7239, Dice=0.5215
2026-01-15 23:06:53,624 - INFO -   Saved best model with Dice: 0.1896
2026-01-15 23:06:53,624 - INFO - 
Epoch 28/100 (4.3s):
2026-01-15 23:06:53,624 - INFO -   Train - Loss: 0.7370, Dice: 0.5108
2026-01-15 23:06:53,624 - INFO -   Val   - Loss: 1.0023, Dice: 0.1896
2026-01-15 23:06:53,624 - INFO -   Per-class Dice:
2026-01-15 23:06:53,624 - INFO -     Class 0: 0.4311
2026-01-15 23:06:53,624 - INFO -     Class 1: 0.0103
2026-01-15 23:06:53,625 - INFO -     Class 2: 0.1274
2026-01-15 23:06:55,682 - INFO -   Batch 1/2: Loss=0.7207, Dice=0.5254
2026-01-15 23:06:56,841 - INFO -   Batch 2/2: Loss=0.7599, Dice=0.4878
2026-01-15 23:06:57,922 - INFO -   Saved best model with Dice: 0.2300
2026-01-15 23:06:57,922 - INFO - 
Epoch 29/100 (4.3s):
2026-01-15 23:06:57,922 - INFO -   Train - Loss: 0.7403, Dice: 0.5066
2026-01-15 23:06:57,922 - INFO -   Val   - Loss: 0.9942, Dice: 0.2300
2026-01-15 23:06:57,922 - INFO -   Per-class Dice:
2026-01-15 23:06:57,922 - INFO -     Class 0: 0.4958
2026-01-15 23:06:57,922 - INFO -     Class 1: 0.0105
2026-01-15 23:06:57,922 - INFO -     Class 2: 0.1836
2026-01-15 23:06:59,953 - INFO -   Batch 1/2: Loss=0.7295, Dice=0.5072
2026-01-15 23:07:01,112 - INFO -   Batch 2/2: Loss=0.7285, Dice=0.5305
2026-01-15 23:07:02,191 - INFO -   Saved best model with Dice: 0.2725
2026-01-15 23:07:02,191 - INFO - 
Epoch 30/100 (4.3s):
2026-01-15 23:07:02,191 - INFO -   Train - Loss: 0.7290, Dice: 0.5189
2026-01-15 23:07:02,191 - INFO -   Val   - Loss: 0.9863, Dice: 0.2725
2026-01-15 23:07:02,191 - INFO -   Per-class Dice:
2026-01-15 23:07:02,191 - INFO -     Class 0: 0.5555
2026-01-15 23:07:02,191 - INFO -     Class 1: 0.0109
2026-01-15 23:07:02,191 - INFO -     Class 2: 0.2510
2026-01-15 23:07:04,247 - INFO -   Batch 1/2: Loss=0.7384, Dice=0.5030
2026-01-15 23:07:05,436 - INFO -   Batch 2/2: Loss=0.7076, Dice=0.5398
2026-01-15 23:07:06,498 - INFO -   Saved best model with Dice: 0.3184
2026-01-15 23:07:06,498 - INFO - 
Epoch 31/100 (4.3s):
2026-01-15 23:07:06,498 - INFO -   Train - Loss: 0.7230, Dice: 0.5214
2026-01-15 23:07:06,498 - INFO -   Val   - Loss: 0.9783, Dice: 0.3184
2026-01-15 23:07:06,499 - INFO -   Per-class Dice:
2026-01-15 23:07:06,499 - INFO -     Class 0: 0.6152
2026-01-15 23:07:06,499 - INFO -     Class 1: 0.0113
2026-01-15 23:07:06,499 - INFO -     Class 2: 0.3288
2026-01-15 23:07:08,510 - INFO -   Batch 1/2: Loss=0.7154, Dice=0.5213
2026-01-15 23:07:09,646 - INFO -   Batch 2/2: Loss=0.7284, Dice=0.5204
2026-01-15 23:07:10,659 - INFO -   Saved best model with Dice: 0.3635
2026-01-15 23:07:10,659 - INFO - 
Epoch 32/100 (4.2s):
2026-01-15 23:07:10,659 - INFO -   Train - Loss: 0.7219, Dice: 0.5208
2026-01-15 23:07:10,660 - INFO -   Val   - Loss: 0.9705, Dice: 0.3635
2026-01-15 23:07:10,660 - INFO -   Per-class Dice:
2026-01-15 23:07:10,660 - INFO -     Class 0: 0.6872
2026-01-15 23:07:10,660 - INFO -     Class 1: 0.0128
2026-01-15 23:07:10,660 - INFO -     Class 2: 0.3905
2026-01-15 23:07:12,662 - INFO -   Batch 1/2: Loss=0.7187, Dice=0.5331
2026-01-15 23:07:13,824 - INFO -   Batch 2/2: Loss=0.7159, Dice=0.5072
2026-01-15 23:07:14,918 - INFO -   Saved best model with Dice: 0.4087
2026-01-15 23:07:14,918 - INFO - 
Epoch 33/100 (4.3s):
2026-01-15 23:07:14,918 - INFO -   Train - Loss: 0.7173, Dice: 0.5201
2026-01-15 23:07:14,918 - INFO -   Val   - Loss: 0.9637, Dice: 0.4087
2026-01-15 23:07:14,918 - INFO -   Per-class Dice:
2026-01-15 23:07:14,918 - INFO -     Class 0: 0.7630
2026-01-15 23:07:14,918 - INFO -     Class 1: 0.0154
2026-01-15 23:07:14,918 - INFO -     Class 2: 0.4477
2026-01-15 23:07:16,903 - INFO -   Batch 1/2: Loss=0.7191, Dice=0.5200
2026-01-15 23:07:18,102 - INFO -   Batch 2/2: Loss=0.7166, Dice=0.5203
2026-01-15 23:07:19,179 - INFO -   Saved best model with Dice: 0.4444
2026-01-15 23:07:19,179 - INFO - 
Epoch 34/100 (4.3s):
2026-01-15 23:07:19,179 - INFO -   Train - Loss: 0.7179, Dice: 0.5201
2026-01-15 23:07:19,179 - INFO -   Val   - Loss: 0.9579, Dice: 0.4444
2026-01-15 23:07:19,179 - INFO -   Per-class Dice:
2026-01-15 23:07:19,179 - INFO -     Class 0: 0.8233
2026-01-15 23:07:19,179 - INFO -     Class 1: 0.0198
2026-01-15 23:07:19,179 - INFO -     Class 2: 0.4900
2026-01-15 23:07:21,132 - INFO -   Batch 1/2: Loss=0.7039, Dice=0.5434
2026-01-15 23:07:22,336 - INFO -   Batch 2/2: Loss=0.7179, Dice=0.4993
2026-01-15 23:07:23,427 - INFO -   Saved best model with Dice: 0.4719
2026-01-15 23:07:23,427 - INFO - 
Epoch 35/100 (4.2s):
2026-01-15 23:07:23,427 - INFO -   Train - Loss: 0.7109, Dice: 0.5214
2026-01-15 23:07:23,427 - INFO -   Val   - Loss: 0.9520, Dice: 0.4719
2026-01-15 23:07:23,427 - INFO -   Per-class Dice:
2026-01-15 23:07:23,427 - INFO -     Class 0: 0.8663
2026-01-15 23:07:23,427 - INFO -     Class 1: 0.0258
2026-01-15 23:07:23,427 - INFO -     Class 2: 0.5236
2026-01-15 23:07:25,451 - INFO -   Batch 1/2: Loss=0.7136, Dice=0.5191
2026-01-15 23:07:26,637 - INFO -   Batch 2/2: Loss=0.7228, Dice=0.5307
2026-01-15 23:07:27,729 - INFO -   Saved best model with Dice: 0.4873
2026-01-15 23:07:27,729 - INFO - 
Epoch 36/100 (4.3s):
2026-01-15 23:07:27,729 - INFO -   Train - Loss: 0.7182, Dice: 0.5249
2026-01-15 23:07:27,729 - INFO -   Val   - Loss: 0.9467, Dice: 0.4873
2026-01-15 23:07:27,729 - INFO -   Per-class Dice:
2026-01-15 23:07:27,729 - INFO -     Class 0: 0.8838
2026-01-15 23:07:27,729 - INFO -     Class 1: 0.0301
2026-01-15 23:07:27,729 - INFO -     Class 2: 0.5481
2026-01-15 23:07:29,777 - INFO -   Batch 1/2: Loss=0.6927, Dice=0.5443
2026-01-15 23:07:30,923 - INFO -   Batch 2/2: Loss=0.7276, Dice=0.5050
2026-01-15 23:07:32,020 - INFO -   Saved best model with Dice: 0.4953
2026-01-15 23:07:32,020 - INFO - 
Epoch 37/100 (4.3s):
2026-01-15 23:07:32,020 - INFO -   Train - Loss: 0.7101, Dice: 0.5246
2026-01-15 23:07:32,020 - INFO -   Val   - Loss: 0.9426, Dice: 0.4953
2026-01-15 23:07:32,020 - INFO -   Per-class Dice:
2026-01-15 23:07:32,020 - INFO -     Class 0: 0.8932
2026-01-15 23:07:32,020 - INFO -     Class 1: 0.0338
2026-01-15 23:07:32,020 - INFO -     Class 2: 0.5588
2026-01-15 23:07:34,098 - INFO -   Batch 1/2: Loss=0.7090, Dice=0.5282
2026-01-15 23:07:35,242 - INFO -   Batch 2/2: Loss=0.6913, Dice=0.5387
2026-01-15 23:07:36,373 - INFO -   Saved best model with Dice: 0.5027
2026-01-15 23:07:36,373 - INFO - 
Epoch 38/100 (4.4s):
2026-01-15 23:07:36,373 - INFO -   Train - Loss: 0.7002, Dice: 0.5334
2026-01-15 23:07:36,373 - INFO -   Val   - Loss: 0.9389, Dice: 0.5027
2026-01-15 23:07:36,373 - INFO -   Per-class Dice:
2026-01-15 23:07:36,373 - INFO -     Class 0: 0.8988
2026-01-15 23:07:36,373 - INFO -     Class 1: 0.0369
2026-01-15 23:07:36,373 - INFO -     Class 2: 0.5723
2026-01-15 23:07:38,367 - INFO -   Batch 1/2: Loss=0.6934, Dice=0.5412
2026-01-15 23:07:39,587 - INFO -   Batch 2/2: Loss=0.7092, Dice=0.5216
2026-01-15 23:07:40,641 - INFO -   Saved best model with Dice: 0.5097
2026-01-15 23:07:40,641 - INFO - 
Epoch 39/100 (4.3s):
2026-01-15 23:07:40,641 - INFO -   Train - Loss: 0.7013, Dice: 0.5314
2026-01-15 23:07:40,641 - INFO -   Val   - Loss: 0.9355, Dice: 0.5097
2026-01-15 23:07:40,641 - INFO -   Per-class Dice:
2026-01-15 23:07:40,641 - INFO -     Class 0: 0.9035
2026-01-15 23:07:40,641 - INFO -     Class 1: 0.0404
2026-01-15 23:07:40,641 - INFO -     Class 2: 0.5852
2026-01-15 23:07:42,655 - INFO -   Batch 1/2: Loss=0.7124, Dice=0.5183
2026-01-15 23:07:43,852 - INFO -   Batch 2/2: Loss=0.6870, Dice=0.5538
2026-01-15 23:07:44,923 - INFO -   Saved best model with Dice: 0.5140
2026-01-15 23:07:44,923 - INFO - 
Epoch 40/100 (4.3s):
2026-01-15 23:07:44,923 - INFO -   Train - Loss: 0.6997, Dice: 0.5361
2026-01-15 23:07:44,923 - INFO -   Val   - Loss: 0.9330, Dice: 0.5140
2026-01-15 23:07:44,923 - INFO -   Per-class Dice:
2026-01-15 23:07:44,923 - INFO -     Class 0: 0.9069
2026-01-15 23:07:44,923 - INFO -     Class 1: 0.0433
2026-01-15 23:07:44,923 - INFO -     Class 2: 0.5916
2026-01-15 23:07:46,925 - INFO -   Batch 1/2: Loss=0.6882, Dice=0.5411
2026-01-15 23:07:48,128 - INFO -   Batch 2/2: Loss=0.6987, Dice=0.5289
2026-01-15 23:07:49,189 - INFO -   Saved best model with Dice: 0.5181
2026-01-15 23:07:49,189 - INFO - 
Epoch 41/100 (4.3s):
2026-01-15 23:07:49,189 - INFO -   Train - Loss: 0.6935, Dice: 0.5350
2026-01-15 23:07:49,189 - INFO -   Val   - Loss: 0.9305, Dice: 0.5181
2026-01-15 23:07:49,189 - INFO -   Per-class Dice:
2026-01-15 23:07:49,190 - INFO -     Class 0: 0.9091
2026-01-15 23:07:49,190 - INFO -     Class 1: 0.0459
2026-01-15 23:07:49,190 - INFO -     Class 2: 0.5992
2026-01-15 23:07:51,209 - INFO -   Batch 1/2: Loss=0.6908, Dice=0.5336
2026-01-15 23:07:52,384 - INFO -   Batch 2/2: Loss=0.6829, Dice=0.5525
2026-01-15 23:07:53,472 - INFO -   Saved best model with Dice: 0.5219
2026-01-15 23:07:53,472 - INFO - 
Epoch 42/100 (4.3s):
2026-01-15 23:07:53,472 - INFO -   Train - Loss: 0.6869, Dice: 0.5430
2026-01-15 23:07:53,472 - INFO -   Val   - Loss: 0.9280, Dice: 0.5219
2026-01-15 23:07:53,472 - INFO -   Per-class Dice:
2026-01-15 23:07:53,472 - INFO -     Class 0: 0.9117
2026-01-15 23:07:53,472 - INFO -     Class 1: 0.0491
2026-01-15 23:07:53,472 - INFO -     Class 2: 0.6049
2026-01-15 23:07:55,523 - INFO -   Batch 1/2: Loss=0.6933, Dice=0.5302
2026-01-15 23:07:56,690 - INFO -   Batch 2/2: Loss=0.6859, Dice=0.5514
2026-01-15 23:07:57,761 - INFO -   Saved best model with Dice: 0.5236
2026-01-15 23:07:57,762 - INFO - 
Epoch 43/100 (4.3s):
2026-01-15 23:07:57,762 - INFO -   Train - Loss: 0.6896, Dice: 0.5408
2026-01-15 23:07:57,762 - INFO -   Val   - Loss: 0.9264, Dice: 0.5236
2026-01-15 23:07:57,762 - INFO -   Per-class Dice:
2026-01-15 23:07:57,762 - INFO -     Class 0: 0.9129
2026-01-15 23:07:57,762 - INFO -     Class 1: 0.0506
2026-01-15 23:07:57,762 - INFO -     Class 2: 0.6073
2026-01-15 23:07:59,836 - INFO -   Batch 1/2: Loss=0.6770, Dice=0.5460
2026-01-15 23:08:00,999 - INFO -   Batch 2/2: Loss=0.6918, Dice=0.5340
2026-01-15 23:08:02,106 - INFO -   Saved best model with Dice: 0.5253
2026-01-15 23:08:02,106 - INFO - 
Epoch 44/100 (4.3s):
2026-01-15 23:08:02,106 - INFO -   Train - Loss: 0.6844, Dice: 0.5400
2026-01-15 23:08:02,106 - INFO -   Val   - Loss: 0.9252, Dice: 0.5253
2026-01-15 23:08:02,106 - INFO -   Per-class Dice:
2026-01-15 23:08:02,106 - INFO -     Class 0: 0.9149
2026-01-15 23:08:02,106 - INFO -     Class 1: 0.0521
2026-01-15 23:08:02,106 - INFO -     Class 2: 0.6089
2026-01-15 23:08:04,052 - INFO -   Batch 1/2: Loss=0.6766, Dice=0.5364
2026-01-15 23:08:05,315 - INFO -   Batch 2/2: Loss=0.6832, Dice=0.5580
2026-01-15 23:08:06,414 - INFO -   Saved best model with Dice: 0.5276
2026-01-15 23:08:06,414 - INFO - 
Epoch 45/100 (4.3s):
2026-01-15 23:08:06,414 - INFO -   Train - Loss: 0.6799, Dice: 0.5472
2026-01-15 23:08:06,414 - INFO -   Val   - Loss: 0.9239, Dice: 0.5276
2026-01-15 23:08:06,414 - INFO -   Per-class Dice:
2026-01-15 23:08:06,414 - INFO -     Class 0: 0.9173
2026-01-15 23:08:06,414 - INFO -     Class 1: 0.0541
2026-01-15 23:08:06,414 - INFO -     Class 2: 0.6115
2026-01-15 23:08:08,468 - INFO -   Batch 1/2: Loss=0.6674, Dice=0.5550
2026-01-15 23:08:09,650 - INFO -   Batch 2/2: Loss=0.6966, Dice=0.5268
2026-01-15 23:08:10,709 - INFO -   Saved best model with Dice: 0.5300
2026-01-15 23:08:10,709 - INFO - 
Epoch 46/100 (4.3s):
2026-01-15 23:08:10,710 - INFO -   Train - Loss: 0.6820, Dice: 0.5409
2026-01-15 23:08:10,710 - INFO -   Val   - Loss: 0.9230, Dice: 0.5300
2026-01-15 23:08:10,710 - INFO -   Per-class Dice:
2026-01-15 23:08:10,710 - INFO -     Class 0: 0.9192
2026-01-15 23:08:10,710 - INFO -     Class 1: 0.0559
2026-01-15 23:08:10,710 - INFO -     Class 2: 0.6149
2026-01-15 23:08:12,751 - INFO -   Batch 1/2: Loss=0.6760, Dice=0.5408
2026-01-15 23:08:13,919 - INFO -   Batch 2/2: Loss=0.6619, Dice=0.5672
2026-01-15 23:08:14,981 - INFO -   Saved best model with Dice: 0.5337
2026-01-15 23:08:14,981 - INFO - 
Epoch 47/100 (4.3s):
2026-01-15 23:08:14,981 - INFO -   Train - Loss: 0.6689, Dice: 0.5540
2026-01-15 23:08:14,981 - INFO -   Val   - Loss: 0.9220, Dice: 0.5337
2026-01-15 23:08:14,981 - INFO -   Per-class Dice:
2026-01-15 23:08:14,981 - INFO -     Class 0: 0.9214
2026-01-15 23:08:14,981 - INFO -     Class 1: 0.0581
2026-01-15 23:08:14,981 - INFO -     Class 2: 0.6216
2026-01-15 23:08:17,065 - INFO -   Batch 1/2: Loss=0.6591, Dice=0.5804
2026-01-15 23:08:18,203 - INFO -   Batch 2/2: Loss=0.6998, Dice=0.4963
2026-01-15 23:08:19,271 - INFO -   Saved best model with Dice: 0.5352
2026-01-15 23:08:19,271 - INFO - 
Epoch 48/100 (4.3s):
2026-01-15 23:08:19,272 - INFO -   Train - Loss: 0.6795, Dice: 0.5383
2026-01-15 23:08:19,272 - INFO -   Val   - Loss: 0.9209, Dice: 0.5352
2026-01-15 23:08:19,272 - INFO -   Per-class Dice:
2026-01-15 23:08:19,272 - INFO -     Class 0: 0.9223
2026-01-15 23:08:19,272 - INFO -     Class 1: 0.0589
2026-01-15 23:08:19,272 - INFO -     Class 2: 0.6246
2026-01-15 23:08:21,312 - INFO -   Batch 1/2: Loss=0.6460, Dice=0.5984
2026-01-15 23:08:22,460 - INFO -   Batch 2/2: Loss=0.7356, Dice=0.4497
2026-01-15 23:08:23,522 - INFO -   Saved best model with Dice: 0.5375
2026-01-15 23:08:23,522 - INFO - 
Epoch 49/100 (4.3s):
2026-01-15 23:08:23,522 - INFO -   Train - Loss: 0.6908, Dice: 0.5240
2026-01-15 23:08:23,522 - INFO -   Val   - Loss: 0.9201, Dice: 0.5375
2026-01-15 23:08:23,522 - INFO -   Per-class Dice:
2026-01-15 23:08:23,522 - INFO -     Class 0: 0.9235
2026-01-15 23:08:23,522 - INFO -     Class 1: 0.0596
2026-01-15 23:08:23,522 - INFO -     Class 2: 0.6295
2026-01-15 23:08:25,562 - INFO -   Batch 1/2: Loss=0.6591, Dice=0.5581
2026-01-15 23:08:26,732 - INFO -   Batch 2/2: Loss=0.6845, Dice=0.5461
2026-01-15 23:08:27,801 - INFO -   Saved best model with Dice: 0.5398
2026-01-15 23:08:27,801 - INFO - 
Epoch 50/100 (4.3s):
2026-01-15 23:08:27,801 - INFO -   Train - Loss: 0.6718, Dice: 0.5521
2026-01-15 23:08:27,801 - INFO -   Val   - Loss: 0.9197, Dice: 0.5398
2026-01-15 23:08:27,801 - INFO -   Per-class Dice:
2026-01-15 23:08:27,801 - INFO -     Class 0: 0.9260
2026-01-15 23:08:27,801 - INFO -     Class 1: 0.0617
2026-01-15 23:08:27,801 - INFO -     Class 2: 0.6317
2026-01-15 23:08:29,862 - INFO -   Batch 1/2: Loss=0.6685, Dice=0.5466
2026-01-15 23:08:31,018 - INFO -   Batch 2/2: Loss=0.6536, Dice=0.5767
2026-01-15 23:08:32,075 - INFO -   Saved best model with Dice: 0.5430
2026-01-15 23:08:32,075 - INFO - 
Epoch 51/100 (4.3s):
2026-01-15 23:08:32,075 - INFO -   Train - Loss: 0.6610, Dice: 0.5617
2026-01-15 23:08:32,076 - INFO -   Val   - Loss: 0.9191, Dice: 0.5430
2026-01-15 23:08:32,076 - INFO -   Per-class Dice:
2026-01-15 23:08:32,076 - INFO -     Class 0: 0.9291
2026-01-15 23:08:32,076 - INFO -     Class 1: 0.0646
2026-01-15 23:08:32,076 - INFO -     Class 2: 0.6353
2026-01-15 23:08:34,048 - INFO -   Batch 1/2: Loss=0.6540, Dice=0.5668
2026-01-15 23:08:35,285 - INFO -   Batch 2/2: Loss=0.6654, Dice=0.5474
2026-01-15 23:08:36,361 - INFO -   Saved best model with Dice: 0.5444
2026-01-15 23:08:36,361 - INFO - 
Epoch 52/100 (4.3s):
2026-01-15 23:08:36,361 - INFO -   Train - Loss: 0.6597, Dice: 0.5571
2026-01-15 23:08:36,361 - INFO -   Val   - Loss: 0.9180, Dice: 0.5444
2026-01-15 23:08:36,361 - INFO -   Per-class Dice:
2026-01-15 23:08:36,361 - INFO -     Class 0: 0.9308
2026-01-15 23:08:36,361 - INFO -     Class 1: 0.0666
2026-01-15 23:08:36,361 - INFO -     Class 2: 0.6359
2026-01-15 23:08:38,386 - INFO -   Batch 1/2: Loss=0.6646, Dice=0.5505
2026-01-15 23:08:39,559 - INFO -   Batch 2/2: Loss=0.6528, Dice=0.5699
2026-01-15 23:08:40,494 - INFO - 
Epoch 53/100 (4.1s):
2026-01-15 23:08:40,494 - INFO -   Train - Loss: 0.6587, Dice: 0.5602
2026-01-15 23:08:40,494 - INFO -   Val   - Loss: 0.9174, Dice: 0.5438
2026-01-15 23:08:40,494 - INFO -   Per-class Dice:
2026-01-15 23:08:40,494 - INFO -     Class 0: 0.9304
2026-01-15 23:08:40,494 - INFO -     Class 1: 0.0664
2026-01-15 23:08:40,494 - INFO -     Class 2: 0.6345
2026-01-15 23:08:42,571 - INFO -   Batch 1/2: Loss=0.6454, Dice=0.5649
2026-01-15 23:08:43,754 - INFO -   Batch 2/2: Loss=0.6751, Dice=0.5463
2026-01-15 23:08:44,691 - INFO - 
Epoch 54/100 (4.2s):
2026-01-15 23:08:44,692 - INFO -   Train - Loss: 0.6603, Dice: 0.5556
2026-01-15 23:08:44,692 - INFO -   Val   - Loss: 0.9170, Dice: 0.5419
2026-01-15 23:08:44,692 - INFO -   Per-class Dice:
2026-01-15 23:08:44,692 - INFO -     Class 0: 0.9299
2026-01-15 23:08:44,692 - INFO -     Class 1: 0.0652
2026-01-15 23:08:44,692 - INFO -     Class 2: 0.6306
2026-01-15 23:08:46,701 - INFO -   Batch 1/2: Loss=0.6426, Dice=0.5587
2026-01-15 23:08:47,879 - INFO -   Batch 2/2: Loss=0.6627, Dice=0.5715
2026-01-15 23:08:48,766 - INFO - 
Epoch 55/100 (4.1s):
2026-01-15 23:08:48,766 - INFO -   Train - Loss: 0.6527, Dice: 0.5651
2026-01-15 23:08:48,766 - INFO -   Val   - Loss: 0.9162, Dice: 0.5438
2026-01-15 23:08:48,766 - INFO -   Per-class Dice:
2026-01-15 23:08:48,766 - INFO -     Class 0: 0.9314
2026-01-15 23:08:48,766 - INFO -     Class 1: 0.0679
2026-01-15 23:08:48,766 - INFO -     Class 2: 0.6321
2026-01-15 23:08:50,833 - INFO -   Batch 1/2: Loss=0.6468, Dice=0.5799
2026-01-15 23:08:51,999 - INFO -   Batch 2/2: Loss=0.6953, Dice=0.5085
2026-01-15 23:08:53,082 - INFO -   Saved best model with Dice: 0.5462
2026-01-15 23:08:53,082 - INFO - 
Epoch 56/100 (4.3s):
2026-01-15 23:08:53,082 - INFO -   Train - Loss: 0.6710, Dice: 0.5442
2026-01-15 23:08:53,082 - INFO -   Val   - Loss: 0.9154, Dice: 0.5462
2026-01-15 23:08:53,082 - INFO -   Per-class Dice:
2026-01-15 23:08:53,082 - INFO -     Class 0: 0.9340
2026-01-15 23:08:53,082 - INFO -     Class 1: 0.0719
2026-01-15 23:08:53,082 - INFO -     Class 2: 0.6326
2026-01-15 23:08:55,058 - INFO -   Batch 1/2: Loss=0.6585, Dice=0.5479
2026-01-15 23:08:56,272 - INFO -   Batch 2/2: Loss=0.6264, Dice=0.5889
2026-01-15 23:08:57,378 - INFO -   Saved best model with Dice: 0.5486
2026-01-15 23:08:57,378 - INFO - 
Epoch 57/100 (4.3s):
2026-01-15 23:08:57,378 - INFO -   Train - Loss: 0.6425, Dice: 0.5684
2026-01-15 23:08:57,378 - INFO -   Val   - Loss: 0.9152, Dice: 0.5486
2026-01-15 23:08:57,378 - INFO -   Per-class Dice:
2026-01-15 23:08:57,379 - INFO -     Class 0: 0.9374
2026-01-15 23:08:57,379 - INFO -     Class 1: 0.0755
2026-01-15 23:08:57,379 - INFO -     Class 2: 0.6328
2026-01-15 23:08:59,487 - INFO -   Batch 1/2: Loss=0.6500, Dice=0.5592
2026-01-15 23:09:00,618 - INFO -   Batch 2/2: Loss=0.6457, Dice=0.5702
2026-01-15 23:09:01,691 - INFO -   Saved best model with Dice: 0.5504
2026-01-15 23:09:01,691 - INFO - 
Epoch 58/100 (4.3s):
2026-01-15 23:09:01,691 - INFO -   Train - Loss: 0.6479, Dice: 0.5647
2026-01-15 23:09:01,691 - INFO -   Val   - Loss: 0.9150, Dice: 0.5504
2026-01-15 23:09:01,691 - INFO -   Per-class Dice:
2026-01-15 23:09:01,691 - INFO -     Class 0: 0.9371
2026-01-15 23:09:01,691 - INFO -     Class 1: 0.0742
2026-01-15 23:09:01,691 - INFO -     Class 2: 0.6398
2026-01-15 23:09:03,736 - INFO -   Batch 1/2: Loss=0.6465, Dice=0.5707
2026-01-15 23:09:04,877 - INFO -   Batch 2/2: Loss=0.6273, Dice=0.5692
2026-01-15 23:09:05,977 - INFO -   Saved best model with Dice: 0.5508
2026-01-15 23:09:05,977 - INFO - 
Epoch 59/100 (4.3s):
2026-01-15 23:09:05,977 - INFO -   Train - Loss: 0.6369, Dice: 0.5699
2026-01-15 23:09:05,977 - INFO -   Val   - Loss: 0.9151, Dice: 0.5508
2026-01-15 23:09:05,977 - INFO -   Per-class Dice:
2026-01-15 23:09:05,977 - INFO -     Class 0: 0.9367
2026-01-15 23:09:05,977 - INFO -     Class 1: 0.0706
2026-01-15 23:09:05,977 - INFO -     Class 2: 0.6451
2026-01-15 23:09:07,939 - INFO -   Batch 1/2: Loss=0.6489, Dice=0.5522
2026-01-15 23:09:09,208 - INFO -   Batch 2/2: Loss=0.6223, Dice=0.5983
2026-01-15 23:09:10,343 - INFO -   Saved best model with Dice: 0.5523
2026-01-15 23:09:10,343 - INFO - 
Epoch 60/100 (4.4s):
2026-01-15 23:09:10,343 - INFO -   Train - Loss: 0.6356, Dice: 0.5752
2026-01-15 23:09:10,343 - INFO -   Val   - Loss: 0.9148, Dice: 0.5523
2026-01-15 23:09:10,343 - INFO -   Per-class Dice:
2026-01-15 23:09:10,343 - INFO -     Class 0: 0.9379
2026-01-15 23:09:10,343 - INFO -     Class 1: 0.0705
2026-01-15 23:09:10,343 - INFO -     Class 2: 0.6484
2026-01-15 23:09:12,421 - INFO -   Batch 1/2: Loss=0.6390, Dice=0.5683
2026-01-15 23:09:13,576 - INFO -   Batch 2/2: Loss=0.6384, Dice=0.5716
2026-01-15 23:09:14,697 - INFO -   Saved best model with Dice: 0.5561
2026-01-15 23:09:14,697 - INFO - 
Epoch 61/100 (4.4s):
2026-01-15 23:09:14,697 - INFO -   Train - Loss: 0.6387, Dice: 0.5700
2026-01-15 23:09:14,697 - INFO -   Val   - Loss: 0.9134, Dice: 0.5561
2026-01-15 23:09:14,697 - INFO -   Per-class Dice:
2026-01-15 23:09:14,697 - INFO -     Class 0: 0.9407
2026-01-15 23:09:14,698 - INFO -     Class 1: 0.0774
2026-01-15 23:09:14,698 - INFO -     Class 2: 0.6503
2026-01-15 23:09:16,786 - INFO -   Batch 1/2: Loss=0.6483, Dice=0.5462
2026-01-15 23:09:17,916 - INFO -   Batch 2/2: Loss=0.6327, Dice=0.5956
2026-01-15 23:09:18,830 - INFO - 
Epoch 62/100 (4.1s):
2026-01-15 23:09:18,830 - INFO -   Train - Loss: 0.6405, Dice: 0.5709
2026-01-15 23:09:18,830 - INFO -   Val   - Loss: 0.9133, Dice: 0.5555
2026-01-15 23:09:18,830 - INFO -   Per-class Dice:
2026-01-15 23:09:18,830 - INFO -     Class 0: 0.9423
2026-01-15 23:09:18,830 - INFO -     Class 1: 0.0813
2026-01-15 23:09:18,830 - INFO -     Class 2: 0.6428
2026-01-15 23:09:20,884 - INFO -   Batch 1/2: Loss=0.6229, Dice=0.5856
2026-01-15 23:09:22,025 - INFO -   Batch 2/2: Loss=0.6451, Dice=0.5534
2026-01-15 23:09:23,090 - INFO -   Saved best model with Dice: 0.5563
2026-01-15 23:09:23,091 - INFO - 
Epoch 63/100 (4.3s):
2026-01-15 23:09:23,091 - INFO -   Train - Loss: 0.6340, Dice: 0.5695
2026-01-15 23:09:23,091 - INFO -   Val   - Loss: 0.9128, Dice: 0.5563
2026-01-15 23:09:23,091 - INFO -   Per-class Dice:
2026-01-15 23:09:23,091 - INFO -     Class 0: 0.9430
2026-01-15 23:09:23,091 - INFO -     Class 1: 0.0823
2026-01-15 23:09:23,091 - INFO -     Class 2: 0.6438
2026-01-15 23:09:25,147 - INFO -   Batch 1/2: Loss=0.6210, Dice=0.5889
2026-01-15 23:09:26,289 - INFO -   Batch 2/2: Loss=0.6666, Dice=0.5317
2026-01-15 23:09:27,213 - INFO - 
Epoch 64/100 (4.1s):
2026-01-15 23:09:27,213 - INFO -   Train - Loss: 0.6438, Dice: 0.5603
2026-01-15 23:09:27,213 - INFO -   Val   - Loss: 0.9127, Dice: 0.5556
2026-01-15 23:09:27,213 - INFO -   Per-class Dice:
2026-01-15 23:09:27,213 - INFO -     Class 0: 0.9421
2026-01-15 23:09:27,213 - INFO -     Class 1: 0.0798
2026-01-15 23:09:27,213 - INFO -     Class 2: 0.6449
2026-01-15 23:09:29,212 - INFO -   Batch 1/2: Loss=0.6402, Dice=0.5615
2026-01-15 23:09:30,401 - INFO -   Batch 2/2: Loss=0.6204, Dice=0.5904
2026-01-15 23:09:31,476 - INFO -   Saved best model with Dice: 0.5566
2026-01-15 23:09:31,476 - INFO - 
Epoch 65/100 (4.3s):
2026-01-15 23:09:31,476 - INFO -   Train - Loss: 0.6303, Dice: 0.5759
2026-01-15 23:09:31,476 - INFO -   Val   - Loss: 0.9127, Dice: 0.5566
2026-01-15 23:09:31,476 - INFO -   Per-class Dice:
2026-01-15 23:09:31,476 - INFO -     Class 0: 0.9430
2026-01-15 23:09:31,476 - INFO -     Class 1: 0.0795
2026-01-15 23:09:31,476 - INFO -     Class 2: 0.6473
2026-01-15 23:09:33,469 - INFO -   Batch 1/2: Loss=0.6253, Dice=0.5745
2026-01-15 23:09:34,640 - INFO -   Batch 2/2: Loss=0.6186, Dice=0.5853
2026-01-15 23:09:35,731 - INFO -   Saved best model with Dice: 0.5608
2026-01-15 23:09:35,732 - INFO - 
Epoch 66/100 (4.3s):
2026-01-15 23:09:35,732 - INFO -   Train - Loss: 0.6219, Dice: 0.5799
2026-01-15 23:09:35,732 - INFO -   Val   - Loss: 0.9127, Dice: 0.5608
2026-01-15 23:09:35,732 - INFO -   Per-class Dice:
2026-01-15 23:09:35,732 - INFO -     Class 0: 0.9454
2026-01-15 23:09:35,732 - INFO -     Class 1: 0.0811
2026-01-15 23:09:35,732 - INFO -     Class 2: 0.6557
2026-01-15 23:09:37,785 - INFO -   Batch 1/2: Loss=0.6434, Dice=0.5523
2026-01-15 23:09:38,933 - INFO -   Batch 2/2: Loss=0.6093, Dice=0.6036
2026-01-15 23:09:39,999 - INFO -   Saved best model with Dice: 0.5647
2026-01-15 23:09:39,999 - INFO - 
Epoch 67/100 (4.3s):
2026-01-15 23:09:39,999 - INFO -   Train - Loss: 0.6263, Dice: 0.5779
2026-01-15 23:09:39,999 - INFO -   Val   - Loss: 0.9123, Dice: 0.5647
2026-01-15 23:09:39,999 - INFO -   Per-class Dice:
2026-01-15 23:09:39,999 - INFO -     Class 0: 0.9474
2026-01-15 23:09:39,999 - INFO -     Class 1: 0.0843
2026-01-15 23:09:39,999 - INFO -     Class 2: 0.6625
2026-01-15 23:09:41,987 - INFO -   Batch 1/2: Loss=0.6230, Dice=0.5710
2026-01-15 23:09:43,153 - INFO -   Batch 2/2: Loss=0.6054, Dice=0.5999
2026-01-15 23:09:44,225 - INFO -   Saved best model with Dice: 0.5683
2026-01-15 23:09:44,225 - INFO - 
Epoch 68/100 (4.2s):
2026-01-15 23:09:44,225 - INFO -   Train - Loss: 0.6142, Dice: 0.5855
2026-01-15 23:09:44,225 - INFO -   Val   - Loss: 0.9117, Dice: 0.5683
2026-01-15 23:09:44,225 - INFO -   Per-class Dice:
2026-01-15 23:09:44,225 - INFO -     Class 0: 0.9497
2026-01-15 23:09:44,225 - INFO -     Class 1: 0.0885
2026-01-15 23:09:44,225 - INFO -     Class 2: 0.6668
2026-01-15 23:09:46,236 - INFO -   Batch 1/2: Loss=0.6097, Dice=0.5930
2026-01-15 23:09:47,448 - INFO -   Batch 2/2: Loss=0.6238, Dice=0.5667
2026-01-15 23:09:48,526 - INFO -   Saved best model with Dice: 0.5709
2026-01-15 23:09:48,526 - INFO - 
Epoch 69/100 (4.3s):
2026-01-15 23:09:48,526 - INFO -   Train - Loss: 0.6168, Dice: 0.5798
2026-01-15 23:09:48,526 - INFO -   Val   - Loss: 0.9111, Dice: 0.5709
2026-01-15 23:09:48,526 - INFO -   Per-class Dice:
2026-01-15 23:09:48,526 - INFO -     Class 0: 0.9511
2026-01-15 23:09:48,526 - INFO -     Class 1: 0.0909
2026-01-15 23:09:48,527 - INFO -     Class 2: 0.6705
2026-01-15 23:09:50,556 - INFO -   Batch 1/2: Loss=0.6116, Dice=0.5979
2026-01-15 23:09:51,724 - INFO -   Batch 2/2: Loss=0.6478, Dice=0.5397
2026-01-15 23:09:52,639 - INFO - 
Epoch 70/100 (4.1s):
2026-01-15 23:09:52,640 - INFO -   Train - Loss: 0.6297, Dice: 0.5688
2026-01-15 23:09:52,640 - INFO -   Val   - Loss: 0.9106, Dice: 0.5703
2026-01-15 23:09:52,640 - INFO -   Per-class Dice:
2026-01-15 23:09:52,640 - INFO -     Class 0: 0.9510
2026-01-15 23:09:52,640 - INFO -     Class 1: 0.0913
2026-01-15 23:09:52,640 - INFO -     Class 2: 0.6685
2026-01-15 23:09:54,654 - INFO -   Batch 1/2: Loss=0.6105, Dice=0.5908
2026-01-15 23:09:55,844 - INFO -   Batch 2/2: Loss=0.6314, Dice=0.5661
2026-01-15 23:09:56,760 - INFO - 
Epoch 71/100 (4.1s):
2026-01-15 23:09:56,760 - INFO -   Train - Loss: 0.6209, Dice: 0.5784
2026-01-15 23:09:56,760 - INFO -   Val   - Loss: 0.9106, Dice: 0.5685
2026-01-15 23:09:56,760 - INFO -   Per-class Dice:
2026-01-15 23:09:56,760 - INFO -     Class 0: 0.9512
2026-01-15 23:09:56,760 - INFO -     Class 1: 0.0911
2026-01-15 23:09:56,760 - INFO -     Class 2: 0.6633
2026-01-15 23:09:58,690 - INFO -   Batch 1/2: Loss=0.6166, Dice=0.5781
2026-01-15 23:09:59,964 - INFO -   Batch 2/2: Loss=0.6090, Dice=0.5891
2026-01-15 23:10:00,880 - INFO - 
Epoch 72/100 (4.1s):
2026-01-15 23:10:00,880 - INFO -   Train - Loss: 0.6128, Dice: 0.5836
2026-01-15 23:10:00,880 - INFO -   Val   - Loss: 0.9103, Dice: 0.5684
2026-01-15 23:10:00,880 - INFO -   Per-class Dice:
2026-01-15 23:10:00,880 - INFO -     Class 0: 0.9521
2026-01-15 23:10:00,880 - INFO -     Class 1: 0.0929
2026-01-15 23:10:00,880 - INFO -     Class 2: 0.6603
2026-01-15 23:10:02,883 - INFO -   Batch 1/2: Loss=0.6028, Dice=0.5952
2026-01-15 23:10:04,085 - INFO -   Batch 2/2: Loss=0.6243, Dice=0.5639
2026-01-15 23:10:05,002 - INFO - 
Epoch 73/100 (4.1s):
2026-01-15 23:10:05,002 - INFO -   Train - Loss: 0.6136, Dice: 0.5796
2026-01-15 23:10:05,002 - INFO -   Val   - Loss: 0.9103, Dice: 0.5673
2026-01-15 23:10:05,002 - INFO -   Per-class Dice:
2026-01-15 23:10:05,002 - INFO -     Class 0: 0.9519
2026-01-15 23:10:05,002 - INFO -     Class 1: 0.0927
2026-01-15 23:10:05,002 - INFO -     Class 2: 0.6573
2026-01-15 23:10:06,949 - INFO -   Batch 1/2: Loss=0.6068, Dice=0.5881
2026-01-15 23:10:08,188 - INFO -   Batch 2/2: Loss=0.6139, Dice=0.5787
2026-01-15 23:10:09,116 - INFO - 
Epoch 74/100 (4.1s):
2026-01-15 23:10:09,116 - INFO -   Train - Loss: 0.6104, Dice: 0.5834
2026-01-15 23:10:09,117 - INFO -   Val   - Loss: 0.9101, Dice: 0.5670
2026-01-15 23:10:09,117 - INFO -   Per-class Dice:
2026-01-15 23:10:09,117 - INFO -     Class 0: 0.9521
2026-01-15 23:10:09,117 - INFO -     Class 1: 0.0933
2026-01-15 23:10:09,117 - INFO -     Class 2: 0.6555
2026-01-15 23:10:11,199 - INFO -   Batch 1/2: Loss=0.6048, Dice=0.5849
2026-01-15 23:10:12,350 - INFO -   Batch 2/2: Loss=0.6151, Dice=0.5882
2026-01-15 23:10:13,254 - INFO - 
Epoch 75/100 (4.1s):
2026-01-15 23:10:13,255 - INFO -   Train - Loss: 0.6100, Dice: 0.5865
2026-01-15 23:10:13,255 - INFO -   Val   - Loss: 0.9099, Dice: 0.5684
2026-01-15 23:10:13,255 - INFO -   Per-class Dice:
2026-01-15 23:10:13,255 - INFO -     Class 0: 0.9533
2026-01-15 23:10:13,255 - INFO -     Class 1: 0.0959
2026-01-15 23:10:13,255 - INFO -     Class 2: 0.6559
2026-01-15 23:10:15,307 - INFO -   Batch 1/2: Loss=0.5893, Dice=0.6145
2026-01-15 23:10:16,468 - INFO -   Batch 2/2: Loss=0.6224, Dice=0.5524
2026-01-15 23:10:17,512 - INFO -   Saved best model with Dice: 0.5719
2026-01-15 23:10:17,512 - INFO - 
Epoch 76/100 (4.3s):
2026-01-15 23:10:17,512 - INFO -   Train - Loss: 0.6059, Dice: 0.5834
2026-01-15 23:10:17,512 - INFO -   Val   - Loss: 0.9093, Dice: 0.5719
2026-01-15 23:10:17,512 - INFO -   Per-class Dice:
2026-01-15 23:10:17,512 - INFO -     Class 0: 0.9547
2026-01-15 23:10:17,512 - INFO -     Class 1: 0.0980
2026-01-15 23:10:17,512 - INFO -     Class 2: 0.6629
2026-01-15 23:10:19,585 - INFO -   Batch 1/2: Loss=0.5973, Dice=0.6064
2026-01-15 23:10:20,767 - INFO -   Batch 2/2: Loss=0.6247, Dice=0.5564
2026-01-15 23:10:21,836 - INFO -   Saved best model with Dice: 0.5763
2026-01-15 23:10:21,836 - INFO - 
Epoch 77/100 (4.3s):
2026-01-15 23:10:21,836 - INFO -   Train - Loss: 0.6110, Dice: 0.5814
2026-01-15 23:10:21,836 - INFO -   Val   - Loss: 0.9092, Dice: 0.5763
2026-01-15 23:10:21,836 - INFO -   Per-class Dice:
2026-01-15 23:10:21,836 - INFO -     Class 0: 0.9572
2026-01-15 23:10:21,836 - INFO -     Class 1: 0.1029
2026-01-15 23:10:21,836 - INFO -     Class 2: 0.6686
2026-01-15 23:10:23,902 - INFO -   Batch 1/2: Loss=0.6015, Dice=0.5997
2026-01-15 23:10:25,064 - INFO -   Batch 2/2: Loss=0.6153, Dice=0.5769
2026-01-15 23:10:26,149 - INFO -   Saved best model with Dice: 0.5773
2026-01-15 23:10:26,150 - INFO - 
Epoch 78/100 (4.3s):
2026-01-15 23:10:26,150 - INFO -   Train - Loss: 0.6084, Dice: 0.5883
2026-01-15 23:10:26,150 - INFO -   Val   - Loss: 0.9091, Dice: 0.5773
2026-01-15 23:10:26,150 - INFO -   Per-class Dice:
2026-01-15 23:10:26,150 - INFO -     Class 0: 0.9588
2026-01-15 23:10:26,150 - INFO -     Class 1: 0.1065
2026-01-15 23:10:26,150 - INFO -     Class 2: 0.6664
2026-01-15 23:10:28,104 - INFO -   Batch 1/2: Loss=0.5959, Dice=0.6087
2026-01-15 23:10:29,356 - INFO -   Batch 2/2: Loss=0.6101, Dice=0.5707
2026-01-15 23:10:30,449 - INFO -   Saved best model with Dice: 0.5813
2026-01-15 23:10:30,449 - INFO - 
Epoch 79/100 (4.3s):
2026-01-15 23:10:30,449 - INFO -   Train - Loss: 0.6030, Dice: 0.5897
2026-01-15 23:10:30,449 - INFO -   Val   - Loss: 0.9085, Dice: 0.5813
2026-01-15 23:10:30,449 - INFO -   Per-class Dice:
2026-01-15 23:10:30,449 - INFO -     Class 0: 0.9602
2026-01-15 23:10:30,449 - INFO -     Class 1: 0.1088
2026-01-15 23:10:30,449 - INFO -     Class 2: 0.6749
2026-01-15 23:10:32,509 - INFO -   Batch 1/2: Loss=0.5957, Dice=0.5929
2026-01-15 23:10:33,645 - INFO -   Batch 2/2: Loss=0.6024, Dice=0.5960
2026-01-15 23:10:34,575 - INFO - 
Epoch 80/100 (4.1s):
2026-01-15 23:10:34,575 - INFO -   Train - Loss: 0.5991, Dice: 0.5944
2026-01-15 23:10:34,575 - INFO -   Val   - Loss: 0.9087, Dice: 0.5796
2026-01-15 23:10:34,575 - INFO -   Per-class Dice:
2026-01-15 23:10:34,575 - INFO -     Class 0: 0.9595
2026-01-15 23:10:34,575 - INFO -     Class 1: 0.1048
2026-01-15 23:10:34,575 - INFO -     Class 2: 0.6747
2026-01-15 23:10:36,624 - INFO -   Batch 1/2: Loss=0.5907, Dice=0.6085
2026-01-15 23:10:37,767 - INFO -   Batch 2/2: Loss=0.6125, Dice=0.5708
2026-01-15 23:10:38,695 - INFO - 
Epoch 81/100 (4.1s):
2026-01-15 23:10:38,696 - INFO -   Train - Loss: 0.6016, Dice: 0.5896
2026-01-15 23:10:38,696 - INFO -   Val   - Loss: 0.9086, Dice: 0.5780
2026-01-15 23:10:38,696 - INFO -   Per-class Dice:
2026-01-15 23:10:38,696 - INFO -     Class 0: 0.9594
2026-01-15 23:10:38,696 - INFO -     Class 1: 0.1027
2026-01-15 23:10:38,696 - INFO -     Class 2: 0.6720
2026-01-15 23:10:40,689 - INFO -   Batch 1/2: Loss=0.5770, Dice=0.6200
2026-01-15 23:10:41,859 - INFO -   Batch 2/2: Loss=0.6151, Dice=0.5600
2026-01-15 23:10:42,799 - INFO - 
Epoch 82/100 (4.1s):
2026-01-15 23:10:42,800 - INFO -   Train - Loss: 0.5960, Dice: 0.5900
2026-01-15 23:10:42,800 - INFO -   Val   - Loss: 0.9080, Dice: 0.5809
2026-01-15 23:10:42,800 - INFO -   Per-class Dice:
2026-01-15 23:10:42,800 - INFO -     Class 0: 0.9609
2026-01-15 23:10:42,800 - INFO -     Class 1: 0.1084
2026-01-15 23:10:42,800 - INFO -     Class 2: 0.6735
2026-01-15 23:10:44,811 - INFO -   Batch 1/2: Loss=0.5847, Dice=0.5989
2026-01-15 23:10:45,996 - INFO -   Batch 2/2: Loss=0.5978, Dice=0.6032
2026-01-15 23:10:47,071 - INFO -   Saved best model with Dice: 0.5844
2026-01-15 23:10:47,071 - INFO - 
Epoch 83/100 (4.3s):
2026-01-15 23:10:47,071 - INFO -   Train - Loss: 0.5913, Dice: 0.6011
2026-01-15 23:10:47,071 - INFO -   Val   - Loss: 0.9076, Dice: 0.5844
2026-01-15 23:10:47,071 - INFO -   Per-class Dice:
2026-01-15 23:10:47,071 - INFO -     Class 0: 0.9631
2026-01-15 23:10:47,071 - INFO -     Class 1: 0.1161
2026-01-15 23:10:47,071 - INFO -     Class 2: 0.6739
2026-01-15 23:10:49,095 - INFO -   Batch 1/2: Loss=0.5868, Dice=0.6038
2026-01-15 23:10:50,316 - INFO -   Batch 2/2: Loss=0.6032, Dice=0.5841
2026-01-15 23:10:51,249 - INFO - 
Epoch 84/100 (4.2s):
2026-01-15 23:10:51,249 - INFO -   Train - Loss: 0.5950, Dice: 0.5939
2026-01-15 23:10:51,249 - INFO -   Val   - Loss: 0.9074, Dice: 0.5842
2026-01-15 23:10:51,249 - INFO -   Per-class Dice:
2026-01-15 23:10:51,249 - INFO -     Class 0: 0.9640
2026-01-15 23:10:51,249 - INFO -     Class 1: 0.1201
2026-01-15 23:10:51,249 - INFO -     Class 2: 0.6686
2026-01-15 23:10:53,268 - INFO -   Batch 1/2: Loss=0.5809, Dice=0.6027
2026-01-15 23:10:54,488 - INFO -   Batch 2/2: Loss=0.5966, Dice=0.5950
2026-01-15 23:10:55,413 - INFO - 
Epoch 85/100 (4.2s):
2026-01-15 23:10:55,413 - INFO -   Train - Loss: 0.5887, Dice: 0.5989
2026-01-15 23:10:55,413 - INFO -   Val   - Loss: 0.9071, Dice: 0.5831
2026-01-15 23:10:55,413 - INFO -   Per-class Dice:
2026-01-15 23:10:55,414 - INFO -     Class 0: 0.9636
2026-01-15 23:10:55,414 - INFO -     Class 1: 0.1193
2026-01-15 23:10:55,414 - INFO -     Class 2: 0.6664
2026-01-15 23:10:57,445 - INFO -   Batch 1/2: Loss=0.5862, Dice=0.5968
2026-01-15 23:10:58,605 - INFO -   Batch 2/2: Loss=0.5913, Dice=0.6076
2026-01-15 23:10:59,520 - INFO - 
Epoch 86/100 (4.1s):
2026-01-15 23:10:59,521 - INFO -   Train - Loss: 0.5887, Dice: 0.6022
2026-01-15 23:10:59,521 - INFO -   Val   - Loss: 0.9072, Dice: 0.5797
2026-01-15 23:10:59,521 - INFO -   Per-class Dice:
2026-01-15 23:10:59,521 - INFO -     Class 0: 0.9617
2026-01-15 23:10:59,521 - INFO -     Class 1: 0.1122
2026-01-15 23:10:59,521 - INFO -     Class 2: 0.6653
2026-01-15 23:11:01,484 - INFO -   Batch 1/2: Loss=0.5837, Dice=0.5982
2026-01-15 23:11:02,692 - INFO -   Batch 2/2: Loss=0.5875, Dice=0.6035
2026-01-15 23:11:03,625 - INFO - 
Epoch 87/100 (4.1s):
2026-01-15 23:11:03,625 - INFO -   Train - Loss: 0.5856, Dice: 0.6009
2026-01-15 23:11:03,625 - INFO -   Val   - Loss: 0.9080, Dice: 0.5774
2026-01-15 23:11:03,625 - INFO -   Per-class Dice:
2026-01-15 23:11:03,625 - INFO -     Class 0: 0.9607
2026-01-15 23:11:03,625 - INFO -     Class 1: 0.1066
2026-01-15 23:11:03,625 - INFO -     Class 2: 0.6649
2026-01-15 23:11:05,668 - INFO -   Batch 1/2: Loss=0.5711, Dice=0.6281
2026-01-15 23:11:06,836 - INFO -   Batch 2/2: Loss=0.6296, Dice=0.5532
2026-01-15 23:11:07,920 - INFO -   Saved best model with Dice: 0.5856
2026-01-15 23:11:07,920 - INFO - 
Epoch 88/100 (4.3s):
2026-01-15 23:11:07,920 - INFO -   Train - Loss: 0.6003, Dice: 0.5906
2026-01-15 23:11:07,920 - INFO -   Val   - Loss: 0.9076, Dice: 0.5856
2026-01-15 23:11:07,920 - INFO -   Per-class Dice:
2026-01-15 23:11:07,920 - INFO -     Class 0: 0.9637
2026-01-15 23:11:07,920 - INFO -     Class 1: 0.1157
2026-01-15 23:11:07,920 - INFO -     Class 2: 0.6775
2026-01-15 23:11:09,938 - INFO -   Batch 1/2: Loss=0.5834, Dice=0.5951
2026-01-15 23:11:11,094 - INFO -   Batch 2/2: Loss=0.5640, Dice=0.6319
2026-01-15 23:11:12,169 - INFO -   Saved best model with Dice: 0.5888
2026-01-15 23:11:12,169 - INFO - 
Epoch 89/100 (4.2s):
2026-01-15 23:11:12,169 - INFO -   Train - Loss: 0.5737, Dice: 0.6135
2026-01-15 23:11:12,169 - INFO -   Val   - Loss: 0.9075, Dice: 0.5888
2026-01-15 23:11:12,169 - INFO -   Per-class Dice:
2026-01-15 23:11:12,169 - INFO -     Class 0: 0.9669
2026-01-15 23:11:12,169 - INFO -     Class 1: 0.1270
2026-01-15 23:11:12,169 - INFO -     Class 2: 0.6724
2026-01-15 23:11:14,199 - INFO -   Batch 1/2: Loss=0.5856, Dice=0.5891
2026-01-15 23:11:15,389 - INFO -   Batch 2/2: Loss=0.5710, Dice=0.6405
2026-01-15 23:11:16,450 - INFO -   Saved best model with Dice: 0.5895
2026-01-15 23:11:16,450 - INFO - 
Epoch 90/100 (4.3s):
2026-01-15 23:11:16,450 - INFO -   Train - Loss: 0.5783, Dice: 0.6148
2026-01-15 23:11:16,450 - INFO -   Val   - Loss: 0.9064, Dice: 0.5895
2026-01-15 23:11:16,450 - INFO -   Per-class Dice:
2026-01-15 23:11:16,450 - INFO -     Class 0: 0.9666
2026-01-15 23:11:16,450 - INFO -     Class 1: 0.1281
2026-01-15 23:11:16,450 - INFO -     Class 2: 0.6738
2026-01-15 23:11:18,516 - INFO -   Batch 1/2: Loss=0.5742, Dice=0.6129
2026-01-15 23:11:19,655 - INFO -   Batch 2/2: Loss=0.5831, Dice=0.5969
2026-01-15 23:11:20,567 - INFO - 
Epoch 91/100 (4.1s):
2026-01-15 23:11:20,567 - INFO -   Train - Loss: 0.5786, Dice: 0.6049
2026-01-15 23:11:20,567 - INFO -   Val   - Loss: 0.9055, Dice: 0.5851
2026-01-15 23:11:20,567 - INFO -   Per-class Dice:
2026-01-15 23:11:20,567 - INFO -     Class 0: 0.9643
2026-01-15 23:11:20,567 - INFO -     Class 1: 0.1226
2026-01-15 23:11:20,567 - INFO -     Class 2: 0.6686
2026-01-15 23:11:22,599 - INFO -   Batch 1/2: Loss=0.5790, Dice=0.5973
2026-01-15 23:11:23,763 - INFO -   Batch 2/2: Loss=0.5643, Dice=0.6252
2026-01-15 23:11:24,695 - INFO - 
Epoch 92/100 (4.1s):
2026-01-15 23:11:24,695 - INFO -   Train - Loss: 0.5716, Dice: 0.6113
2026-01-15 23:11:24,695 - INFO -   Val   - Loss: 0.9057, Dice: 0.5835
2026-01-15 23:11:24,695 - INFO -   Per-class Dice:
2026-01-15 23:11:24,695 - INFO -     Class 0: 0.9646
2026-01-15 23:11:24,695 - INFO -     Class 1: 0.1207
2026-01-15 23:11:24,695 - INFO -     Class 2: 0.6651
2026-01-15 23:11:26,826 - INFO -   Batch 1/2: Loss=0.5777, Dice=0.5902
2026-01-15 23:11:27,955 - INFO -   Batch 2/2: Loss=0.5661, Dice=0.6363
2026-01-15 23:11:29,046 - INFO -   Saved best model with Dice: 0.5901
2026-01-15 23:11:29,046 - INFO - 
Epoch 93/100 (4.4s):
2026-01-15 23:11:29,046 - INFO -   Train - Loss: 0.5719, Dice: 0.6133
2026-01-15 23:11:29,046 - INFO -   Val   - Loss: 0.9059, Dice: 0.5901
2026-01-15 23:11:29,046 - INFO -   Per-class Dice:
2026-01-15 23:11:29,046 - INFO -     Class 0: 0.9676
2026-01-15 23:11:29,046 - INFO -     Class 1: 0.1285
2026-01-15 23:11:29,046 - INFO -     Class 2: 0.6741
2026-01-15 23:11:31,088 - INFO -   Batch 1/2: Loss=0.5651, Dice=0.6070
2026-01-15 23:11:32,264 - INFO -   Batch 2/2: Loss=0.5779, Dice=0.6215
2026-01-15 23:11:33,335 - INFO -   Saved best model with Dice: 0.5966
2026-01-15 23:11:33,335 - INFO - 
Epoch 94/100 (4.3s):
2026-01-15 23:11:33,335 - INFO -   Train - Loss: 0.5715, Dice: 0.6142
2026-01-15 23:11:33,335 - INFO -   Val   - Loss: 0.9062, Dice: 0.5966
2026-01-15 23:11:33,335 - INFO -   Per-class Dice:
2026-01-15 23:11:33,335 - INFO -     Class 0: 0.9706
2026-01-15 23:11:33,335 - INFO -     Class 1: 0.1373
2026-01-15 23:11:33,335 - INFO -     Class 2: 0.6820
2026-01-15 23:11:35,305 - INFO -   Batch 1/2: Loss=0.5664, Dice=0.6255
2026-01-15 23:11:36,598 - INFO -   Batch 2/2: Loss=0.5987, Dice=0.5616
2026-01-15 23:11:37,692 - INFO -   Saved best model with Dice: 0.5993
2026-01-15 23:11:37,692 - INFO - 
Epoch 95/100 (4.4s):
2026-01-15 23:11:37,692 - INFO -   Train - Loss: 0.5825, Dice: 0.5935
2026-01-15 23:11:37,692 - INFO -   Val   - Loss: 0.9063, Dice: 0.5993
2026-01-15 23:11:37,692 - INFO -   Per-class Dice:
2026-01-15 23:11:37,692 - INFO -     Class 0: 0.9722
2026-01-15 23:11:37,692 - INFO -     Class 1: 0.1440
2026-01-15 23:11:37,692 - INFO -     Class 2: 0.6818
2026-01-15 23:11:39,690 - INFO -   Batch 1/2: Loss=0.5588, Dice=0.6248
2026-01-15 23:11:40,936 - INFO -   Batch 2/2: Loss=0.5790, Dice=0.5901
2026-01-15 23:11:42,017 - INFO -   Saved best model with Dice: 0.6009
2026-01-15 23:11:42,017 - INFO - 
Epoch 96/100 (4.3s):
2026-01-15 23:11:42,017 - INFO -   Train - Loss: 0.5689, Dice: 0.6075
2026-01-15 23:11:42,017 - INFO -   Val   - Loss: 0.9057, Dice: 0.6009
2026-01-15 23:11:42,017 - INFO -   Per-class Dice:
2026-01-15 23:11:42,017 - INFO -     Class 0: 0.9722
2026-01-15 23:11:42,017 - INFO -     Class 1: 0.1443
2026-01-15 23:11:42,017 - INFO -     Class 2: 0.6861
2026-01-15 23:11:44,023 - INFO -   Batch 1/2: Loss=0.5691, Dice=0.5997
2026-01-15 23:11:45,217 - INFO -   Batch 2/2: Loss=0.5539, Dice=0.6407
2026-01-15 23:11:46,137 - INFO - 
Epoch 97/100 (4.1s):
2026-01-15 23:11:46,137 - INFO -   Train - Loss: 0.5615, Dice: 0.6202
2026-01-15 23:11:46,137 - INFO -   Val   - Loss: 0.9052, Dice: 0.5991
2026-01-15 23:11:46,137 - INFO -   Per-class Dice:
2026-01-15 23:11:46,137 - INFO -     Class 0: 0.9703
2026-01-15 23:11:46,137 - INFO -     Class 1: 0.1362
2026-01-15 23:11:46,137 - INFO -     Class 2: 0.6908
2026-01-15 23:11:48,210 - INFO -   Batch 1/2: Loss=0.5448, Dice=0.6292
2026-01-15 23:11:49,362 - INFO -   Batch 2/2: Loss=0.5820, Dice=0.6000
2026-01-15 23:11:50,289 - INFO - 
Epoch 98/100 (4.2s):
2026-01-15 23:11:50,290 - INFO -   Train - Loss: 0.5634, Dice: 0.6146
2026-01-15 23:11:50,290 - INFO -   Val   - Loss: 0.9050, Dice: 0.5959
2026-01-15 23:11:50,290 - INFO -   Per-class Dice:
2026-01-15 23:11:50,290 - INFO -     Class 0: 0.9695
2026-01-15 23:11:50,290 - INFO -     Class 1: 0.1310
2026-01-15 23:11:50,290 - INFO -     Class 2: 0.6872
2026-01-15 23:11:52,334 - INFO -   Batch 1/2: Loss=0.5632, Dice=0.6092
2026-01-15 23:11:53,495 - INFO -   Batch 2/2: Loss=0.5623, Dice=0.6236
2026-01-15 23:11:54,413 - INFO - 
Epoch 99/100 (4.1s):
2026-01-15 23:11:54,413 - INFO -   Train - Loss: 0.5627, Dice: 0.6164
2026-01-15 23:11:54,414 - INFO -   Val   - Loss: 0.9046, Dice: 0.6002
2026-01-15 23:11:54,414 - INFO -   Per-class Dice:
2026-01-15 23:11:54,414 - INFO -     Class 0: 0.9708
2026-01-15 23:11:54,414 - INFO -     Class 1: 0.1392
2026-01-15 23:11:54,414 - INFO -     Class 2: 0.6905
2026-01-15 23:11:56,361 - INFO -   Batch 1/2: Loss=0.5655, Dice=0.6109
2026-01-15 23:11:57,633 - INFO -   Batch 2/2: Loss=0.5672, Dice=0.6211
2026-01-15 23:11:58,572 - INFO - 
Epoch 100/100 (4.2s):
2026-01-15 23:11:58,572 - INFO -   Train - Loss: 0.5664, Dice: 0.6160
2026-01-15 23:11:58,572 - INFO -   Val   - Loss: 0.9046, Dice: 0.6002
2026-01-15 23:11:58,572 - INFO -   Per-class Dice:
2026-01-15 23:11:58,572 - INFO -     Class 0: 0.9719
2026-01-15 23:11:58,572 - INFO -     Class 1: 0.1443
2026-01-15 23:11:58,572 - INFO -     Class 2: 0.6843
2026-01-15 23:11:58,575 - INFO - 
Training completed. Best validation Dice: 0.6009
2026-01-15 23:11:59,138 - INFO - 
============================================================
2026-01-15 23:11:59,138 - INFO - EVALUATION ON TEST SET
2026-01-15 23:11:59,138 - INFO - ============================================================
2026-01-15 23:12:00,194 - INFO - 
Overall Dice Score: 0.5677 ± 0.0000
2026-01-15 23:12:00,194 - INFO - 
Per-class Dice Scores:
2026-01-15 23:12:00,194 - INFO -   NO-PG : 0.9693 ± 0.0000
2026-01-15 23:12:00,194 - INFO -   PZ    : 0.1170 ± 0.0000
2026-01-15 23:12:00,194 - INFO -   TZ    : 0.6169 ± 0.0000
2026-01-15 23:12:00,194 - INFO - 
Generating prediction visualizations...
2026-01-15 23:12:01,969 - INFO - 
Training completed successfully!
2026-01-15 23:12:01,969 - INFO - Best validation Dice: 0.6009
2026-01-15 23:12:01,970 - INFO - Test Dice: 0.5677

SETUP:
dice_weight=0.75, ce_weight=0.25

CE_weights=[0.1,10,1]